HEAP DUMP BEGIN (3789 objects, 390384 bytes) Mon Mar 21 14:48:00 2011
ROOT 0 (kind=<thread>, id=200000, trace=300000)
ROOT 500000b2 (kind=<JNI global ref>, id=1, trace=300000)
ROOT 50000001 (kind=<JNI global ref>, id=2, trace=300000)
ROOT 500000f9 (kind=<JNI global ref>, id=3, trace=300000)
ROOT 50000002 (kind=<JNI global ref>, id=4, trace=300000)
ROOT 50000003 (kind=<JNI global ref>, id=5, trace=300000)
ROOT 50000004 (kind=<JNI global ref>, id=6, trace=300000)
ROOT 5000001f (kind=<JNI global ref>, id=7, trace=300000)
ROOT 50000005 (kind=<JNI global ref>, id=8, trace=300000)
ROOT 50000006 (kind=<JNI global ref>, id=9, trace=300000)
ROOT 500000ff (kind=<JNI global ref>, id=a, trace=300000)
ROOT 50000007 (kind=<JNI global ref>, id=b, trace=300000)
ROOT 500000a6 (kind=<JNI global ref>, id=c, trace=300000)
ROOT 50000008 (kind=<JNI global ref>, id=d, trace=300000)
ROOT 5000000f (kind=<JNI global ref>, id=e, trace=300000)
ROOT 50000009 (kind=<JNI global ref>, id=f, trace=300000)
ROOT 5000000a (kind=<JNI global ref>, id=10, trace=300000)
ROOT 5000000b (kind=<JNI global ref>, id=11, trace=300000)
ROOT 50000134 (kind=<JNI global ref>, id=12, trace=300000)
ROOT 5000000c (kind=<JNI global ref>, id=13, trace=300000)
ROOT 5000000d (kind=<JNI global ref>, id=14, trace=300000)
ROOT 5000000e (kind=<JNI global ref>, id=15, trace=300000)
ROOT 50000010 (kind=<JNI global ref>, id=16, trace=300000)
ROOT 50000011 (kind=<JNI global ref>, id=17, trace=300000)
ROOT 50000012 (kind=<JNI global ref>, id=18, trace=300000)
ROOT 50000013 (kind=<JNI global ref>, id=19, trace=300000)
ROOT 50000077 (kind=<JNI global ref>, id=1a, trace=300000)
ROOT 50000014 (kind=<JNI global ref>, id=1b, trace=300000)
ROOT 50000062 (kind=<JNI global ref>, id=1c, trace=300000)
ROOT 50000015 (kind=<JNI global ref>, id=1d, trace=300000)
ROOT 50000016 (kind=<JNI global ref>, id=1e, trace=300000)
ROOT 50000017 (kind=<JNI global ref>, id=1f, trace=300000)
ROOT 50000018 (kind=<JNI global ref>, id=20, trace=300000)
ROOT 500000f7 (kind=<JNI global ref>, id=21, trace=300000)
ROOT 50000019 (kind=<JNI global ref>, id=22, trace=300000)
ROOT 500000e6 (kind=<JNI global ref>, id=23, trace=300000)
ROOT 5000001a (kind=<JNI global ref>, id=24, trace=300000)
ROOT 5000001b (kind=<JNI global ref>, id=25, trace=300000)
ROOT 5000001c (kind=<JNI global ref>, id=26, trace=300000)
ROOT 5000001d (kind=<JNI global ref>, id=27, trace=300000)
ROOT 50000044 (kind=<JNI global ref>, id=28, trace=300000)
ROOT 5000001e (kind=<JNI global ref>, id=29, trace=300000)
ROOT 50000020 (kind=<JNI global ref>, id=2a, trace=300000)
ROOT 50000021 (kind=<JNI global ref>, id=2b, trace=300000)
ROOT 50000071 (kind=<JNI global ref>, id=2c, trace=300000)
ROOT 50000022 (kind=<JNI global ref>, id=2d, trace=300000)
ROOT 50000023 (kind=<JNI global ref>, id=2e, trace=300000)
ROOT 50000024 (kind=<JNI global ref>, id=2f, trace=300000)
ROOT 50000025 (kind=<JNI global ref>, id=30, trace=300000)
ROOT 50000026 (kind=<JNI global ref>, id=31, trace=300000)
ROOT 50000027 (kind=<JNI global ref>, id=32, trace=300000)
ROOT 50000028 (kind=<JNI global ref>, id=33, trace=300000)
ROOT 50000029 (kind=<JNI global ref>, id=34, trace=300000)
ROOT 5000002a (kind=<JNI global ref>, id=35, trace=300000)
ROOT 5000002b (kind=<JNI global ref>, id=36, trace=300000)
ROOT 50000072 (kind=<JNI global ref>, id=37, trace=300000)
ROOT 5000002c (kind=<JNI global ref>, id=38, trace=300000)
ROOT 5000002d (kind=<JNI global ref>, id=39, trace=300000)
ROOT 5000002e (kind=<JNI global ref>, id=3a, trace=300000)
ROOT 5000002f (kind=<JNI global ref>, id=3b, trace=300000)
ROOT 50000030 (kind=<JNI global ref>, id=3c, trace=300000)
ROOT 50000031 (kind=<JNI global ref>, id=3d, trace=300000)
ROOT 50000032 (kind=<JNI global ref>, id=3e, trace=300000)
ROOT 50000033 (kind=<JNI global ref>, id=3f, trace=300000)
ROOT 50000034 (kind=<JNI global ref>, id=40, trace=300000)
ROOT 50000035 (kind=<JNI global ref>, id=41, trace=300000)
ROOT 50000036 (kind=<JNI global ref>, id=42, trace=300000)
ROOT 50000115 (kind=<JNI global ref>, id=43, trace=300000)
ROOT 50000037 (kind=<JNI global ref>, id=44, trace=300000)
ROOT 50000038 (kind=<JNI global ref>, id=45, trace=300000)
ROOT 50000039 (kind=<JNI global ref>, id=46, trace=300000)
ROOT 5000003a (kind=<JNI global ref>, id=47, trace=300000)
ROOT 5000003b (kind=<JNI global ref>, id=48, trace=300000)
ROOT 5000014e (kind=<JNI global ref>, id=49, trace=300000)
ROOT 5000003c (kind=<JNI global ref>, id=4a, trace=300000)
ROOT 5000003d (kind=<JNI global ref>, id=4b, trace=300000)
ROOT 5000003e (kind=<JNI global ref>, id=4c, trace=300000)
ROOT 5000003f (kind=<JNI global ref>, id=4d, trace=300000)
ROOT 50000040 (kind=<JNI global ref>, id=4e, trace=300000)
ROOT 500000a2 (kind=<JNI global ref>, id=4f, trace=300000)
ROOT 50000041 (kind=<JNI global ref>, id=50, trace=300000)
ROOT 50000042 (kind=<JNI global ref>, id=51, trace=300000)
ROOT 50000043 (kind=<JNI global ref>, id=52, trace=300000)
ROOT 5000011c (kind=<JNI global ref>, id=53, trace=300000)
ROOT 50000045 (kind=<JNI global ref>, id=54, trace=300000)
ROOT 50000046 (kind=<JNI global ref>, id=55, trace=300000)
ROOT 50000047 (kind=<JNI global ref>, id=56, trace=300000)
ROOT 50000048 (kind=<JNI global ref>, id=57, trace=300000)
ROOT 50000110 (kind=<JNI global ref>, id=58, trace=300000)
ROOT 50000049 (kind=<JNI global ref>, id=59, trace=300000)
ROOT 5000004a (kind=<JNI global ref>, id=5a, trace=300000)
ROOT 5000013f (kind=<JNI global ref>, id=5b, trace=300000)
ROOT 5000004b (kind=<JNI global ref>, id=5c, trace=300000)
ROOT 500000e2 (kind=<JNI global ref>, id=5d, trace=300000)
ROOT 5000004c (kind=<JNI global ref>, id=5e, trace=300000)
ROOT 5000004d (kind=<JNI global ref>, id=5f, trace=300000)
ROOT 5000004e (kind=<JNI global ref>, id=60, trace=300000)
ROOT 5000004f (kind=<JNI global ref>, id=61, trace=300000)
ROOT 50000050 (kind=<JNI global ref>, id=62, trace=300000)
ROOT 50000051 (kind=<JNI global ref>, id=63, trace=300000)
ROOT 50000052 (kind=<JNI global ref>, id=64, trace=300000)
ROOT 50000053 (kind=<JNI global ref>, id=65, trace=300000)
ROOT 50000054 (kind=<JNI global ref>, id=66, trace=300000)
ROOT 50000055 (kind=<JNI global ref>, id=67, trace=300000)
ROOT 50000094 (kind=<JNI global ref>, id=68, trace=300000)
ROOT 50000056 (kind=<JNI global ref>, id=69, trace=300000)
ROOT 50000057 (kind=<JNI global ref>, id=6a, trace=300000)
ROOT 500000fb (kind=<JNI global ref>, id=6b, trace=300000)
ROOT 50000058 (kind=<JNI global ref>, id=6c, trace=300000)
ROOT 50000140 (kind=<JNI global ref>, id=6d, trace=300000)
ROOT 50000059 (kind=<JNI global ref>, id=6e, trace=300000)
ROOT 5000005a (kind=<JNI global ref>, id=6f, trace=300000)
ROOT 5000005b (kind=<JNI global ref>, id=70, trace=300000)
ROOT 500000a9 (kind=<JNI global ref>, id=71, trace=300000)
ROOT 5000005c (kind=<JNI global ref>, id=72, trace=300000)
ROOT 5000005d (kind=<JNI global ref>, id=73, trace=300000)
ROOT 5000005e (kind=<JNI global ref>, id=74, trace=300000)
ROOT 50000104 (kind=<JNI global ref>, id=75, trace=300000)
ROOT 5000005f (kind=<JNI global ref>, id=76, trace=300000)
ROOT 50000060 (kind=<JNI global ref>, id=77, trace=300000)
ROOT 5000010a (kind=<JNI global ref>, id=78, trace=300000)
ROOT 50000061 (kind=<JNI global ref>, id=79, trace=300000)
ROOT 50000063 (kind=<JNI global ref>, id=7a, trace=300000)
ROOT 50000064 (kind=<JNI global ref>, id=7b, trace=300000)
ROOT 5000012b (kind=<JNI global ref>, id=7c, trace=300000)
ROOT 50000065 (kind=<JNI global ref>, id=7d, trace=300000)
ROOT 50000066 (kind=<JNI global ref>, id=7e, trace=300000)
ROOT 500000de (kind=<JNI global ref>, id=7f, trace=300000)
ROOT 50000067 (kind=<JNI global ref>, id=80, trace=300000)
ROOT 50000068 (kind=<JNI global ref>, id=81, trace=300000)
ROOT 50000069 (kind=<JNI global ref>, id=82, trace=300000)
ROOT 5000006a (kind=<JNI global ref>, id=83, trace=300000)
ROOT 500000bb (kind=<JNI global ref>, id=84, trace=300000)
ROOT 5000006b (kind=<JNI global ref>, id=85, trace=300000)
ROOT 50000120 (kind=<JNI global ref>, id=86, trace=300000)
ROOT 5000006c (kind=<JNI global ref>, id=87, trace=300000)
ROOT 500000df (kind=<JNI global ref>, id=88, trace=300000)
ROOT 5000006d (kind=<JNI global ref>, id=89, trace=300000)
ROOT 5000006e (kind=<JNI global ref>, id=8a, trace=300000)
ROOT 50000097 (kind=<JNI global ref>, id=8b, trace=300000)
ROOT 5000006f (kind=<JNI global ref>, id=8c, trace=300000)
ROOT 50000070 (kind=<JNI global ref>, id=8d, trace=300000)
ROOT 50000073 (kind=<JNI global ref>, id=8e, trace=300000)
ROOT 50000074 (kind=<JNI global ref>, id=8f, trace=300000)
ROOT 50000075 (kind=<JNI global ref>, id=90, trace=300000)
ROOT 50000076 (kind=<JNI global ref>, id=91, trace=300000)
ROOT 50000078 (kind=<JNI global ref>, id=92, trace=300000)
ROOT 50000079 (kind=<JNI global ref>, id=93, trace=300000)
ROOT 5000007a (kind=<JNI global ref>, id=94, trace=300000)
ROOT 5000007b (kind=<JNI global ref>, id=95, trace=300000)
ROOT 5000007c (kind=<JNI global ref>, id=96, trace=300000)
ROOT 5000007d (kind=<JNI global ref>, id=97, trace=300000)
ROOT 5000007e (kind=<JNI global ref>, id=98, trace=300000)
ROOT 5000007f (kind=<JNI global ref>, id=99, trace=300000)
ROOT 50000080 (kind=<JNI global ref>, id=9a, trace=300000)
ROOT 50000081 (kind=<JNI global ref>, id=9b, trace=300000)
ROOT 50000082 (kind=<JNI global ref>, id=9c, trace=300000)
ROOT 50000083 (kind=<JNI global ref>, id=9d, trace=300000)
ROOT 50000084 (kind=<JNI global ref>, id=9e, trace=300000)
ROOT 50000085 (kind=<JNI global ref>, id=9f, trace=300000)
ROOT 50000086 (kind=<JNI global ref>, id=a0, trace=300000)
ROOT 50000087 (kind=<JNI global ref>, id=a1, trace=300000)
ROOT 50000088 (kind=<JNI global ref>, id=a2, trace=300000)
ROOT 50000089 (kind=<JNI global ref>, id=a3, trace=300000)
ROOT 5000008a (kind=<JNI global ref>, id=a4, trace=300000)
ROOT 5000008b (kind=<JNI global ref>, id=a5, trace=300000)
ROOT 5000008c (kind=<JNI global ref>, id=a6, trace=300000)
ROOT 500000b8 (kind=<JNI global ref>, id=a7, trace=300000)
ROOT 5000008d (kind=<JNI global ref>, id=a8, trace=300000)
ROOT 5000008e (kind=<JNI global ref>, id=a9, trace=300000)
ROOT 5000008f (kind=<JNI global ref>, id=aa, trace=300000)
ROOT 50000090 (kind=<JNI global ref>, id=ab, trace=300000)
ROOT 500000b6 (kind=<JNI global ref>, id=ac, trace=300000)
ROOT 50000091 (kind=<JNI global ref>, id=ad, trace=300000)
ROOT 50000092 (kind=<JNI global ref>, id=ae, trace=300000)
ROOT 50000093 (kind=<JNI global ref>, id=af, trace=300000)
ROOT 50000095 (kind=<JNI global ref>, id=b0, trace=300000)
ROOT 50000096 (kind=<JNI global ref>, id=b1, trace=300000)
ROOT 50000098 (kind=<JNI global ref>, id=b2, trace=300000)
ROOT 50000099 (kind=<JNI global ref>, id=b3, trace=300000)
ROOT 5000009a (kind=<JNI global ref>, id=b4, trace=300000)
ROOT 5000009b (kind=<JNI global ref>, id=b5, trace=300000)
ROOT 5000009c (kind=<JNI global ref>, id=b6, trace=300000)
ROOT 5000009d (kind=<JNI global ref>, id=b7, trace=300000)
ROOT 5000009e (kind=<JNI global ref>, id=b8, trace=300000)
ROOT 5000009f (kind=<JNI global ref>, id=b9, trace=300000)
ROOT 500000a0 (kind=<JNI global ref>, id=ba, trace=300000)
ROOT 500000a1 (kind=<JNI global ref>, id=bb, trace=300000)
ROOT 500000a3 (kind=<JNI global ref>, id=bc, trace=300000)
ROOT 500000a4 (kind=<JNI global ref>, id=bd, trace=300000)
ROOT 500000a5 (kind=<JNI global ref>, id=be, trace=300000)
ROOT 500000a7 (kind=<JNI global ref>, id=bf, trace=300000)
ROOT 500000a8 (kind=<JNI global ref>, id=c0, trace=300000)
ROOT 500000aa (kind=<JNI global ref>, id=c1, trace=300000)
ROOT 500000ab (kind=<JNI global ref>, id=c2, trace=300000)
ROOT 500000ac (kind=<JNI global ref>, id=c3, trace=300000)
ROOT 500000ad (kind=<JNI global ref>, id=c4, trace=300000)
ROOT 500000d1 (kind=<JNI global ref>, id=c5, trace=300000)
ROOT 500000ae (kind=<JNI global ref>, id=c6, trace=300000)
ROOT 500000af (kind=<JNI global ref>, id=c7, trace=300000)
ROOT 500000b0 (kind=<JNI global ref>, id=c8, trace=300000)
ROOT 500000b1 (kind=<JNI global ref>, id=c9, trace=300000)
ROOT 500000b2 (kind=<JNI global ref>, id=ca, trace=300000)
ROOT 500000b3 (kind=<JNI global ref>, id=cb, trace=300000)
ROOT 500000b4 (kind=<JNI global ref>, id=cc, trace=300000)
ROOT 50000113 (kind=<JNI global ref>, id=cd, trace=300000)
ROOT 500000b5 (kind=<JNI global ref>, id=ce, trace=300000)
ROOT 500000b7 (kind=<JNI global ref>, id=cf, trace=300000)
ROOT 500000b9 (kind=<JNI global ref>, id=d0, trace=300000)
ROOT 500000ba (kind=<JNI global ref>, id=d1, trace=300000)
ROOT 500000ea (kind=<JNI global ref>, id=d2, trace=300000)
ROOT 500000bc (kind=<JNI global ref>, id=d3, trace=300000)
ROOT 500000bd (kind=<JNI global ref>, id=d4, trace=300000)
ROOT 500000be (kind=<JNI global ref>, id=d5, trace=300000)
ROOT 500000bf (kind=<JNI global ref>, id=d6, trace=300000)
ROOT 500000c0 (kind=<JNI global ref>, id=d7, trace=300000)
ROOT 500000c1 (kind=<JNI global ref>, id=d8, trace=300000)
ROOT 500000c2 (kind=<JNI global ref>, id=d9, trace=300000)
ROOT 500000c3 (kind=<JNI global ref>, id=da, trace=300000)
ROOT 500000c4 (kind=<JNI global ref>, id=db, trace=300000)
ROOT 500000c5 (kind=<JNI global ref>, id=dc, trace=300000)
ROOT 500000c6 (kind=<JNI global ref>, id=dd, trace=300000)
ROOT 500000c7 (kind=<JNI global ref>, id=de, trace=300000)
ROOT 500000c8 (kind=<JNI global ref>, id=df, trace=300000)
ROOT 500000c9 (kind=<JNI global ref>, id=e0, trace=300000)
ROOT 500000ca (kind=<JNI global ref>, id=e1, trace=300000)
ROOT 500000cb (kind=<JNI global ref>, id=e2, trace=300000)
ROOT 500000cc (kind=<JNI global ref>, id=e3, trace=300000)
ROOT 500000cd (kind=<JNI global ref>, id=e4, trace=300000)
ROOT 500000ce (kind=<JNI global ref>, id=e5, trace=300000)
ROOT 500000cf (kind=<JNI global ref>, id=e6, trace=300000)
ROOT 500000d0 (kind=<JNI global ref>, id=e7, trace=300000)
ROOT 500000d2 (kind=<JNI global ref>, id=e8, trace=300000)
ROOT 500000d3 (kind=<JNI global ref>, id=e9, trace=300000)
ROOT 50000102 (kind=<JNI global ref>, id=ea, trace=300000)
ROOT 500000d4 (kind=<JNI global ref>, id=eb, trace=300000)
ROOT 500000e0 (kind=<JNI global ref>, id=ec, trace=300000)
ROOT 500000d5 (kind=<JNI global ref>, id=ed, trace=300000)
ROOT 500000d6 (kind=<JNI global ref>, id=ee, trace=300000)
ROOT 5000014b (kind=<JNI global ref>, id=ef, trace=300000)
ROOT 500000d7 (kind=<JNI global ref>, id=f0, trace=300000)
ROOT 500000d8 (kind=<JNI global ref>, id=f1, trace=300000)
ROOT 500000d9 (kind=<JNI global ref>, id=f2, trace=300000)
ROOT 500000da (kind=<JNI global ref>, id=f3, trace=300000)
ROOT 500000db (kind=<JNI global ref>, id=f4, trace=300000)
ROOT 500000dc (kind=<JNI global ref>, id=f5, trace=300000)
ROOT 500000dd (kind=<JNI global ref>, id=f6, trace=300000)
ROOT 500000e1 (kind=<JNI global ref>, id=f7, trace=300000)
ROOT 500000e3 (kind=<JNI global ref>, id=f8, trace=300000)
ROOT 500000e4 (kind=<JNI global ref>, id=f9, trace=300000)
ROOT 500000e5 (kind=<JNI global ref>, id=fa, trace=300000)
ROOT 500000e7 (kind=<JNI global ref>, id=fb, trace=300000)
ROOT 500000e8 (kind=<JNI global ref>, id=fc, trace=300000)
ROOT 500000e9 (kind=<JNI global ref>, id=fd, trace=300000)
ROOT 500000eb (kind=<JNI global ref>, id=fe, trace=300000)
ROOT 500000ec (kind=<JNI global ref>, id=ff, trace=300000)
ROOT 500000ed (kind=<JNI global ref>, id=100, trace=300000)
ROOT 500000ee (kind=<JNI global ref>, id=101, trace=300000)
ROOT 500000ef (kind=<JNI global ref>, id=102, trace=300000)
ROOT 500000f0 (kind=<JNI global ref>, id=103, trace=300000)
ROOT 500000f1 (kind=<JNI global ref>, id=104, trace=300000)
ROOT 500000f2 (kind=<JNI global ref>, id=105, trace=300000)
ROOT 500000f3 (kind=<JNI global ref>, id=106, trace=300000)
ROOT 500000f4 (kind=<JNI global ref>, id=107, trace=300000)
ROOT 500000f5 (kind=<JNI global ref>, id=108, trace=300000)
ROOT 500000f6 (kind=<JNI global ref>, id=109, trace=300000)
ROOT 500000f8 (kind=<JNI global ref>, id=10a, trace=300000)
ROOT 500000fa (kind=<JNI global ref>, id=10b, trace=300000)
ROOT 500000fc (kind=<JNI global ref>, id=10c, trace=300000)
ROOT 500000fd (kind=<JNI global ref>, id=10d, trace=300000)
ROOT 500000fe (kind=<JNI global ref>, id=10e, trace=300000)
ROOT 50000100 (kind=<JNI global ref>, id=10f, trace=300000)
ROOT 50000101 (kind=<JNI global ref>, id=110, trace=300000)
ROOT 50000103 (kind=<JNI global ref>, id=111, trace=300000)
ROOT 50000105 (kind=<JNI global ref>, id=112, trace=300000)
ROOT 50000106 (kind=<JNI global ref>, id=113, trace=300000)
ROOT 50000107 (kind=<JNI global ref>, id=114, trace=300000)
ROOT 50000108 (kind=<JNI global ref>, id=115, trace=300000)
ROOT 50000109 (kind=<JNI global ref>, id=116, trace=300000)
ROOT 5000010b (kind=<JNI global ref>, id=117, trace=300000)
ROOT 5000010c (kind=<JNI global ref>, id=118, trace=300000)
ROOT 5000010d (kind=<JNI global ref>, id=119, trace=300000)
ROOT 5000010e (kind=<JNI global ref>, id=11a, trace=300000)
ROOT 5000010f (kind=<JNI global ref>, id=11b, trace=300000)
ROOT 50000111 (kind=<JNI global ref>, id=11c, trace=300000)
ROOT 50000139 (kind=<JNI global ref>, id=11d, trace=300000)
ROOT 50000112 (kind=<JNI global ref>, id=11e, trace=300000)
ROOT 50000114 (kind=<JNI global ref>, id=11f, trace=300000)
ROOT 50000116 (kind=<JNI global ref>, id=120, trace=300000)
ROOT 50000117 (kind=<JNI global ref>, id=121, trace=300000)
ROOT 50000118 (kind=<JNI global ref>, id=122, trace=300000)
ROOT 50000119 (kind=<JNI global ref>, id=123, trace=300000)
ROOT 5000011a (kind=<JNI global ref>, id=124, trace=300000)
ROOT 5000011b (kind=<JNI global ref>, id=125, trace=300000)
ROOT 5000011d (kind=<JNI global ref>, id=126, trace=300000)
ROOT 5000011e (kind=<JNI global ref>, id=127, trace=300000)
ROOT 5000011f (kind=<JNI global ref>, id=128, trace=300000)
ROOT 50000121 (kind=<JNI global ref>, id=129, trace=300000)
ROOT 50000122 (kind=<JNI global ref>, id=12a, trace=300000)
ROOT 50000123 (kind=<JNI global ref>, id=12b, trace=300000)
ROOT 50000124 (kind=<JNI global ref>, id=12c, trace=300000)
ROOT 50000125 (kind=<JNI global ref>, id=12d, trace=300000)
ROOT 50000126 (kind=<JNI global ref>, id=12e, trace=300000)
ROOT 50000127 (kind=<JNI global ref>, id=12f, trace=300000)
ROOT 50000128 (kind=<JNI global ref>, id=130, trace=300000)
ROOT 50000129 (kind=<JNI global ref>, id=131, trace=300000)
ROOT 5000012a (kind=<JNI global ref>, id=132, trace=300000)
ROOT 5000012c (kind=<JNI global ref>, id=133, trace=300000)
ROOT 5000012d (kind=<JNI global ref>, id=134, trace=300000)
ROOT 5000012e (kind=<JNI global ref>, id=135, trace=300000)
ROOT 5000012f (kind=<JNI global ref>, id=136, trace=300000)
ROOT 50000130 (kind=<JNI global ref>, id=137, trace=300000)
ROOT 50000131 (kind=<JNI global ref>, id=138, trace=300000)
ROOT 50000132 (kind=<JNI global ref>, id=139, trace=300000)
ROOT 50000133 (kind=<JNI global ref>, id=13a, trace=300000)
ROOT 50000135 (kind=<JNI global ref>, id=13b, trace=300000)
ROOT 50000136 (kind=<JNI global ref>, id=13c, trace=300000)
ROOT 50000137 (kind=<JNI global ref>, id=13d, trace=300000)
ROOT 50000138 (kind=<JNI global ref>, id=13e, trace=300000)
ROOT 5000013a (kind=<JNI global ref>, id=13f, trace=300000)
ROOT 5000013b (kind=<JNI global ref>, id=140, trace=300000)
ROOT 5000013c (kind=<JNI global ref>, id=141, trace=300000)
ROOT 5000013d (kind=<JNI global ref>, id=142, trace=300000)
ROOT 5000013e (kind=<JNI global ref>, id=143, trace=300000)
ROOT 50000141 (kind=<JNI global ref>, id=144, trace=300000)
ROOT 50000142 (kind=<JNI global ref>, id=145, trace=300000)
ROOT 50000143 (kind=<JNI global ref>, id=146, trace=300000)
ROOT 50000144 (kind=<JNI global ref>, id=147, trace=300000)
ROOT 50000145 (kind=<JNI global ref>, id=148, trace=300000)
ROOT 50000146 (kind=<JNI global ref>, id=149, trace=300000)
ROOT 50000147 (kind=<JNI global ref>, id=14a, trace=300000)
ROOT 50000148 (kind=<JNI global ref>, id=14b, trace=300000)
ROOT 50000149 (kind=<JNI global ref>, id=14c, trace=300000)
ROOT 5000014a (kind=<JNI global ref>, id=14d, trace=300000)
ROOT 5000014c (kind=<JNI global ref>, id=14e, trace=300000)
ROOT 5000014d (kind=<JNI global ref>, id=14f, trace=300000)
ROOT 5000014f (kind=<JNI global ref>, id=150, trace=300000)
ROOT 50000150 (kind=<JNI global ref>, id=151, trace=300000)
ROOT 50000151 (kind=<JNI global ref>, id=152, trace=300000)
ROOT 50000152 (kind=<JNI global ref>, id=153, trace=300000)
ROOT 50000153 (kind=<JNI global ref>, id=154, trace=300000)
ROOT 50000154 (kind=<JNI global ref>, id=155, trace=300000)
ROOT 50000155 (kind=<JNI global ref>, id=156, trace=300000)
ROOT 50000156 (kind=<JNI global ref>, id=157, trace=300000)
ROOT 50000157 (kind=<JNI global ref>, id=158, trace=300000)
ROOT 50000158 (kind=<JNI global ref>, id=159, trace=300000)
ROOT 50000159 (kind=<JNI global ref>, id=15a, trace=300000)
ROOT 5000015a (kind=<JNI global ref>, id=15b, trace=300000)
ROOT 50000ece (kind=<JNI global ref>, id=15c, trace=300000)
ROOT 50000ecf (kind=<JNI global ref>, id=15d, trace=300000)
ROOT 500000f9 (kind=<JNI global ref>, id=15e, trace=300000)
ROOT 500000f9 (kind=<JNI global ref>, id=15f, trace=300000)
ROOT 500000b2 (kind=<JNI global ref>, id=160, trace=300000)
ROOT 500000b2 (kind=<JNI global ref>, id=161, trace=300000)
ROOT 500000c0 (kind=<JNI global ref>, id=162, trace=300000)
ROOT 500000c0 (kind=<JNI global ref>, id=163, trace=300000)
ROOT 5000002d (kind=<JNI global ref>, id=164, trace=300000)
ROOT 5000002d (kind=<JNI global ref>, id=165, trace=300000)
ROOT 50000071 (kind=<JNI global ref>, id=166, trace=300000)
ROOT 50000071 (kind=<JNI global ref>, id=167, trace=300000)
ROOT 50000128 (kind=<JNI global ref>, id=168, trace=300000)
ROOT 50000128 (kind=<JNI global ref>, id=169, trace=300000)
ROOT 5000007f (kind=<JNI global ref>, id=16a, trace=300000)
ROOT 5000007f (kind=<JNI global ref>, id=16b, trace=300000)
ROOT 5000009a (kind=<JNI global ref>, id=16c, trace=300000)
ROOT 5000009a (kind=<JNI global ref>, id=16d, trace=300000)
ROOT 50000140 (kind=<JNI global ref>, id=16e, trace=300000)
ROOT 50000140 (kind=<JNI global ref>, id=16f, trace=300000)
ROOT 500000fe (kind=<JNI global ref>, id=170, trace=300000)
ROOT 500000fe (kind=<JNI global ref>, id=171, trace=300000)
ROOT 500000b8 (kind=<JNI global ref>, id=172, trace=300000)
ROOT 500000b8 (kind=<JNI global ref>, id=173, trace=300000)
ROOT 500000a2 (kind=<JNI global ref>, id=174, trace=300000)
ROOT 500000a2 (kind=<JNI global ref>, id=175, trace=300000)
ROOT 50000033 (kind=<JNI global ref>, id=176, trace=300000)
ROOT 50000033 (kind=<JNI global ref>, id=177, trace=300000)
ROOT 5000005a (kind=<JNI global ref>, id=178, trace=300000)
ROOT 5000005a (kind=<JNI global ref>, id=179, trace=300000)
ROOT 50000099 (kind=<JNI global ref>, id=17a, trace=300000)
ROOT 5000008c (kind=<JNI global ref>, id=17b, trace=300000)
ROOT 5000008c (kind=<JNI global ref>, id=17c, trace=300000)
ROOT 50000099 (kind=<JNI global ref>, id=17d, trace=300000)
ROOT 500000f3 (kind=<JNI global ref>, id=17e, trace=300000)
ROOT 50000058 (kind=<JNI global ref>, id=17f, trace=300000)
ROOT 50000058 (kind=<JNI global ref>, id=180, trace=300000)
ROOT 500000f3 (kind=<JNI global ref>, id=181, trace=300000)
ROOT 5000006d (kind=<JNI global ref>, id=182, trace=300000)
ROOT 5000006d (kind=<JNI global ref>, id=183, trace=300000)
ROOT 50000040 (kind=<JNI global ref>, id=184, trace=300000)
ROOT 50000040 (kind=<JNI global ref>, id=185, trace=300000)
ROOT 50000134 (kind=<JNI global ref>, id=186, trace=300000)
ROOT 50000134 (kind=<JNI global ref>, id=187, trace=300000)
ROOT 50000053 (kind=<JNI global ref>, id=188, trace=300000)
ROOT 50000053 (kind=<JNI global ref>, id=189, trace=300000)
ROOT 5000000b (kind=<JNI global ref>, id=18a, trace=300000)
ROOT 5000000b (kind=<JNI global ref>, id=18b, trace=300000)
ROOT 50000109 (kind=<JNI global ref>, id=18c, trace=300000)
ROOT 50000109 (kind=<JNI global ref>, id=18d, trace=300000)
ROOT 5000001f (kind=<JNI global ref>, id=18e, trace=300000)
ROOT 5000001f (kind=<JNI global ref>, id=18f, trace=300000)
ROOT 500000a5 (kind=<JNI global ref>, id=190, trace=300000)
ROOT 500000a5 (kind=<JNI global ref>, id=191, trace=300000)
ROOT 50000044 (kind=<JNI global ref>, id=192, trace=300000)
ROOT 50000044 (kind=<JNI global ref>, id=193, trace=300000)
ROOT 5000014b (kind=<JNI global ref>, id=194, trace=300000)
ROOT 5000014b (kind=<JNI global ref>, id=195, trace=300000)
ROOT 50000004 (kind=<JNI global ref>, id=196, trace=300000)
ROOT 50000004 (kind=<JNI global ref>, id=197, trace=300000)
ROOT 500000d6 (kind=<JNI global ref>, id=198, trace=300000)
ROOT 500000d6 (kind=<JNI global ref>, id=199, trace=300000)
ROOT 50000097 (kind=<JNI global ref>, id=19a, trace=300000)
ROOT 50000097 (kind=<JNI global ref>, id=19b, trace=300000)
ROOT 5000011d (kind=<JNI global ref>, id=19c, trace=300000)
ROOT 5000011d (kind=<JNI global ref>, id=19d, trace=300000)
ROOT 50000107 (kind=<JNI global ref>, id=19e, trace=300000)
ROOT 500000a0 (kind=<JNI global ref>, id=19f, trace=300000)
ROOT 50000009 (kind=<JNI global ref>, id=1a0, trace=300000)
ROOT 50000009 (kind=<JNI global ref>, id=1a1, trace=300000)
ROOT 500000a0 (kind=<JNI global ref>, id=1a2, trace=300000)
ROOT 50000107 (kind=<JNI global ref>, id=1a3, trace=300000)
ROOT 50000120 (kind=<JNI global ref>, id=1a4, trace=300000)
ROOT 50000120 (kind=<JNI global ref>, id=1a5, trace=300000)
ROOT 500000fc (kind=<JNI global ref>, id=1a6, trace=300000)
ROOT 500000fc (kind=<JNI global ref>, id=1a7, trace=300000)
ROOT 5000006b (kind=<JNI global ref>, id=1a8, trace=300000)
ROOT 5000006b (kind=<JNI global ref>, id=1a9, trace=300000)
ROOT 50000095 (kind=<JNI global ref>, id=1aa, trace=300000)
ROOT 50000095 (kind=<JNI global ref>, id=1ab, trace=300000)
ROOT 500000ff (kind=<JNI global ref>, id=1ac, trace=300000)
ROOT 500000ff (kind=<JNI global ref>, id=1ad, trace=300000)
ROOT 50000006 (kind=<JNI global ref>, id=1ae, trace=300000)
ROOT 50000006 (kind=<JNI global ref>, id=1af, trace=300000)
ROOT 50000039 (kind=<JNI global ref>, id=1b0, trace=300000)
ROOT 50000039 (kind=<JNI global ref>, id=1b1, trace=300000)
ROOT 50000021 (kind=<JNI global ref>, id=1b2, trace=300000)
ROOT 50000021 (kind=<JNI global ref>, id=1b3, trace=300000)
ROOT 50000106 (kind=<JNI global ref>, id=1b4, trace=300000)
ROOT 50000106 (kind=<JNI global ref>, id=1b5, trace=300000)
ROOT 5000010b (kind=<JNI global ref>, id=1b6, trace=300000)
ROOT 50000060 (kind=<JNI global ref>, id=1b7, trace=300000)
ROOT 5000010a (kind=<JNI global ref>, id=1b8, trace=300000)
ROOT 5000010a (kind=<JNI global ref>, id=1b9, trace=300000)
ROOT 50000060 (kind=<JNI global ref>, id=1ba, trace=300000)
ROOT 5000010b (kind=<JNI global ref>, id=1bb, trace=300000)
ROOT 500000e4 (kind=<JNI global ref>, id=1bc, trace=300000)
ROOT 500000ae (kind=<JNI global ref>, id=1bd, trace=300000)
ROOT 500000ae (kind=<JNI global ref>, id=1be, trace=300000)
ROOT 500000e4 (kind=<JNI global ref>, id=1bf, trace=300000)
ROOT 50000123 (kind=<JNI global ref>, id=1c0, trace=300000)
ROOT 50000123 (kind=<JNI global ref>, id=1c1, trace=300000)
ROOT 5000003e (kind=<JNI global ref>, id=1c2, trace=300000)
ROOT 5000003e (kind=<JNI global ref>, id=1c3, trace=300000)
ROOT 500000b6 (kind=<JNI global ref>, id=1c4, trace=300000)
ROOT 500000b6 (kind=<JNI global ref>, id=1c5, trace=300000)
ROOT 500000e5 (kind=<JNI global ref>, id=1c6, trace=300000)
ROOT 500000e5 (kind=<JNI global ref>, id=1c7, trace=300000)
ROOT 50000078 (kind=<JNI global ref>, id=1c8, trace=300000)
ROOT 50000078 (kind=<JNI global ref>, id=1c9, trace=300000)
ROOT 50000131 (kind=<JNI global ref>, id=1ca, trace=300000)
ROOT 50000077 (kind=<JNI global ref>, id=1cb, trace=300000)
ROOT 50000077 (kind=<JNI global ref>, id=1cc, trace=300000)
ROOT 50000131 (kind=<JNI global ref>, id=1cd, trace=300000)
ROOT 50000013 (kind=<JNI global ref>, id=1ce, trace=300000)
ROOT 50000013 (kind=<JNI global ref>, id=1cf, trace=300000)
ROOT 50000037 (kind=<JNI global ref>, id=1d0, trace=300000)
ROOT 50000037 (kind=<JNI global ref>, id=1d1, trace=300000)
ROOT 50000150 (kind=<JNI global ref>, id=1d2, trace=300000)
ROOT 50000150 (kind=<JNI global ref>, id=1d3, trace=300000)
ROOT 50000068 (kind=<JNI global ref>, id=1d4, trace=300000)
ROOT 50000068 (kind=<JNI global ref>, id=1d5, trace=300000)
ROOT 500000a4 (kind=<JNI global ref>, id=1d6, trace=300000)
ROOT 500000a4 (kind=<JNI global ref>, id=1d7, trace=300000)
ROOT 50000153 (kind=<JNI global ref>, id=1d8, trace=300000)
ROOT 50000155 (kind=<JNI global ref>, id=1d9, trace=300000)
ROOT 50000159 (kind=<JNI global ref>, id=1da, trace=300000)
ROOT 5000015a (kind=<JNI global ref>, id=1db, trace=300000)
ROOT 50000154 (kind=<JNI global ref>, id=1dc, trace=300000)
ROOT 50000157 (kind=<JNI global ref>, id=1dd, trace=300000)
ROOT 50000156 (kind=<JNI global ref>, id=1de, trace=300000)
ROOT 50000158 (kind=<JNI global ref>, id=1df, trace=300000)
ROOT 50000163 (kind=<JNI global ref>, id=1e0, trace=300000)
ROOT 50000164 (kind=<JNI global ref>, id=1e1, trace=300000)
ROOT 50000166 (kind=<JNI global ref>, id=1e2, trace=300005)
ROOT 5000016b (kind=<JNI global ref>, id=1e3, trace=300009)
ROOT 5000016c (kind=<JNI global ref>, id=1e4, trace=300010)
ROOT 5000016d (kind=<JNI global ref>, id=1e5, trace=300011)
ROOT 500001a3 (kind=<JNI global ref>, id=1e6, trace=300020)
ROOT 500001a4 (kind=<JNI global ref>, id=1e7, trace=300021)
ROOT 500001b6 (kind=<JNI global ref>, id=1e8, trace=300038)
ROOT 500001b8 (kind=<JNI global ref>, id=1e9, trace=300040)
ROOT 500001c2 (kind=<JNI global ref>, id=1ea, trace=300046)
ROOT 500001f8 (kind=<JNI global ref>, id=1eb, trace=300054)
ROOT 500001fa (kind=<JNI global ref>, id=1ec, trace=300056)
ROOT 500001fb (kind=<JNI global ref>, id=1ed, trace=300056)
ROOT 5000024c (kind=<JNI global ref>, id=1ee, trace=300105)
ROOT 500001fd (kind=<JNI global ref>, id=1ef, trace=300058)
ROOT 500001fe (kind=<JNI global ref>, id=1f0, trace=300058)
ROOT 500001ff (kind=<JNI global ref>, id=1f1, trace=300058)
ROOT 50000200 (kind=<JNI global ref>, id=1f2, trace=300058)
ROOT 50000204 (kind=<JNI global ref>, id=1f3, trace=300062)
ROOT 50000213 (kind=<JNI global ref>, id=1f4, trace=300075)
ROOT 50000214 (kind=<JNI global ref>, id=1f5, trace=300075)
ROOT 5000021d (kind=<JNI global ref>, id=1f6, trace=300083)
ROOT 50000229 (kind=<JNI global ref>, id=1f7, trace=300075)
ROOT 5000023d (kind=<JNI global ref>, id=1f8, trace=300091)
ROOT 50000243 (kind=<JNI global ref>, id=1f9, trace=300097)
ROOT 50000249 (kind=<JNI global ref>, id=1fa, trace=300103)
ROOT 5000024b (kind=<JNI global ref>, id=1fb, trace=300105)
ROOT 50000260 (kind=<JNI global ref>, id=1fc, trace=300123)
ROOT 50000261 (kind=<JNI global ref>, id=1fd, trace=300124)
ROOT 50000262 (kind=<JNI global ref>, id=1fe, trace=300124)
ROOT 50000265 (kind=<JNI global ref>, id=1ff, trace=300127)
ROOT 50000268 (kind=<JNI global ref>, id=200, trace=300130)
ROOT 5000026a (kind=<JNI global ref>, id=201, trace=300132)
ROOT 5000026b (kind=<JNI global ref>, id=202, trace=300133)
ROOT 50000276 (kind=<JNI global ref>, id=203, trace=300143)
ROOT 50000277 (kind=<JNI global ref>, id=204, trace=300143)
ROOT 50000280 (kind=<JNI global ref>, id=205, trace=300148)
ROOT 50000389 (kind=<JNI global ref>, id=206, trace=300164)
ROOT 50000396 (kind=<JNI global ref>, id=207, trace=300167)
ROOT 500003f6 (kind=<JNI global ref>, id=208, trace=300204)
ROOT 500003f8 (kind=<JNI global ref>, id=209, trace=300206)
ROOT 5000040f (kind=<JNI global ref>, id=20a, trace=300216)
ROOT 50000410 (kind=<JNI global ref>, id=20b, trace=300216)
ROOT 50000411 (kind=<JNI global ref>, id=20c, trace=300216)
ROOT 50000412 (kind=<JNI global ref>, id=20d, trace=300217)
ROOT 50000413 (kind=<JNI global ref>, id=20e, trace=300217)
ROOT 50000424 (kind=<JNI global ref>, id=20f, trace=300229)
ROOT 50000426 (kind=<JNI global ref>, id=210, trace=300231)
ROOT 50000427 (kind=<JNI global ref>, id=211, trace=300232)
ROOT 50000429 (kind=<JNI global ref>, id=212, trace=300234)
ROOT 5000042b (kind=<JNI global ref>, id=213, trace=300236)
ROOT 5000042d (kind=<JNI global ref>, id=214, trace=300238)
ROOT 5000042e (kind=<JNI global ref>, id=215, trace=300238)
ROOT 5000042f (kind=<JNI global ref>, id=216, trace=300238)
ROOT 500000b6 (kind=<JNI global ref>, id=217, trace=300000)
ROOT 5000042d (kind=<JNI global ref>, id=218, trace=300238)
ROOT 5000042f (kind=<JNI global ref>, id=219, trace=300238)
ROOT 50000432 (kind=<JNI global ref>, id=21a, trace=300241)
ROOT 50000433 (kind=<JNI global ref>, id=21b, trace=300241)
ROOT 50000444 (kind=<JNI global ref>, id=21c, trace=300248)
ROOT 50000445 (kind=<JNI global ref>, id=21d, trace=300249)
ROOT 5000044d (kind=<JNI global ref>, id=21e, trace=300257)
ROOT 5000047e (kind=<JNI global ref>, id=21f, trace=300300)
ROOT 50000480 (kind=<JNI global ref>, id=220, trace=300302)
ROOT 50000481 (kind=<JNI global ref>, id=221, trace=300302)
ROOT 50000484 (kind=<JNI global ref>, id=222, trace=300305)
ROOT 50000485 (kind=<JNI global ref>, id=223, trace=300305)
ROOT 5000048b (kind=<JNI global ref>, id=224, trace=300309)
ROOT 5000048d (kind=<JNI global ref>, id=225, trace=300311)
ROOT 5000048e (kind=<JNI global ref>, id=226, trace=300311)
ROOT 5000048f (kind=<JNI global ref>, id=227, trace=300312)
ROOT 50000493 (kind=<JNI global ref>, id=228, trace=300315)
ROOT 500004b0 (kind=<JNI global ref>, id=229, trace=300332)
ROOT 500004b2 (kind=<JNI global ref>, id=22a, trace=300334)
ROOT 500004b3 (kind=<JNI global ref>, id=22b, trace=300335)
ROOT 50000776 (kind=<JNI global ref>, id=22c, trace=300419)
ROOT 50000777 (kind=<JNI global ref>, id=22d, trace=300419)
ROOT 5000087a (kind=<JNI global ref>, id=22e, trace=300422)
ROOT 5000089e (kind=<JNI global ref>, id=22f, trace=300434)
ROOT 500008ba (kind=<JNI global ref>, id=230, trace=300450)
ROOT 500008bb (kind=<JNI global ref>, id=231, trace=300450)
ROOT 500008c1 (kind=<JNI global ref>, id=232, trace=300456)
ROOT 500008c5 (kind=<JNI global ref>, id=233, trace=300459)
ROOT 500008c8 (kind=<JNI global ref>, id=234, trace=300462)
ROOT 500008ca (kind=<JNI global ref>, id=235, trace=300463)
ROOT 500008d2 (kind=<JNI global ref>, id=236, trace=300470)
ROOT 500008ec (kind=<JNI global ref>, id=237, trace=300482)
ROOT 500008ef (kind=<JNI global ref>, id=238, trace=300485)
ROOT 500008f0 (kind=<JNI global ref>, id=239, trace=300486)
ROOT 500008f1 (kind=<JNI global ref>, id=23a, trace=300486)
ROOT 500008f2 (kind=<JNI global ref>, id=23b, trace=300486)
ROOT 50000905 (kind=<JNI global ref>, id=23c, trace=300498)
ROOT 50000906 (kind=<JNI global ref>, id=23d, trace=300499)
ROOT 50000a25 (kind=<JNI global ref>, id=23e, trace=300504)
ROOT 50000a28 (kind=<JNI global ref>, id=23f, trace=300507)
ROOT 50000a29 (kind=<JNI global ref>, id=240, trace=300507)
ROOT 50000a2a (kind=<JNI global ref>, id=241, trace=300508)
ROOT 50000a6c (kind=<JNI global ref>, id=242, trace=300521)
ROOT 50000aa3 (kind=<JNI global ref>, id=243, trace=300528)
ROOT 50000aa5 (kind=<JNI global ref>, id=244, trace=300530)
ROOT 50000aaa (kind=<JNI global ref>, id=245, trace=300535)
ROOT 50000aac (kind=<JNI global ref>, id=246, trace=300537)
ROOT 50000aaf (kind=<JNI global ref>, id=247, trace=300540)
ROOT 50000ab0 (kind=<JNI global ref>, id=248, trace=300540)
ROOT 50000ab8 (kind=<JNI global ref>, id=249, trace=300546)
ROOT 50000aba (kind=<JNI global ref>, id=24a, trace=300547)
ROOT 50000abc (kind=<JNI global ref>, id=24b, trace=300549)
ROOT 50000abe (kind=<JNI global ref>, id=24c, trace=300551)
ROOT 50000ac0 (kind=<JNI global ref>, id=24d, trace=300553)
ROOT 50000ac2 (kind=<JNI global ref>, id=24e, trace=300555)
ROOT 50000ac4 (kind=<JNI global ref>, id=24f, trace=300557)
ROOT 50000ac7 (kind=<JNI global ref>, id=250, trace=300560)
ROOT 50000ac8 (kind=<JNI global ref>, id=251, trace=300561)
ROOT 50000aca (kind=<JNI global ref>, id=252, trace=300563)
ROOT 50000ace (kind=<JNI global ref>, id=253, trace=300566)
ROOT 50000ad1 (kind=<JNI global ref>, id=254, trace=300568)
ROOT 50000ada (kind=<JNI global ref>, id=255, trace=300577)
ROOT 50000af5 (kind=<JNI global ref>, id=256, trace=300075)
ROOT 50000b09 (kind=<JNI global ref>, id=257, trace=300075)
ROOT 50000b1d (kind=<JNI global ref>, id=258, trace=300075)
ROOT 50000b30 (kind=<JNI global ref>, id=259, trace=300595)
ROOT 50000b63 (kind=<JNI global ref>, id=25a, trace=300598)
ROOT 50000bd2 (kind=<JNI global ref>, id=25b, trace=300620)
ROOT 50000bd5 (kind=<JNI global ref>, id=25c, trace=300623)
ROOT 50000c4c (kind=<JNI global ref>, id=25d, trace=300661)
ROOT 50000cbc (kind=<JNI global ref>, id=25e, trace=300075)
ROOT 50000cbd (kind=<JNI global ref>, id=25f, trace=300075)
ROOT 50000cbe (kind=<JNI global ref>, id=260, trace=300075)
ROOT 50000cd2 (kind=<JNI global ref>, id=261, trace=300075)
ROOT 50000ce8 (kind=<JNI global ref>, id=262, trace=300075)
ROOT 50000cfc (kind=<JNI global ref>, id=263, trace=300676)
ROOT 50000cfd (kind=<JNI global ref>, id=264, trace=300677)
ROOT 50000d32 (kind=<JNI global ref>, id=265, trace=300681)
ROOT 50000d36 (kind=<JNI global ref>, id=266, trace=300685)
ROOT 50000d3f (kind=<JNI global ref>, id=267, trace=300694)
ROOT 50000d5e (kind=<JNI global ref>, id=268, trace=300717)
ROOT 50000d5f (kind=<JNI global ref>, id=269, trace=300717)
ROOT 50000d61 (kind=<JNI global ref>, id=26a, trace=300719)
ROOT 50000ec4 (kind=<JNI global ref>, id=26b, trace=300000)
ROOT 50000ec6 (kind=<JNI global ref>, id=26c, trace=300758)
ROOT 50000ec9 (kind=<JNI global ref>, id=26d, trace=300000)
ROOT 50000eca (kind=<JNI global ref>, id=26e, trace=300000)
ROOT 50000ecb (kind=<JNI global ref>, id=26f, trace=300000)
ROOT 50000ecc (kind=<JNI global ref>, id=270, trace=300000)
ROOT 50000ecd (kind=<JNI global ref>, id=271, trace=300000)
ROOT 50000ed0 (kind=<unknown>)
ROOT 500000f9 (kind=<system class>, name=java.lang.Object)
ROOT 500000b2 (kind=<system class>, name=java.lang.String)
ROOT 500000c0 (kind=<system class>, name=java.lang.Class)
ROOT 5000002d (kind=<system class>, name=java.lang.Cloneable)
ROOT 50000071 (kind=<system class>, name=java.lang.ClassLoader)
ROOT 50000128 (kind=<system class>, name=java.io.Serializable)
ROOT 5000007f (kind=<system class>, name=java.lang.System)
ROOT 5000009a (kind=<system class>, name=java.lang.Throwable)
ROOT 50000140 (kind=<system class>, name=java.lang.Error)
ROOT 500000fe (kind=<system class>, name=java.lang.ThreadDeath)
ROOT 500000b8 (kind=<system class>, name=java.lang.Exception)
ROOT 500000a2 (kind=<system class>, name=java.lang.RuntimeException)
ROOT 50000033 (kind=<system class>, name=java.security.ProtectionDomain)
ROOT 5000005a (kind=<system class>, name=java.security.AccessControlContext)
ROOT 50000099 (kind=<system class>, name=java.lang.ClassNotFoundException)
ROOT 500000f3 (kind=<system class>, name=java.lang.NoClassDefFoundError)
ROOT 50000058 (kind=<system class>, name=java.lang.LinkageError)
ROOT 5000006d (kind=<system class>, name=java.lang.ClassCastException)
ROOT 50000040 (kind=<system class>, name=java.lang.ArrayStoreException)
ROOT 50000134 (kind=<system class>, name=java.lang.VirtualMachineError)
ROOT 50000053 (kind=<system class>, name=java.lang.OutOfMemoryError)
ROOT 5000000b (kind=<system class>, name=java.lang.StackOverflowError)
ROOT 50000109 (kind=<system class>, name=java.lang.IllegalMonitorStateException)
ROOT 5000001f (kind=<system class>, name=java.lang.ref.Reference)
ROOT 500000a5 (kind=<system class>, name=java.lang.ref.SoftReference)
ROOT 50000044 (kind=<system class>, name=java.lang.ref.WeakReference)
ROOT 5000014b (kind=<system class>, name=java.lang.ref.FinalReference)
ROOT 50000004 (kind=<system class>, name=java.lang.ref.PhantomReference)
ROOT 500000d6 (kind=<system class>, name=java.lang.ref.Finalizer)
ROOT 50000097 (kind=<system class>, name=java.lang.Thread)
ROOT 5000011d (kind=<system class>, name=java.lang.ThreadGroup)
ROOT 50000107 (kind=<system class>, name=java.util.Properties)
ROOT 50000120 (kind=<system class>, name=java.lang.reflect.AccessibleObject)
ROOT 500000fc (kind=<system class>, name=java.lang.reflect.Field)
ROOT 5000006b (kind=<system class>, name=java.lang.reflect.Method)
ROOT 50000095 (kind=<system class>, name=java.lang.reflect.Constructor)
ROOT 500000ff (kind=<system class>, name=sun.reflect.MagicAccessorImpl)
ROOT 50000006 (kind=<system class>, name=sun.reflect.MethodAccessorImpl)
ROOT 50000039 (kind=<system class>, name=sun.reflect.ConstructorAccessorImpl)
ROOT 50000021 (kind=<system class>, name=sun.reflect.DelegatingClassLoader)
ROOT 50000106 (kind=<system class>, name=sun.reflect.ConstantPool)
ROOT 5000010b (kind=<system class>, name=sun.reflect.UnsafeStaticFieldAccessorImpl)
ROOT 500000e4 (kind=<system class>, name=java.lang.StringBuffer)
ROOT 50000123 (kind=<system class>, name=java.lang.StringBuilder)
ROOT 5000003e (kind=<system class>, name=java.lang.StackTraceElement)
ROOT 500000b6 (kind=<system class>, name=java.nio.Buffer)
ROOT 500000e5 (kind=<system class>, name=java.lang.Boolean)
ROOT 50000078 (kind=<system class>, name=java.lang.Character)
ROOT 50000131 (kind=<system class>, name=java.lang.Float)
ROOT 50000013 (kind=<system class>, name=java.lang.Double)
ROOT 50000037 (kind=<system class>, name=java.lang.Byte)
ROOT 50000150 (kind=<system class>, name=java.lang.Short)
ROOT 50000068 (kind=<system class>, name=java.lang.Integer)
ROOT 500000a4 (kind=<system class>, name=java.lang.Long)
ROOT 500000e5 (kind=<system class>, name=java.lang.Boolean)
ROOT 50000078 (kind=<system class>, name=java.lang.Character)
ROOT 50000131 (kind=<system class>, name=java.lang.Float)
ROOT 50000013 (kind=<system class>, name=java.lang.Double)
ROOT 50000037 (kind=<system class>, name=java.lang.Byte)
ROOT 50000150 (kind=<system class>, name=java.lang.Short)
ROOT 50000068 (kind=<system class>, name=java.lang.Integer)
ROOT 500000a4 (kind=<system class>, name=java.lang.Long)
ROOT 5000009a (kind=<system class>, name=java.lang.Throwable)
ROOT 50000106 (kind=<system class>, name=sun.reflect.ConstantPool)
ROOT 5000010b (kind=<system class>, name=sun.reflect.UnsafeStaticFieldAccessorImpl)
ROOT 50000001 (kind=<system class>, name=java.lang.Character$CharacterCache)
ROOT 50000002 (kind=<system class>, name=java.lang.ClassLoader$3)
ROOT 5000048d (kind=<system class>, name=java.util.zip.InflaterInputStream)
ROOT 50000003 (kind=<system class>, name=java.lang.Iterable)
ROOT 50000004 (kind=<system class>, name=java.lang.ref.PhantomReference)
ROOT 50000005 (kind=<system class>, name=java.util.AbstractCollection)
ROOT 50000006 (kind=<system class>, name=sun.reflect.MethodAccessorImpl)
ROOT 50000007 (kind=<system class>, name=sun.nio.cs.StandardCharsets$Aliases)
ROOT 500001f8 (kind=<system class>, name=java.util.ResourceBundle$CacheKey)
ROOT 50000008 (kind=<system class>, name=java.util.HashMap)
ROOT 50000009 (kind=<system class>, name=java.util.Dictionary)
ROOT 50000213 (kind=<system class>, name=java.util.ListResourceBundle)
ROOT 5000000a (kind=<system class>, name=java.util.Arrays)
ROOT 5000000b (kind=<system class>, name=java.lang.StackOverflowError)
ROOT 5000042d (kind=<system class>, name=sun.nio.ch.DirectBuffer)
ROOT 5000000c (kind=<system class>, name=java.util.HashMap$HashIterator)
ROOT 500004b2 (kind=<system class>, name=sun.misc.Launcher$BootClassPathHolder)
ROOT 5000000d (kind=<system class>, name=java.lang.Compiler)
ROOT 5000000e (kind=<system class>, name=java.io.Closeable)
ROOT 500001fd (kind=<system class>, name=java.util.Queue)
ROOT 5000000f (kind=<system class>, name=java.util.AbstractMap)
ROOT 50000010 (kind=<system class>, name=java.net.URL)
ROOT 500008bb (kind=<system class>, name=java.text.MessageFormat)
ROOT 50000012 (kind=<system class>, name=java.lang.Class$3)
ROOT 50000013 (kind=<system class>, name=java.lang.Double)
ROOT 50000014 (kind=<system class>, name=java.io.FileOutputStream)
ROOT 50000015 (kind=<system class>, name=java.io.FileSystem)
ROOT 50000016 (kind=<system class>, name=java.lang.reflect.Modifier)
ROOT 50000017 (kind=<system class>, name=sun.reflect.Reflection)
ROOT 50000018 (kind=<system class>, name=java.util.TreeSet)
ROOT 50000019 (kind=<system class>, name=java.util.concurrent.atomic.AtomicReferenceFieldUpdater$AtomicReferenceFieldUpdaterImpl)
ROOT 5000001a (kind=<system class>, name=java.util.Comparator)
ROOT 50000777 (kind=<system class>, name=java.io.FileNotFoundException)
ROOT 50000ab0 (kind=<system class>, name=java.util.LinkedHashMap$EntryIterator)
ROOT 500008ec (kind=<system class>, name=java.text.FieldPosition)
ROOT 5000001b (kind=<system class>, name=java.lang.ClassLoader$ParallelLoaders)
ROOT 5000001c (kind=<system class>, name=sun.reflect.ReflectionFactory$1)
ROOT 5000001d (kind=<system class>, name=java.util.WeakHashMap$Entry)
ROOT 50000ac7 (kind=<system class>, name=sun.util.resources.LocaleData)
ROOT 50000249 (kind=<system class>, name=sun.misc.URLClassPath$3)
ROOT 5000001f (kind=<system class>, name=java.lang.ref.Reference)
ROOT 50000021 (kind=<system class>, name=sun.reflect.DelegatingClassLoader)
ROOT 50000022 (kind=<system class>, name=sun.misc.URLClassPath)
ROOT 50000023 (kind=<system class>, name=sun.misc.Signal)
ROOT 50000024 (kind=<system class>, name=java.net.URLClassLoader$7)
ROOT 50000025 (kind=<system class>, name=java.util.NavigableMap)
ROOT 50000026 (kind=<system class>, name=sun.security.util.Debug)
ROOT 50000412 (kind=<system class>, name=sun.misc.JavaUtilJarAccess)
ROOT 50000027 (kind=<system class>, name=java.lang.Readable)
ROOT 50000028 (kind=<system class>, name=java.lang.SystemClassLoaderAction)
ROOT 50000029 (kind=<system class>, name=java.util.SortedSet)
ROOT 5000002a (kind=<system class>, name=sun.misc.JavaLangAccess)
ROOT 5000002b (kind=<system class>, name=java.util.Collections$EmptyList)
ROOT 5000002c (kind=<system class>, name=java.util.concurrent.atomic.AtomicInteger)
ROOT 5000002d (kind=<system class>, name=java.lang.Cloneable)
ROOT 5000002e (kind=<system class>, name=sun.misc.Launcher$AppClassLoader$1)
ROOT 5000002f (kind=<system class>, name=sun.io.Win32ErrorMode)
ROOT 50000030 (kind=<system class>, name=java.lang.Compiler$1)
ROOT 50000031 (kind=<system class>, name=java.util.Collections$SetFromMap)
ROOT 50000032 (kind=<system class>, name=java.util.Set)
ROOT 50000033 (kind=<system class>, name=java.security.ProtectionDomain)
ROOT 50000034 (kind=<system class>, name=java.util.Collections$EmptyMap)
ROOT 50000035 (kind=<system class>, name=java.net.URLStreamHandlerFactory)
ROOT 50000036 (kind=<system class>, name=java.nio.charset.CoderResult$2)
ROOT 50000037 (kind=<system class>, name=java.lang.Byte)
ROOT 50000038 (kind=<system class>, name=java.util.Hashtable$Enumerator)
ROOT 50000039 (kind=<system class>, name=sun.reflect.ConstructorAccessorImpl)
ROOT 50000aaa (kind=<system class>, name=java.util.ServiceLoader$LazyIterator)
ROOT 5000003a (kind=<system class>, name=java.util.Iterator)
ROOT 5000003b (kind=<system class>, name=sun.net.www.protocol.file.Handler)
ROOT 50000432 (kind=<system class>, name=java.nio.LongBuffer)
ROOT 5000003c (kind=<system class>, name=java.nio.charset.Charset)
ROOT 5000003d (kind=<system class>, name=java.security.AccessController)
ROOT 5000003e (kind=<system class>, name=java.lang.StackTraceElement)
ROOT 50000040 (kind=<system class>, name=java.lang.ArrayStoreException)
ROOT 50000041 (kind=<system class>, name=java.util.concurrent.ConcurrentMap)
ROOT 50000042 (kind=<system class>, name=java.lang.System$2)
ROOT 50000043 (kind=<system class>, name=java.lang.reflect.ReflectPermission)
ROOT 50000044 (kind=<system class>, name=java.lang.ref.WeakReference)
ROOT 500001a3 (kind=<system class>, name=java.util.ResourceBundle$RBClassLoader)
ROOT 50000396 (kind=<system class>, name=sun.misc.URLClassPath$FileLoader)
ROOT 50000046 (kind=<system class>, name=sun.reflect.MethodAccessor)
ROOT 50000047 (kind=<system class>, name=sun.nio.cs.SingleByte)
ROOT 50000048 (kind=<system class>, name=java.util.Collections$UnmodifiableRandomAccessList)
ROOT 5000016b (kind=<system class>, name=sun.launcher.LauncherHelper$ResourceBundleHolder)
ROOT 50000049 (kind=<system class>, name=java.nio.charset.CharsetEncoder)
ROOT 5000004a (kind=<system class>, name=java.io.BufferedReader)
ROOT 5000004b (kind=<system class>, name=java.io.WinNTFileSystem)
ROOT 5000004c (kind=<system class>, name=java.util.Collection)
ROOT 5000004d (kind=<system class>, name=java.io.ObjectStreamField)
ROOT 5000004f (kind=<system class>, name=java.util.TreeMap)
ROOT 50000050 (kind=<system class>, name=sun.reflect.NativeConstructorAccessorImpl)
ROOT 50000051 (kind=<system class>, name=java.lang.Runnable)
ROOT 5000087a (kind=<system class>, name=java.net.URLClassLoader$2)
ROOT 50000053 (kind=<system class>, name=java.lang.OutOfMemoryError)
ROOT 50000055 (kind=<system class>, name=java.io.FileInputStream)
ROOT 50000ace (kind=<system class>, name=java.util.ResourceBundle$SingleFormatControl)
ROOT 50000056 (kind=<system class>, name=java.nio.charset.CoderResult)
ROOT 50000057 (kind=<system class>, name=java.util.Collections$SynchronizedSet)
ROOT 5000044d (kind=<system class>, name=sun.misc.ExtensionDependency)
ROOT 50000243 (kind=<system class>, name=sun.net.util.URLUtil)
ROOT 50000058 (kind=<system class>, name=java.lang.LinkageError)
ROOT 50000059 (kind=<system class>, name=java.security.Permission)
ROOT 5000005a (kind=<system class>, name=java.security.AccessControlContext)
ROOT 5000005b (kind=<system class>, name=java.util.Locale$Cache)
ROOT 5000005c (kind=<system class>, name=java.lang.Thread$UncaughtExceptionHandler)
ROOT 5000005e (kind=<system class>, name=java.util.Collections$UnmodifiableSortedMap)
ROOT 5000005f (kind=<system class>, name=java.util.List)
ROOT 5000021d (kind=<system class>, name=java.util.ResourceBundle$BundleReference)
ROOT 50000d32 (kind=<system class>, name=java.text.DigitList)
ROOT 50000aaf (kind=<system class>, name=java.util.LinkedHashMap$LinkedHashIterator)
ROOT 50000060 (kind=<system class>, name=sun.reflect.UnsafeFieldAccessorImpl)
ROOT 50000aca (kind=<system class>, name=sun.util.resources.LocaleData$LocaleDataResourceBundleControl)
ROOT 50000061 (kind=<system class>, name=java.util.Map)
ROOT 50000062 (kind=<system class>, name=java.io.OutputStream)
ROOT 50000063 (kind=<system class>, name=java.util.WeakHashMap)
ROOT 50000262 (kind=<system class>, name=sun.nio.cs.ThreadLocalCoders$1)
ROOT 50000064 (kind=<system class>, name=java.util.LinkedHashMap$Entry)
ROOT 50000065 (kind=<system class>, name=sun.net.www.ParseUtil)
ROOT 50000066 (kind=<system class>, name=java.lang.NoSuchMethodError)
ROOT 50000067 (kind=<system class>, name=java.util.Vector)
ROOT 50000068 (kind=<system class>, name=java.lang.Integer)
ROOT 50000069 (kind=<system class>, name=java.io.Writer)
ROOT 5000006a (kind=<system class>, name=sun.misc.Launcher$ExtClassLoader)
ROOT 5000006b (kind=<system class>, name=java.lang.reflect.Method)
ROOT 500001ff (kind=<system class>, name=java.util.AbstractSequentialList)
ROOT 5000006c (kind=<system class>, name=java.util.concurrent.locks.AbstractQueuedSynchronizer)
ROOT 5000006d (kind=<system class>, name=java.lang.ClassCastException)
ROOT 5000006e (kind=<system class>, name=java.lang.ref.Finalizer$FinalizerThread)
ROOT 500001c2 (kind=<system class>, name=java.util.ResourceBundle$Control$CandidateListCache)
ROOT 5000006f (kind=<system class>, name=java.lang.CharacterData)
ROOT 50000070 (kind=<system class>, name=sun.misc.Launcher)
ROOT 50000071 (kind=<system class>, name=java.lang.ClassLoader)
ROOT 50000072 (kind=<system class>, name=java.util.AbstractList)
ROOT 50000073 (kind=<system class>, name=java.nio.charset.spi.CharsetProvider)
ROOT 50000a28 (kind=<system class>, name=java.util.spi.LocaleServiceProvider)
ROOT 50000d5f (kind=<system class>, name=java.text.FieldPosition$Delegate)
ROOT 50000074 (kind=<system class>, name=java.util.concurrent.locks.AbstractQueuedSynchronizer$Node)
ROOT 50000075 (kind=<system class>, name=sun.nio.cs.ArrayEncoder)
ROOT 50000076 (kind=<system class>, name=sun.misc.MetaIndex)
ROOT 500001a4 (kind=<system class>, name=java.util.ResourceBundle$RBClassLoader$1)
ROOT 500001fa (kind=<system class>, name=java.util.ResourceBundle$CacheKeyReference)
ROOT 50000d5e (kind=<system class>, name=java.text.Format$FieldDelegate)
ROOT 50000077 (kind=<system class>, name=java.lang.Number)
ROOT 50000078 (kind=<system class>, name=java.lang.Character)
ROOT 5000007a (kind=<system class>, name=java.util.LinkedHashMap)
ROOT 5000007b (kind=<system class>, name=java.io.BufferedWriter)
ROOT 5000007c (kind=<system class>, name=java.util.Map$Entry)
ROOT 5000007e (kind=<system class>, name=java.lang.reflect.Array)
ROOT 50000b1d (kind=<system class>, name=sun.text.resources.FormatData_de_DE)
ROOT 5000007f (kind=<system class>, name=java.lang.System)
ROOT 50000080 (kind=<system class>, name=sun.nio.cs.StandardCharsets$Classes)
ROOT 50000081 (kind=<system class>, name=sun.misc.JavaIOFileDescriptorAccess)
ROOT 50000082 (kind=<system class>, name=java.io.OutputStreamWriter)
ROOT 50000083 (kind=<system class>, name=java.lang.NullPointerException)
ROOT 50000084 (kind=<system class>, name=java.nio.Bits)
ROOT 50000085 (kind=<system class>, name=java.util.Enumeration)
ROOT 50000427 (kind=<system class>, name=sun.misc.Perf$GetPerfAction)
ROOT 50000086 (kind=<system class>, name=java.util.concurrent.ConcurrentHashMap)
ROOT 5000040f (kind=<system class>, name=java.util.zip.ZipConstants)
ROOT 50000433 (kind=<system class>, name=java.nio.DirectLongBufferU)
ROOT 50000087 (kind=<system class>, name=java.lang.ref.ReferenceQueue$Lock)
ROOT 50000088 (kind=<system class>, name=java.security.PrivilegedExceptionAction)
ROOT 50000089 (kind=<system class>, name=java.nio.charset.CodingErrorAction)
ROOT 5000008a (kind=<system class>, name=java.security.cert.Certificate)
ROOT 5000008c (kind=<system class>, name=java.lang.ReflectiveOperationException)
ROOT 500008ba (kind=<system class>, name=java.text.Format)
ROOT 50000ac0 (kind=<system class>, name=java.net.URLClassLoader$3)
ROOT 50000485 (kind=<system class>, name=java.io.DataInputStream)
ROOT 5000008d (kind=<system class>, name=sun.util.locale.Extension)
ROOT 50000bd5 (kind=<system class>, name=java.util.Currency$1)
ROOT 5000008e (kind=<system class>, name=java.util.Stack)
ROOT 50000411 (kind=<system class>, name=java.util.jar.JarFile)
ROOT 50000b09 (kind=<system class>, name=sun.text.resources.FormatData_de)
ROOT 5000047e (kind=<system class>, name=java.util.zip.ZipEntry)
ROOT 5000008f (kind=<system class>, name=java.lang.ClassLoader$NativeLibrary)
ROOT 50000090 (kind=<system class>, name=java.nio.ByteBuffer)
ROOT 50000091 (kind=<system class>, name=java.lang.reflect.ReflectAccess)
ROOT 50000cbc (kind=<system class>, name=sun.util.resources.OpenListResourceBundle)
ROOT 50000092 (kind=<system class>, name=sun.util.locale.LocaleExtensions)
ROOT 50000093 (kind=<system class>, name=java.io.ExpiringCache)
ROOT 50000b63 (kind=<system class>, name=java.text.spi.DecimalFormatSymbolsProvider)
ROOT 500004b3 (kind=<system class>, name=sun.misc.Launcher$BootClassPathHolder$1)
ROOT 50000094 (kind=<system class>, name=java.io.InputStream)
ROOT 50000095 (kind=<system class>, name=java.lang.reflect.Constructor)
ROOT 50000097 (kind=<system class>, name=java.lang.Thread)
ROOT 50000260 (kind=<system class>, name=sun.nio.cs.ThreadLocalCoders)
ROOT 50000099 (kind=<system class>, name=java.lang.ClassNotFoundException)
ROOT 5000009a (kind=<system class>, name=java.lang.Throwable)
ROOT 5000009c (kind=<system class>, name=java.util.Locale)
ROOT 5000009d (kind=<system class>, name=sun.misc.VM)
ROOT 50000ac4 (kind=<system class>, name=java.net.URLClassLoader$3$1)
ROOT 5000009e (kind=<system class>, name=java.util.concurrent.ConcurrentHashMap$HashEntry)
ROOT 500000a0 (kind=<system class>, name=java.util.Hashtable)
ROOT 500000a1 (kind=<system class>, name=java.lang.Appendable)
ROOT 500000a2 (kind=<system class>, name=java.lang.RuntimeException)
ROOT 500000a3 (kind=<system class>, name=sun.util.locale.BaseLocale$Key)
ROOT 500000a4 (kind=<system class>, name=java.lang.Long)
ROOT 50000445 (kind=<system class>, name=sun.nio.cs.UTF_8$Encoder)
ROOT 500000a5 (kind=<system class>, name=java.lang.ref.SoftReference)
ROOT 50000204 (kind=<system class>, name=java.util.LinkedList$Node)
ROOT 500000a6 (kind=<system class>, name=sun.util.PreHashedMap)
ROOT 500000a7 (kind=<system class>, name=java.net.Parts)
ROOT 500000a8 (kind=<system class>, name=sun.reflect.ConstructorAccessor)
ROOT 500000a9 (kind=<system class>, name=sun.util.locale.LocaleObjectCache)
ROOT 500000aa (kind=<system class>, name=java.lang.ref.Reference$ReferenceHandler)
ROOT 500000ab (kind=<system class>, name=java.util.StringTokenizer)
ROOT 50000cbd (kind=<system class>, name=sun.util.resources.LocaleNamesBundle)
ROOT 500000ac (kind=<system class>, name=java.lang.ArithmeticException)
ROOT 50000a2a (kind=<system class>, name=sun.util.LocaleServiceProviderPool)
ROOT 500000ad (kind=<system class>, name=java.nio.HeapCharBuffer)
ROOT 50000444 (kind=<system class>, name=sun.misc.JarIndex)
ROOT 50000d61 (kind=<system class>, name=java.text.NumberFormat$Field)
ROOT 500008f2 (kind=<system class>, name=java.text.MessageFormat$Field)
ROOT 500000ae (kind=<system class>, name=java.lang.AbstractStringBuilder)
ROOT 500000af (kind=<system class>, name=sun.misc.OSEnvironment)
ROOT 50000389 (kind=<system class>, name=java.security.PrivilegedActionException)
ROOT 50000429 (kind=<system class>, name=sun.misc.Perf)
ROOT 500000b0 (kind=<system class>, name=sun.util.locale.LocaleObjectCache$CacheEntry)
ROOT 500000b1 (kind=<system class>, name=java.util.ArrayList)
ROOT 50000c4c (kind=<system class>, name=java.util.spi.CurrencyNameProvider)
ROOT 500000b2 (kind=<system class>, name=java.lang.String)
ROOT 500000b4 (kind=<system class>, name=java.lang.ref.ReferenceQueue$Null)
ROOT 500000b5 (kind=<system class>, name=java.io.FilterOutputStream)
ROOT 500000b6 (kind=<system class>, name=java.nio.Buffer)
ROOT 500008ef (kind=<system class>, name=java.util.Date)
ROOT 500000b7 (kind=<system class>, name=java.util.RandomAccess)
ROOT 50000abc (kind=<system class>, name=java.lang.ClassLoader$2)
ROOT 5000042e (kind=<system class>, name=java.nio.MappedByteBuffer)
ROOT 500000b8 (kind=<system class>, name=java.lang.Exception)
ROOT 500001fe (kind=<system class>, name=java.util.Deque)
ROOT 500000b9 (kind=<system class>, name=java.util.HashMap$EntrySet)
ROOT 5000016d (kind=<system class>, name=java.util.ResourceBundle$1)
ROOT 50000ce8 (kind=<system class>, name=sun.util.resources.CurrencyNames_de_DE)
ROOT 500000ba (kind=<system class>, name=sun.nio.cs.ArrayDecoder)
ROOT 50000164 (kind=<system class>, name=sun.launcher.LauncherHelper)
ROOT 500000bb (kind=<system class>, name=java.net.URLClassLoader)
ROOT 500000bc (kind=<system class>, name=sun.nio.cs.StreamDecoder)
ROOT 500000bd (kind=<system class>, name=java.lang.ThreadLocal)
ROOT 50000aac (kind=<system class>, name=java.util.ServiceLoader$1)
ROOT 5000026a (kind=<system class>, name=java.lang.ThreadLocal$ThreadLocalMap$Entry)
ROOT 500000be (kind=<system class>, name=sun.util.locale.AsciiUtil)
ROOT 500000bf (kind=<system class>, name=java.lang.RuntimePermission)
ROOT 500008ca (kind=<system class>, name=java.util.Locale$1)
ROOT 500001b8 (kind=<system class>, name=java.util.Arrays$ArrayList)
ROOT 500000c0 (kind=<system class>, name=java.lang.Class)
ROOT 500000c2 (kind=<system class>, name=java.util.concurrent.locks.ReentrantLock$Sync)
ROOT 500000c3 (kind=<system class>, name=java.util.Locale$LocaleKey)
ROOT 500000c4 (kind=<system class>, name=java.util.Collections$EmptySet)
ROOT 50000ec6 (kind=<system class>, name=java.lang.Shutdown$Lock)
ROOT 500008f0 (kind=<system class>, name=java.text.AttributedCharacterIterator$Attribute)
ROOT 50000cfc (kind=<system class>, name=java.text.DecimalFormat)
ROOT 500000c5 (kind=<system class>, name=java.io.FileDescriptor)
ROOT 5000016c (kind=<system class>, name=java.util.ResourceBundle)
ROOT 500001fb (kind=<system class>, name=java.util.ResourceBundle$LoaderReference)
ROOT 500000c6 (kind=<system class>, name=sun.security.action.GetPropertyAction)
ROOT 500000c7 (kind=<system class>, name=java.security.ProtectionDomain$Key)
ROOT 5000042b (kind=<system class>, name=sun.misc.PerfCounter$CoreCounters)
ROOT 500000c8 (kind=<system class>, name=java.util.Collections$UnmodifiableCollection)
ROOT 500000c9 (kind=<system class>, name=sun.reflect.ReflectionFactory$GetReflectionFactoryAction)
ROOT 500000ca (kind=<system class>, name=sun.util.locale.BaseLocale$Cache)
ROOT 500000cb (kind=<system class>, name=java.security.Principal)
ROOT 500000cd (kind=<system class>, name=sun.misc.SharedSecrets)
ROOT 500000ce (kind=<system class>, name=java.lang.reflect.Type)
ROOT 500000d0 (kind=<system class>, name=java.nio.HeapByteBuffer)
ROOT 50000484 (kind=<system class>, name=java.io.DataInput)
ROOT 50000426 (kind=<system class>, name=sun.misc.PerfCounter)
ROOT 50000ada (kind=<system class>, name=java.util.ArrayList$Itr)
ROOT 50000ac8 (kind=<system class>, name=sun.util.resources.LocaleData$1)
ROOT 50000aba (kind=<system class>, name=sun.misc.URLClassPath$2)
ROOT 500000d1 (kind=<system class>, name=java.nio.CharBuffer)
ROOT 500000d2 (kind=<system class>, name=java.nio.Bits$1)
ROOT 5000048b (kind=<system class>, name=java.util.zip.ZipFile$ZipFileInputStream)
ROOT 50000bd2 (kind=<system class>, name=java.util.Currency)
ROOT 50000493 (kind=<system class>, name=java.util.zip.ZStreamRef)
ROOT 500000d3 (kind=<system class>, name=sun.nio.cs.StandardCharsets)
ROOT 500000d4 (kind=<system class>, name=java.util.concurrent.ConcurrentHashMap$Segment)
ROOT 5000042f (kind=<system class>, name=java.nio.DirectByteBuffer)
ROOT 500000d6 (kind=<system class>, name=java.lang.ref.Finalizer)
ROOT 50000261 (kind=<system class>, name=sun.nio.cs.ThreadLocalCoders$Cache)
ROOT 500000d7 (kind=<system class>, name=sun.nio.cs.StreamEncoder)
ROOT 500000d8 (kind=<system class>, name=sun.reflect.LangReflectAccess)
ROOT 500003f6 (kind=<system class>, name=sun.misc.URLClassPath$JarLoader$1)
ROOT 500000d9 (kind=<system class>, name=java.nio.charset.CoderResult$1)
ROOT 500000da (kind=<system class>, name=java.security.Guard)
ROOT 5000024c (kind=<system class>, name=sun.misc.URLClassPath$JarLoader)
ROOT 500000db (kind=<system class>, name=java.io.ExpiringCache$1)
ROOT 5000048e (kind=<system class>, name=java.util.zip.ZipFile$1)
ROOT 500000dc (kind=<system class>, name=java.util.SortedMap)
ROOT 500000dd (kind=<system class>, name=java.lang.Terminator$1)
ROOT 500000de (kind=<system class>, name=java.lang.IncompatibleClassChangeError)
ROOT 500000df (kind=<system class>, name=java.util.concurrent.locks.AbstractOwnableSynchronizer)
ROOT 500000e0 (kind=<system class>, name=java.util.concurrent.locks.ReentrantLock)
ROOT 50000b30 (kind=<system class>, name=java.text.DecimalFormatSymbols)
ROOT 50000aa3 (kind=<system class>, name=sun.util.LocaleServiceProviderPool$1)
ROOT 500000e2 (kind=<system class>, name=java.io.Win32FileSystem)
ROOT 500000e3 (kind=<system class>, name=java.util.NavigableSet)
ROOT 50000cbe (kind=<system class>, name=sun.util.resources.CurrencyNames)
ROOT 500000e4 (kind=<system class>, name=java.lang.StringBuffer)
ROOT 500000e5 (kind=<system class>, name=java.lang.Boolean)
ROOT 500000e6 (kind=<system class>, name=java.util.concurrent.atomic.AtomicReferenceFieldUpdater)
ROOT 50000af5 (kind=<system class>, name=sun.text.resources.FormatData)
ROOT 500000e7 (kind=<system class>, name=java.io.FileDescriptor$1)
ROOT 500000e8 (kind=<system class>, name=sun.nio.cs.HistoricallyNamedCharset)
ROOT 500000e9 (kind=<system class>, name=java.lang.ref.Reference$Lock)
ROOT 50000d36 (kind=<system class>, name=java.math.RoundingMode)
ROOT 500000ea (kind=<system class>, name=java.security.SecureClassLoader)
ROOT 500000eb (kind=<system class>, name=java.io.ExpiringCache$Entry)
ROOT 500000ec (kind=<system class>, name=java.lang.reflect.Member)
ROOT 500000ee (kind=<system class>, name=java.lang.CharSequence)
ROOT 500000f0 (kind=<system class>, name=sun.misc.NativeSignalHandler)
ROOT 50000265 (kind=<system class>, name=sun.nio.cs.ThreadLocalCoders$2)
ROOT 500000f1 (kind=<system class>, name=sun.reflect.misc.ReflectUtil)
ROOT 50000424 (kind=<system class>, name=java.util.zip.ZipCoder)
ROOT 500000f2 (kind=<system class>, name=java.util.BitSet)
ROOT 500000f3 (kind=<system class>, name=java.lang.NoClassDefFoundError)
ROOT 500000f4 (kind=<system class>, name=java.util.TreeMap$Entry)
ROOT 50000276 (kind=<system class>, name=sun.nio.cs.Unicode)
ROOT 500000f5 (kind=<system class>, name=sun.misc.Launcher$ExtClassLoader$1)
ROOT 500000f6 (kind=<system class>, name=java.io.InputStreamReader)
ROOT 500000f7 (kind=<system class>, name=java.util.AbstractSet)
ROOT 50000413 (kind=<system class>, name=java.util.jar.JavaUtilJarAccessImpl)
ROOT 500000f8 (kind=<system class>, name=java.util.HashSet)
ROOT 500000f9 (kind=<system class>, name=java.lang.Object)
ROOT 500000fb (kind=<system class>, name=java.util.Collections$SynchronizedCollection)
ROOT 500000fc (kind=<system class>, name=java.lang.reflect.Field)
ROOT 500000fe (kind=<system class>, name=java.lang.ThreadDeath)
ROOT 500000ff (kind=<system class>, name=sun.reflect.MagicAccessorImpl)
ROOT 500008c5 (kind=<system class>, name=java.util.Locale$Category)
ROOT 50000100 (kind=<system class>, name=java.util.concurrent.locks.Lock)
ROOT 50000102 (kind=<system class>, name=sun.nio.cs.FastCharsetProvider)
ROOT 50000103 (kind=<system class>, name=java.lang.Terminator)
ROOT 50000104 (kind=<system class>, name=java.util.Collections$UnmodifiableMap)
ROOT 50000105 (kind=<system class>, name=java.io.Flushable)
ROOT 50000106 (kind=<system class>, name=sun.reflect.ConstantPool)
ROOT 50000107 (kind=<system class>, name=java.util.Properties)
ROOT 50000108 (kind=<system class>, name=java.security.ProtectionDomain$2)
ROOT 500004b0 (kind=<system class>, name=java.util.ResourceBundle$Control$1)
ROOT 50000109 (kind=<system class>, name=java.lang.IllegalMonitorStateException)
ROOT 5000010a (kind=<system class>, name=sun.reflect.FieldAccessorImpl)
ROOT 5000010b (kind=<system class>, name=sun.reflect.UnsafeStaticFieldAccessorImpl)
ROOT 50000200 (kind=<system class>, name=java.util.LinkedList)
ROOT 5000010c (kind=<system class>, name=sun.misc.SignalHandler)
ROOT 50000480 (kind=<system class>, name=java.util.jar.JarEntry)
ROOT 5000010d (kind=<system class>, name=sun.misc.JavaSecurityProtectionDomainAccess)
ROOT 5000010e (kind=<system class>, name=java.io.File)
ROOT 50000ec4 (kind=<system class>, name=java.lang.Shutdown)
ROOT 50000110 (kind=<system class>, name=java.util.Collections$UnmodifiableList)
ROOT 50000111 (kind=<system class>, name=java.io.BufferedInputStream)
ROOT 50000112 (kind=<system class>, name=java.util.concurrent.locks.ReentrantLock$NonfairSync)
ROOT 50000113 (kind=<system class>, name=java.lang.ref.ReferenceQueue)
ROOT 50000114 (kind=<system class>, name=sun.util.locale.BaseLocale)
ROOT 50000115 (kind=<system class>, name=java.nio.charset.CoderResult$Cache)
ROOT 50000116 (kind=<system class>, name=java.io.PrintStream)
ROOT 50000117 (kind=<system class>, name=sun.misc.JavaNetAccess)
ROOT 50000118 (kind=<system class>, name=sun.nio.cs.StandardCharsets$Cache)
ROOT 50000a6c (kind=<system class>, name=java.util.LinkedHashSet)
ROOT 50000119 (kind=<system class>, name=java.nio.ByteOrder)
ROOT 5000011a (kind=<system class>, name=java.nio.charset.CharsetDecoder)
ROOT 5000011b (kind=<system class>, name=sun.misc.Launcher$AppClassLoader)
ROOT 5000011c (kind=<system class>, name=java.security.BasicPermission)
ROOT 5000011d (kind=<system class>, name=java.lang.ThreadGroup)
ROOT 50000cd2 (kind=<system class>, name=sun.util.resources.CurrencyNames_de)
ROOT 5000011f (kind=<system class>, name=java.io.BufferedOutputStream)
ROOT 50000120 (kind=<system class>, name=java.lang.reflect.AccessibleObject)
ROOT 50000ad1 (kind=<system class>, name=sun.util.LocaleDataMetaInfo)
ROOT 50000ac2 (kind=<system class>, name=sun.misc.CompoundEnumeration)
ROOT 50000122 (kind=<system class>, name=sun.misc.Launcher$Factory)
ROOT 500003f8 (kind=<system class>, name=sun.misc.FileURLMapper)
ROOT 50000214 (kind=<system class>, name=sun.launcher.resources.launcher)
ROOT 50000776 (kind=<system class>, name=java.io.IOException)
ROOT 5000048f (kind=<system class>, name=java.util.zip.Inflater)
ROOT 50000123 (kind=<system class>, name=java.lang.StringBuilder)
ROOT 50000481 (kind=<system class>, name=java.util.jar.JarFile$JarFileEntry)
ROOT 50000124 (kind=<system class>, name=java.lang.Runtime)
ROOT 50000125 (kind=<system class>, name=java.util.WeakHashMap$KeySet)
ROOT 50000126 (kind=<system class>, name=java.lang.Math)
ROOT 50000127 (kind=<system class>, name=sun.reflect.FieldAccessor)
ROOT 50000128 (kind=<system class>, name=java.io.Serializable)
ROOT 500001b6 (kind=<system class>, name=java.util.ResourceBundle$Control)
ROOT 50000410 (kind=<system class>, name=java.util.zip.ZipFile)
ROOT 50000280 (kind=<system class>, name=sun.nio.cs.UTF_8$Decoder)
ROOT 5000012a (kind=<system class>, name=java.security.CodeSource)
ROOT 50000163 (kind=<system class>, name=java.lang.Enum)
ROOT 5000012b (kind=<system class>, name=java.util.HashMap$Entry)
ROOT 50000277 (kind=<system class>, name=sun.nio.cs.UTF_8)
ROOT 50000a25 (kind=<system class>, name=java.text.NumberFormat)
ROOT 50000268 (kind=<system class>, name=java.lang.ThreadLocal$ThreadLocalMap)
ROOT 50000aa5 (kind=<system class>, name=java.util.ServiceLoader)
ROOT 5000012d (kind=<system class>, name=java.security.PrivilegedAction)
ROOT 5000012e (kind=<system class>, name=java.util.HashMap$EntryIterator)
ROOT 50000229 (kind=<system class>, name=sun.launcher.resources.launcher_de)
ROOT 5000012f (kind=<system class>, name=sun.nio.cs.MS1252)
ROOT 50000130 (kind=<system class>, name=java.lang.String$CaseInsensitiveComparator)
ROOT 50000131 (kind=<system class>, name=java.lang.Float)
ROOT 50000132 (kind=<system class>, name=sun.reflect.ReflectionFactory)
ROOT 50000133 (kind=<system class>, name=sun.misc.Version)
ROOT 50000134 (kind=<system class>, name=java.lang.VirtualMachineError)
ROOT 50000136 (kind=<system class>, name=java.util.Hashtable$EntrySet)
ROOT 50000137 (kind=<system class>, name=java.lang.reflect.GenericDeclaration)
ROOT 500008f1 (kind=<system class>, name=java.text.Format$Field)
ROOT 50000139 (kind=<system class>, name=java.io.FilterInputStream)
ROOT 50000abe (kind=<system class>, name=sun.misc.URLClassPath$1)
ROOT 50000905 (kind=<system class>, name=java.lang.Integer$IntegerCache)
ROOT 5000013a (kind=<system class>, name=com.sun.demo.jvmti.hprof.Tracker)
ROOT 5000013b (kind=<system class>, name=java.io.FileReader)
ROOT 5000013c (kind=<system class>, name=sun.reflect.DelegatingConstructorAccessorImpl)
ROOT 5000013d (kind=<system class>, name=java.lang.Class$1)
ROOT 5000013e (kind=<system class>, name=sun.net.www.protocol.jar.Handler)
ROOT 5000013f (kind=<system class>, name=java.io.Reader)
ROOT 50000140 (kind=<system class>, name=java.lang.Error)
ROOT 50000142 (kind=<system class>, name=sun.nio.cs.SingleByte$Decoder)
ROOT 50000143 (kind=<system class>, name=sun.misc.Unsafe)
ROOT 50000a29 (kind=<system class>, name=java.text.spi.NumberFormatProvider)
ROOT 5000023d (kind=<system class>, name=java.net.URLClassLoader$1)
ROOT 50000144 (kind=<system class>, name=sun.nio.cs.SingleByte$Encoder)
ROOT 50000145 (kind=<system class>, name=java.lang.CharacterDataLatin1)
ROOT 50000146 (kind=<system class>, name=sun.misc.JavaNioAccess)
ROOT 50000147 (kind=<system class>, name=java.lang.Comparable)
ROOT 50000149 (kind=<system class>, name=sun.util.locale.UnicodeLocaleExtension)
ROOT 5000024b (kind=<system class>, name=sun.misc.URLClassPath$Loader)
ROOT 5000014a (kind=<system class>, name=java.lang.AutoCloseable)
ROOT 5000014b (kind=<system class>, name=java.lang.ref.FinalReference)
ROOT 5000014c (kind=<system class>, name=java.util.Hashtable$Entry)
ROOT 5000014e (kind=<system class>, name=java.net.URLStreamHandler)
ROOT 5000014f (kind=<system class>, name=java.util.Collections)
ROOT 50000150 (kind=<system class>, name=java.lang.Short)
ROOT 50000151 (kind=<system class>, name=java.lang.reflect.AnnotatedElement)
ROOT 50000ed1 (kind=<busy monitor>)
ROOT 50000ed2 (kind=<busy monitor>)
ROOT 50000ec1 (kind=<thread>, id=200003, trace=300001)
ROOT 50000ec1 (kind=<thread block>, thread=200003)
ROOT 50000ed3 (kind=<thread>, id=200004, trace=300000)
ROOT 50000ed3 (kind=<thread block>, thread=200004)
ROOT 50000ed4 (kind=<thread>, id=200005, trace=300000)
ROOT 50000ed4 (kind=<thread block>, thread=200005)
ROOT 50000ed5 (kind=<thread>, id=200006, trace=300000)
ROOT 50000ed5 (kind=<thread block>, thread=200006)
ROOT 50000ed6 (kind=<thread>, id=200007, trace=300000)
ROOT 50000ed6 (kind=<thread block>, thread=200007)
ROOT 50000ed7 (kind=<thread>, id=200008, trace=300000)
ROOT 50000ed7 (kind=<thread block>, thread=200008)
ROOT 50000ed8 (kind=<unknown>)
ROOT 50000ed9 (kind=<unknown>)
ROOT 50000eda (kind=<unknown>)
ROOT 50000edb (kind=<unknown>)
ROOT 50000edc (kind=<unknown>)
ROOT 50000edd (kind=<unknown>)
ROOT 50000ede (kind=<unknown>)
ROOT 50000edf (kind=<unknown>)
ROOT 50000ee0 (kind=<unknown>)
ROOT 50000edc (kind=<unknown>)
ROOT 50000edd (kind=<unknown>)
ROOT 50000ed9 (kind=<unknown>)
ROOT 50000eda (kind=<unknown>)
ROOT 50000edb (kind=<unknown>)
ROOT 50000edf (kind=<unknown>)
ROOT 50000ed8 (kind=<unknown>)
ROOT 50000ede (kind=<unknown>)
ROOT 50000ee0 (kind=<unknown>)
ROOT 50000153 (kind=<unknown>)
ROOT 50000154 (kind=<unknown>)
ROOT 50000155 (kind=<unknown>)
ROOT 50000156 (kind=<unknown>)
ROOT 50000157 (kind=<unknown>)
ROOT 50000158 (kind=<unknown>)
ROOT 50000159 (kind=<unknown>)
ROOT 5000015a (kind=<unknown>)
ROOT 500000fa (kind=<unknown>)
ROOT 50000153 (kind=<unknown>)
ROOT 50000155 (kind=<unknown>)
ROOT 50000159 (kind=<unknown>)
ROOT 5000015a (kind=<unknown>)
ROOT 50000154 (kind=<unknown>)
ROOT 50000157 (kind=<unknown>)
ROOT 50000156 (kind=<unknown>)
ROOT 50000158 (kind=<unknown>)
ROOT 50000ee1 (kind=<unknown>)
ROOT 50000ee2 (kind=<unknown>)
ROOT 50000ee3 (kind=<unknown>)
ROOT 50000ee4 (kind=<unknown>)
ROOT 50000ee5 (kind=<unknown>)
ROOT 50000ee6 (kind=<unknown>)
ROOT 50000ee7 (kind=<unknown>)
ROOT 500000d6 (kind=<unknown>)
ROOT 50000071 (kind=<unknown>)
ROOT 5000006b (kind=<unknown>)
ROOT 50000ee8 (kind=<unknown>)
ROOT 50000ee9 (kind=<unknown>)
ROOT 50000eea (kind=<unknown>)
ROOT 50000eeb (kind=<unknown>)
ROOT 50000eec (kind=<unknown>)
ROOT 50000ece (kind=<unknown>)
ROOT 50000ecf (kind=<unknown>)
ROOT 50000eed (kind=<unknown>)
ROOT 50000eee (kind=<unknown>)
ROOT 50000eef (kind=<unknown>)
ROOT 50000ef0 (kind=<unknown>)
ROOT 50000ed3 (kind=<JNI local ref>, thread=200000, frame=0)
ROOT 50000ef1 (kind=<Java stack>, thread=200000, frame=1)
ROOT 50000ed2 (kind=<Java stack>, thread=200000, frame=1)
ROOT 50000ef1 (kind=<Java stack>, thread=200000, frame=2)
ROOT 50000ed6 (kind=<Java stack>, thread=200000, frame=3)
ROOT 50000ed1 (kind=<Java stack>, thread=200000, frame=1)
ROOT 50000ed7 (kind=<Java stack>, thread=200000, frame=2)
ROOT 50000ed1 (kind=<Java stack>, thread=200000, frame=2)
OBJ 5000015b (sz=104, trace=300000, class=java.lang.Thread@50000097)
OBJ 5000015c (sz=104, trace=300001, class=java.lang.Thread@50000097)
OBJ 5000015d (sz=8, trace=300002, class=java.lang.Object@500000f9)
ARR 5000015e (sz=48, trace=300003, nelems=0, elem type=char[])
OBJ 5000015f (sz=104, trace=300001, class=java.lang.Thread@50000097)
OBJ 50000160 (sz=8, trace=300002, class=java.lang.Object@500000f9)
ARR 50000161 (sz=40, trace=300003, nelems=0, elem type=char[])
OBJ 50000162 (sz=104, trace=300000, class=java.lang.Thread@50000097)
OBJ 50000165 (sz=16, trace=300004, class=sun.launcher.LauncherHelper@50000164)
	name		50001b59
ARR 50000167 (sz=16, trace=300005, nelems=1, elem type=sun.launcher.LauncherHelper[]@50000166)
	[0]		50000165
OBJ 50000168 (sz=16, trace=300006, class=java.lang.StringBuilder@50000123)
	value		50000ebc
ARR 50000169 (sz=48, trace=300007, nelems=0, elem type=char[])
ARR 5000016a (sz=16, trace=300008, nelems=0, elem type=java.lang.Object[]@500000fa)
OBJ 5000016e (sz=32, trace=300012, class=java.util.ResourceBundle$1@5000016d)
	cacheKey	50001a4e
OBJ 5000016f (sz=40, trace=300013, class=java.util.concurrent.ConcurrentHashMap@50000086)
	segments	50000170
ARR 50000170 (sz=80, trace=300014, nelems=16, elem type=java.util.concurrent.ConcurrentHashMap$Segment[]@500000d5)
	[0]		50000171
	[1]		50000174
	[2]		50000177
	[3]		5000017a
	[4]		5000017d
	[5]		50000180
	[6]		50000183
	[7]		50000186
	[8]		50000189
	[9]		5000018c
	[10]		5000018f
	[11]		50000192
	[12]		50000195
	[13]		50000198
	[14]		5000019b
	[15]		5000019e
OBJ 50000171 (sz=32, trace=300015, class=java.util.concurrent.ConcurrentHashMap$Segment@500000d4)
	sync		50000172
	table		50000173
OBJ 50000172 (sz=24, trace=300016, class=java.util.concurrent.locks.ReentrantLock$NonfairSync@50000112)
ARR 50000173 (sz=24, trace=300017, nelems=0, elem type=java.util.concurrent.ConcurrentHashMap$HashEntry[]@5000009f)
OBJ 50000174 (sz=32, trace=300015, class=java.util.concurrent.ConcurrentHashMap$Segment@500000d4)
	sync		50000175
	table		50000176
OBJ 50000175 (sz=24, trace=300016, class=java.util.concurrent.locks.ReentrantLock$NonfairSync@50000112)
ARR 50000176 (sz=24, trace=300017, nelems=0, elem type=java.util.concurrent.ConcurrentHashMap$HashEntry[]@5000009f)
OBJ 50000177 (sz=32, trace=300015, class=java.util.concurrent.ConcurrentHashMap$Segment@500000d4)
	sync		50000178
	table		50000179
OBJ 50000178 (sz=24, trace=300016, class=java.util.concurrent.locks.ReentrantLock$NonfairSync@50000112)
ARR 50000179 (sz=24, trace=300017, nelems=2, elem type=java.util.concurrent.ConcurrentHashMap$HashEntry[]@5000009f)
	[1]		50000cdc
OBJ 5000017a (sz=32, trace=300015, class=java.util.concurrent.ConcurrentHashMap$Segment@500000d4)
	sync		5000017b
	table		5000017c
OBJ 5000017b (sz=24, trace=300016, class=java.util.concurrent.locks.ReentrantLock$NonfairSync@50000112)
ARR 5000017c (sz=24, trace=300017, nelems=1, elem type=java.util.concurrent.ConcurrentHashMap$HashEntry[]@5000009f)
	[0]		50000aff
OBJ 5000017d (sz=32, trace=300015, class=java.util.concurrent.ConcurrentHashMap$Segment@500000d4)
	sync		5000017e
	table		5000017f
OBJ 5000017e (sz=24, trace=300016, class=java.util.concurrent.locks.ReentrantLock$NonfairSync@50000112)
ARR 5000017f (sz=24, trace=300017, nelems=1, elem type=java.util.concurrent.ConcurrentHashMap$HashEntry[]@5000009f)
	[0]		50000b27
OBJ 50000180 (sz=32, trace=300015, class=java.util.concurrent.ConcurrentHashMap$Segment@500000d4)
	sync		50000181
	table		50000182
OBJ 50000181 (sz=24, trace=300016, class=java.util.concurrent.locks.ReentrantLock$NonfairSync@50000112)
ARR 50000182 (sz=24, trace=300017, nelems=2, elem type=java.util.concurrent.ConcurrentHashMap$HashEntry[]@5000009f)
	[1]		50000cc8
OBJ 50000183 (sz=32, trace=300015, class=java.util.concurrent.ConcurrentHashMap$Segment@500000d4)
	sync		50000184
	table		50000185
OBJ 50000184 (sz=24, trace=300016, class=java.util.concurrent.locks.ReentrantLock$NonfairSync@50000112)
ARR 50000185 (sz=24, trace=300017, nelems=0, elem type=java.util.concurrent.ConcurrentHashMap$HashEntry[]@5000009f)
OBJ 50000186 (sz=32, trace=300015, class=java.util.concurrent.ConcurrentHashMap$Segment@500000d4)
	sync		50000187
	table		50000188
OBJ 50000187 (sz=24, trace=300016, class=java.util.concurrent.locks.ReentrantLock$NonfairSync@50000112)
ARR 50000188 (sz=24, trace=300017, nelems=0, elem type=java.util.concurrent.ConcurrentHashMap$HashEntry[]@5000009f)
OBJ 50000189 (sz=32, trace=300015, class=java.util.concurrent.ConcurrentHashMap$Segment@500000d4)
	sync		5000018a
	table		5000018b
OBJ 5000018a (sz=24, trace=300016, class=java.util.concurrent.locks.ReentrantLock$NonfairSync@50000112)
ARR 5000018b (sz=24, trace=300017, nelems=2, elem type=java.util.concurrent.ConcurrentHashMap$HashEntry[]@5000009f)
	[1]		50000b13
OBJ 5000018c (sz=32, trace=300015, class=java.util.concurrent.ConcurrentHashMap$Segment@500000d4)
	sync		5000018d
	table		5000018e
OBJ 5000018d (sz=24, trace=300016, class=java.util.concurrent.locks.ReentrantLock$NonfairSync@50000112)
ARR 5000018e (sz=24, trace=300017, nelems=0, elem type=java.util.concurrent.ConcurrentHashMap$HashEntry[]@5000009f)
OBJ 5000018f (sz=32, trace=300015, class=java.util.concurrent.ConcurrentHashMap$Segment@500000d4)
	sync		50000190
	table		50000191
OBJ 50000190 (sz=24, trace=300016, class=java.util.concurrent.locks.ReentrantLock$NonfairSync@50000112)
ARR 50000191 (sz=24, trace=300017, nelems=0, elem type=java.util.concurrent.ConcurrentHashMap$HashEntry[]@5000009f)
OBJ 50000192 (sz=32, trace=300015, class=java.util.concurrent.ConcurrentHashMap$Segment@500000d4)
	sync		50000193
	table		50000194
OBJ 50000193 (sz=24, trace=300016, class=java.util.concurrent.locks.ReentrantLock$NonfairSync@50000112)
ARR 50000194 (sz=24, trace=300017, nelems=0, elem type=java.util.concurrent.ConcurrentHashMap$HashEntry[]@5000009f)
OBJ 50000195 (sz=32, trace=300015, class=java.util.concurrent.ConcurrentHashMap$Segment@500000d4)
	sync		50000196
	table		50000197
OBJ 50000196 (sz=24, trace=300016, class=java.util.concurrent.locks.ReentrantLock$NonfairSync@50000112)
ARR 50000197 (sz=24, trace=300017, nelems=2, elem type=java.util.concurrent.ConcurrentHashMap$HashEntry[]@5000009f)
	[0]		50000cf2
	[1]		50000233
OBJ 50000198 (sz=32, trace=300015, class=java.util.concurrent.ConcurrentHashMap$Segment@500000d4)
	sync		50000199
	table		5000019a
OBJ 50000199 (sz=24, trace=300016, class=java.util.concurrent.locks.ReentrantLock$NonfairSync@50000112)
ARR 5000019a (sz=24, trace=300017, nelems=0, elem type=java.util.concurrent.ConcurrentHashMap$HashEntry[]@5000009f)
OBJ 5000019b (sz=32, trace=300015, class=java.util.concurrent.ConcurrentHashMap$Segment@500000d4)
	sync		5000019c
	table		5000019d
OBJ 5000019c (sz=24, trace=300016, class=java.util.concurrent.locks.ReentrantLock$NonfairSync@50000112)
ARR 5000019d (sz=24, trace=300017, nelems=0, elem type=java.util.concurrent.ConcurrentHashMap$HashEntry[]@5000009f)
OBJ 5000019e (sz=32, trace=300015, class=java.util.concurrent.ConcurrentHashMap$Segment@500000d4)
	sync		5000019f
	table		500001a0
OBJ 5000019f (sz=24, trace=300016, class=java.util.concurrent.locks.ReentrantLock$NonfairSync@50000112)
ARR 500001a0 (sz=24, trace=300017, nelems=0, elem type=java.util.concurrent.ConcurrentHashMap$HashEntry[]@5000009f)
OBJ 500001a1 (sz=24, trace=300018, class=java.lang.ref.ReferenceQueue@50000113)
	lock		500001a2
OBJ 500001a2 (sz=8, trace=300019, class=java.lang.ref.ReferenceQueue$Lock@50000087)
OBJ 500001a5 (sz=8, trace=300022, class=java.util.ResourceBundle$RBClassLoader$1@500001a4)
OBJ 500001a6 (sz=56, trace=300023, class=java.util.ResourceBundle$RBClassLoader@500001a3)
	parent		50000ed0
	package2certs	500001b1
	classes		500001a7
	defaultDomain	500001aa
	domains		500001b3
	packages	500001ad
	nativeLibraries	500001af
	assertionLock	500001a6
OBJ 500001a7 (sz=24, trace=300024, class=java.util.Vector@50000067)
	elementData	500001a8
ARR 500001a8 (sz=56, trace=300025, nelems=0, elem type=java.lang.Object[]@500000fa)
OBJ 500001a9 (sz=32, trace=300026, class=java.security.CodeSource@5000012a)
OBJ 500001aa (sz=32, trace=300027, class=java.security.ProtectionDomain@50000033)
	codesource	500001a9
	classloader	500001a6
	principals	500001ac
	key		500001ab
OBJ 500001ab (sz=16, trace=300028, class=java.security.ProtectionDomain$Key@500000c7)
	this$0		500001aa
ARR 500001ac (sz=16, trace=300029, nelems=0, elem type=java.security.Principal[]@500000cc)
OBJ 500001ad (sz=40, trace=300030, class=java.util.HashMap@50000008)
	table		500001ae
ARR 500001ae (sz=80, trace=300031, nelems=0, elem type=java.util.HashMap$Entry[]@5000012c)
OBJ 500001af (sz=24, trace=300024, class=java.util.Vector@50000067)
	elementData	500001b0
ARR 500001b0 (sz=56, trace=300032, nelems=0, elem type=java.lang.Object[]@500000fa)
OBJ 500001b1 (sz=40, trace=300033, class=java.util.Hashtable@500000a0)
	table		500001b2
ARR 500001b2 (sz=56, trace=300034, nelems=0, elem type=java.util.Hashtable$Entry[]@5000014d)
OBJ 500001b3 (sz=16, trace=300035, class=java.util.HashSet@500000f8)
	map		500001b4
OBJ 500001b4 (sz=40, trace=300036, class=java.util.HashMap@50000008)
	table		500001b5
ARR 500001b5 (sz=80, trace=300037, nelems=0, elem type=java.util.HashMap$Entry[]@5000012c)
ARR 500001b7 (sz=24, trace=300039, nelems=2, elem type=java.lang.String[]@500000b3)
	[0]		50001a4f
	[1]		50001b03
OBJ 500001b9 (sz=16, trace=300041, class=java.util.Arrays$ArrayList@500001b8)
	a		500001b7
OBJ 500001ba (sz=16, trace=300042, class=java.util.Collections$UnmodifiableRandomAccessList@50000048)
	c		500001b9
	list		500001b9
ARR 500001bb (sz=16, trace=300043, nelems=1, elem type=java.lang.String[]@500000b3)
	[0]		50001a4f
OBJ 500001bc (sz=16, trace=300041, class=java.util.Arrays$ArrayList@500001b8)
	a		500001bb
OBJ 500001bd (sz=16, trace=300042, class=java.util.Collections$UnmodifiableRandomAccessList@50000048)
	c		500001bc
	list		500001bc
ARR 500001be (sz=16, trace=300044, nelems=1, elem type=java.lang.String[]@500000b3)
	[0]		50001b03
OBJ 500001bf (sz=16, trace=300041, class=java.util.Arrays$ArrayList@500001b8)
	a		500001be
OBJ 500001c0 (sz=16, trace=300042, class=java.util.Collections$UnmodifiableRandomAccessList@50000048)
	c		500001bf
	list		500001bf
OBJ 500001c1 (sz=8, trace=300045, class=java.util.ResourceBundle$Control@500001b6)
OBJ 500001c3 (sz=16, trace=300047, class=java.util.ResourceBundle$Control$CandidateListCache@500001c2)
	_map		500001c6
	_queue		500001c4
OBJ 500001c4 (sz=24, trace=300048, class=java.lang.ref.ReferenceQueue@50000113)
	lock		500001c5
OBJ 500001c5 (sz=8, trace=300049, class=java.lang.ref.ReferenceQueue$Lock@50000087)
OBJ 500001c6 (sz=40, trace=300050, class=java.util.concurrent.ConcurrentHashMap@50000086)
	segments	500001c7
ARR 500001c7 (sz=80, trace=300051, nelems=16, elem type=java.util.concurrent.ConcurrentHashMap$Segment[]@500000d5)
	[0]		500001c8
	[1]		500001cb
	[2]		500001ce
	[3]		500001d1
	[4]		500001d4
	[5]		500001d7
	[6]		500001da
	[7]		500001dd
	[8]		500001e0
	[9]		500001e3
	[10]		500001e6
	[11]		500001e9
	[12]		500001ec
	[13]		500001ef
	[14]		500001f2
	[15]		500001f5
OBJ 500001c8 (sz=32, trace=300052, class=java.util.concurrent.ConcurrentHashMap$Segment@500000d4)
	sync		500001c9
	table		500001ca
OBJ 500001c9 (sz=24, trace=300016, class=java.util.concurrent.locks.ReentrantLock$NonfairSync@50000112)
ARR 500001ca (sz=16, trace=300053, nelems=1, elem type=java.util.concurrent.ConcurrentHashMap$HashEntry[]@5000009f)
	[0]		5000020b
OBJ 500001cb (sz=32, trace=300052, class=java.util.concurrent.ConcurrentHashMap$Segment@500000d4)
	sync		500001cc
	table		500001cd
OBJ 500001cc (sz=24, trace=300016, class=java.util.concurrent.locks.ReentrantLock$NonfairSync@50000112)
ARR 500001cd (sz=16, trace=300053, nelems=0, elem type=java.util.concurrent.ConcurrentHashMap$HashEntry[]@5000009f)
OBJ 500001ce (sz=32, trace=300052, class=java.util.concurrent.ConcurrentHashMap$Segment@500000d4)
	sync		500001cf
	table		500001d0
OBJ 500001cf (sz=24, trace=300016, class=java.util.concurrent.locks.ReentrantLock$NonfairSync@50000112)
ARR 500001d0 (sz=16, trace=300053, nelems=0, elem type=java.util.concurrent.ConcurrentHashMap$HashEntry[]@5000009f)
OBJ 500001d1 (sz=32, trace=300052, class=java.util.concurrent.ConcurrentHashMap$Segment@500000d4)
	sync		500001d2
	table		500001d3
OBJ 500001d2 (sz=24, trace=300016, class=java.util.concurrent.locks.ReentrantLock$NonfairSync@50000112)
ARR 500001d3 (sz=16, trace=300053, nelems=0, elem type=java.util.concurrent.ConcurrentHashMap$HashEntry[]@5000009f)
OBJ 500001d4 (sz=32, trace=300052, class=java.util.concurrent.ConcurrentHashMap$Segment@500000d4)
	sync		500001d5
	table		500001d6
OBJ 500001d5 (sz=24, trace=300016, class=java.util.concurrent.locks.ReentrantLock$NonfairSync@50000112)
ARR 500001d6 (sz=16, trace=300053, nelems=0, elem type=java.util.concurrent.ConcurrentHashMap$HashEntry[]@5000009f)
OBJ 500001d7 (sz=32, trace=300052, class=java.util.concurrent.ConcurrentHashMap$Segment@500000d4)
	sync		500001d8
	table		500001d9
OBJ 500001d8 (sz=24, trace=300016, class=java.util.concurrent.locks.ReentrantLock$NonfairSync@50000112)
ARR 500001d9 (sz=16, trace=300053, nelems=0, elem type=java.util.concurrent.ConcurrentHashMap$HashEntry[]@5000009f)
OBJ 500001da (sz=32, trace=300052, class=java.util.concurrent.ConcurrentHashMap$Segment@500000d4)
	sync		500001db
	table		500001dc
OBJ 500001db (sz=24, trace=300016, class=java.util.concurrent.locks.ReentrantLock$NonfairSync@50000112)
ARR 500001dc (sz=16, trace=300053, nelems=0, elem type=java.util.concurrent.ConcurrentHashMap$HashEntry[]@5000009f)
OBJ 500001dd (sz=32, trace=300052, class=java.util.concurrent.ConcurrentHashMap$Segment@500000d4)
	sync		500001de
	table		500001df
OBJ 500001de (sz=24, trace=300016, class=java.util.concurrent.locks.ReentrantLock$NonfairSync@50000112)
ARR 500001df (sz=16, trace=300053, nelems=0, elem type=java.util.concurrent.ConcurrentHashMap$HashEntry[]@5000009f)
OBJ 500001e0 (sz=32, trace=300052, class=java.util.concurrent.ConcurrentHashMap$Segment@500000d4)
	sync		500001e1
	table		500001e2
OBJ 500001e1 (sz=24, trace=300016, class=java.util.concurrent.locks.ReentrantLock$NonfairSync@50000112)
ARR 500001e2 (sz=16, trace=300053, nelems=0, elem type=java.util.concurrent.ConcurrentHashMap$HashEntry[]@5000009f)
OBJ 500001e3 (sz=32, trace=300052, class=java.util.concurrent.ConcurrentHashMap$Segment@500000d4)
	sync		500001e4
	table		500001e5
OBJ 500001e4 (sz=24, trace=300016, class=java.util.concurrent.locks.ReentrantLock$NonfairSync@50000112)
ARR 500001e5 (sz=16, trace=300053, nelems=0, elem type=java.util.concurrent.ConcurrentHashMap$HashEntry[]@5000009f)
OBJ 500001e6 (sz=32, trace=300052, class=java.util.concurrent.ConcurrentHashMap$Segment@500000d4)
	sync		500001e7
	table		500001e8
OBJ 500001e7 (sz=24, trace=300016, class=java.util.concurrent.locks.ReentrantLock$NonfairSync@50000112)
ARR 500001e8 (sz=16, trace=300053, nelems=0, elem type=java.util.concurrent.ConcurrentHashMap$HashEntry[]@5000009f)
OBJ 500001e9 (sz=32, trace=300052, class=java.util.concurrent.ConcurrentHashMap$Segment@500000d4)
	sync		500001ea
	table		500001eb
OBJ 500001ea (sz=24, trace=300016, class=java.util.concurrent.locks.ReentrantLock$NonfairSync@50000112)
ARR 500001eb (sz=16, trace=300053, nelems=0, elem type=java.util.concurrent.ConcurrentHashMap$HashEntry[]@5000009f)
OBJ 500001ec (sz=32, trace=300052, class=java.util.concurrent.ConcurrentHashMap$Segment@500000d4)
	sync		500001ed
	table		500001ee
OBJ 500001ed (sz=24, trace=300016, class=java.util.concurrent.locks.ReentrantLock$NonfairSync@50000112)
ARR 500001ee (sz=16, trace=300053, nelems=0, elem type=java.util.concurrent.ConcurrentHashMap$HashEntry[]@5000009f)
OBJ 500001ef (sz=32, trace=300052, class=java.util.concurrent.ConcurrentHashMap$Segment@500000d4)
	sync		500001f0
	table		500001f1
OBJ 500001f0 (sz=24, trace=300016, class=java.util.concurrent.locks.ReentrantLock$NonfairSync@50000112)
ARR 500001f1 (sz=16, trace=300053, nelems=0, elem type=java.util.concurrent.ConcurrentHashMap$HashEntry[]@5000009f)
OBJ 500001f2 (sz=32, trace=300052, class=java.util.concurrent.ConcurrentHashMap$Segment@500000d4)
	sync		500001f3
	table		500001f4
OBJ 500001f3 (sz=24, trace=300016, class=java.util.concurrent.locks.ReentrantLock$NonfairSync@50000112)
ARR 500001f4 (sz=16, trace=300053, nelems=0, elem type=java.util.concurrent.ConcurrentHashMap$HashEntry[]@5000009f)
OBJ 500001f5 (sz=32, trace=300052, class=java.util.concurrent.ConcurrentHashMap$Segment@500000d4)
	sync		500001f6
	table		500001f7
OBJ 500001f6 (sz=24, trace=300016, class=java.util.concurrent.locks.ReentrantLock$NonfairSync@50000112)
ARR 500001f7 (sz=16, trace=300053, nelems=0, elem type=java.util.concurrent.ConcurrentHashMap$HashEntry[]@5000009f)
OBJ 500001f9 (sz=48, trace=300055, class=java.util.ResourceBundle$CacheKey@500001f8)
OBJ 500001fc (sz=32, trace=300057, class=java.util.ResourceBundle$LoaderReference@500001fb)
OBJ 50000201 (sz=24, trace=300059, class=java.util.LinkedList@50000200)
	first		50000205
	last		50000209
OBJ 50000202 (sz=32, trace=300060, class=sun.util.locale.BaseLocale$Key@500000a3)
OBJ 50000203 (sz=16, trace=300061, class=java.util.Locale$LocaleKey@500000c3)
OBJ 50000205 (sz=24, trace=300063, class=java.util.LinkedList$Node@50000204)
	item		50001263
	next		50000208
OBJ 50000206 (sz=32, trace=300064, class=sun.util.locale.BaseLocale$Key@500000a3)
OBJ 50000207 (sz=16, trace=300061, class=java.util.Locale$LocaleKey@500000c3)
OBJ 50000208 (sz=24, trace=300065, class=java.util.LinkedList$Node@50000204)
	item		50001273
	next		50000209
	prev		50000205
OBJ 50000209 (sz=24, trace=300066, class=java.util.LinkedList$Node@50000204)
	item		50001264
	prev		50000208
OBJ 5000020a (sz=40, trace=300067, class=sun.util.locale.LocaleObjectCache$CacheEntry@500000b0)
	referent	50000201
	queue		500001c4
	_key		500012e7
OBJ 5000020b (sz=24, trace=300068, class=java.util.concurrent.ConcurrentHashMap$HashEntry@5000009e)
	key		500012e7
	value		5000020a
OBJ 5000020c (sz=24, trace=300069, class=java.util.ArrayList@500000b1)
ARR 5000020d (sz=24, trace=300070, nelems=0, elem type=java.lang.Object[]@500000fa)
OBJ 5000020e (sz=32, trace=300071, class=java.util.ResourceBundle$LoaderReference@500001fb)
OBJ 5000020f (sz=8, trace=300072, class=java.lang.Object@500000f9)
OBJ 50000210 (sz=24, trace=300073, class=java.util.concurrent.ConcurrentHashMap$HashEntry@5000009e)
	key		5000109d
	value		5000020f
OBJ 50000211 (sz=8, trace=300074, class=java.lang.Object@500000f9)
OBJ 50000212 (sz=24, trace=300073, class=java.util.concurrent.ConcurrentHashMap$HashEntry@5000009e)
	key		5000109d
	value		50000211
ARR 50000215 (sz=16, trace=300076, nelems=0, elem type=java.lang.Class[]@500000c1)
OBJ 50000216 (sz=32, trace=300077, class=java.lang.ref.SoftReference@500000a5)
OBJ 50000217 (sz=64, trace=300078, class=java.lang.reflect.Constructor@50000095)
OBJ 50000218 (sz=16, trace=300079, class=java.lang.Class$1@5000013d)
OBJ 50000219 (sz=24, trace=300080, class=sun.reflect.NativeConstructorAccessorImpl@50000050)
OBJ 5000021a (sz=16, trace=300081, class=sun.reflect.DelegatingConstructorAccessorImpl@5000013c)
OBJ 5000021b (sz=40, trace=300082, class=sun.launcher.resources.launcher@50000214)
	locale		50001264
	name		5000109d
	cacheKey	50001a52
OBJ 5000021c (sz=32, trace=300071, class=java.util.ResourceBundle$LoaderReference@500001fb)
	referent	500001a6
	queue		500001a1
	cacheKey	50001a52
OBJ 5000021e (sz=40, trace=300084, class=java.util.ResourceBundle$BundleReference@5000021d)
	referent	5000021b
	queue		500001a1
	cacheKey	50001a52
OBJ 5000021f (sz=24, trace=300085, class=java.util.concurrent.ConcurrentHashMap$HashEntry@5000009e)
	key		50001a52
	value		5000021e
OBJ 50000220 (sz=32, trace=300071, class=java.util.ResourceBundle$LoaderReference@500001fb)
OBJ 50000221 (sz=16, trace=300086, class=java.lang.StringBuilder@50000123)
ARR 50000222 (sz=112, trace=300087, nelems=0, elem type=char[])
OBJ 50000223 (sz=24, trace=300088, class=java.lang.String@500000b2)
	value		50000224
ARR 50000224 (sz=68, trace=300089, nelems=34, elem type=char[])
OBJ 50000225 (sz=8, trace=300072, class=java.lang.Object@500000f9)
OBJ 50000226 (sz=24, trace=300073, class=java.util.concurrent.ConcurrentHashMap$HashEntry@5000009e)
	key		50000223
	value		50000225
OBJ 50000227 (sz=8, trace=300074, class=java.lang.Object@500000f9)
OBJ 50000228 (sz=24, trace=300073, class=java.util.concurrent.ConcurrentHashMap$HashEntry@5000009e)
	key		50000223
	value		50000227
ARR 5000022a (sz=16, trace=300076, nelems=0, elem type=java.lang.Class[]@500000c1)
OBJ 5000022b (sz=32, trace=300077, class=java.lang.ref.SoftReference@500000a5)
OBJ 5000022c (sz=64, trace=300078, class=java.lang.reflect.Constructor@50000095)
OBJ 5000022d (sz=16, trace=300079, class=java.lang.Class$1@5000013d)
OBJ 5000022e (sz=24, trace=300080, class=sun.reflect.NativeConstructorAccessorImpl@50000050)
OBJ 5000022f (sz=16, trace=300081, class=sun.reflect.DelegatingConstructorAccessorImpl@5000013c)
OBJ 50000230 (sz=40, trace=300090, class=sun.launcher.resources.launcher_de@50000229)
	parent		5000021b
	locale		50001273
	name		5000109d
	cacheKey	50001a51
	lookup		500008ac
OBJ 50000231 (sz=32, trace=300071, class=java.util.ResourceBundle$LoaderReference@500001fb)
	referent	500001a6
	queue		500001a1
	cacheKey	50001a51
OBJ 50000232 (sz=40, trace=300084, class=java.util.ResourceBundle$BundleReference@5000021d)
	referent	50000230
	queue		500001a1
	cacheKey	50001a51
OBJ 50000233 (sz=24, trace=300085, class=java.util.concurrent.ConcurrentHashMap$HashEntry@5000009e)
	key		50001a51
	value		50000232
OBJ 50000234 (sz=32, trace=300071, class=java.util.ResourceBundle$LoaderReference@500001fb)
OBJ 50000235 (sz=16, trace=300086, class=java.lang.StringBuilder@50000123)
ARR 50000236 (sz=112, trace=300087, nelems=0, elem type=char[])
OBJ 50000237 (sz=24, trace=300088, class=java.lang.String@500000b2)
	value		50000238
ARR 50000238 (sz=74, trace=300089, nelems=37, elem type=char[])
OBJ 50000239 (sz=8, trace=300072, class=java.lang.Object@500000f9)
OBJ 5000023a (sz=24, trace=300073, class=java.util.concurrent.ConcurrentHashMap$HashEntry@5000009e)
	key		50000237
	value		50000239
OBJ 5000023b (sz=8, trace=300074, class=java.lang.Object@500000f9)
OBJ 5000023c (sz=24, trace=300073, class=java.util.concurrent.ConcurrentHashMap$HashEntry@5000009e)
	key		50000237
	value		5000023b
OBJ 5000023e (sz=16, trace=300092, class=java.net.URLClassLoader$1@5000023d)
ARR 5000023f (sz=88, trace=300093, nelems=0, elem type=char[])
OBJ 50000240 (sz=24, trace=300094, class=java.lang.String@500000b2)
ARR 50000241 (sz=104, trace=300095, nelems=0, elem type=char[])
OBJ 50000242 (sz=24, trace=300096, class=java.lang.String@500000b2)
OBJ 50000244 (sz=16, trace=300098, class=java.lang.StringBuilder@50000123)
ARR 50000245 (sz=48, trace=300099, nelems=0, elem type=char[])
ARR 50000246 (sz=136, trace=300100, nelems=0, elem type=char[])
OBJ 50000247 (sz=24, trace=300101, class=java.lang.String@500000b2)
	value		50000248
ARR 50000248 (sz=124, trace=300102, nelems=62, elem type=char[])
OBJ 5000024a (sz=16, trace=300104, class=sun.misc.URLClassPath$3@50000249)
OBJ 5000024d (sz=16, trace=300106, class=java.lang.StringBuilder@50000123)
ARR 5000024e (sz=48, trace=300107, nelems=0, elem type=char[])
OBJ 5000024f (sz=16, trace=300108, class=java.lang.StringBuffer@500000e4)
ARR 50000250 (sz=136, trace=300109, nelems=0, elem type=char[])
OBJ 50000251 (sz=24, trace=300110, class=java.lang.String@500000b2)
ARR 50000252 (sz=136, trace=300111, nelems=0, elem type=char[])
ARR 50000253 (sz=136, trace=300100, nelems=0, elem type=char[])
ARR 50000254 (sz=256, trace=300100, nelems=0, elem type=char[])
OBJ 50000255 (sz=24, trace=300112, class=java.lang.String@500000b2)
	value		50000256
ARR 50000256 (sz=124, trace=300113, nelems=62, elem type=char[])
OBJ 50000257 (sz=56, trace=300114, class=java.net.URL@50000010)
	protocol	500013e6
	host		50000f07
	file		50000255
	authority	50000f07
	path		50000255
	handler		500010fd
OBJ 50000258 (sz=24, trace=300115, class=java.net.Parts@500000a7)
OBJ 50000259 (sz=48, trace=300116, class=sun.misc.URLClassPath$JarLoader@5000024c)
	base		50000257
	csu		50001103
	metaIndex	50001437
	handler		500010fd
	lmap		500010fe
OBJ 5000025a (sz=16, trace=300117, class=java.lang.StringBuilder@50000123)
ARR 5000025b (sz=128, trace=300118, nelems=0, elem type=char[])
ARR 5000025c (sz=72, trace=300119, nelems=0, elem type=byte[])
OBJ 5000025d (sz=48, trace=300120, class=java.nio.HeapByteBuffer@500000d0)
ARR 5000025e (sz=128, trace=300121, nelems=0, elem type=char[])
OBJ 5000025f (sz=48, trace=300122, class=java.nio.HeapCharBuffer@500000ad)
OBJ 50000263 (sz=16, trace=300125, class=sun.nio.cs.ThreadLocalCoders$1@50000262)
	cache		50000264
OBJ 50000264 (sz=16, trace=300126, class=java.lang.ThreadLocal@500000bd)
OBJ 50000266 (sz=16, trace=300128, class=sun.nio.cs.ThreadLocalCoders$2@50000265)
	cache		50000267
OBJ 50000267 (sz=16, trace=300129, class=java.lang.ThreadLocal@500000bd)
OBJ 50000269 (sz=24, trace=300131, class=java.lang.ThreadLocal$ThreadLocalMap@50000268)
ARR 5000026c (sz=80, trace=300133, nelems=0, elem type=java.lang.ThreadLocal$ThreadLocalMap$Entry[]@5000026b)
OBJ 5000026d (sz=32, trace=300134, class=java.lang.ThreadLocal$ThreadLocalMap$Entry@5000026a)
ARR 5000026e (sz=24, trace=300135, nelems=0, elem type=java.lang.Object[]@500000fa)
ARR 5000026f (sz=24, trace=300136, nelems=0, elem type=char[])
OBJ 50000270 (sz=24, trace=300137, class=java.lang.String@500000b2)
ARR 50000271 (sz=24, trace=300138, nelems=0, elem type=char[])
OBJ 50000272 (sz=16, trace=300139, class=java.lang.StringBuilder@50000123)
ARR 50000273 (sz=48, trace=300140, nelems=0, elem type=char[])
OBJ 50000274 (sz=24, trace=300141, class=java.lang.String@500000b2)
ARR 50000275 (sz=48, trace=300142, nelems=0, elem type=char[])
ARR 50000278 (sz=16, trace=300144, nelems=0, elem type=java.lang.Class[]@500000c1)
OBJ 50000279 (sz=32, trace=300077, class=java.lang.ref.SoftReference@500000a5)
OBJ 5000027a (sz=64, trace=300078, class=java.lang.reflect.Constructor@50000095)
OBJ 5000027b (sz=16, trace=300145, class=java.lang.Class$1@5000013d)
OBJ 5000027c (sz=24, trace=300080, class=sun.reflect.NativeConstructorAccessorImpl@50000050)
OBJ 5000027d (sz=16, trace=300081, class=sun.reflect.DelegatingConstructorAccessorImpl@5000013c)
OBJ 5000027e (sz=24, trace=300146, class=sun.nio.cs.UTF_8@50000277)
	name		50000f41
	aliases		500017ae
ARR 5000027f (sz=24, trace=300147, nelems=2, elem type=java.lang.Object[]@500000fa)
	[0]		50000f41
	[1]		5000027e
OBJ 50000281 (sz=40, trace=300149, class=sun.nio.cs.UTF_8$Decoder@50000280)
OBJ 50000282 (sz=24, trace=300150, class=java.lang.String@500000b2)
OBJ 50000283 (sz=24, trace=300151, class=java.lang.String@500000b2)
ARR 50000284 (sz=16, trace=300152, nelems=0, elem type=char[])
OBJ 50000285 (sz=24, trace=300150, class=java.lang.String@500000b2)
OBJ 50000286 (sz=24, trace=300151, class=java.lang.String@500000b2)
ARR 50000287 (sz=16, trace=300152, nelems=0, elem type=char[])
OBJ 50000288 (sz=24, trace=300153, class=java.lang.String@500000b2)
ARR 50000289 (sz=120, trace=300154, nelems=0, elem type=char[])
OBJ 5000028a (sz=24, trace=300155, class=java.io.File@5000010e)
OBJ 5000028b (sz=16, trace=300156, class=java.lang.StringBuffer@500000e4)
ARR 5000028c (sz=120, trace=300157, nelems=0, elem type=char[])
OBJ 5000028d (sz=24, trace=300158, class=java.lang.String@500000b2)
ARR 5000028e (sz=112, trace=300159, nelems=0, elem type=char[])
ARR 5000028f (sz=112, trace=300160, nelems=0, elem type=char[])
OBJ 50000290 (sz=24, trace=300161, class=java.lang.String@500000b2)
OBJ 50000291 (sz=24, trace=300162, class=java.util.HashMap$Entry@5000012b)
	key		50000247
	value		50000259
OBJ 50000292 (sz=16, trace=300098, class=java.lang.StringBuilder@50000123)
ARR 50000293 (sz=48, trace=300099, nelems=0, elem type=char[])
ARR 50000294 (sz=152, trace=300100, nelems=0, elem type=char[])
OBJ 50000295 (sz=24, trace=300101, class=java.lang.String@500000b2)
	value		50000296
ARR 50000296 (sz=134, trace=300102, nelems=67, elem type=char[])
OBJ 50000297 (sz=16, trace=300104, class=sun.misc.URLClassPath$3@50000249)
OBJ 50000298 (sz=16, trace=300106, class=java.lang.StringBuilder@50000123)
ARR 50000299 (sz=48, trace=300107, nelems=0, elem type=char[])
OBJ 5000029a (sz=16, trace=300108, class=java.lang.StringBuffer@500000e4)
ARR 5000029b (sz=144, trace=300109, nelems=0, elem type=char[])
OBJ 5000029c (sz=24, trace=300110, class=java.lang.String@500000b2)
ARR 5000029d (sz=144, trace=300111, nelems=0, elem type=char[])
ARR 5000029e (sz=144, trace=300100, nelems=0, elem type=char[])
ARR 5000029f (sz=280, trace=300100, nelems=0, elem type=char[])
OBJ 500002a0 (sz=24, trace=300112, class=java.lang.String@500000b2)
	value		500002a1
ARR 500002a1 (sz=134, trace=300113, nelems=67, elem type=char[])
OBJ 500002a2 (sz=56, trace=300114, class=java.net.URL@50000010)
	protocol	500013e6
	host		50000f07
	file		500002a0
	authority	50000f07
	path		500002a0
	handler		500010fd
OBJ 500002a3 (sz=24, trace=300115, class=java.net.Parts@500000a7)
OBJ 500002a4 (sz=48, trace=300116, class=sun.misc.URLClassPath$JarLoader@5000024c)
	base		500002a2
	csu		50001104
	metaIndex	5000142e
	handler		500010fd
	lmap		500010fe
OBJ 500002a5 (sz=16, trace=300117, class=java.lang.StringBuilder@50000123)
ARR 500002a6 (sz=136, trace=300118, nelems=0, elem type=char[])
ARR 500002a7 (sz=72, trace=300119, nelems=0, elem type=byte[])
OBJ 500002a8 (sz=48, trace=300120, class=java.nio.HeapByteBuffer@500000d0)
ARR 500002a9 (sz=136, trace=300121, nelems=0, elem type=char[])
OBJ 500002aa (sz=48, trace=300122, class=java.nio.HeapCharBuffer@500000ad)
OBJ 500002ab (sz=24, trace=300150, class=java.lang.String@500000b2)
OBJ 500002ac (sz=24, trace=300151, class=java.lang.String@500000b2)
ARR 500002ad (sz=16, trace=300152, nelems=0, elem type=char[])
OBJ 500002ae (sz=24, trace=300150, class=java.lang.String@500000b2)
OBJ 500002af (sz=24, trace=300151, class=java.lang.String@500000b2)
ARR 500002b0 (sz=16, trace=300152, nelems=0, elem type=char[])
OBJ 500002b1 (sz=24, trace=300153, class=java.lang.String@500000b2)
ARR 500002b2 (sz=128, trace=300154, nelems=0, elem type=char[])
OBJ 500002b3 (sz=24, trace=300155, class=java.io.File@5000010e)
OBJ 500002b4 (sz=16, trace=300156, class=java.lang.StringBuffer@500000e4)
ARR 500002b5 (sz=128, trace=300157, nelems=0, elem type=char[])
OBJ 500002b6 (sz=24, trace=300158, class=java.lang.String@500000b2)
ARR 500002b7 (sz=128, trace=300159, nelems=0, elem type=char[])
ARR 500002b8 (sz=128, trace=300160, nelems=0, elem type=char[])
OBJ 500002b9 (sz=24, trace=300161, class=java.lang.String@500000b2)
OBJ 500002ba (sz=24, trace=300162, class=java.util.HashMap$Entry@5000012b)
	key		50000295
	value		500002a4
OBJ 500002bb (sz=16, trace=300098, class=java.lang.StringBuilder@50000123)
ARR 500002bc (sz=48, trace=300099, nelems=0, elem type=char[])
ARR 500002bd (sz=136, trace=300100, nelems=0, elem type=char[])
OBJ 500002be (sz=24, trace=300101, class=java.lang.String@500000b2)
	value		500002bf
ARR 500002bf (sz=124, trace=300102, nelems=62, elem type=char[])
OBJ 500002c0 (sz=16, trace=300104, class=sun.misc.URLClassPath$3@50000249)
OBJ 500002c1 (sz=16, trace=300106, class=java.lang.StringBuilder@50000123)
ARR 500002c2 (sz=48, trace=300107, nelems=0, elem type=char[])
OBJ 500002c3 (sz=16, trace=300108, class=java.lang.StringBuffer@500000e4)
ARR 500002c4 (sz=136, trace=300109, nelems=0, elem type=char[])
OBJ 500002c5 (sz=24, trace=300110, class=java.lang.String@500000b2)
ARR 500002c6 (sz=136, trace=300111, nelems=0, elem type=char[])
ARR 500002c7 (sz=136, trace=300100, nelems=0, elem type=char[])
ARR 500002c8 (sz=256, trace=300100, nelems=0, elem type=char[])
OBJ 500002c9 (sz=24, trace=300112, class=java.lang.String@500000b2)
	value		500002ca
ARR 500002ca (sz=124, trace=300113, nelems=62, elem type=char[])
OBJ 500002cb (sz=56, trace=300114, class=java.net.URL@50000010)
	protocol	500013e6
	host		50000f07
	file		500002c9
	authority	50000f07
	path		500002c9
	handler		500010fd
OBJ 500002cc (sz=24, trace=300115, class=java.net.Parts@500000a7)
OBJ 500002cd (sz=48, trace=300116, class=sun.misc.URLClassPath$JarLoader@5000024c)
	base		500002cb
	csu		50001105
	metaIndex	5000141e
	handler		500010fd
	lmap		500010fe
OBJ 500002ce (sz=16, trace=300117, class=java.lang.StringBuilder@50000123)
ARR 500002cf (sz=128, trace=300118, nelems=0, elem type=char[])
ARR 500002d0 (sz=72, trace=300119, nelems=0, elem type=byte[])
OBJ 500002d1 (sz=48, trace=300120, class=java.nio.HeapByteBuffer@500000d0)
ARR 500002d2 (sz=128, trace=300121, nelems=0, elem type=char[])
OBJ 500002d3 (sz=48, trace=300122, class=java.nio.HeapCharBuffer@500000ad)
OBJ 500002d4 (sz=24, trace=300150, class=java.lang.String@500000b2)
OBJ 500002d5 (sz=24, trace=300151, class=java.lang.String@500000b2)
ARR 500002d6 (sz=16, trace=300152, nelems=0, elem type=char[])
OBJ 500002d7 (sz=24, trace=300150, class=java.lang.String@500000b2)
OBJ 500002d8 (sz=24, trace=300151, class=java.lang.String@500000b2)
ARR 500002d9 (sz=16, trace=300152, nelems=0, elem type=char[])
OBJ 500002da (sz=24, trace=300153, class=java.lang.String@500000b2)
ARR 500002db (sz=120, trace=300154, nelems=0, elem type=char[])
OBJ 500002dc (sz=24, trace=300155, class=java.io.File@5000010e)
OBJ 500002dd (sz=16, trace=300156, class=java.lang.StringBuffer@500000e4)
ARR 500002de (sz=120, trace=300157, nelems=0, elem type=char[])
OBJ 500002df (sz=24, trace=300158, class=java.lang.String@500000b2)
ARR 500002e0 (sz=112, trace=300159, nelems=0, elem type=char[])
ARR 500002e1 (sz=112, trace=300160, nelems=0, elem type=char[])
OBJ 500002e2 (sz=24, trace=300161, class=java.lang.String@500000b2)
OBJ 500002e3 (sz=24, trace=300162, class=java.util.HashMap$Entry@5000012b)
	key		500002be
	value		500002cd
OBJ 500002e4 (sz=16, trace=300098, class=java.lang.StringBuilder@50000123)
ARR 500002e5 (sz=48, trace=300099, nelems=0, elem type=char[])
ARR 500002e6 (sz=160, trace=300100, nelems=0, elem type=char[])
OBJ 500002e7 (sz=24, trace=300101, class=java.lang.String@500000b2)
	value		500002e8
ARR 500002e8 (sz=144, trace=300102, nelems=72, elem type=char[])
OBJ 500002e9 (sz=16, trace=300104, class=sun.misc.URLClassPath$3@50000249)
OBJ 500002ea (sz=16, trace=300106, class=java.lang.StringBuilder@50000123)
ARR 500002eb (sz=48, trace=300107, nelems=0, elem type=char[])
OBJ 500002ec (sz=16, trace=300108, class=java.lang.StringBuffer@500000e4)
ARR 500002ed (sz=152, trace=300109, nelems=0, elem type=char[])
OBJ 500002ee (sz=24, trace=300110, class=java.lang.String@500000b2)
ARR 500002ef (sz=152, trace=300111, nelems=0, elem type=char[])
ARR 500002f0 (sz=152, trace=300100, nelems=0, elem type=char[])
ARR 500002f1 (sz=296, trace=300100, nelems=0, elem type=char[])
OBJ 500002f2 (sz=24, trace=300112, class=java.lang.String@500000b2)
	value		500002f3
ARR 500002f3 (sz=144, trace=300113, nelems=72, elem type=char[])
OBJ 500002f4 (sz=56, trace=300114, class=java.net.URL@50000010)
	protocol	500013e6
	host		50000f07
	file		500002f2
	authority	50000f07
	path		500002f2
	handler		500010fd
OBJ 500002f5 (sz=24, trace=300115, class=java.net.Parts@500000a7)
OBJ 500002f6 (sz=48, trace=300116, class=sun.misc.URLClassPath$JarLoader@5000024c)
	base		500002f4
	csu		50001106
	metaIndex	5000140f
	handler		500010fd
	lmap		500010fe
OBJ 500002f7 (sz=16, trace=300117, class=java.lang.StringBuilder@50000123)
ARR 500002f8 (sz=144, trace=300118, nelems=0, elem type=char[])
ARR 500002f9 (sz=80, trace=300119, nelems=0, elem type=byte[])
OBJ 500002fa (sz=48, trace=300120, class=java.nio.HeapByteBuffer@500000d0)
ARR 500002fb (sz=144, trace=300121, nelems=0, elem type=char[])
OBJ 500002fc (sz=48, trace=300122, class=java.nio.HeapCharBuffer@500000ad)
OBJ 500002fd (sz=24, trace=300150, class=java.lang.String@500000b2)
OBJ 500002fe (sz=24, trace=300151, class=java.lang.String@500000b2)
ARR 500002ff (sz=16, trace=300152, nelems=0, elem type=char[])
OBJ 50000300 (sz=24, trace=300150, class=java.lang.String@500000b2)
OBJ 50000301 (sz=24, trace=300151, class=java.lang.String@500000b2)
ARR 50000302 (sz=16, trace=300152, nelems=0, elem type=char[])
OBJ 50000303 (sz=24, trace=300153, class=java.lang.String@500000b2)
ARR 50000304 (sz=136, trace=300154, nelems=0, elem type=char[])
OBJ 50000305 (sz=24, trace=300155, class=java.io.File@5000010e)
OBJ 50000306 (sz=16, trace=300156, class=java.lang.StringBuffer@500000e4)
ARR 50000307 (sz=136, trace=300157, nelems=0, elem type=char[])
OBJ 50000308 (sz=24, trace=300158, class=java.lang.String@500000b2)
ARR 50000309 (sz=136, trace=300159, nelems=0, elem type=char[])
ARR 5000030a (sz=136, trace=300160, nelems=0, elem type=char[])
OBJ 5000030b (sz=24, trace=300161, class=java.lang.String@500000b2)
OBJ 5000030c (sz=24, trace=300162, class=java.util.HashMap$Entry@5000012b)
	key		500002e7
	value		500002f6
OBJ 5000030d (sz=16, trace=300098, class=java.lang.StringBuilder@50000123)
ARR 5000030e (sz=48, trace=300099, nelems=0, elem type=char[])
ARR 5000030f (sz=144, trace=300100, nelems=0, elem type=char[])
OBJ 50000310 (sz=24, trace=300101, class=java.lang.String@500000b2)
	value		50000311
ARR 50000311 (sz=132, trace=300102, nelems=66, elem type=char[])
OBJ 50000312 (sz=16, trace=300104, class=sun.misc.URLClassPath$3@50000249)
OBJ 50000313 (sz=16, trace=300106, class=java.lang.StringBuilder@50000123)
ARR 50000314 (sz=48, trace=300107, nelems=0, elem type=char[])
OBJ 50000315 (sz=16, trace=300108, class=java.lang.StringBuffer@500000e4)
ARR 50000316 (sz=144, trace=300109, nelems=0, elem type=char[])
OBJ 50000317 (sz=24, trace=300110, class=java.lang.String@500000b2)
ARR 50000318 (sz=144, trace=300111, nelems=0, elem type=char[])
ARR 50000319 (sz=144, trace=300100, nelems=0, elem type=char[])
ARR 5000031a (sz=272, trace=300100, nelems=0, elem type=char[])
OBJ 5000031b (sz=24, trace=300112, class=java.lang.String@500000b2)
	value		5000031c
ARR 5000031c (sz=132, trace=300113, nelems=66, elem type=char[])
OBJ 5000031d (sz=56, trace=300114, class=java.net.URL@50000010)
	protocol	500013e6
	host		50000f07
	file		5000031b
	authority	50000f07
	path		5000031b
	handler		500010fd
OBJ 5000031e (sz=24, trace=300115, class=java.net.Parts@500000a7)
OBJ 5000031f (sz=48, trace=300116, class=sun.misc.URLClassPath$JarLoader@5000024c)
	base		5000031d
	csu		50001107
	metaIndex	500013f9
	handler		500010fd
	lmap		500010fe
OBJ 50000320 (sz=16, trace=300117, class=java.lang.StringBuilder@50000123)
ARR 50000321 (sz=136, trace=300118, nelems=0, elem type=char[])
ARR 50000322 (sz=72, trace=300119, nelems=0, elem type=byte[])
OBJ 50000323 (sz=48, trace=300120, class=java.nio.HeapByteBuffer@500000d0)
ARR 50000324 (sz=136, trace=300121, nelems=0, elem type=char[])
OBJ 50000325 (sz=48, trace=300122, class=java.nio.HeapCharBuffer@500000ad)
OBJ 50000326 (sz=24, trace=300150, class=java.lang.String@500000b2)
OBJ 50000327 (sz=24, trace=300151, class=java.lang.String@500000b2)
ARR 50000328 (sz=16, trace=300152, nelems=0, elem type=char[])
OBJ 50000329 (sz=24, trace=300150, class=java.lang.String@500000b2)
OBJ 5000032a (sz=24, trace=300151, class=java.lang.String@500000b2)
ARR 5000032b (sz=16, trace=300152, nelems=0, elem type=char[])
OBJ 5000032c (sz=24, trace=300153, class=java.lang.String@500000b2)
ARR 5000032d (sz=128, trace=300154, nelems=0, elem type=char[])
OBJ 5000032e (sz=24, trace=300155, class=java.io.File@5000010e)
OBJ 5000032f (sz=16, trace=300156, class=java.lang.StringBuffer@500000e4)
ARR 50000330 (sz=128, trace=300157, nelems=0, elem type=char[])
OBJ 50000331 (sz=24, trace=300158, class=java.lang.String@500000b2)
ARR 50000332 (sz=120, trace=300159, nelems=0, elem type=char[])
ARR 50000333 (sz=120, trace=300160, nelems=0, elem type=char[])
OBJ 50000334 (sz=24, trace=300161, class=java.lang.String@500000b2)
OBJ 50000335 (sz=24, trace=300162, class=java.util.HashMap$Entry@5000012b)
	key		50000310
	value		5000031f
OBJ 50000336 (sz=16, trace=300098, class=java.lang.StringBuilder@50000123)
ARR 50000337 (sz=48, trace=300099, nelems=0, elem type=char[])
ARR 50000338 (sz=144, trace=300100, nelems=0, elem type=char[])
OBJ 50000339 (sz=24, trace=300101, class=java.lang.String@500000b2)
	value		5000033a
ARR 5000033a (sz=132, trace=300102, nelems=66, elem type=char[])
OBJ 5000033b (sz=16, trace=300104, class=sun.misc.URLClassPath$3@50000249)
OBJ 5000033c (sz=16, trace=300106, class=java.lang.StringBuilder@50000123)
ARR 5000033d (sz=48, trace=300107, nelems=0, elem type=char[])
OBJ 5000033e (sz=16, trace=300108, class=java.lang.StringBuffer@500000e4)
ARR 5000033f (sz=144, trace=300109, nelems=0, elem type=char[])
OBJ 50000340 (sz=24, trace=300110, class=java.lang.String@500000b2)
ARR 50000341 (sz=144, trace=300111, nelems=0, elem type=char[])
ARR 50000342 (sz=144, trace=300100, nelems=0, elem type=char[])
ARR 50000343 (sz=272, trace=300100, nelems=0, elem type=char[])
OBJ 50000344 (sz=24, trace=300112, class=java.lang.String@500000b2)
	value		50000345
ARR 50000345 (sz=132, trace=300113, nelems=66, elem type=char[])
OBJ 50000346 (sz=56, trace=300114, class=java.net.URL@50000010)
	protocol	500013e6
	host		50000f07
	file		50000344
	authority	50000f07
	path		50000344
	handler		500010fd
OBJ 50000347 (sz=24, trace=300115, class=java.net.Parts@500000a7)
OBJ 50000348 (sz=48, trace=300116, class=sun.misc.URLClassPath$JarLoader@5000024c)
	base		50000346
	csu		50001108
	metaIndex	50001404
	handler		500010fd
	lmap		500010fe
OBJ 50000349 (sz=16, trace=300117, class=java.lang.StringBuilder@50000123)
ARR 5000034a (sz=136, trace=300118, nelems=0, elem type=char[])
ARR 5000034b (sz=72, trace=300119, nelems=0, elem type=byte[])
OBJ 5000034c (sz=48, trace=300120, class=java.nio.HeapByteBuffer@500000d0)
ARR 5000034d (sz=136, trace=300121, nelems=0, elem type=char[])
OBJ 5000034e (sz=48, trace=300122, class=java.nio.HeapCharBuffer@500000ad)
OBJ 5000034f (sz=24, trace=300150, class=java.lang.String@500000b2)
OBJ 50000350 (sz=24, trace=300151, class=java.lang.String@500000b2)
ARR 50000351 (sz=16, trace=300152, nelems=0, elem type=char[])
OBJ 50000352 (sz=24, trace=300150, class=java.lang.String@500000b2)
OBJ 50000353 (sz=24, trace=300151, class=java.lang.String@500000b2)
ARR 50000354 (sz=16, trace=300152, nelems=0, elem type=char[])
OBJ 50000355 (sz=24, trace=300153, class=java.lang.String@500000b2)
ARR 50000356 (sz=128, trace=300154, nelems=0, elem type=char[])
OBJ 50000357 (sz=24, trace=300155, class=java.io.File@5000010e)
OBJ 50000358 (sz=16, trace=300156, class=java.lang.StringBuffer@500000e4)
ARR 50000359 (sz=128, trace=300157, nelems=0, elem type=char[])
OBJ 5000035a (sz=24, trace=300158, class=java.lang.String@500000b2)
ARR 5000035b (sz=120, trace=300159, nelems=0, elem type=char[])
ARR 5000035c (sz=120, trace=300160, nelems=0, elem type=char[])
OBJ 5000035d (sz=24, trace=300161, class=java.lang.String@500000b2)
OBJ 5000035e (sz=24, trace=300162, class=java.util.HashMap$Entry@5000012b)
	key		50000339
	value		50000348
OBJ 5000035f (sz=16, trace=300098, class=java.lang.StringBuilder@50000123)
ARR 50000360 (sz=48, trace=300099, nelems=0, elem type=char[])
ARR 50000361 (sz=136, trace=300100, nelems=0, elem type=char[])
OBJ 50000362 (sz=24, trace=300101, class=java.lang.String@500000b2)
	value		50000363
ARR 50000363 (sz=124, trace=300102, nelems=62, elem type=char[])
OBJ 50000364 (sz=16, trace=300104, class=sun.misc.URLClassPath$3@50000249)
OBJ 50000365 (sz=16, trace=300106, class=java.lang.StringBuilder@50000123)
ARR 50000366 (sz=48, trace=300107, nelems=0, elem type=char[])
OBJ 50000367 (sz=16, trace=300108, class=java.lang.StringBuffer@500000e4)
ARR 50000368 (sz=136, trace=300109, nelems=0, elem type=char[])
OBJ 50000369 (sz=24, trace=300110, class=java.lang.String@500000b2)
ARR 5000036a (sz=136, trace=300111, nelems=0, elem type=char[])
ARR 5000036b (sz=136, trace=300100, nelems=0, elem type=char[])
ARR 5000036c (sz=256, trace=300100, nelems=0, elem type=char[])
OBJ 5000036d (sz=24, trace=300112, class=java.lang.String@500000b2)
	value		5000036e
ARR 5000036e (sz=124, trace=300113, nelems=62, elem type=char[])
OBJ 5000036f (sz=56, trace=300114, class=java.net.URL@50000010)
	protocol	500013e6
	host		50000f07
	file		5000036d
	authority	50000f07
	path		5000036d
	handler		500010fd
OBJ 50000370 (sz=24, trace=300115, class=java.net.Parts@500000a7)
OBJ 50000371 (sz=48, trace=300116, class=sun.misc.URLClassPath$JarLoader@5000024c)
	base		5000036f
	csu		50001109
	metaIndex	500013e5
	handler		500010fd
	lmap		500010fe
OBJ 50000372 (sz=16, trace=300117, class=java.lang.StringBuilder@50000123)
ARR 50000373 (sz=128, trace=300118, nelems=0, elem type=char[])
ARR 50000374 (sz=72, trace=300119, nelems=0, elem type=byte[])
OBJ 50000375 (sz=48, trace=300120, class=java.nio.HeapByteBuffer@500000d0)
ARR 50000376 (sz=128, trace=300121, nelems=0, elem type=char[])
OBJ 50000377 (sz=48, trace=300122, class=java.nio.HeapCharBuffer@500000ad)
OBJ 50000378 (sz=24, trace=300150, class=java.lang.String@500000b2)
OBJ 50000379 (sz=24, trace=300151, class=java.lang.String@500000b2)
ARR 5000037a (sz=16, trace=300152, nelems=0, elem type=char[])
OBJ 5000037b (sz=24, trace=300150, class=java.lang.String@500000b2)
OBJ 5000037c (sz=24, trace=300151, class=java.lang.String@500000b2)
ARR 5000037d (sz=16, trace=300152, nelems=0, elem type=char[])
OBJ 5000037e (sz=24, trace=300153, class=java.lang.String@500000b2)
ARR 5000037f (sz=120, trace=300154, nelems=0, elem type=char[])
OBJ 50000380 (sz=24, trace=300155, class=java.io.File@5000010e)
OBJ 50000381 (sz=16, trace=300156, class=java.lang.StringBuffer@500000e4)
ARR 50000382 (sz=120, trace=300157, nelems=0, elem type=char[])
OBJ 50000383 (sz=24, trace=300158, class=java.lang.String@500000b2)
ARR 50000384 (sz=112, trace=300159, nelems=0, elem type=char[])
ARR 50000385 (sz=112, trace=300160, nelems=0, elem type=char[])
OBJ 50000386 (sz=24, trace=300161, class=java.lang.String@500000b2)
OBJ 50000387 (sz=24, trace=300162, class=java.util.HashMap$Entry@5000012b)
	key		50000362
	value		50000371
OBJ 50000388 (sz=32, trace=300163, class=java.lang.ClassNotFoundException@50000099)
OBJ 5000038a (sz=32, trace=300165, class=java.security.PrivilegedActionException@50000389)
OBJ 5000038b (sz=16, trace=300166, class=java.net.URLClassLoader$1@5000023d)
ARR 5000038c (sz=88, trace=300093, nelems=0, elem type=char[])
OBJ 5000038d (sz=24, trace=300094, class=java.lang.String@500000b2)
ARR 5000038e (sz=104, trace=300095, nelems=0, elem type=char[])
OBJ 5000038f (sz=24, trace=300096, class=java.lang.String@500000b2)
OBJ 50000390 (sz=16, trace=300098, class=java.lang.StringBuilder@50000123)
ARR 50000391 (sz=48, trace=300099, nelems=0, elem type=char[])
ARR 50000392 (sz=112, trace=300100, nelems=0, elem type=char[])
OBJ 50000393 (sz=24, trace=300101, class=java.lang.String@500000b2)
	value		50000394
ARR 50000394 (sz=98, trace=300102, nelems=49, elem type=char[])
OBJ 50000395 (sz=16, trace=300104, class=sun.misc.URLClassPath$3@50000249)
OBJ 50000397 (sz=24, trace=300168, class=sun.misc.URLClassPath$FileLoader@50000396)
	base		50001934
	dir		500003b3
ARR 50000398 (sz=96, trace=300169, nelems=0, elem type=char[])
OBJ 50000399 (sz=24, trace=300170, class=java.lang.String@500000b2)
OBJ 5000039a (sz=16, trace=300171, class=java.lang.StringBuilder@50000123)
ARR 5000039b (sz=96, trace=300172, nelems=0, elem type=char[])
ARR 5000039c (sz=56, trace=300173, nelems=0, elem type=byte[])
OBJ 5000039d (sz=48, trace=300120, class=java.nio.HeapByteBuffer@500000d0)
ARR 5000039e (sz=96, trace=300174, nelems=0, elem type=char[])
OBJ 5000039f (sz=48, trace=300122, class=java.nio.HeapCharBuffer@500000ad)
OBJ 500003a0 (sz=24, trace=300150, class=java.lang.String@500000b2)
OBJ 500003a1 (sz=24, trace=300151, class=java.lang.String@500000b2)
ARR 500003a2 (sz=16, trace=300152, nelems=0, elem type=char[])
OBJ 500003a3 (sz=24, trace=300150, class=java.lang.String@500000b2)
OBJ 500003a4 (sz=24, trace=300151, class=java.lang.String@500000b2)
ARR 500003a5 (sz=16, trace=300152, nelems=0, elem type=char[])
OBJ 500003a6 (sz=24, trace=300175, class=java.lang.String@500000b2)
ARR 500003a7 (sz=88, trace=300154, nelems=0, elem type=char[])
OBJ 500003a8 (sz=24, trace=300176, class=java.io.File@5000010e)
OBJ 500003a9 (sz=16, trace=300177, class=java.lang.StringBuffer@500000e4)
ARR 500003aa (sz=88, trace=300178, nelems=0, elem type=char[])
OBJ 500003ab (sz=24, trace=300179, class=java.lang.String@500000b2)
	value		500003ac
ARR 500003ac (sz=72, trace=300159, nelems=36, elem type=char[])
OBJ 500003ad (sz=24, trace=300180, class=java.lang.String@500000b2)
OBJ 500003ae (sz=24, trace=300181, class=java.io.ExpiringCache$Entry@500000eb)
	val		50001226
OBJ 500003af (sz=32, trace=300182, class=java.util.LinkedHashMap$Entry@50000064)
	key		500003ab
	value		500003ae
	before		500011e2
	after		500004e2
ARR 500003b0 (sz=144, trace=300183, nelems=32, elem type=java.util.HashMap$Entry[]@5000012c)
	[0]		500006c7
	[2]		5000068b
	[3]		500011da
	[4]		500011db
	[7]		500011dc
	[9]		500006b6
	[12]		500003af
	[13]		50000617
	[15]		5000066f
	[16]		500011dd
	[17]		500011de
	[19]		500011df
	[22]		500006a7
	[25]		500011e0
	[27]		500011e1
	[30]		50000637
	[31]		50000653
OBJ 500003b1 (sz=24, trace=300184, class=java.lang.String@500000b2)
OBJ 500003b2 (sz=24, trace=300185, class=java.io.File@5000010e)
OBJ 500003b3 (sz=24, trace=300186, class=java.io.File@5000010e)
	path		50001226
OBJ 500003b4 (sz=24, trace=300162, class=java.util.HashMap$Entry@5000012b)
	key		50000393
	value		50000397
OBJ 500003b5 (sz=56, trace=300187, class=java.net.URL@50000010)
OBJ 500003b6 (sz=16, trace=300188, class=java.lang.StringBuilder@50000123)
ARR 500003b7 (sz=48, trace=300189, nelems=0, elem type=char[])
ARR 500003b8 (sz=96, trace=300100, nelems=0, elem type=char[])
ARR 500003b9 (sz=184, trace=300100, nelems=0, elem type=char[])
OBJ 500003ba (sz=24, trace=300190, class=java.lang.String@500000b2)
ARR 500003bb (sz=104, trace=300191, nelems=0, elem type=char[])
OBJ 500003bc (sz=24, trace=300192, class=java.lang.String@500000b2)
ARR 500003bd (sz=216, trace=300193, nelems=0, elem type=char[])
ARR 500003be (sz=104, trace=300194, nelems=0, elem type=char[])
OBJ 500003bf (sz=24, trace=300195, class=java.lang.String@500000b2)
ARR 500003c0 (sz=104, trace=300196, nelems=0, elem type=char[])
OBJ 500003c1 (sz=56, trace=300197, class=java.net.URL@50000010)
OBJ 500003c2 (sz=16, trace=300188, class=java.lang.StringBuilder@50000123)
ARR 500003c3 (sz=48, trace=300189, nelems=0, elem type=char[])
ARR 500003c4 (sz=96, trace=300100, nelems=0, elem type=char[])
ARR 500003c5 (sz=184, trace=300100, nelems=0, elem type=char[])
OBJ 500003c6 (sz=24, trace=300190, class=java.lang.String@500000b2)
ARR 500003c7 (sz=184, trace=300191, nelems=0, elem type=char[])
ARR 500003c8 (sz=104, trace=300198, nelems=0, elem type=char[])
OBJ 500003c9 (sz=24, trace=300199, class=java.lang.String@500000b2)
OBJ 500003ca (sz=24, trace=300200, class=java.io.File@5000010e)
ARR 500003cb (sz=176, trace=300201, nelems=0, elem type=char[])
OBJ 500003cc (sz=24, trace=300202, class=java.lang.String@500000b2)
ARR 500003cd (sz=176, trace=300203, nelems=0, elem type=char[])
OBJ 500003ce (sz=16, trace=300098, class=java.lang.StringBuilder@50000123)
ARR 500003cf (sz=48, trace=300099, nelems=0, elem type=char[])
ARR 500003d0 (sz=144, trace=300100, nelems=0, elem type=char[])
OBJ 500003d1 (sz=24, trace=300101, class=java.lang.String@500000b2)
	value		500003d2
ARR 500003d2 (sz=126, trace=300102, nelems=63, elem type=char[])
OBJ 500003d3 (sz=16, trace=300104, class=sun.misc.URLClassPath$3@50000249)
OBJ 500003d4 (sz=16, trace=300106, class=java.lang.StringBuilder@50000123)
ARR 500003d5 (sz=48, trace=300107, nelems=0, elem type=char[])
OBJ 500003d6 (sz=16, trace=300108, class=java.lang.StringBuffer@500000e4)
ARR 500003d7 (sz=136, trace=300109, nelems=0, elem type=char[])
OBJ 500003d8 (sz=24, trace=300110, class=java.lang.String@500000b2)
ARR 500003d9 (sz=136, trace=300111, nelems=0, elem type=char[])
ARR 500003da (sz=136, trace=300100, nelems=0, elem type=char[])
ARR 500003db (sz=264, trace=300100, nelems=0, elem type=char[])
OBJ 500003dc (sz=24, trace=300112, class=java.lang.String@500000b2)
	value		500003dd
ARR 500003dd (sz=126, trace=300113, nelems=63, elem type=char[])
OBJ 500003de (sz=56, trace=300114, class=java.net.URL@50000010)
	protocol	500013e6
	host		50000f07
	file		500003dc
	authority	50000f07
	path		500003dc
	handler		5000192e
OBJ 500003df (sz=24, trace=300115, class=java.net.Parts@500000a7)
OBJ 500003e0 (sz=48, trace=300116, class=sun.misc.URLClassPath$JarLoader@5000024c)
	base		500003de
	jar		5000041d
	csu		50001935
	handler		5000192e
	lmap		5000192f
OBJ 500003e1 (sz=16, trace=300117, class=java.lang.StringBuilder@50000123)
ARR 500003e2 (sz=128, trace=300118, nelems=0, elem type=char[])
ARR 500003e3 (sz=72, trace=300119, nelems=0, elem type=byte[])
OBJ 500003e4 (sz=48, trace=300120, class=java.nio.HeapByteBuffer@500000d0)
ARR 500003e5 (sz=128, trace=300121, nelems=0, elem type=char[])
OBJ 500003e6 (sz=48, trace=300122, class=java.nio.HeapCharBuffer@500000ad)
OBJ 500003e7 (sz=24, trace=300150, class=java.lang.String@500000b2)
OBJ 500003e8 (sz=24, trace=300151, class=java.lang.String@500000b2)
ARR 500003e9 (sz=16, trace=300152, nelems=0, elem type=char[])
OBJ 500003ea (sz=24, trace=300150, class=java.lang.String@500000b2)
OBJ 500003eb (sz=24, trace=300151, class=java.lang.String@500000b2)
ARR 500003ec (sz=16, trace=300152, nelems=0, elem type=char[])
OBJ 500003ed (sz=24, trace=300153, class=java.lang.String@500000b2)
ARR 500003ee (sz=120, trace=300154, nelems=0, elem type=char[])
OBJ 500003ef (sz=24, trace=300155, class=java.io.File@5000010e)
OBJ 500003f0 (sz=16, trace=300156, class=java.lang.StringBuffer@500000e4)
ARR 500003f1 (sz=120, trace=300157, nelems=0, elem type=char[])
OBJ 500003f2 (sz=24, trace=300158, class=java.lang.String@500000b2)
ARR 500003f3 (sz=120, trace=300159, nelems=0, elem type=char[])
ARR 500003f4 (sz=120, trace=300160, nelems=0, elem type=char[])
OBJ 500003f5 (sz=24, trace=300161, class=java.lang.String@500000b2)
OBJ 500003f7 (sz=16, trace=300205, class=sun.misc.URLClassPath$JarLoader$1@500003f6)
OBJ 500003f9 (sz=16, trace=300207, class=sun.misc.FileURLMapper@500003f8)
ARR 500003fa (sz=128, trace=300208, nelems=0, elem type=char[])
OBJ 500003fb (sz=24, trace=300209, class=java.lang.String@500000b2)
OBJ 500003fc (sz=16, trace=300210, class=java.lang.StringBuilder@50000123)
ARR 500003fd (sz=128, trace=300211, nelems=0, elem type=char[])
ARR 500003fe (sz=72, trace=300212, nelems=0, elem type=byte[])
OBJ 500003ff (sz=48, trace=300120, class=java.nio.HeapByteBuffer@500000d0)
ARR 50000400 (sz=128, trace=300213, nelems=0, elem type=char[])
OBJ 50000401 (sz=48, trace=300122, class=java.nio.HeapCharBuffer@500000ad)
OBJ 50000402 (sz=24, trace=300150, class=java.lang.String@500000b2)
OBJ 50000403 (sz=24, trace=300151, class=java.lang.String@500000b2)
ARR 50000404 (sz=16, trace=300152, nelems=0, elem type=char[])
OBJ 50000405 (sz=24, trace=300150, class=java.lang.String@500000b2)
OBJ 50000406 (sz=24, trace=300151, class=java.lang.String@500000b2)
ARR 50000407 (sz=16, trace=300152, nelems=0, elem type=char[])
OBJ 50000408 (sz=24, trace=300214, class=java.lang.String@500000b2)
ARR 50000409 (sz=120, trace=300154, nelems=0, elem type=char[])
OBJ 5000040a (sz=24, trace=300215, class=java.io.File@5000010e)
OBJ 5000040b (sz=16, trace=300177, class=java.lang.StringBuffer@500000e4)
ARR 5000040c (sz=120, trace=300178, nelems=0, elem type=char[])
OBJ 5000040d (sz=24, trace=300179, class=java.lang.String@500000b2)
ARR 5000040e (sz=120, trace=300159, nelems=0, elem type=char[])
OBJ 50000414 (sz=8, trace=300218, class=java.util.jar.JavaUtilJarAccessImpl@50000413)
ARR 50000415 (sz=20, trace=300219, nelems=10, elem type=char[])
ARR 50000416 (sz=512, trace=300220, nelems=128, elem type=int[])
ARR 50000417 (sz=40, trace=300221, nelems=10, elem type=int[])
OBJ 50000418 (sz=24, trace=300222, class=java.io.File@5000010e)
OBJ 50000419 (sz=16, trace=300177, class=java.lang.StringBuffer@500000e4)
ARR 5000041a (sz=120, trace=300178, nelems=0, elem type=char[])
OBJ 5000041b (sz=24, trace=300179, class=java.lang.String@500000b2)
	value		5000041c
ARR 5000041c (sz=102, trace=300159, nelems=51, elem type=char[])
OBJ 5000041d (sz=56, trace=300223, class=java.util.jar.JarFile@50000411)
	name		5000041b
	zc		50000425
	streams		5000041f
	inflaters	50000422
	manEntry	50000482
OBJ 5000041e (sz=32, trace=300224, class=java.lang.ref.Finalizer@500000d6)
	referent	5000041d
	queue		50000ef1
	next		50001a12
	prev		50000492
OBJ 5000041f (sz=16, trace=300225, class=java.util.HashSet@500000f8)
	map		50000420
OBJ 50000420 (sz=40, trace=300226, class=java.util.HashMap@50000008)
	table		50000421
ARR 50000421 (sz=80, trace=300227, nelems=16, elem type=java.util.HashMap$Entry[]@5000012c)
	[15]		50000499
OBJ 50000422 (sz=24, trace=300024, class=java.util.Vector@50000067)
	elementData	50000423
ARR 50000423 (sz=56, trace=300228, nelems=1, elem type=java.lang.Object[]@500000fa)
	[0]		50000491
OBJ 50000425 (sz=32, trace=300230, class=java.util.zip.ZipCoder@50000424)
	cs		5000027e
	enc		50000447
OBJ 50000428 (sz=8, trace=300233, class=sun.misc.Perf$GetPerfAction@50000427)
OBJ 5000042a (sz=8, trace=300235, class=sun.misc.Perf@50000429)
OBJ 5000042c (sz=16, trace=300237, class=sun.misc.PerfCounter@50000426)
	name		5000196c
	lb		50000434
OBJ 50000430 (sz=16, trace=300239, class=sun.security.action.GetPropertyAction@500000c6)
OBJ 50000431 (sz=56, trace=300240, class=java.nio.DirectByteBuffer@5000042f)
OBJ 50000434 (sz=48, trace=300242, class=java.nio.DirectLongBufferU@50000433)
	viewedBuffer	50000431
OBJ 50000435 (sz=16, trace=300243, class=sun.misc.PerfCounter@50000426)
	name		5000196b
	lb		50000437
OBJ 50000436 (sz=56, trace=300240, class=java.nio.DirectByteBuffer@5000042f)
OBJ 50000437 (sz=48, trace=300242, class=java.nio.DirectLongBufferU@50000433)
	viewedBuffer	50000436
OBJ 50000438 (sz=16, trace=300244, class=sun.misc.PerfCounter@50000426)
	name		5000196a
	lb		5000043a
OBJ 50000439 (sz=56, trace=300240, class=java.nio.DirectByteBuffer@5000042f)
OBJ 5000043a (sz=48, trace=300242, class=java.nio.DirectLongBufferU@50000433)
	viewedBuffer	50000439
OBJ 5000043b (sz=16, trace=300245, class=sun.misc.PerfCounter@50000426)
	name		5000196d
	lb		5000043d
OBJ 5000043c (sz=56, trace=300240, class=java.nio.DirectByteBuffer@5000042f)
OBJ 5000043d (sz=48, trace=300242, class=java.nio.DirectLongBufferU@50000433)
	viewedBuffer	5000043c
OBJ 5000043e (sz=16, trace=300246, class=sun.misc.PerfCounter@50000426)
	name		5000196f
	lb		50000440
OBJ 5000043f (sz=56, trace=300240, class=java.nio.DirectByteBuffer@5000042f)
OBJ 50000440 (sz=48, trace=300242, class=java.nio.DirectLongBufferU@50000433)
	viewedBuffer	5000043f
OBJ 50000441 (sz=16, trace=300247, class=sun.misc.PerfCounter@50000426)
	name		5000196e
	lb		50000443
OBJ 50000442 (sz=56, trace=300240, class=java.nio.DirectByteBuffer@5000042f)
OBJ 50000443 (sz=48, trace=300242, class=java.nio.DirectLongBufferU@50000433)
	viewedBuffer	50000442
ARR 50000446 (sz=1, trace=300250, nelems=1, elem type=byte[])
OBJ 50000447 (sz=48, trace=300251, class=sun.nio.cs.UTF_8$Encoder@50000445)
	charset		5000027e
	replacement	50000446
	malformedInputAction	50001444
	unmappableCharacterAction	50001444
ARR 50000448 (sz=56, trace=300252, nelems=0, elem type=char[])
ARR 50000449 (sz=72, trace=300253, nelems=0, elem type=byte[])
OBJ 5000044a (sz=48, trace=300254, class=java.nio.HeapByteBuffer@500000d0)
OBJ 5000044b (sz=48, trace=300255, class=java.nio.HeapCharBuffer@500000ad)
ARR 5000044c (sz=32, trace=300256, nelems=0, elem type=byte[])
OBJ 5000044e (sz=16, trace=300258, class=sun.security.action.GetPropertyAction@500000c6)
ARR 5000044f (sz=56, trace=300259, nelems=10, elem type=java.lang.String[]@500000b3)
	[0]		50000452
	[1]		50000456
	[2]		5000045a
	[3]		5000045e
	[4]		50000462
	[5]		50000466
	[6]		5000046a
	[7]		5000046e
	[8]		50000473
	[9]		50000477
OBJ 50000450 (sz=16, trace=300260, class=java.lang.StringBuilder@50000123)
ARR 50000451 (sz=48, trace=300261, nelems=0, elem type=char[])
OBJ 50000452 (sz=24, trace=300262, class=java.lang.String@500000b2)
	value		50000453
ARR 50000453 (sz=14, trace=300263, nelems=7, elem type=char[])
OBJ 50000454 (sz=16, trace=300264, class=java.lang.StringBuilder@50000123)
ARR 50000455 (sz=48, trace=300265, nelems=0, elem type=char[])
OBJ 50000456 (sz=24, trace=300266, class=java.lang.String@500000b2)
	value		50000457
ARR 50000457 (sz=30, trace=300267, nelems=15, elem type=char[])
OBJ 50000458 (sz=16, trace=300268, class=java.lang.StringBuilder@50000123)
ARR 50000459 (sz=48, trace=300269, nelems=0, elem type=char[])
OBJ 5000045a (sz=24, trace=300270, class=java.lang.String@500000b2)
	value		5000045b
ARR 5000045b (sz=18, trace=300271, nelems=9, elem type=char[])
OBJ 5000045c (sz=16, trace=300272, class=java.lang.StringBuilder@50000123)
ARR 5000045d (sz=48, trace=300273, nelems=0, elem type=char[])
OBJ 5000045e (sz=24, trace=300274, class=java.lang.String@500000b2)
	value		5000045f
ARR 5000045f (sz=16, trace=300275, nelems=8, elem type=char[])
OBJ 50000460 (sz=16, trace=300276, class=java.lang.StringBuilder@50000123)
ARR 50000461 (sz=48, trace=300277, nelems=0, elem type=char[])
OBJ 50000462 (sz=24, trace=300278, class=java.lang.String@500000b2)
	value		50000463
ARR 50000463 (sz=26, trace=300279, nelems=13, elem type=char[])
OBJ 50000464 (sz=16, trace=300280, class=java.lang.StringBuilder@50000123)
ARR 50000465 (sz=48, trace=300281, nelems=0, elem type=char[])
OBJ 50000466 (sz=24, trace=300282, class=java.lang.String@500000b2)
	value		50000467
ARR 50000467 (sz=20, trace=300283, nelems=10, elem type=char[])
OBJ 50000468 (sz=16, trace=300284, class=java.lang.StringBuilder@50000123)
ARR 50000469 (sz=48, trace=300285, nelems=0, elem type=char[])
OBJ 5000046a (sz=24, trace=300286, class=java.lang.String@500000b2)
	value		5000046b
ARR 5000046b (sz=24, trace=300287, nelems=12, elem type=char[])
OBJ 5000046c (sz=16, trace=300288, class=java.lang.StringBuilder@50000123)
ARR 5000046d (sz=48, trace=300289, nelems=0, elem type=char[])
OBJ 5000046e (sz=24, trace=300290, class=java.lang.String@500000b2)
	value		5000046f
ARR 5000046f (sz=30, trace=300291, nelems=15, elem type=char[])
OBJ 50000470 (sz=16, trace=300292, class=java.lang.StringBuilder@50000123)
ARR 50000471 (sz=48, trace=300293, nelems=0, elem type=char[])
ARR 50000472 (sz=80, trace=300100, nelems=0, elem type=char[])
OBJ 50000473 (sz=24, trace=300294, class=java.lang.String@500000b2)
	value		50000474
ARR 50000474 (sz=40, trace=300295, nelems=20, elem type=char[])
OBJ 50000475 (sz=16, trace=300296, class=java.lang.StringBuilder@50000123)
ARR 50000476 (sz=48, trace=300297, nelems=0, elem type=char[])
OBJ 50000477 (sz=24, trace=300298, class=java.lang.String@500000b2)
	value		50000478
ARR 50000478 (sz=28, trace=300299, nelems=14, elem type=char[])
ARR 50000479 (sz=56, trace=300252, nelems=0, elem type=char[])
ARR 5000047a (sz=72, trace=300253, nelems=0, elem type=byte[])
OBJ 5000047b (sz=48, trace=300254, class=java.nio.HeapByteBuffer@500000d0)
OBJ 5000047c (sz=48, trace=300255, class=java.nio.HeapCharBuffer@500000ad)
ARR 5000047d (sz=32, trace=300256, nelems=0, elem type=byte[])
OBJ 5000047f (sz=64, trace=300301, class=java.util.zip.ZipEntry@5000047e)
OBJ 50000482 (sz=80, trace=300303, class=java.util.jar.JarFile$JarFileEntry@50000481)
	name		50000f32
	this$0		5000041d
ARR 50000483 (sz=96, trace=300304, nelems=0, elem type=byte[])
ARR 50000486 (sz=56, trace=300306, nelems=0, elem type=char[])
ARR 50000487 (sz=72, trace=300307, nelems=0, elem type=byte[])
OBJ 50000488 (sz=48, trace=300254, class=java.nio.HeapByteBuffer@500000d0)
OBJ 50000489 (sz=48, trace=300255, class=java.nio.HeapCharBuffer@500000ad)
ARR 5000048a (sz=32, trace=300308, nelems=0, elem type=byte[])
OBJ 5000048c (sz=48, trace=300310, class=java.util.zip.ZipFile$ZipFileInputStream@5000048b)
	this$0		5000041d
ARR 50000490 (sz=0, trace=300313, nelems=0, elem type=byte[])
OBJ 50000491 (sz=32, trace=300314, class=java.util.zip.Inflater@5000048f)
	zsRef		50000494
	buf		50000490
OBJ 50000492 (sz=32, trace=300224, class=java.lang.ref.Finalizer@500000d6)
	referent	50000491
	queue		50000ef1
	next		5000041e
	prev		500004d3
OBJ 50000494 (sz=16, trace=300316, class=java.util.zip.ZStreamRef@50000493)
OBJ 50000495 (sz=48, trace=300317, class=java.util.zip.ZipFile$1@5000048e)
	in		5000048c
	inf		50000491
	buf		50000498
	singleByteBuf	50000496
	b		50000497
	val$zfin	5000048c
	this$0		5000041d
ARR 50000496 (sz=1, trace=300318, nelems=1, elem type=byte[])
ARR 50000497 (sz=512, trace=300319, nelems=512, elem type=byte[])
ARR 50000498 (sz=86, trace=300320, nelems=86, elem type=byte[])
OBJ 50000499 (sz=24, trace=300321, class=java.util.HashMap$Entry@5000012b)
	key		50000495
	value		500010f9
OBJ 5000049a (sz=32, trace=300322, class=java.io.DataInputStream@50000485)
ARR 5000049b (sz=96, trace=300323, nelems=0, elem type=byte[])
ARR 5000049c (sz=176, trace=300324, nelems=0, elem type=char[])
ARR 5000049d (sz=24, trace=300325, nelems=0, elem type=byte[])
OBJ 5000049e (sz=24, trace=300162, class=java.util.HashMap$Entry@5000012b)
	key		500003d1
	value		500003e0
ARR 5000049f (sz=104, trace=300252, nelems=0, elem type=char[])
ARR 500004a0 (sz=144, trace=300253, nelems=0, elem type=byte[])
OBJ 500004a1 (sz=48, trace=300254, class=java.nio.HeapByteBuffer@500000d0)
OBJ 500004a2 (sz=48, trace=300255, class=java.nio.HeapCharBuffer@500000ad)
ARR 500004a3 (sz=56, trace=300256, nelems=0, elem type=byte[])
OBJ 500004a4 (sz=32, trace=300163, class=java.lang.ClassNotFoundException@50000099)
OBJ 500004a5 (sz=32, trace=300165, class=java.security.PrivilegedActionException@50000389)
OBJ 500004a6 (sz=16, trace=300086, class=java.lang.StringBuilder@50000123)
ARR 500004a7 (sz=112, trace=300087, nelems=0, elem type=char[])
OBJ 500004a8 (sz=24, trace=300088, class=java.lang.String@500000b2)
ARR 500004a9 (sz=88, trace=300089, nelems=0, elem type=char[])
OBJ 500004aa (sz=16, trace=300326, class=java.lang.StringBuilder@50000123)
ARR 500004ab (sz=112, trace=300327, nelems=0, elem type=char[])
ARR 500004ac (sz=88, trace=300328, nelems=0, elem type=char[])
OBJ 500004ad (sz=24, trace=300329, class=java.lang.String@500000b2)
OBJ 500004ae (sz=24, trace=300330, class=java.lang.String@500000b2)
ARR 500004af (sz=112, trace=300331, nelems=0, elem type=char[])
OBJ 500004b1 (sz=24, trace=300333, class=java.util.ResourceBundle$Control$1@500004b0)
OBJ 500004b4 (sz=8, trace=300336, class=sun.misc.Launcher$BootClassPathHolder$1@500004b3)
ARR 500004b5 (sz=48, trace=300337, nelems=0, elem type=java.io.File[]@5000010f)
OBJ 500004b6 (sz=24, trace=300338, class=java.lang.String@500000b2)
	value		5000102f
OBJ 500004b7 (sz=24, trace=300339, class=java.io.File@5000010e)
OBJ 500004b8 (sz=24, trace=300338, class=java.lang.String@500000b2)
OBJ 500004b9 (sz=24, trace=300339, class=java.io.File@5000010e)
OBJ 500004ba (sz=24, trace=300338, class=java.lang.String@500000b2)
OBJ 500004bb (sz=24, trace=300339, class=java.io.File@5000010e)
OBJ 500004bc (sz=24, trace=300338, class=java.lang.String@500000b2)
OBJ 500004bd (sz=24, trace=300339, class=java.io.File@5000010e)
OBJ 500004be (sz=24, trace=300338, class=java.lang.String@500000b2)
OBJ 500004bf (sz=24, trace=300339, class=java.io.File@5000010e)
OBJ 500004c0 (sz=24, trace=300338, class=java.lang.String@500000b2)
OBJ 500004c1 (sz=24, trace=300339, class=java.io.File@5000010e)
OBJ 500004c2 (sz=24, trace=300338, class=java.lang.String@500000b2)
	value		5000102f
OBJ 500004c3 (sz=24, trace=300339, class=java.io.File@5000010e)
OBJ 500004c4 (sz=24, trace=300340, class=java.lang.String@500000b2)
	value		5000102f
OBJ 500004c5 (sz=24, trace=300341, class=java.io.File@5000010e)
OBJ 500004c6 (sz=16, trace=300342, class=java.util.HashSet@500000f8)
OBJ 500004c7 (sz=40, trace=300343, class=java.util.HashMap@50000008)
ARR 500004c8 (sz=80, trace=300344, nelems=0, elem type=java.util.HashMap$Entry[]@5000012c)
OBJ 500004c9 (sz=24, trace=300345, class=java.lang.String@500000b2)
	value		5000102f
OBJ 500004ca (sz=24, trace=300346, class=java.io.File@5000010e)
ARR 500004cb (sz=88, trace=300347, nelems=0, elem type=char[])
OBJ 500004cc (sz=24, trace=300161, class=java.lang.String@500000b2)
OBJ 500004cd (sz=24, trace=300321, class=java.util.HashMap$Entry@5000012b)
OBJ 500004ce (sz=24, trace=300348, class=java.io.File@5000010e)
ARR 500004cf (sz=112, trace=300349, nelems=0, elem type=char[])
OBJ 500004d0 (sz=24, trace=300350, class=java.lang.String@500000b2)
ARR 500004d1 (sz=112, trace=300203, nelems=0, elem type=char[])
OBJ 500004d2 (sz=24, trace=300351, class=java.io.FileInputStream@50000055)
	fd		500004d5
	closeLock	500004d4
OBJ 500004d3 (sz=32, trace=300224, class=java.lang.ref.Finalizer@500000d6)
	referent	500004d2
	queue		50000ef1
	next		50000492
	prev		50000bdf
OBJ 500004d4 (sz=8, trace=300352, class=java.lang.Object@500000f9)
OBJ 500004d5 (sz=24, trace=300353, class=java.io.FileDescriptor@500000c5)
	useCount	500004d6
OBJ 500004d6 (sz=16, trace=300354, class=java.util.concurrent.atomic.AtomicInteger@5000002c)
OBJ 500004d7 (sz=24, trace=300355, class=java.io.FileReader@5000013b)
OBJ 500004d8 (sz=48, trace=300356, class=sun.nio.cs.SingleByte$Decoder@50000142)
OBJ 500004d9 (sz=40, trace=300357, class=sun.nio.cs.StreamDecoder@500000bc)
ARR 500004da (sz=8208, trace=300358, nelems=0, elem type=byte[])
OBJ 500004db (sz=48, trace=300120, class=java.nio.HeapByteBuffer@500000d0)
OBJ 500004dc (sz=48, trace=300359, class=java.io.BufferedReader@5000004a)
ARR 500004dd (sz=16400, trace=300360, nelems=0, elem type=char[])
OBJ 500004de (sz=24, trace=300361, class=java.util.ArrayList@500000b1)
ARR 500004df (sz=56, trace=300362, nelems=0, elem type=java.lang.Object[]@500000fa)
OBJ 500004e0 (sz=24, trace=300180, class=java.lang.String@500000b2)
OBJ 500004e1 (sz=24, trace=300181, class=java.io.ExpiringCache$Entry@500000eb)
	val		50001224
OBJ 500004e2 (sz=32, trace=300182, class=java.util.LinkedHashMap$Entry@50000064)
	key		500004c9
	value		500004e1
	before		500003af
	after		50000617
OBJ 500004e3 (sz=24, trace=300184, class=java.lang.String@500000b2)
OBJ 500004e4 (sz=24, trace=300185, class=java.io.File@5000010e)
OBJ 500004e5 (sz=24, trace=300363, class=java.io.File@5000010e)
OBJ 500004e6 (sz=48, trace=300255, class=java.nio.HeapCharBuffer@500000ad)
OBJ 500004e7 (sz=24, trace=300364, class=java.lang.String@500000b2)
ARR 500004e8 (sz=40, trace=300365, nelems=0, elem type=char[])
OBJ 500004e9 (sz=24, trace=300366, class=java.lang.String@500000b2)
ARR 500004ea (sz=120, trace=300365, nelems=0, elem type=char[])
OBJ 500004eb (sz=24, trace=300366, class=java.lang.String@500000b2)
ARR 500004ec (sz=128, trace=300365, nelems=0, elem type=char[])
OBJ 500004ed (sz=24, trace=300366, class=java.lang.String@500000b2)
ARR 500004ee (sz=88, trace=300365, nelems=0, elem type=char[])
OBJ 500004ef (sz=24, trace=300366, class=java.lang.String@500000b2)
ARR 500004f0 (sz=40, trace=300365, nelems=0, elem type=char[])
OBJ 500004f1 (sz=24, trace=300367, class=java.lang.String@500000b2)
OBJ 500004f2 (sz=24, trace=300366, class=java.lang.String@500000b2)
	value		500004f3
ARR 500004f3 (sz=18, trace=300365, nelems=9, elem type=char[])
OBJ 500004f4 (sz=24, trace=300366, class=java.lang.String@500000b2)
ARR 500004f5 (sz=40, trace=300365, nelems=0, elem type=char[])
OBJ 500004f6 (sz=24, trace=300368, class=java.io.File@5000010e)
	path		500004f8
ARR 500004f7 (sz=112, trace=300369, nelems=0, elem type=char[])
OBJ 500004f8 (sz=24, trace=300370, class=java.lang.String@500000b2)
	value		500004f9
ARR 500004f9 (sz=94, trace=300203, nelems=47, elem type=char[])
OBJ 500004fa (sz=16, trace=300371, class=sun.misc.MetaIndex@50000076)
	contents	5000141a
ARR 500004fb (sz=16, trace=300372, nelems=0, elem type=java.lang.String[]@500000b3)
ARR 500004fc (sz=112, trace=300347, nelems=0, elem type=char[])
OBJ 500004fd (sz=24, trace=300161, class=java.lang.String@500000b2)
OBJ 500004fe (sz=24, trace=300373, class=java.util.HashMap$Entry@5000012b)
	key		500004f6
	value		500004fa
OBJ 500004ff (sz=24, trace=300367, class=java.lang.String@500000b2)
OBJ 50000500 (sz=24, trace=300366, class=java.lang.String@500000b2)
	value		50000501
ARR 50000501 (sz=108, trace=300365, nelems=54, elem type=char[])
OBJ 50000502 (sz=24, trace=300366, class=java.lang.String@500000b2)
	value		50000503
ARR 50000503 (sz=14, trace=300365, nelems=7, elem type=char[])
OBJ 50000504 (sz=24, trace=300366, class=java.lang.String@500000b2)
	value		50000505
ARR 50000505 (sz=14, trace=300365, nelems=7, elem type=char[])
OBJ 50000506 (sz=24, trace=300366, class=java.lang.String@500000b2)
	value		50000507
ARR 50000507 (sz=12, trace=300365, nelems=6, elem type=char[])
OBJ 50000508 (sz=24, trace=300366, class=java.lang.String@500000b2)
ARR 50000509 (sz=32, trace=300365, nelems=0, elem type=char[])
OBJ 5000050a (sz=24, trace=300368, class=java.io.File@5000010e)
	path		5000050c
ARR 5000050b (sz=112, trace=300369, nelems=0, elem type=char[])
OBJ 5000050c (sz=24, trace=300370, class=java.lang.String@500000b2)
	value		5000050d
ARR 5000050d (sz=98, trace=300203, nelems=49, elem type=char[])
OBJ 5000050e (sz=16, trace=300371, class=sun.misc.MetaIndex@50000076)
	contents	5000141b
ARR 5000050f (sz=16, trace=300372, nelems=0, elem type=java.lang.String[]@500000b3)
ARR 50000510 (sz=112, trace=300347, nelems=0, elem type=char[])
OBJ 50000511 (sz=24, trace=300161, class=java.lang.String@500000b2)
OBJ 50000512 (sz=24, trace=300373, class=java.util.HashMap$Entry@5000012b)
	key		5000050a
	value		5000050e
OBJ 50000513 (sz=24, trace=300367, class=java.lang.String@500000b2)
OBJ 50000514 (sz=24, trace=300366, class=java.lang.String@500000b2)
	value		50000515
ARR 50000515 (sz=24, trace=300365, nelems=12, elem type=char[])
OBJ 50000516 (sz=24, trace=300366, class=java.lang.String@500000b2)
	value		50000517
ARR 50000517 (sz=24, trace=300365, nelems=12, elem type=char[])
OBJ 50000518 (sz=24, trace=300366, class=java.lang.String@500000b2)
	value		50000519
ARR 50000519 (sz=40, trace=300365, nelems=20, elem type=char[])
OBJ 5000051a (sz=24, trace=300366, class=java.lang.String@500000b2)
	value		5000051b
ARR 5000051b (sz=38, trace=300365, nelems=19, elem type=char[])
OBJ 5000051c (sz=24, trace=300366, class=java.lang.String@500000b2)
ARR 5000051d (sz=32, trace=300365, nelems=0, elem type=char[])
OBJ 5000051e (sz=24, trace=300368, class=java.io.File@5000010e)
	path		50000520
ARR 5000051f (sz=104, trace=300369, nelems=0, elem type=char[])
OBJ 50000520 (sz=24, trace=300370, class=java.lang.String@500000b2)
	value		50000521
ARR 50000521 (sz=88, trace=300203, nelems=44, elem type=char[])
OBJ 50000522 (sz=16, trace=300371, class=sun.misc.MetaIndex@50000076)
	contents	50001440
ARR 50000523 (sz=16, trace=300372, nelems=0, elem type=java.lang.String[]@500000b3)
ARR 50000524 (sz=104, trace=300347, nelems=0, elem type=char[])
OBJ 50000525 (sz=24, trace=300161, class=java.lang.String@500000b2)
OBJ 50000526 (sz=24, trace=300373, class=java.util.HashMap$Entry@5000012b)
	key		5000051e
	value		50000522
OBJ 50000527 (sz=24, trace=300367, class=java.lang.String@500000b2)
OBJ 50000528 (sz=24, trace=300366, class=java.lang.String@500000b2)
	value		50000529
ARR 50000529 (sz=24, trace=300365, nelems=12, elem type=char[])
OBJ 5000052a (sz=24, trace=300366, class=java.lang.String@500000b2)
	value		5000052b
ARR 5000052b (sz=24, trace=300365, nelems=12, elem type=char[])
OBJ 5000052c (sz=24, trace=300366, class=java.lang.String@500000b2)
ARR 5000052d (sz=56, trace=300365, nelems=0, elem type=char[])
OBJ 5000052e (sz=24, trace=300368, class=java.io.File@5000010e)
	path		50000530
ARR 5000052f (sz=104, trace=300369, nelems=0, elem type=char[])
OBJ 50000530 (sz=24, trace=300370, class=java.lang.String@500000b2)
	value		50000531
ARR 50000531 (sz=90, trace=300203, nelems=45, elem type=char[])
OBJ 50000532 (sz=16, trace=300371, class=sun.misc.MetaIndex@50000076)
	contents	5000142c
ARR 50000533 (sz=16, trace=300372, nelems=0, elem type=java.lang.String[]@500000b3)
ARR 50000534 (sz=104, trace=300347, nelems=0, elem type=char[])
OBJ 50000535 (sz=24, trace=300161, class=java.lang.String@500000b2)
OBJ 50000536 (sz=24, trace=300373, class=java.util.HashMap$Entry@5000012b)
	key		5000052e
	value		50000532
OBJ 50000537 (sz=24, trace=300367, class=java.lang.String@500000b2)
OBJ 50000538 (sz=24, trace=300366, class=java.lang.String@500000b2)
ARR 50000539 (sz=48, trace=300365, nelems=0, elem type=char[])
OBJ 5000053a (sz=24, trace=300367, class=java.lang.String@500000b2)
OBJ 5000053b (sz=24, trace=300366, class=java.lang.String@500000b2)
	value		5000053c
ARR 5000053c (sz=54, trace=300365, nelems=27, elem type=char[])
OBJ 5000053d (sz=24, trace=300366, class=java.lang.String@500000b2)
	value		5000053e
ARR 5000053e (sz=96, trace=300365, nelems=48, elem type=char[])
OBJ 5000053f (sz=24, trace=300366, class=java.lang.String@500000b2)
	value		50000540
ARR 50000540 (sz=22, trace=300365, nelems=11, elem type=char[])
OBJ 50000541 (sz=24, trace=300366, class=java.lang.String@500000b2)
	value		50000542
ARR 50000542 (sz=28, trace=300365, nelems=14, elem type=char[])
OBJ 50000543 (sz=24, trace=300366, class=java.lang.String@500000b2)
	value		50000544
ARR 50000544 (sz=108, trace=300365, nelems=54, elem type=char[])
OBJ 50000545 (sz=24, trace=300366, class=java.lang.String@500000b2)
	value		50000546
ARR 50000546 (sz=18, trace=300365, nelems=9, elem type=char[])
OBJ 50000547 (sz=24, trace=300366, class=java.lang.String@500000b2)
	value		50000548
ARR 50000548 (sz=106, trace=300365, nelems=53, elem type=char[])
OBJ 50000549 (sz=24, trace=300366, class=java.lang.String@500000b2)
	value		5000054a
ARR 5000054a (sz=22, trace=300365, nelems=11, elem type=char[])
OBJ 5000054b (sz=24, trace=300366, class=java.lang.String@500000b2)
	value		5000054c
ARR 5000054c (sz=114, trace=300365, nelems=57, elem type=char[])
OBJ 5000054d (sz=24, trace=300366, class=java.lang.String@500000b2)
	value		5000054e
ARR 5000054e (sz=114, trace=300365, nelems=57, elem type=char[])
OBJ 5000054f (sz=24, trace=300366, class=java.lang.String@500000b2)
	value		50000550
ARR 50000550 (sz=14, trace=300365, nelems=7, elem type=char[])
ARR 50000551 (sz=72, trace=300374, nelems=0, elem type=java.lang.Object[]@500000fa)
OBJ 50000552 (sz=24, trace=300366, class=java.lang.String@500000b2)
	value		50000553
ARR 50000553 (sz=114, trace=300365, nelems=57, elem type=char[])
OBJ 50000554 (sz=24, trace=300366, class=java.lang.String@500000b2)
	value		50000555
ARR 50000555 (sz=20, trace=300365, nelems=10, elem type=char[])
OBJ 50000556 (sz=24, trace=300366, class=java.lang.String@500000b2)
	value		50000557
ARR 50000557 (sz=32, trace=300365, nelems=16, elem type=char[])
OBJ 50000558 (sz=24, trace=300366, class=java.lang.String@500000b2)
	value		50000559
ARR 50000559 (sz=38, trace=300365, nelems=19, elem type=char[])
OBJ 5000055a (sz=24, trace=300366, class=java.lang.String@500000b2)
	value		5000055b
ARR 5000055b (sz=98, trace=300365, nelems=49, elem type=char[])
ARR 5000055c (sz=104, trace=300374, nelems=0, elem type=java.lang.Object[]@500000fa)
OBJ 5000055d (sz=24, trace=300366, class=java.lang.String@500000b2)
	value		5000055e
ARR 5000055e (sz=66, trace=300365, nelems=33, elem type=char[])
OBJ 5000055f (sz=24, trace=300366, class=java.lang.String@500000b2)
	value		50000560
ARR 50000560 (sz=14, trace=300365, nelems=7, elem type=char[])
OBJ 50000561 (sz=24, trace=300366, class=java.lang.String@500000b2)
	value		50000562
ARR 50000562 (sz=106, trace=300365, nelems=53, elem type=char[])
OBJ 50000563 (sz=24, trace=300366, class=java.lang.String@500000b2)
	value		50000564
ARR 50000564 (sz=14, trace=300365, nelems=7, elem type=char[])
OBJ 50000565 (sz=24, trace=300366, class=java.lang.String@500000b2)
	value		50000566
ARR 50000566 (sz=18, trace=300365, nelems=9, elem type=char[])
OBJ 50000567 (sz=24, trace=300366, class=java.lang.String@500000b2)
	value		50000568
ARR 50000568 (sz=100, trace=300365, nelems=50, elem type=char[])
OBJ 50000569 (sz=24, trace=300366, class=java.lang.String@500000b2)
	value		5000056a
ARR 5000056a (sz=30, trace=300365, nelems=15, elem type=char[])
ARR 5000056b (sz=144, trace=300374, nelems=0, elem type=java.lang.Object[]@500000fa)
OBJ 5000056c (sz=24, trace=300366, class=java.lang.String@500000b2)
	value		5000056d
ARR 5000056d (sz=110, trace=300365, nelems=55, elem type=char[])
OBJ 5000056e (sz=24, trace=300366, class=java.lang.String@500000b2)
	value		5000056f
ARR 5000056f (sz=18, trace=300365, nelems=9, elem type=char[])
OBJ 50000570 (sz=24, trace=300366, class=java.lang.String@500000b2)
	value		50000571
ARR 50000571 (sz=16, trace=300365, nelems=8, elem type=char[])
OBJ 50000572 (sz=24, trace=300366, class=java.lang.String@500000b2)
	value		50000573
ARR 50000573 (sz=18, trace=300365, nelems=9, elem type=char[])
OBJ 50000574 (sz=24, trace=300366, class=java.lang.String@500000b2)
	value		50000575
ARR 50000575 (sz=110, trace=300365, nelems=55, elem type=char[])
OBJ 50000576 (sz=24, trace=300366, class=java.lang.String@500000b2)
	value		50000577
ARR 50000577 (sz=74, trace=300365, nelems=37, elem type=char[])
OBJ 50000578 (sz=24, trace=300366, class=java.lang.String@500000b2)
	value		50000579
ARR 50000579 (sz=102, trace=300365, nelems=51, elem type=char[])
OBJ 5000057a (sz=24, trace=300366, class=java.lang.String@500000b2)
	value		5000057b
ARR 5000057b (sz=38, trace=300365, nelems=19, elem type=char[])
OBJ 5000057c (sz=24, trace=300366, class=java.lang.String@500000b2)
	value		5000057d
ARR 5000057d (sz=26, trace=300365, nelems=13, elem type=char[])
OBJ 5000057e (sz=24, trace=300366, class=java.lang.String@500000b2)
	value		5000057f
ARR 5000057f (sz=24, trace=300365, nelems=12, elem type=char[])
OBJ 50000580 (sz=24, trace=300366, class=java.lang.String@500000b2)
	value		50000581
ARR 50000581 (sz=24, trace=300365, nelems=12, elem type=char[])
ARR 50000582 (sz=208, trace=300374, nelems=0, elem type=java.lang.Object[]@500000fa)
OBJ 50000583 (sz=24, trace=300366, class=java.lang.String@500000b2)
	value		50000584
ARR 50000584 (sz=132, trace=300365, nelems=66, elem type=char[])
OBJ 50000585 (sz=24, trace=300366, class=java.lang.String@500000b2)
ARR 50000586 (sz=32, trace=300365, nelems=0, elem type=char[])
OBJ 50000587 (sz=24, trace=300368, class=java.io.File@5000010e)
	path		50000589
ARR 50000588 (sz=112, trace=300369, nelems=0, elem type=char[])
OBJ 50000589 (sz=24, trace=300370, class=java.lang.String@500000b2)
	value		5000058a
ARR 5000058a (sz=100, trace=300203, nelems=50, elem type=char[])
OBJ 5000058b (sz=16, trace=300371, class=sun.misc.MetaIndex@50000076)
	contents	5000142d
ARR 5000058c (sz=16, trace=300372, nelems=0, elem type=java.lang.String[]@500000b3)
ARR 5000058d (sz=112, trace=300347, nelems=0, elem type=char[])
OBJ 5000058e (sz=24, trace=300161, class=java.lang.String@500000b2)
OBJ 5000058f (sz=24, trace=300373, class=java.util.HashMap$Entry@5000012b)
	key		50000587
	value		5000058b
OBJ 50000590 (sz=24, trace=300367, class=java.lang.String@500000b2)
OBJ 50000591 (sz=24, trace=300366, class=java.lang.String@500000b2)
	value		50000592
ARR 50000592 (sz=54, trace=300365, nelems=27, elem type=char[])
OBJ 50000593 (sz=24, trace=300366, class=java.lang.String@500000b2)
	value		50000594
ARR 50000594 (sz=10, trace=300365, nelems=5, elem type=char[])
OBJ 50000595 (sz=24, trace=300366, class=java.lang.String@500000b2)
	value		50000596
ARR 50000596 (sz=18, trace=300365, nelems=9, elem type=char[])
OBJ 50000597 (sz=24, trace=300366, class=java.lang.String@500000b2)
	value		50000598
ARR 50000598 (sz=28, trace=300365, nelems=14, elem type=char[])
OBJ 50000599 (sz=24, trace=300366, class=java.lang.String@500000b2)
	value		5000059a
ARR 5000059a (sz=32, trace=300365, nelems=16, elem type=char[])
OBJ 5000059b (sz=24, trace=300366, class=java.lang.String@500000b2)
	value		5000059c
ARR 5000059c (sz=42, trace=300365, nelems=21, elem type=char[])
OBJ 5000059d (sz=24, trace=300366, class=java.lang.String@500000b2)
	value		5000059e
ARR 5000059e (sz=28, trace=300365, nelems=14, elem type=char[])
OBJ 5000059f (sz=24, trace=300366, class=java.lang.String@500000b2)
	value		500005a0
ARR 500005a0 (sz=28, trace=300365, nelems=14, elem type=char[])
OBJ 500005a1 (sz=24, trace=300366, class=java.lang.String@500000b2)
	value		500005a2
ARR 500005a2 (sz=24, trace=300365, nelems=12, elem type=char[])
OBJ 500005a3 (sz=24, trace=300366, class=java.lang.String@500000b2)
	value		500005a4
ARR 500005a4 (sz=38, trace=300365, nelems=19, elem type=char[])
OBJ 500005a5 (sz=24, trace=300366, class=java.lang.String@500000b2)
	value		500005a6
ARR 500005a6 (sz=8, trace=300365, nelems=4, elem type=char[])
OBJ 500005a7 (sz=24, trace=300366, class=java.lang.String@500000b2)
	value		500005a8
ARR 500005a8 (sz=24, trace=300365, nelems=12, elem type=char[])
OBJ 500005a9 (sz=24, trace=300366, class=java.lang.String@500000b2)
	value		500005aa
ARR 500005aa (sz=26, trace=300365, nelems=13, elem type=char[])
OBJ 500005ab (sz=24, trace=300366, class=java.lang.String@500000b2)
	value		500005ac
ARR 500005ac (sz=38, trace=300365, nelems=19, elem type=char[])
OBJ 500005ad (sz=24, trace=300366, class=java.lang.String@500000b2)
	value		500005ae
ARR 500005ae (sz=32, trace=300365, nelems=16, elem type=char[])
OBJ 500005af (sz=24, trace=300366, class=java.lang.String@500000b2)
	value		500005b0
ARR 500005b0 (sz=24, trace=300365, nelems=12, elem type=char[])
OBJ 500005b1 (sz=24, trace=300366, class=java.lang.String@500000b2)
	value		500005b2
ARR 500005b2 (sz=24, trace=300365, nelems=12, elem type=char[])
OBJ 500005b3 (sz=24, trace=300366, class=java.lang.String@500000b2)
	value		500005b4
ARR 500005b4 (sz=16, trace=300365, nelems=8, elem type=char[])
OBJ 500005b5 (sz=24, trace=300366, class=java.lang.String@500000b2)
	value		500005b6
ARR 500005b6 (sz=28, trace=300365, nelems=14, elem type=char[])
OBJ 500005b7 (sz=24, trace=300366, class=java.lang.String@500000b2)
	value		500005b8
ARR 500005b8 (sz=38, trace=300365, nelems=19, elem type=char[])
OBJ 500005b9 (sz=24, trace=300366, class=java.lang.String@500000b2)
	value		500005ba
ARR 500005ba (sz=30, trace=300365, nelems=15, elem type=char[])
OBJ 500005bb (sz=24, trace=300366, class=java.lang.String@500000b2)
	value		500005bc
ARR 500005bc (sz=24, trace=300365, nelems=12, elem type=char[])
OBJ 500005bd (sz=24, trace=300366, class=java.lang.String@500000b2)
	value		500005be
ARR 500005be (sz=30, trace=300365, nelems=15, elem type=char[])
OBJ 500005bf (sz=24, trace=300366, class=java.lang.String@500000b2)
	value		500005c0
ARR 500005c0 (sz=16, trace=300365, nelems=8, elem type=char[])
OBJ 500005c1 (sz=24, trace=300366, class=java.lang.String@500000b2)
	value		500005c2
ARR 500005c2 (sz=30, trace=300365, nelems=15, elem type=char[])
OBJ 500005c3 (sz=24, trace=300366, class=java.lang.String@500000b2)
	value		500005c4
ARR 500005c4 (sz=30, trace=300365, nelems=15, elem type=char[])
OBJ 500005c5 (sz=24, trace=300366, class=java.lang.String@500000b2)
	value		500005c6
ARR 500005c6 (sz=16, trace=300365, nelems=8, elem type=char[])
OBJ 500005c7 (sz=24, trace=300366, class=java.lang.String@500000b2)
	value		500005c8
ARR 500005c8 (sz=16, trace=300365, nelems=8, elem type=char[])
OBJ 500005c9 (sz=24, trace=300366, class=java.lang.String@500000b2)
	value		500005ca
ARR 500005ca (sz=34, trace=300365, nelems=17, elem type=char[])
OBJ 500005cb (sz=24, trace=300366, class=java.lang.String@500000b2)
	value		500005cc
ARR 500005cc (sz=28, trace=300365, nelems=14, elem type=char[])
OBJ 500005cd (sz=24, trace=300366, class=java.lang.String@500000b2)
	value		500005ce
ARR 500005ce (sz=20, trace=300365, nelems=10, elem type=char[])
OBJ 500005cf (sz=24, trace=300366, class=java.lang.String@500000b2)
	value		500005d0
ARR 500005d0 (sz=16, trace=300365, nelems=8, elem type=char[])
OBJ 500005d1 (sz=24, trace=300366, class=java.lang.String@500000b2)
	value		500005d2
ARR 500005d2 (sz=24, trace=300365, nelems=12, elem type=char[])
OBJ 500005d3 (sz=24, trace=300366, class=java.lang.String@500000b2)
	value		500005d4
ARR 500005d4 (sz=38, trace=300365, nelems=19, elem type=char[])
OBJ 500005d5 (sz=24, trace=300366, class=java.lang.String@500000b2)
	value		500005d6
ARR 500005d6 (sz=22, trace=300365, nelems=11, elem type=char[])
OBJ 500005d7 (sz=24, trace=300366, class=java.lang.String@500000b2)
	value		500005d8
ARR 500005d8 (sz=34, trace=300365, nelems=17, elem type=char[])
OBJ 500005d9 (sz=24, trace=300366, class=java.lang.String@500000b2)
	value		500005da
ARR 500005da (sz=26, trace=300365, nelems=13, elem type=char[])
OBJ 500005db (sz=24, trace=300366, class=java.lang.String@500000b2)
	value		500005dc
ARR 500005dc (sz=44, trace=300365, nelems=22, elem type=char[])
OBJ 500005dd (sz=24, trace=300366, class=java.lang.String@500000b2)
	value		500005de
ARR 500005de (sz=24, trace=300365, nelems=12, elem type=char[])
OBJ 500005df (sz=24, trace=300366, class=java.lang.String@500000b2)
	value		500005e0
ARR 500005e0 (sz=12, trace=300365, nelems=6, elem type=char[])
OBJ 500005e1 (sz=16, trace=300375, class=java.lang.StringBuffer@500000e4)
ARR 500005e2 (sz=176, trace=300376, nelems=0, elem type=char[])
OBJ 500005e3 (sz=48, trace=300255, class=java.nio.HeapCharBuffer@500000ad)
OBJ 500005e4 (sz=24, trace=300377, class=java.io.File@5000010e)
	path		500005e6
ARR 500005e5 (sz=104, trace=300378, nelems=0, elem type=char[])
OBJ 500005e6 (sz=24, trace=300379, class=java.lang.String@500000b2)
	value		500005e7
ARR 500005e7 (sz=86, trace=300203, nelems=43, elem type=char[])
OBJ 500005e8 (sz=16, trace=300380, class=sun.misc.MetaIndex@50000076)
	contents	5000141c
ARR 500005e9 (sz=16, trace=300381, nelems=0, elem type=java.lang.String[]@500000b3)
ARR 500005ea (sz=104, trace=300347, nelems=0, elem type=char[])
OBJ 500005eb (sz=24, trace=300161, class=java.lang.String@500000b2)
OBJ 500005ec (sz=24, trace=300382, class=java.util.HashMap$Entry@5000012b)
	key		500005e4
	value		500005e8
ARR 500005ed (sz=144, trace=300383, nelems=28, elem type=java.util.HashMap$Entry[]@5000012c)
	[0]		500013f3
	[1]		500013f4
	[3]		5000058f
	[4]		50000536
	[5]		500013f5
	[9]		500005ec
	[13]		50000512
	[17]		500013f6
	[21]		500013f7
	[27]		500013f8
OBJ 500005ee (sz=24, trace=300345, class=java.lang.String@500000b2)
OBJ 500005ef (sz=24, trace=300346, class=java.io.File@5000010e)
ARR 500005f0 (sz=88, trace=300347, nelems=0, elem type=char[])
OBJ 500005f1 (sz=24, trace=300161, class=java.lang.String@500000b2)
OBJ 500005f2 (sz=24, trace=300345, class=java.lang.String@500000b2)
OBJ 500005f3 (sz=24, trace=300346, class=java.io.File@5000010e)
ARR 500005f4 (sz=88, trace=300347, nelems=0, elem type=char[])
OBJ 500005f5 (sz=24, trace=300161, class=java.lang.String@500000b2)
OBJ 500005f6 (sz=24, trace=300345, class=java.lang.String@500000b2)
OBJ 500005f7 (sz=24, trace=300346, class=java.io.File@5000010e)
ARR 500005f8 (sz=88, trace=300347, nelems=0, elem type=char[])
OBJ 500005f9 (sz=24, trace=300161, class=java.lang.String@500000b2)
OBJ 500005fa (sz=24, trace=300345, class=java.lang.String@500000b2)
OBJ 500005fb (sz=24, trace=300346, class=java.io.File@5000010e)
ARR 500005fc (sz=88, trace=300347, nelems=0, elem type=char[])
OBJ 500005fd (sz=24, trace=300161, class=java.lang.String@500000b2)
OBJ 500005fe (sz=24, trace=300345, class=java.lang.String@500000b2)
OBJ 500005ff (sz=24, trace=300346, class=java.io.File@5000010e)
ARR 50000600 (sz=88, trace=300347, nelems=0, elem type=char[])
OBJ 50000601 (sz=24, trace=300161, class=java.lang.String@500000b2)
OBJ 50000602 (sz=24, trace=300345, class=java.lang.String@500000b2)
OBJ 50000603 (sz=24, trace=300346, class=java.io.File@5000010e)
ARR 50000604 (sz=104, trace=300347, nelems=0, elem type=char[])
OBJ 50000605 (sz=24, trace=300161, class=java.lang.String@500000b2)
OBJ 50000606 (sz=24, trace=300321, class=java.util.HashMap$Entry@5000012b)
OBJ 50000607 (sz=24, trace=300348, class=java.io.File@5000010e)
ARR 50000608 (sz=128, trace=300349, nelems=0, elem type=char[])
OBJ 50000609 (sz=24, trace=300350, class=java.lang.String@500000b2)
ARR 5000060a (sz=128, trace=300203, nelems=0, elem type=char[])
OBJ 5000060b (sz=24, trace=300345, class=java.lang.String@500000b2)
OBJ 5000060c (sz=24, trace=300346, class=java.io.File@5000010e)
ARR 5000060d (sz=80, trace=300347, nelems=0, elem type=char[])
OBJ 5000060e (sz=24, trace=300161, class=java.lang.String@500000b2)
OBJ 5000060f (sz=24, trace=300321, class=java.util.HashMap$Entry@5000012b)
OBJ 50000610 (sz=24, trace=300348, class=java.io.File@5000010e)
ARR 50000611 (sz=104, trace=300349, nelems=0, elem type=char[])
OBJ 50000612 (sz=24, trace=300350, class=java.lang.String@500000b2)
ARR 50000613 (sz=104, trace=300203, nelems=0, elem type=char[])
ARR 50000614 (sz=48, trace=300384, nelems=0, elem type=java.net.URL[]@50000011)
OBJ 50000615 (sz=24, trace=300180, class=java.lang.String@500000b2)
	value		5000102f
OBJ 50000616 (sz=24, trace=300181, class=java.io.ExpiringCache$Entry@500000eb)
	val		50001228
OBJ 50000617 (sz=32, trace=300182, class=java.util.LinkedHashMap$Entry@50000064)
	key		500004b6
	value		50000616
	before		500004e2
	after		50000637
OBJ 50000618 (sz=24, trace=300184, class=java.lang.String@500000b2)
	value		50001229
OBJ 50000619 (sz=24, trace=300185, class=java.io.File@5000010e)
OBJ 5000061a (sz=24, trace=300385, class=java.io.ExpiringCache$Entry@500000eb)
	val		50000618
OBJ 5000061b (sz=32, trace=300182, class=java.util.LinkedHashMap$Entry@50000064)
	key		50000615
	value		5000061a
	before		50001232
	after		5000122f
OBJ 5000061c (sz=24, trace=300386, class=java.io.File@5000010e)
ARR 5000061d (sz=248, trace=300387, nelems=0, elem type=char[])
ARR 5000061e (sz=112, trace=300388, nelems=0, elem type=char[])
OBJ 5000061f (sz=24, trace=300389, class=java.lang.String@500000b2)
ARR 50000620 (sz=120, trace=300390, nelems=0, elem type=char[])
OBJ 50000621 (sz=16, trace=300391, class=java.lang.StringBuilder@50000123)
ARR 50000622 (sz=48, trace=300392, nelems=0, elem type=char[])
ARR 50000623 (sz=128, trace=300100, nelems=0, elem type=char[])
OBJ 50000624 (sz=24, trace=300393, class=java.lang.String@500000b2)
	value		50000625
ARR 50000625 (sz=110, trace=300394, nelems=55, elem type=char[])
OBJ 50000626 (sz=56, trace=300395, class=java.net.URL@50000010)
	protocol	5000110c
	host		50000f07
	file		50000624
	authority	50000f07
	path		50000624
	handler		5000110a
OBJ 50000627 (sz=24, trace=300396, class=java.net.Parts@500000a7)
OBJ 50000628 (sz=24, trace=300180, class=java.lang.String@500000b2)
OBJ 50000629 (sz=24, trace=300397, class=java.lang.String@500000b2)
OBJ 5000062a (sz=16, trace=300398, class=java.lang.StringBuilder@50000123)
ARR 5000062b (sz=48, trace=300399, nelems=0, elem type=char[])
ARR 5000062c (sz=88, trace=300100, nelems=0, elem type=char[])
ARR 5000062d (sz=160, trace=300400, nelems=0, elem type=char[])
OBJ 5000062e (sz=24, trace=300401, class=java.lang.String@500000b2)
ARR 5000062f (sz=104, trace=300402, nelems=0, elem type=char[])
OBJ 50000630 (sz=16, trace=300403, class=java.lang.StringBuilder@50000123)
ARR 50000631 (sz=48, trace=300404, nelems=0, elem type=char[])
ARR 50000632 (sz=88, trace=300100, nelems=0, elem type=char[])
ARR 50000633 (sz=160, trace=300400, nelems=0, elem type=char[])
OBJ 50000634 (sz=24, trace=300405, class=java.lang.String@500000b2)
	value		50000635
ARR 50000635 (sz=86, trace=300406, nelems=43, elem type=char[])
OBJ 50000636 (sz=24, trace=300407, class=java.io.ExpiringCache$Entry@500000eb)
	val		5000122a
OBJ 50000637 (sz=32, trace=300182, class=java.util.LinkedHashMap$Entry@50000064)
	key		50000634
	value		50000636
	before		50000617
	after		50000653
OBJ 50000638 (sz=24, trace=300386, class=java.io.File@5000010e)
ARR 50000639 (sz=216, trace=300387, nelems=0, elem type=char[])
ARR 5000063a (sz=104, trace=300388, nelems=0, elem type=char[])
OBJ 5000063b (sz=24, trace=300389, class=java.lang.String@500000b2)
ARR 5000063c (sz=112, trace=300390, nelems=0, elem type=char[])
OBJ 5000063d (sz=16, trace=300391, class=java.lang.StringBuilder@50000123)
ARR 5000063e (sz=48, trace=300392, nelems=0, elem type=char[])
ARR 5000063f (sz=112, trace=300100, nelems=0, elem type=char[])
OBJ 50000640 (sz=24, trace=300393, class=java.lang.String@500000b2)
	value		50000641
ARR 50000641 (sz=96, trace=300394, nelems=48, elem type=char[])
OBJ 50000642 (sz=56, trace=300395, class=java.net.URL@50000010)
	protocol	5000110c
	host		50000f07
	file		50000640
	authority	50000f07
	path		50000640
	handler		5000110a
OBJ 50000643 (sz=24, trace=300396, class=java.net.Parts@500000a7)
OBJ 50000644 (sz=24, trace=300180, class=java.lang.String@500000b2)
OBJ 50000645 (sz=24, trace=300397, class=java.lang.String@500000b2)
OBJ 50000646 (sz=16, trace=300398, class=java.lang.StringBuilder@50000123)
ARR 50000647 (sz=48, trace=300399, nelems=0, elem type=char[])
ARR 50000648 (sz=88, trace=300100, nelems=0, elem type=char[])
ARR 50000649 (sz=160, trace=300400, nelems=0, elem type=char[])
OBJ 5000064a (sz=24, trace=300401, class=java.lang.String@500000b2)
ARR 5000064b (sz=120, trace=300402, nelems=0, elem type=char[])
OBJ 5000064c (sz=16, trace=300403, class=java.lang.StringBuilder@50000123)
ARR 5000064d (sz=48, trace=300404, nelems=0, elem type=char[])
ARR 5000064e (sz=88, trace=300100, nelems=0, elem type=char[])
ARR 5000064f (sz=160, trace=300400, nelems=0, elem type=char[])
OBJ 50000650 (sz=24, trace=300405, class=java.lang.String@500000b2)
	value		50000651
ARR 50000651 (sz=102, trace=300406, nelems=51, elem type=char[])
OBJ 50000652 (sz=24, trace=300407, class=java.io.ExpiringCache$Entry@500000eb)
	val		500011e3
OBJ 50000653 (sz=32, trace=300182, class=java.util.LinkedHashMap$Entry@50000064)
	key		50000650
	value		50000652
	next		500011e2
	before		50000637
	after		5000066f
OBJ 50000654 (sz=24, trace=300386, class=java.io.File@5000010e)
ARR 50000655 (sz=248, trace=300387, nelems=0, elem type=char[])
ARR 50000656 (sz=120, trace=300388, nelems=0, elem type=char[])
OBJ 50000657 (sz=24, trace=300389, class=java.lang.String@500000b2)
ARR 50000658 (sz=128, trace=300390, nelems=0, elem type=char[])
OBJ 50000659 (sz=16, trace=300391, class=java.lang.StringBuilder@50000123)
ARR 5000065a (sz=48, trace=300392, nelems=0, elem type=char[])
ARR 5000065b (sz=128, trace=300100, nelems=0, elem type=char[])
OBJ 5000065c (sz=24, trace=300393, class=java.lang.String@500000b2)
	value		5000065d
ARR 5000065d (sz=112, trace=300394, nelems=56, elem type=char[])
OBJ 5000065e (sz=56, trace=300395, class=java.net.URL@50000010)
	protocol	5000110c
	host		50000f07
	file		5000065c
	authority	50000f07
	path		5000065c
	handler		5000110a
OBJ 5000065f (sz=24, trace=300396, class=java.net.Parts@500000a7)
OBJ 50000660 (sz=24, trace=300180, class=java.lang.String@500000b2)
OBJ 50000661 (sz=24, trace=300397, class=java.lang.String@500000b2)
OBJ 50000662 (sz=16, trace=300398, class=java.lang.StringBuilder@50000123)
ARR 50000663 (sz=48, trace=300399, nelems=0, elem type=char[])
ARR 50000664 (sz=88, trace=300100, nelems=0, elem type=char[])
ARR 50000665 (sz=160, trace=300400, nelems=0, elem type=char[])
OBJ 50000666 (sz=24, trace=300401, class=java.lang.String@500000b2)
ARR 50000667 (sz=104, trace=300402, nelems=0, elem type=char[])
OBJ 50000668 (sz=16, trace=300403, class=java.lang.StringBuilder@50000123)
ARR 50000669 (sz=48, trace=300404, nelems=0, elem type=char[])
ARR 5000066a (sz=88, trace=300100, nelems=0, elem type=char[])
ARR 5000066b (sz=160, trace=300400, nelems=0, elem type=char[])
OBJ 5000066c (sz=24, trace=300405, class=java.lang.String@500000b2)
	value		5000066d
ARR 5000066d (sz=90, trace=300406, nelems=45, elem type=char[])
OBJ 5000066e (sz=24, trace=300407, class=java.io.ExpiringCache$Entry@500000eb)
	val		5000122c
OBJ 5000066f (sz=32, trace=300182, class=java.util.LinkedHashMap$Entry@50000064)
	key		5000066c
	value		5000066e
	before		50000653
	after		5000068b
OBJ 50000670 (sz=24, trace=300386, class=java.io.File@5000010e)
ARR 50000671 (sz=224, trace=300387, nelems=0, elem type=char[])
ARR 50000672 (sz=104, trace=300388, nelems=0, elem type=char[])
OBJ 50000673 (sz=24, trace=300389, class=java.lang.String@500000b2)
ARR 50000674 (sz=112, trace=300390, nelems=0, elem type=char[])
OBJ 50000675 (sz=16, trace=300391, class=java.lang.StringBuilder@50000123)
ARR 50000676 (sz=48, trace=300392, nelems=0, elem type=char[])
ARR 50000677 (sz=112, trace=300100, nelems=0, elem type=char[])
OBJ 50000678 (sz=24, trace=300393, class=java.lang.String@500000b2)
	value		50000679
ARR 50000679 (sz=100, trace=300394, nelems=50, elem type=char[])
OBJ 5000067a (sz=56, trace=300395, class=java.net.URL@50000010)
	protocol	5000110c
	host		50000f07
	file		50000678
	authority	50000f07
	path		50000678
	handler		5000110a
OBJ 5000067b (sz=24, trace=300396, class=java.net.Parts@500000a7)
OBJ 5000067c (sz=24, trace=300180, class=java.lang.String@500000b2)
OBJ 5000067d (sz=24, trace=300397, class=java.lang.String@500000b2)
OBJ 5000067e (sz=16, trace=300398, class=java.lang.StringBuilder@50000123)
ARR 5000067f (sz=48, trace=300399, nelems=0, elem type=char[])
ARR 50000680 (sz=88, trace=300100, nelems=0, elem type=char[])
ARR 50000681 (sz=160, trace=300400, nelems=0, elem type=char[])
OBJ 50000682 (sz=24, trace=300401, class=java.lang.String@500000b2)
ARR 50000683 (sz=104, trace=300402, nelems=0, elem type=char[])
OBJ 50000684 (sz=16, trace=300403, class=java.lang.StringBuilder@50000123)
ARR 50000685 (sz=48, trace=300404, nelems=0, elem type=char[])
ARR 50000686 (sz=88, trace=300100, nelems=0, elem type=char[])
ARR 50000687 (sz=160, trace=300400, nelems=0, elem type=char[])
OBJ 50000688 (sz=24, trace=300405, class=java.lang.String@500000b2)
	value		50000689
ARR 50000689 (sz=88, trace=300406, nelems=44, elem type=char[])
OBJ 5000068a (sz=24, trace=300407, class=java.io.ExpiringCache$Entry@500000eb)
	val		50001222
OBJ 5000068b (sz=32, trace=300182, class=java.util.LinkedHashMap$Entry@50000064)
	key		50000688
	value		5000068a
	next		500004e2
	before		5000066f
	after		500006a7
OBJ 5000068c (sz=24, trace=300386, class=java.io.File@5000010e)
ARR 5000068d (sz=224, trace=300387, nelems=0, elem type=char[])
ARR 5000068e (sz=104, trace=300388, nelems=0, elem type=char[])
OBJ 5000068f (sz=24, trace=300389, class=java.lang.String@500000b2)
ARR 50000690 (sz=112, trace=300390, nelems=0, elem type=char[])
OBJ 50000691 (sz=16, trace=300391, class=java.lang.StringBuilder@50000123)
ARR 50000692 (sz=48, trace=300392, nelems=0, elem type=char[])
ARR 50000693 (sz=112, trace=300100, nelems=0, elem type=char[])
OBJ 50000694 (sz=24, trace=300393, class=java.lang.String@500000b2)
	value		50000695
ARR 50000695 (sz=98, trace=300394, nelems=49, elem type=char[])
OBJ 50000696 (sz=56, trace=300395, class=java.net.URL@50000010)
	protocol	5000110c
	host		50000f07
	file		50000694
	authority	50000f07
	path		50000694
	handler		5000110a
OBJ 50000697 (sz=24, trace=300396, class=java.net.Parts@500000a7)
OBJ 50000698 (sz=24, trace=300180, class=java.lang.String@500000b2)
OBJ 50000699 (sz=24, trace=300397, class=java.lang.String@500000b2)
OBJ 5000069a (sz=16, trace=300398, class=java.lang.StringBuilder@50000123)
ARR 5000069b (sz=48, trace=300399, nelems=0, elem type=char[])
ARR 5000069c (sz=88, trace=300100, nelems=0, elem type=char[])
ARR 5000069d (sz=160, trace=300400, nelems=0, elem type=char[])
OBJ 5000069e (sz=24, trace=300401, class=java.lang.String@500000b2)
ARR 5000069f (sz=112, trace=300402, nelems=0, elem type=char[])
OBJ 500006a0 (sz=16, trace=300403, class=java.lang.StringBuilder@50000123)
ARR 500006a1 (sz=48, trace=300404, nelems=0, elem type=char[])
ARR 500006a2 (sz=88, trace=300100, nelems=0, elem type=char[])
ARR 500006a3 (sz=160, trace=300400, nelems=0, elem type=char[])
OBJ 500006a4 (sz=24, trace=300405, class=java.lang.String@500000b2)
	value		500006a5
ARR 500006a5 (sz=98, trace=300406, nelems=49, elem type=char[])
OBJ 500006a6 (sz=24, trace=300407, class=java.io.ExpiringCache$Entry@500000eb)
	val		50001220
OBJ 500006a7 (sz=32, trace=300182, class=java.util.LinkedHashMap$Entry@50000064)
	key		500006a4
	value		500006a6
	before		5000068b
	after		500006b6
OBJ 500006a8 (sz=24, trace=300386, class=java.io.File@5000010e)
ARR 500006a9 (sz=240, trace=300387, nelems=0, elem type=char[])
ARR 500006aa (sz=112, trace=300388, nelems=0, elem type=char[])
OBJ 500006ab (sz=24, trace=300389, class=java.lang.String@500000b2)
ARR 500006ac (sz=120, trace=300390, nelems=0, elem type=char[])
OBJ 500006ad (sz=16, trace=300391, class=java.lang.StringBuilder@50000123)
ARR 500006ae (sz=48, trace=300392, nelems=0, elem type=char[])
ARR 500006af (sz=120, trace=300100, nelems=0, elem type=char[])
OBJ 500006b0 (sz=24, trace=300393, class=java.lang.String@500000b2)
	value		500006b1
ARR 500006b1 (sz=108, trace=300394, nelems=54, elem type=char[])
OBJ 500006b2 (sz=56, trace=300395, class=java.net.URL@50000010)
	protocol	5000110c
	host		50000f07
	file		500006b0
	authority	50000f07
	path		500006b0
	handler		5000110a
OBJ 500006b3 (sz=24, trace=300396, class=java.net.Parts@500000a7)
OBJ 500006b4 (sz=24, trace=300180, class=java.lang.String@500000b2)
OBJ 500006b5 (sz=24, trace=300181, class=java.io.ExpiringCache$Entry@500000eb)
	val		5000121e
OBJ 500006b6 (sz=32, trace=300182, class=java.util.LinkedHashMap$Entry@50000064)
	key		500004c2
	value		500006b5
	next		50001212
	before		500006a7
	after		500006c7
OBJ 500006b7 (sz=24, trace=300184, class=java.lang.String@500000b2)
OBJ 500006b8 (sz=24, trace=300185, class=java.io.File@5000010e)
OBJ 500006b9 (sz=24, trace=300386, class=java.io.File@5000010e)
ARR 500006ba (sz=272, trace=300387, nelems=0, elem type=char[])
ARR 500006bb (sz=128, trace=300388, nelems=0, elem type=char[])
OBJ 500006bc (sz=24, trace=300389, class=java.lang.String@500000b2)
ARR 500006bd (sz=136, trace=300390, nelems=0, elem type=char[])
OBJ 500006be (sz=16, trace=300391, class=java.lang.StringBuilder@50000123)
ARR 500006bf (sz=48, trace=300392, nelems=0, elem type=char[])
ARR 500006c0 (sz=136, trace=300100, nelems=0, elem type=char[])
OBJ 500006c1 (sz=24, trace=300393, class=java.lang.String@500000b2)
	value		500006c2
ARR 500006c2 (sz=124, trace=300394, nelems=62, elem type=char[])
OBJ 500006c3 (sz=56, trace=300395, class=java.net.URL@50000010)
	protocol	5000110c
	host		50000f07
	file		500006c1
	authority	50000f07
	path		500006c1
	handler		5000110a
OBJ 500006c4 (sz=24, trace=300396, class=java.net.Parts@500000a7)
OBJ 500006c5 (sz=24, trace=300180, class=java.lang.String@500000b2)
OBJ 500006c6 (sz=24, trace=300181, class=java.io.ExpiringCache$Entry@500000eb)
	val		5000121c
OBJ 500006c7 (sz=32, trace=300182, class=java.util.LinkedHashMap$Entry@50000064)
	key		500004c4
	value		500006c6
	next		500011e9
	before		500006b6
	after		500011d9
OBJ 500006c8 (sz=24, trace=300184, class=java.lang.String@500000b2)
OBJ 500006c9 (sz=24, trace=300185, class=java.io.File@5000010e)
OBJ 500006ca (sz=24, trace=300386, class=java.io.File@5000010e)
ARR 500006cb (sz=208, trace=300387, nelems=0, elem type=char[])
ARR 500006cc (sz=96, trace=300388, nelems=0, elem type=char[])
OBJ 500006cd (sz=24, trace=300389, class=java.lang.String@500000b2)
ARR 500006ce (sz=104, trace=300390, nelems=0, elem type=char[])
OBJ 500006cf (sz=16, trace=300391, class=java.lang.StringBuilder@50000123)
ARR 500006d0 (sz=48, trace=300392, nelems=0, elem type=char[])
ARR 500006d1 (sz=104, trace=300100, nelems=0, elem type=char[])
OBJ 500006d2 (sz=24, trace=300393, class=java.lang.String@500000b2)
	value		500006d3
ARR 500006d3 (sz=90, trace=300394, nelems=45, elem type=char[])
OBJ 500006d4 (sz=56, trace=300395, class=java.net.URL@50000010)
	protocol	5000110c
	host		50000f07
	file		500006d2
	authority	50000f07
	path		500006d2
	handler		5000110a
OBJ 500006d5 (sz=24, trace=300396, class=java.net.Parts@500000a7)
OBJ 500006d6 (sz=32, trace=300408, class=sun.misc.URLClassPath@50000022)
	path		500006d7
	urls		500006d9
	loaders		500006db
	lmap		500006dd
	jarHandler	500006e4
OBJ 500006d7 (sz=24, trace=300361, class=java.util.ArrayList@500000b1)
	elementData	500006d8
ARR 500006d8 (sz=56, trace=300409, nelems=8, elem type=java.lang.Object[]@500000fa)
	[0]		50000626
	[1]		50000642
	[2]		5000065e
	[3]		5000067a
	[4]		50000696
	[5]		500006b2
	[6]		500006c3
	[7]		500006d4
OBJ 500006d9 (sz=24, trace=300024, class=java.util.Stack@5000008e)
	elementData	500006da
ARR 500006da (sz=56, trace=300410, nelems=0, elem type=java.lang.Object[]@500000fa)
OBJ 500006db (sz=24, trace=300361, class=java.util.ArrayList@500000b1)
	elementData	500006dc
ARR 500006dc (sz=56, trace=300411, nelems=5, elem type=java.lang.Object[]@500000fa)
	[0]		500006f7
	[1]		50000720
	[2]		5000078d
	[3]		500007b6
	[4]		500007df
OBJ 500006dd (sz=40, trace=300412, class=java.util.HashMap@50000008)
	table		500006de
ARR 500006de (sz=80, trace=300413, nelems=14, elem type=java.util.HashMap$Entry[]@5000012c)
	[1]		500007cc
	[3]		500007f5
	[13]		50000736
OBJ 500006df (sz=16, trace=300414, class=java.lang.StringBuilder@50000123)
ARR 500006e0 (sz=48, trace=300415, nelems=0, elem type=char[])
ARR 500006e1 (sz=80, trace=300100, nelems=0, elem type=char[])
OBJ 500006e2 (sz=24, trace=300416, class=java.lang.String@500000b2)
ARR 500006e3 (sz=80, trace=300417, nelems=0, elem type=char[])
OBJ 500006e4 (sz=8, trace=300418, class=sun.net.www.protocol.jar.Handler@5000013e)
OBJ 500006e5 (sz=16, trace=300098, class=java.lang.StringBuilder@50000123)
ARR 500006e6 (sz=48, trace=300099, nelems=0, elem type=char[])
ARR 500006e7 (sz=136, trace=300100, nelems=0, elem type=char[])
OBJ 500006e8 (sz=24, trace=300101, class=java.lang.String@500000b2)
	value		500006e9
ARR 500006e9 (sz=124, trace=300102, nelems=62, elem type=char[])
OBJ 500006ea (sz=16, trace=300104, class=sun.misc.URLClassPath$3@50000249)
OBJ 500006eb (sz=16, trace=300106, class=java.lang.StringBuilder@50000123)
ARR 500006ec (sz=48, trace=300107, nelems=0, elem type=char[])
OBJ 500006ed (sz=16, trace=300108, class=java.lang.StringBuffer@500000e4)
ARR 500006ee (sz=136, trace=300109, nelems=0, elem type=char[])
OBJ 500006ef (sz=24, trace=300110, class=java.lang.String@500000b2)
ARR 500006f0 (sz=136, trace=300111, nelems=0, elem type=char[])
ARR 500006f1 (sz=136, trace=300100, nelems=0, elem type=char[])
ARR 500006f2 (sz=256, trace=300100, nelems=0, elem type=char[])
OBJ 500006f3 (sz=24, trace=300112, class=java.lang.String@500000b2)
	value		500006f4
ARR 500006f4 (sz=124, trace=300113, nelems=62, elem type=char[])
OBJ 500006f5 (sz=56, trace=300114, class=java.net.URL@50000010)
	protocol	500013e6
	host		50000f07
	file		500006f3
	authority	50000f07
	path		500006f3
	handler		500006e4
OBJ 500006f6 (sz=24, trace=300115, class=java.net.Parts@500000a7)
OBJ 500006f7 (sz=48, trace=300116, class=sun.misc.URLClassPath$JarLoader@5000024c)
	base		500006f5
	csu		50000626
	metaIndex	5000058b
	handler		500006e4
	lmap		500006dd
OBJ 500006f8 (sz=16, trace=300117, class=java.lang.StringBuilder@50000123)
ARR 500006f9 (sz=128, trace=300118, nelems=0, elem type=char[])
ARR 500006fa (sz=72, trace=300119, nelems=0, elem type=byte[])
OBJ 500006fb (sz=48, trace=300120, class=java.nio.HeapByteBuffer@500000d0)
ARR 500006fc (sz=128, trace=300121, nelems=0, elem type=char[])
OBJ 500006fd (sz=48, trace=300122, class=java.nio.HeapCharBuffer@500000ad)
OBJ 500006fe (sz=24, trace=300150, class=java.lang.String@500000b2)
OBJ 500006ff (sz=24, trace=300151, class=java.lang.String@500000b2)
ARR 50000700 (sz=16, trace=300152, nelems=0, elem type=char[])
OBJ 50000701 (sz=24, trace=300150, class=java.lang.String@500000b2)
OBJ 50000702 (sz=24, trace=300151, class=java.lang.String@500000b2)
ARR 50000703 (sz=16, trace=300152, nelems=0, elem type=char[])
OBJ 50000704 (sz=24, trace=300153, class=java.lang.String@500000b2)
ARR 50000705 (sz=120, trace=300154, nelems=0, elem type=char[])
OBJ 50000706 (sz=24, trace=300155, class=java.io.File@5000010e)
OBJ 50000707 (sz=16, trace=300156, class=java.lang.StringBuffer@500000e4)
ARR 50000708 (sz=120, trace=300157, nelems=0, elem type=char[])
OBJ 50000709 (sz=24, trace=300158, class=java.lang.String@500000b2)
ARR 5000070a (sz=112, trace=300159, nelems=0, elem type=char[])
ARR 5000070b (sz=112, trace=300160, nelems=0, elem type=char[])
OBJ 5000070c (sz=24, trace=300161, class=java.lang.String@500000b2)
OBJ 5000070d (sz=24, trace=300162, class=java.util.HashMap$Entry@5000012b)
	key		500006e8
	value		500006f7
OBJ 5000070e (sz=16, trace=300098, class=java.lang.StringBuilder@50000123)
ARR 5000070f (sz=48, trace=300099, nelems=0, elem type=char[])
ARR 50000710 (sz=128, trace=300100, nelems=0, elem type=char[])
OBJ 50000711 (sz=24, trace=300101, class=java.lang.String@500000b2)
	value		50000712
ARR 50000712 (sz=110, trace=300102, nelems=55, elem type=char[])
OBJ 50000713 (sz=16, trace=300104, class=sun.misc.URLClassPath$3@50000249)
OBJ 50000714 (sz=16, trace=300106, class=java.lang.StringBuilder@50000123)
ARR 50000715 (sz=48, trace=300107, nelems=0, elem type=char[])
OBJ 50000716 (sz=16, trace=300108, class=java.lang.StringBuffer@500000e4)
ARR 50000717 (sz=120, trace=300109, nelems=0, elem type=char[])
OBJ 50000718 (sz=24, trace=300110, class=java.lang.String@500000b2)
ARR 50000719 (sz=120, trace=300111, nelems=0, elem type=char[])
ARR 5000071a (sz=120, trace=300100, nelems=0, elem type=char[])
ARR 5000071b (sz=232, trace=300100, nelems=0, elem type=char[])
OBJ 5000071c (sz=24, trace=300112, class=java.lang.String@500000b2)
	value		5000071d
ARR 5000071d (sz=110, trace=300113, nelems=55, elem type=char[])
OBJ 5000071e (sz=56, trace=300114, class=java.net.URL@50000010)
	protocol	500013e6
	host		50000f07
	file		5000071c
	authority	50000f07
	path		5000071c
	handler		500006e4
OBJ 5000071f (sz=24, trace=300115, class=java.net.Parts@500000a7)
OBJ 50000720 (sz=48, trace=300116, class=sun.misc.URLClassPath$JarLoader@5000024c)
	base		5000071e
	csu		50000642
	metaIndex	500005e8
	handler		500006e4
	lmap		500006dd
OBJ 50000721 (sz=16, trace=300117, class=java.lang.StringBuilder@50000123)
ARR 50000722 (sz=112, trace=300118, nelems=0, elem type=char[])
ARR 50000723 (sz=64, trace=300119, nelems=0, elem type=byte[])
OBJ 50000724 (sz=48, trace=300120, class=java.nio.HeapByteBuffer@500000d0)
ARR 50000725 (sz=112, trace=300121, nelems=0, elem type=char[])
OBJ 50000726 (sz=48, trace=300122, class=java.nio.HeapCharBuffer@500000ad)
OBJ 50000727 (sz=24, trace=300150, class=java.lang.String@500000b2)
OBJ 50000728 (sz=24, trace=300151, class=java.lang.String@500000b2)
ARR 50000729 (sz=16, trace=300152, nelems=0, elem type=char[])
OBJ 5000072a (sz=24, trace=300150, class=java.lang.String@500000b2)
OBJ 5000072b (sz=24, trace=300151, class=java.lang.String@500000b2)
ARR 5000072c (sz=16, trace=300152, nelems=0, elem type=char[])
OBJ 5000072d (sz=24, trace=300153, class=java.lang.String@500000b2)
ARR 5000072e (sz=104, trace=300154, nelems=0, elem type=char[])
OBJ 5000072f (sz=24, trace=300155, class=java.io.File@5000010e)
OBJ 50000730 (sz=16, trace=300156, class=java.lang.StringBuffer@500000e4)
ARR 50000731 (sz=104, trace=300157, nelems=0, elem type=char[])
OBJ 50000732 (sz=24, trace=300158, class=java.lang.String@500000b2)
ARR 50000733 (sz=104, trace=300159, nelems=0, elem type=char[])
ARR 50000734 (sz=104, trace=300160, nelems=0, elem type=char[])
OBJ 50000735 (sz=24, trace=300161, class=java.lang.String@500000b2)
OBJ 50000736 (sz=24, trace=300162, class=java.util.HashMap$Entry@5000012b)
	key		50000711
	value		50000720
OBJ 50000737 (sz=16, trace=300098, class=java.lang.StringBuilder@50000123)
ARR 50000738 (sz=48, trace=300099, nelems=0, elem type=char[])
ARR 50000739 (sz=144, trace=300100, nelems=0, elem type=char[])
OBJ 5000073a (sz=24, trace=300101, class=java.lang.String@500000b2)
ARR 5000073b (sz=144, trace=300102, nelems=0, elem type=char[])
OBJ 5000073c (sz=16, trace=300104, class=sun.misc.URLClassPath$3@50000249)
OBJ 5000073d (sz=16, trace=300106, class=java.lang.StringBuilder@50000123)
ARR 5000073e (sz=48, trace=300107, nelems=0, elem type=char[])
OBJ 5000073f (sz=16, trace=300108, class=java.lang.StringBuffer@500000e4)
ARR 50000740 (sz=136, trace=300109, nelems=0, elem type=char[])
OBJ 50000741 (sz=24, trace=300110, class=java.lang.String@500000b2)
ARR 50000742 (sz=136, trace=300111, nelems=0, elem type=char[])
ARR 50000743 (sz=136, trace=300100, nelems=0, elem type=char[])
ARR 50000744 (sz=264, trace=300100, nelems=0, elem type=char[])
OBJ 50000745 (sz=24, trace=300112, class=java.lang.String@500000b2)
ARR 50000746 (sz=144, trace=300113, nelems=0, elem type=char[])
OBJ 50000747 (sz=56, trace=300114, class=java.net.URL@50000010)
OBJ 50000748 (sz=24, trace=300115, class=java.net.Parts@500000a7)
OBJ 50000749 (sz=48, trace=300116, class=sun.misc.URLClassPath$JarLoader@5000024c)
OBJ 5000074a (sz=16, trace=300117, class=java.lang.StringBuilder@50000123)
ARR 5000074b (sz=128, trace=300118, nelems=0, elem type=char[])
ARR 5000074c (sz=72, trace=300119, nelems=0, elem type=byte[])
OBJ 5000074d (sz=48, trace=300120, class=java.nio.HeapByteBuffer@500000d0)
ARR 5000074e (sz=128, trace=300121, nelems=0, elem type=char[])
OBJ 5000074f (sz=48, trace=300122, class=java.nio.HeapCharBuffer@500000ad)
OBJ 50000750 (sz=24, trace=300150, class=java.lang.String@500000b2)
OBJ 50000751 (sz=24, trace=300151, class=java.lang.String@500000b2)
ARR 50000752 (sz=16, trace=300152, nelems=0, elem type=char[])
OBJ 50000753 (sz=24, trace=300150, class=java.lang.String@500000b2)
OBJ 50000754 (sz=24, trace=300151, class=java.lang.String@500000b2)
ARR 50000755 (sz=16, trace=300152, nelems=0, elem type=char[])
OBJ 50000756 (sz=24, trace=300153, class=java.lang.String@500000b2)
ARR 50000757 (sz=120, trace=300154, nelems=0, elem type=char[])
OBJ 50000758 (sz=24, trace=300155, class=java.io.File@5000010e)
OBJ 50000759 (sz=16, trace=300156, class=java.lang.StringBuffer@500000e4)
ARR 5000075a (sz=120, trace=300157, nelems=0, elem type=char[])
OBJ 5000075b (sz=24, trace=300158, class=java.lang.String@500000b2)
ARR 5000075c (sz=120, trace=300159, nelems=0, elem type=char[])
ARR 5000075d (sz=120, trace=300160, nelems=0, elem type=char[])
OBJ 5000075e (sz=24, trace=300161, class=java.lang.String@500000b2)
OBJ 5000075f (sz=16, trace=300205, class=sun.misc.URLClassPath$JarLoader$1@500003f6)
OBJ 50000760 (sz=16, trace=300207, class=sun.misc.FileURLMapper@500003f8)
ARR 50000761 (sz=128, trace=300208, nelems=0, elem type=char[])
OBJ 50000762 (sz=24, trace=300209, class=java.lang.String@500000b2)
OBJ 50000763 (sz=16, trace=300210, class=java.lang.StringBuilder@50000123)
ARR 50000764 (sz=128, trace=300211, nelems=0, elem type=char[])
ARR 50000765 (sz=72, trace=300212, nelems=0, elem type=byte[])
OBJ 50000766 (sz=48, trace=300120, class=java.nio.HeapByteBuffer@500000d0)
ARR 50000767 (sz=128, trace=300213, nelems=0, elem type=char[])
OBJ 50000768 (sz=48, trace=300122, class=java.nio.HeapCharBuffer@500000ad)
OBJ 50000769 (sz=24, trace=300150, class=java.lang.String@500000b2)
OBJ 5000076a (sz=24, trace=300151, class=java.lang.String@500000b2)
ARR 5000076b (sz=16, trace=300152, nelems=0, elem type=char[])
OBJ 5000076c (sz=24, trace=300150, class=java.lang.String@500000b2)
OBJ 5000076d (sz=24, trace=300151, class=java.lang.String@500000b2)
ARR 5000076e (sz=16, trace=300152, nelems=0, elem type=char[])
OBJ 5000076f (sz=24, trace=300214, class=java.lang.String@500000b2)
ARR 50000770 (sz=120, trace=300154, nelems=0, elem type=char[])
OBJ 50000771 (sz=24, trace=300215, class=java.io.File@5000010e)
OBJ 50000772 (sz=16, trace=300177, class=java.lang.StringBuffer@500000e4)
ARR 50000773 (sz=120, trace=300178, nelems=0, elem type=char[])
OBJ 50000774 (sz=24, trace=300179, class=java.lang.String@500000b2)
ARR 50000775 (sz=120, trace=300159, nelems=0, elem type=char[])
OBJ 50000778 (sz=32, trace=300420, class=java.io.FileNotFoundException@50000777)
OBJ 50000779 (sz=32, trace=300421, class=java.security.PrivilegedActionException@50000389)
OBJ 5000077a (sz=32, trace=300421, class=java.security.PrivilegedActionException@50000389)
OBJ 5000077b (sz=16, trace=300098, class=java.lang.StringBuilder@50000123)
ARR 5000077c (sz=48, trace=300099, nelems=0, elem type=char[])
ARR 5000077d (sz=128, trace=300100, nelems=0, elem type=char[])
OBJ 5000077e (sz=24, trace=300101, class=java.lang.String@500000b2)
	value		5000077f
ARR 5000077f (sz=114, trace=300102, nelems=57, elem type=char[])
OBJ 50000780 (sz=16, trace=300104, class=sun.misc.URLClassPath$3@50000249)
OBJ 50000781 (sz=16, trace=300106, class=java.lang.StringBuilder@50000123)
ARR 50000782 (sz=48, trace=300107, nelems=0, elem type=char[])
OBJ 50000783 (sz=16, trace=300108, class=java.lang.StringBuffer@500000e4)
ARR 50000784 (sz=128, trace=300109, nelems=0, elem type=char[])
OBJ 50000785 (sz=24, trace=300110, class=java.lang.String@500000b2)
ARR 50000786 (sz=128, trace=300111, nelems=0, elem type=char[])
ARR 50000787 (sz=128, trace=300100, nelems=0, elem type=char[])
ARR 50000788 (sz=240, trace=300100, nelems=0, elem type=char[])
OBJ 50000789 (sz=24, trace=300112, class=java.lang.String@500000b2)
	value		5000078a
ARR 5000078a (sz=114, trace=300113, nelems=57, elem type=char[])
OBJ 5000078b (sz=56, trace=300114, class=java.net.URL@50000010)
	protocol	500013e6
	host		50000f07
	file		50000789
	authority	50000f07
	path		50000789
	handler		500006e4
OBJ 5000078c (sz=24, trace=300115, class=java.net.Parts@500000a7)
OBJ 5000078d (sz=48, trace=300116, class=sun.misc.URLClassPath$JarLoader@5000024c)
	base		5000078b
	csu		5000067a
	metaIndex	50000532
	handler		500006e4
	lmap		500006dd
OBJ 5000078e (sz=16, trace=300117, class=java.lang.StringBuilder@50000123)
ARR 5000078f (sz=112, trace=300118, nelems=0, elem type=char[])
ARR 50000790 (sz=64, trace=300119, nelems=0, elem type=byte[])
OBJ 50000791 (sz=48, trace=300120, class=java.nio.HeapByteBuffer@500000d0)
ARR 50000792 (sz=112, trace=300121, nelems=0, elem type=char[])
OBJ 50000793 (sz=48, trace=300122, class=java.nio.HeapCharBuffer@500000ad)
OBJ 50000794 (sz=24, trace=300150, class=java.lang.String@500000b2)
OBJ 50000795 (sz=24, trace=300151, class=java.lang.String@500000b2)
ARR 50000796 (sz=16, trace=300152, nelems=0, elem type=char[])
OBJ 50000797 (sz=24, trace=300150, class=java.lang.String@500000b2)
OBJ 50000798 (sz=24, trace=300151, class=java.lang.String@500000b2)
ARR 50000799 (sz=16, trace=300152, nelems=0, elem type=char[])
OBJ 5000079a (sz=24, trace=300153, class=java.lang.String@500000b2)
ARR 5000079b (sz=104, trace=300154, nelems=0, elem type=char[])
OBJ 5000079c (sz=24, trace=300155, class=java.io.File@5000010e)
OBJ 5000079d (sz=16, trace=300156, class=java.lang.StringBuffer@500000e4)
ARR 5000079e (sz=104, trace=300157, nelems=0, elem type=char[])
OBJ 5000079f (sz=24, trace=300158, class=java.lang.String@500000b2)
ARR 500007a0 (sz=104, trace=300159, nelems=0, elem type=char[])
ARR 500007a1 (sz=104, trace=300160, nelems=0, elem type=char[])
OBJ 500007a2 (sz=24, trace=300161, class=java.lang.String@500000b2)
OBJ 500007a3 (sz=24, trace=300162, class=java.util.HashMap$Entry@5000012b)
	key		5000077e
	value		5000078d
OBJ 500007a4 (sz=16, trace=300098, class=java.lang.StringBuilder@50000123)
ARR 500007a5 (sz=48, trace=300099, nelems=0, elem type=char[])
ARR 500007a6 (sz=128, trace=300100, nelems=0, elem type=char[])
OBJ 500007a7 (sz=24, trace=300101, class=java.lang.String@500000b2)
	value		500007a8
ARR 500007a8 (sz=112, trace=300102, nelems=56, elem type=char[])
OBJ 500007a9 (sz=16, trace=300104, class=sun.misc.URLClassPath$3@50000249)
OBJ 500007aa (sz=16, trace=300106, class=java.lang.StringBuilder@50000123)
ARR 500007ab (sz=48, trace=300107, nelems=0, elem type=char[])
OBJ 500007ac (sz=16, trace=300108, class=java.lang.StringBuffer@500000e4)
ARR 500007ad (sz=120, trace=300109, nelems=0, elem type=char[])
OBJ 500007ae (sz=24, trace=300110, class=java.lang.String@500000b2)
ARR 500007af (sz=120, trace=300111, nelems=0, elem type=char[])
ARR 500007b0 (sz=120, trace=300100, nelems=0, elem type=char[])
ARR 500007b1 (sz=232, trace=300100, nelems=0, elem type=char[])
OBJ 500007b2 (sz=24, trace=300112, class=java.lang.String@500000b2)
	value		500007b3
ARR 500007b3 (sz=112, trace=300113, nelems=56, elem type=char[])
OBJ 500007b4 (sz=56, trace=300114, class=java.net.URL@50000010)
	protocol	500013e6
	host		50000f07
	file		500007b2
	authority	50000f07
	path		500007b2
	handler		500006e4
OBJ 500007b5 (sz=24, trace=300115, class=java.net.Parts@500000a7)
OBJ 500007b6 (sz=48, trace=300116, class=sun.misc.URLClassPath$JarLoader@5000024c)
	base		500007b4
	csu		50000696
	metaIndex	50000522
	handler		500006e4
	lmap		500006dd
OBJ 500007b7 (sz=16, trace=300117, class=java.lang.StringBuilder@50000123)
ARR 500007b8 (sz=112, trace=300118, nelems=0, elem type=char[])
ARR 500007b9 (sz=64, trace=300119, nelems=0, elem type=byte[])
OBJ 500007ba (sz=48, trace=300120, class=java.nio.HeapByteBuffer@500000d0)
ARR 500007bb (sz=112, trace=300121, nelems=0, elem type=char[])
OBJ 500007bc (sz=48, trace=300122, class=java.nio.HeapCharBuffer@500000ad)
OBJ 500007bd (sz=24, trace=300150, class=java.lang.String@500000b2)
OBJ 500007be (sz=24, trace=300151, class=java.lang.String@500000b2)
ARR 500007bf (sz=16, trace=300152, nelems=0, elem type=char[])
OBJ 500007c0 (sz=24, trace=300150, class=java.lang.String@500000b2)
OBJ 500007c1 (sz=24, trace=300151, class=java.lang.String@500000b2)
ARR 500007c2 (sz=16, trace=300152, nelems=0, elem type=char[])
OBJ 500007c3 (sz=24, trace=300153, class=java.lang.String@500000b2)
ARR 500007c4 (sz=104, trace=300154, nelems=0, elem type=char[])
OBJ 500007c5 (sz=24, trace=300155, class=java.io.File@5000010e)
OBJ 500007c6 (sz=16, trace=300156, class=java.lang.StringBuffer@500000e4)
ARR 500007c7 (sz=104, trace=300157, nelems=0, elem type=char[])
OBJ 500007c8 (sz=24, trace=300158, class=java.lang.String@500000b2)
ARR 500007c9 (sz=104, trace=300159, nelems=0, elem type=char[])
ARR 500007ca (sz=104, trace=300160, nelems=0, elem type=char[])
OBJ 500007cb (sz=24, trace=300161, class=java.lang.String@500000b2)
OBJ 500007cc (sz=24, trace=300162, class=java.util.HashMap$Entry@5000012b)
	key		500007a7
	value		500007b6
	next		5000070d
OBJ 500007cd (sz=16, trace=300098, class=java.lang.StringBuilder@50000123)
ARR 500007ce (sz=48, trace=300099, nelems=0, elem type=char[])
ARR 500007cf (sz=136, trace=300100, nelems=0, elem type=char[])
OBJ 500007d0 (sz=24, trace=300101, class=java.lang.String@500000b2)
	value		500007d1
ARR 500007d1 (sz=122, trace=300102, nelems=61, elem type=char[])
OBJ 500007d2 (sz=16, trace=300104, class=sun.misc.URLClassPath$3@50000249)
OBJ 500007d3 (sz=16, trace=300106, class=java.lang.StringBuilder@50000123)
ARR 500007d4 (sz=48, trace=300107, nelems=0, elem type=char[])
OBJ 500007d5 (sz=16, trace=300108, class=java.lang.StringBuffer@500000e4)
ARR 500007d6 (sz=136, trace=300109, nelems=0, elem type=char[])
OBJ 500007d7 (sz=24, trace=300110, class=java.lang.String@500000b2)
ARR 500007d8 (sz=136, trace=300111, nelems=0, elem type=char[])
ARR 500007d9 (sz=136, trace=300100, nelems=0, elem type=char[])
ARR 500007da (sz=256, trace=300100, nelems=0, elem type=char[])
OBJ 500007db (sz=24, trace=300112, class=java.lang.String@500000b2)
	value		500007dc
ARR 500007dc (sz=122, trace=300113, nelems=61, elem type=char[])
OBJ 500007dd (sz=56, trace=300114, class=java.net.URL@50000010)
	protocol	500013e6
	host		50000f07
	file		500007db
	authority	50000f07
	path		500007db
	handler		500006e4
OBJ 500007de (sz=24, trace=300115, class=java.net.Parts@500000a7)
OBJ 500007df (sz=48, trace=300116, class=sun.misc.URLClassPath$JarLoader@5000024c)
	base		500007dd
	csu		500006b2
	metaIndex	5000050e
	handler		500006e4
	lmap		500006dd
OBJ 500007e0 (sz=16, trace=300117, class=java.lang.StringBuilder@50000123)
ARR 500007e1 (sz=120, trace=300118, nelems=0, elem type=char[])
ARR 500007e2 (sz=72, trace=300119, nelems=0, elem type=byte[])
OBJ 500007e3 (sz=48, trace=300120, class=java.nio.HeapByteBuffer@500000d0)
ARR 500007e4 (sz=120, trace=300121, nelems=0, elem type=char[])
OBJ 500007e5 (sz=48, trace=300122, class=java.nio.HeapCharBuffer@500000ad)
OBJ 500007e6 (sz=24, trace=300150, class=java.lang.String@500000b2)
OBJ 500007e7 (sz=24, trace=300151, class=java.lang.String@500000b2)
ARR 500007e8 (sz=16, trace=300152, nelems=0, elem type=char[])
OBJ 500007e9 (sz=24, trace=300150, class=java.lang.String@500000b2)
OBJ 500007ea (sz=24, trace=300151, class=java.lang.String@500000b2)
ARR 500007eb (sz=16, trace=300152, nelems=0, elem type=char[])
OBJ 500007ec (sz=24, trace=300153, class=java.lang.String@500000b2)
ARR 500007ed (sz=112, trace=300154, nelems=0, elem type=char[])
OBJ 500007ee (sz=24, trace=300155, class=java.io.File@5000010e)
OBJ 500007ef (sz=16, trace=300156, class=java.lang.StringBuffer@500000e4)
ARR 500007f0 (sz=112, trace=300157, nelems=0, elem type=char[])
OBJ 500007f1 (sz=24, trace=300158, class=java.lang.String@500000b2)
ARR 500007f2 (sz=112, trace=300159, nelems=0, elem type=char[])
ARR 500007f3 (sz=112, trace=300160, nelems=0, elem type=char[])
OBJ 500007f4 (sz=24, trace=300161, class=java.lang.String@500000b2)
OBJ 500007f5 (sz=24, trace=300162, class=java.util.HashMap$Entry@5000012b)
	key		500007d0
	value		500007df
	next		500007a3
OBJ 500007f6 (sz=16, trace=300098, class=java.lang.StringBuilder@50000123)
ARR 500007f7 (sz=48, trace=300099, nelems=0, elem type=char[])
ARR 500007f8 (sz=152, trace=300100, nelems=0, elem type=char[])
OBJ 500007f9 (sz=24, trace=300101, class=java.lang.String@500000b2)
ARR 500007fa (sz=152, trace=300102, nelems=0, elem type=char[])
OBJ 500007fb (sz=16, trace=300104, class=sun.misc.URLClassPath$3@50000249)
OBJ 500007fc (sz=16, trace=300106, class=java.lang.StringBuilder@50000123)
ARR 500007fd (sz=48, trace=300107, nelems=0, elem type=char[])
OBJ 500007fe (sz=16, trace=300108, class=java.lang.StringBuffer@500000e4)
ARR 500007ff (sz=152, trace=300109, nelems=0, elem type=char[])
OBJ 50000800 (sz=24, trace=300110, class=java.lang.String@500000b2)
ARR 50000801 (sz=152, trace=300111, nelems=0, elem type=char[])
ARR 50000802 (sz=152, trace=300100, nelems=0, elem type=char[])
ARR 50000803 (sz=288, trace=300100, nelems=0, elem type=char[])
OBJ 50000804 (sz=24, trace=300112, class=java.lang.String@500000b2)
ARR 50000805 (sz=152, trace=300113, nelems=0, elem type=char[])
OBJ 50000806 (sz=56, trace=300114, class=java.net.URL@50000010)
OBJ 50000807 (sz=24, trace=300115, class=java.net.Parts@500000a7)
OBJ 50000808 (sz=48, trace=300116, class=sun.misc.URLClassPath$JarLoader@5000024c)
OBJ 50000809 (sz=16, trace=300117, class=java.lang.StringBuilder@50000123)
ARR 5000080a (sz=136, trace=300118, nelems=0, elem type=char[])
ARR 5000080b (sz=80, trace=300119, nelems=0, elem type=byte[])
OBJ 5000080c (sz=48, trace=300120, class=java.nio.HeapByteBuffer@500000d0)
ARR 5000080d (sz=136, trace=300121, nelems=0, elem type=char[])
OBJ 5000080e (sz=48, trace=300122, class=java.nio.HeapCharBuffer@500000ad)
OBJ 5000080f (sz=24, trace=300150, class=java.lang.String@500000b2)
OBJ 50000810 (sz=24, trace=300151, class=java.lang.String@500000b2)
ARR 50000811 (sz=16, trace=300152, nelems=0, elem type=char[])
OBJ 50000812 (sz=24, trace=300150, class=java.lang.String@500000b2)
OBJ 50000813 (sz=24, trace=300151, class=java.lang.String@500000b2)
ARR 50000814 (sz=16, trace=300152, nelems=0, elem type=char[])
OBJ 50000815 (sz=24, trace=300153, class=java.lang.String@500000b2)
ARR 50000816 (sz=128, trace=300154, nelems=0, elem type=char[])
OBJ 50000817 (sz=24, trace=300155, class=java.io.File@5000010e)
OBJ 50000818 (sz=16, trace=300156, class=java.lang.StringBuffer@500000e4)
ARR 50000819 (sz=128, trace=300157, nelems=0, elem type=char[])
OBJ 5000081a (sz=24, trace=300158, class=java.lang.String@500000b2)
ARR 5000081b (sz=128, trace=300159, nelems=0, elem type=char[])
ARR 5000081c (sz=128, trace=300160, nelems=0, elem type=char[])
OBJ 5000081d (sz=24, trace=300161, class=java.lang.String@500000b2)
OBJ 5000081e (sz=16, trace=300205, class=sun.misc.URLClassPath$JarLoader$1@500003f6)
OBJ 5000081f (sz=16, trace=300207, class=sun.misc.FileURLMapper@500003f8)
ARR 50000820 (sz=136, trace=300208, nelems=0, elem type=char[])
OBJ 50000821 (sz=24, trace=300209, class=java.lang.String@500000b2)
OBJ 50000822 (sz=16, trace=300210, class=java.lang.StringBuilder@50000123)
ARR 50000823 (sz=136, trace=300211, nelems=0, elem type=char[])
ARR 50000824 (sz=80, trace=300212, nelems=0, elem type=byte[])
OBJ 50000825 (sz=48, trace=300120, class=java.nio.HeapByteBuffer@500000d0)
ARR 50000826 (sz=136, trace=300213, nelems=0, elem type=char[])
OBJ 50000827 (sz=48, trace=300122, class=java.nio.HeapCharBuffer@500000ad)
OBJ 50000828 (sz=24, trace=300150, class=java.lang.String@500000b2)
OBJ 50000829 (sz=24, trace=300151, class=java.lang.String@500000b2)
ARR 5000082a (sz=16, trace=300152, nelems=0, elem type=char[])
OBJ 5000082b (sz=24, trace=300150, class=java.lang.String@500000b2)
OBJ 5000082c (sz=24, trace=300151, class=java.lang.String@500000b2)
ARR 5000082d (sz=16, trace=300152, nelems=0, elem type=char[])
OBJ 5000082e (sz=24, trace=300214, class=java.lang.String@500000b2)
ARR 5000082f (sz=128, trace=300154, nelems=0, elem type=char[])
OBJ 50000830 (sz=24, trace=300215, class=java.io.File@5000010e)
OBJ 50000831 (sz=16, trace=300177, class=java.lang.StringBuffer@500000e4)
ARR 50000832 (sz=128, trace=300178, nelems=0, elem type=char[])
OBJ 50000833 (sz=24, trace=300179, class=java.lang.String@500000b2)
ARR 50000834 (sz=128, trace=300159, nelems=0, elem type=char[])
OBJ 50000835 (sz=32, trace=300420, class=java.io.FileNotFoundException@50000777)
OBJ 50000836 (sz=32, trace=300421, class=java.security.PrivilegedActionException@50000389)
OBJ 50000837 (sz=32, trace=300421, class=java.security.PrivilegedActionException@50000389)
OBJ 50000838 (sz=16, trace=300098, class=java.lang.StringBuilder@50000123)
ARR 50000839 (sz=48, trace=300099, nelems=0, elem type=char[])
ARR 5000083a (sz=120, trace=300100, nelems=0, elem type=char[])
OBJ 5000083b (sz=24, trace=300101, class=java.lang.String@500000b2)
ARR 5000083c (sz=120, trace=300102, nelems=0, elem type=char[])
OBJ 5000083d (sz=16, trace=300104, class=sun.misc.URLClassPath$3@50000249)
OBJ 5000083e (sz=16, trace=300106, class=java.lang.StringBuilder@50000123)
ARR 5000083f (sz=48, trace=300107, nelems=0, elem type=char[])
OBJ 50000840 (sz=16, trace=300108, class=java.lang.StringBuffer@500000e4)
ARR 50000841 (sz=112, trace=300109, nelems=0, elem type=char[])
OBJ 50000842 (sz=24, trace=300110, class=java.lang.String@500000b2)
ARR 50000843 (sz=112, trace=300111, nelems=0, elem type=char[])
ARR 50000844 (sz=112, trace=300100, nelems=0, elem type=char[])
ARR 50000845 (sz=216, trace=300100, nelems=0, elem type=char[])
OBJ 50000846 (sz=24, trace=300112, class=java.lang.String@500000b2)
ARR 50000847 (sz=120, trace=300113, nelems=0, elem type=char[])
OBJ 50000848 (sz=56, trace=300114, class=java.net.URL@50000010)
OBJ 50000849 (sz=24, trace=300115, class=java.net.Parts@500000a7)
OBJ 5000084a (sz=48, trace=300116, class=sun.misc.URLClassPath$JarLoader@5000024c)
OBJ 5000084b (sz=16, trace=300117, class=java.lang.StringBuilder@50000123)
ARR 5000084c (sz=104, trace=300118, nelems=0, elem type=char[])
ARR 5000084d (sz=64, trace=300119, nelems=0, elem type=byte[])
OBJ 5000084e (sz=48, trace=300120, class=java.nio.HeapByteBuffer@500000d0)
ARR 5000084f (sz=104, trace=300121, nelems=0, elem type=char[])
OBJ 50000850 (sz=48, trace=300122, class=java.nio.HeapCharBuffer@500000ad)
OBJ 50000851 (sz=24, trace=300150, class=java.lang.String@500000b2)
OBJ 50000852 (sz=24, trace=300151, class=java.lang.String@500000b2)
ARR 50000853 (sz=16, trace=300152, nelems=0, elem type=char[])
OBJ 50000854 (sz=24, trace=300150, class=java.lang.String@500000b2)
OBJ 50000855 (sz=24, trace=300151, class=java.lang.String@500000b2)
ARR 50000856 (sz=16, trace=300152, nelems=0, elem type=char[])
OBJ 50000857 (sz=24, trace=300153, class=java.lang.String@500000b2)
ARR 50000858 (sz=96, trace=300154, nelems=0, elem type=char[])
OBJ 50000859 (sz=24, trace=300155, class=java.io.File@5000010e)
OBJ 5000085a (sz=16, trace=300156, class=java.lang.StringBuffer@500000e4)
ARR 5000085b (sz=96, trace=300157, nelems=0, elem type=char[])
OBJ 5000085c (sz=24, trace=300158, class=java.lang.String@500000b2)
ARR 5000085d (sz=96, trace=300159, nelems=0, elem type=char[])
ARR 5000085e (sz=96, trace=300160, nelems=0, elem type=char[])
OBJ 5000085f (sz=24, trace=300161, class=java.lang.String@500000b2)
OBJ 50000860 (sz=16, trace=300205, class=sun.misc.URLClassPath$JarLoader$1@500003f6)
OBJ 50000861 (sz=16, trace=300207, class=sun.misc.FileURLMapper@500003f8)
ARR 50000862 (sz=104, trace=300208, nelems=0, elem type=char[])
OBJ 50000863 (sz=24, trace=300209, class=java.lang.String@500000b2)
OBJ 50000864 (sz=16, trace=300210, class=java.lang.StringBuilder@50000123)
ARR 50000865 (sz=104, trace=300211, nelems=0, elem type=char[])
ARR 50000866 (sz=64, trace=300212, nelems=0, elem type=byte[])
OBJ 50000867 (sz=48, trace=300120, class=java.nio.HeapByteBuffer@500000d0)
ARR 50000868 (sz=104, trace=300213, nelems=0, elem type=char[])
OBJ 50000869 (sz=48, trace=300122, class=java.nio.HeapCharBuffer@500000ad)
OBJ 5000086a (sz=24, trace=300150, class=java.lang.String@500000b2)
OBJ 5000086b (sz=24, trace=300151, class=java.lang.String@500000b2)
ARR 5000086c (sz=16, trace=300152, nelems=0, elem type=char[])
OBJ 5000086d (sz=24, trace=300150, class=java.lang.String@500000b2)
OBJ 5000086e (sz=24, trace=300151, class=java.lang.String@500000b2)
ARR 5000086f (sz=16, trace=300152, nelems=0, elem type=char[])
OBJ 50000870 (sz=24, trace=300214, class=java.lang.String@500000b2)
ARR 50000871 (sz=96, trace=300154, nelems=0, elem type=char[])
OBJ 50000872 (sz=24, trace=300215, class=java.io.File@5000010e)
OBJ 50000873 (sz=16, trace=300177, class=java.lang.StringBuffer@500000e4)
ARR 50000874 (sz=96, trace=300178, nelems=0, elem type=char[])
OBJ 50000875 (sz=24, trace=300179, class=java.lang.String@500000b2)
ARR 50000876 (sz=96, trace=300159, nelems=0, elem type=char[])
OBJ 50000877 (sz=32, trace=300420, class=java.io.FileNotFoundException@50000777)
OBJ 50000878 (sz=32, trace=300421, class=java.security.PrivilegedActionException@50000389)
OBJ 50000879 (sz=32, trace=300421, class=java.security.PrivilegedActionException@50000389)
OBJ 5000087b (sz=16, trace=300423, class=java.net.URLClassLoader$2@5000087a)
OBJ 5000087c (sz=16, trace=300424, class=java.net.URLClassLoader$2@5000087a)
OBJ 5000087d (sz=56, trace=300425, class=java.net.URL@50000010)
OBJ 5000087e (sz=16, trace=300188, class=java.lang.StringBuilder@50000123)
ARR 5000087f (sz=48, trace=300189, nelems=0, elem type=char[])
ARR 50000880 (sz=96, trace=300100, nelems=0, elem type=char[])
ARR 50000881 (sz=184, trace=300100, nelems=0, elem type=char[])
OBJ 50000882 (sz=24, trace=300190, class=java.lang.String@500000b2)
ARR 50000883 (sz=104, trace=300191, nelems=0, elem type=char[])
OBJ 50000884 (sz=24, trace=300192, class=java.lang.String@500000b2)
ARR 50000885 (sz=240, trace=300426, nelems=0, elem type=char[])
ARR 50000886 (sz=112, trace=300427, nelems=0, elem type=char[])
OBJ 50000887 (sz=24, trace=300428, class=java.lang.String@500000b2)
ARR 50000888 (sz=112, trace=300196, nelems=0, elem type=char[])
OBJ 50000889 (sz=56, trace=300429, class=java.net.URL@50000010)
OBJ 5000088a (sz=16, trace=300188, class=java.lang.StringBuilder@50000123)
ARR 5000088b (sz=48, trace=300189, nelems=0, elem type=char[])
ARR 5000088c (sz=96, trace=300100, nelems=0, elem type=char[])
ARR 5000088d (sz=192, trace=300100, nelems=0, elem type=char[])
OBJ 5000088e (sz=24, trace=300190, class=java.lang.String@500000b2)
ARR 5000088f (sz=192, trace=300191, nelems=0, elem type=char[])
ARR 50000890 (sz=112, trace=300430, nelems=0, elem type=char[])
OBJ 50000891 (sz=24, trace=300431, class=java.lang.String@500000b2)
OBJ 50000892 (sz=24, trace=300432, class=java.io.File@5000010e)
ARR 50000893 (sz=184, trace=300433, nelems=0, elem type=char[])
OBJ 50000894 (sz=24, trace=300202, class=java.lang.String@500000b2)
ARR 50000895 (sz=184, trace=300203, nelems=0, elem type=char[])
ARR 50000896 (sz=112, trace=300252, nelems=0, elem type=char[])
ARR 50000897 (sz=160, trace=300253, nelems=0, elem type=byte[])
OBJ 50000898 (sz=48, trace=300254, class=java.nio.HeapByteBuffer@500000d0)
OBJ 50000899 (sz=48, trace=300255, class=java.nio.HeapCharBuffer@500000ad)
ARR 5000089a (sz=64, trace=300256, nelems=0, elem type=byte[])
OBJ 5000089b (sz=32, trace=300071, class=java.util.ResourceBundle$LoaderReference@500001fb)
	referent	500001a6
	queue		500001a1
	cacheKey	50001a4e
OBJ 5000089c (sz=40, trace=300084, class=java.util.ResourceBundle$BundleReference@5000021d)
	referent	5000016e
	queue		500001a1
	cacheKey	50001a4e
OBJ 5000089d (sz=24, trace=300085, class=java.util.concurrent.ConcurrentHashMap$HashEntry@5000009e)
	key		50001a4e
	value		5000089c
ARR 5000089f (sz=64, trace=300434, nelems=0, elem type=java.lang.Object[][]@5000089e)
ARR 500008a0 (sz=24, trace=300435, nelems=0, elem type=java.lang.Object[]@500000fa)
ARR 500008a1 (sz=24, trace=300436, nelems=0, elem type=java.lang.Object[]@500000fa)
ARR 500008a2 (sz=24, trace=300437, nelems=0, elem type=java.lang.Object[]@500000fa)
ARR 500008a3 (sz=24, trace=300438, nelems=0, elem type=java.lang.Object[]@500000fa)
ARR 500008a4 (sz=24, trace=300439, nelems=0, elem type=java.lang.Object[]@500000fa)
ARR 500008a5 (sz=24, trace=300440, nelems=0, elem type=java.lang.Object[]@500000fa)
ARR 500008a6 (sz=24, trace=300441, nelems=0, elem type=java.lang.Object[]@500000fa)
ARR 500008a7 (sz=24, trace=300442, nelems=0, elem type=java.lang.Object[]@500000fa)
ARR 500008a8 (sz=24, trace=300443, nelems=0, elem type=java.lang.Object[]@500000fa)
ARR 500008a9 (sz=24, trace=300444, nelems=0, elem type=java.lang.Object[]@500000fa)
ARR 500008aa (sz=24, trace=300445, nelems=0, elem type=java.lang.Object[]@500000fa)
ARR 500008ab (sz=24, trace=300446, nelems=0, elem type=java.lang.Object[]@500000fa)
OBJ 500008ac (sz=40, trace=300447, class=java.util.HashMap@50000008)
	table		500008ad
ARR 500008ad (sz=80, trace=300448, nelems=15, elem type=java.util.HashMap$Entry[]@5000012c)
	[0]		500008b9
	[1]		500008b3
	[2]		500008b4
	[4]		500008b1
	[5]		500008b0
	[7]		500008b2
	[8]		500008b8
	[9]		500008b7
	[11]		500008af
	[12]		500008b6
	[14]		500008b5
OBJ 500008ae (sz=24, trace=300449, class=java.util.HashMap$Entry@5000012b)
	key		50001a42
	value		50001a38
OBJ 500008af (sz=24, trace=300449, class=java.util.HashMap$Entry@5000012b)
	key		50001a43
	value		50001a3d
OBJ 500008b0 (sz=24, trace=300449, class=java.util.HashMap$Entry@5000012b)
	key		50001a44
	value		50001a3f
OBJ 500008b1 (sz=24, trace=300449, class=java.util.HashMap$Entry@5000012b)
	key		50001a45
	value		50001a40
OBJ 500008b2 (sz=24, trace=300449, class=java.util.HashMap$Entry@5000012b)
	key		50001a46
	value		50001a3e
OBJ 500008b3 (sz=24, trace=300449, class=java.util.HashMap$Entry@5000012b)
	key		50001a47
	value		50001a36
OBJ 500008b4 (sz=24, trace=300449, class=java.util.HashMap$Entry@5000012b)
	key		50001a48
	value		50001a37
OBJ 500008b5 (sz=24, trace=300449, class=java.util.HashMap$Entry@5000012b)
	key		50001a49
	value		50001a3a
OBJ 500008b6 (sz=24, trace=300449, class=java.util.HashMap$Entry@5000012b)
	key		50001a4a
	value		50001a39
OBJ 500008b7 (sz=24, trace=300449, class=java.util.HashMap$Entry@5000012b)
	key		50001a4b
	value		50001a41
OBJ 500008b8 (sz=24, trace=300449, class=java.util.HashMap$Entry@5000012b)
	key		50001a4c
	value		50001a3b
OBJ 500008b9 (sz=24, trace=300449, class=java.util.HashMap$Entry@5000012b)
	key		50001a4d
	value		50001a3c
	next		500008ae
ARR 500008bc (sz=32, trace=300451, nelems=5, elem type=java.lang.String[]@500000b3)
	[0]		50000f07
	[1]		50001b68
	[2]		50001b65
	[3]		50001b69
	[4]		50001b64
ARR 500008bd (sz=32, trace=300452, nelems=4, elem type=java.lang.String[]@500000b3)
	[0]		50000f07
	[1]		50001b2e
	[2]		50001b37
	[3]		50001b35
ARR 500008be (sz=32, trace=300453, nelems=5, elem type=java.lang.String[]@500000b3)
	[0]		50000f07
	[1]		500011b9
	[2]		50001b67
	[3]		500011bb
	[4]		50001b66
ARR 500008bf (sz=20, trace=300454, nelems=5, elem type=int[])
OBJ 500008c0 (sz=32, trace=300455, class=java.text.MessageFormat@500008bb)
ARR 500008c2 (sz=56, trace=300456, nelems=0, elem type=java.text.Format[]@500008c1)
ARR 500008c3 (sz=56, trace=300457, nelems=0, elem type=int[])
ARR 500008c4 (sz=56, trace=300458, nelems=0, elem type=int[])
OBJ 500008c6 (sz=32, trace=300460, class=java.util.Locale$Category@500008c5)
	name		500013b5
	languageKey	500013b9
	scriptKey	500013bb
	countryKey	500013b7
	variantKey	500013bd
OBJ 500008c7 (sz=32, trace=300461, class=java.util.Locale$Category@500008c5)
	name		500013b6
	languageKey	500013ba
	scriptKey	500013bc
	countryKey	500013b8
	variantKey	500013be
ARR 500008c9 (sz=24, trace=300462, nelems=2, elem type=java.util.Locale$Category[]@500008c8)
	[0]		500008c6
	[1]		500008c7
ARR 500008cb (sz=8, trace=300464, nelems=2, elem type=int[])
OBJ 500008cc (sz=16, trace=300465, class=sun.security.action.GetPropertyAction@500000c6)
OBJ 500008cd (sz=16, trace=300466, class=sun.security.action.GetPropertyAction@500000c6)
OBJ 500008ce (sz=16, trace=300467, class=sun.security.action.GetPropertyAction@500000c6)
OBJ 500008cf (sz=16, trace=300468, class=sun.security.action.GetPropertyAction@500000c6)
OBJ 500008d0 (sz=32, trace=300469, class=sun.util.locale.BaseLocale$Key@500000a3)
OBJ 500008d1 (sz=16, trace=300061, class=java.util.Locale$LocaleKey@500000c3)
ARR 500008d3 (sz=32, trace=300470, nelems=0, elem type=java.lang.StringBuilder[]@500008d2)
OBJ 500008d4 (sz=16, trace=300471, class=java.lang.StringBuilder@50000123)
ARR 500008d5 (sz=48, trace=300472, nelems=0, elem type=char[])
OBJ 500008d6 (sz=16, trace=300473, class=java.lang.StringBuilder@50000123)
ARR 500008d7 (sz=48, trace=300474, nelems=0, elem type=char[])
ARR 500008d8 (sz=32, trace=300475, nelems=0, elem type=java.lang.String[]@500000b3)
OBJ 500008d9 (sz=24, trace=300476, class=java.lang.String@500000b2)
ARR 500008da (sz=40, trace=300477, nelems=0, elem type=char[])
OBJ 500008db (sz=24, trace=300476, class=java.lang.String@500000b2)
ARR 500008dc (sz=16, trace=300477, nelems=0, elem type=char[])
ARR 500008dd (sz=80, trace=300400, nelems=0, elem type=char[])
ARR 500008de (sz=152, trace=300400, nelems=0, elem type=char[])
ARR 500008df (sz=296, trace=300400, nelems=0, elem type=char[])
OBJ 500008e0 (sz=16, trace=300473, class=java.lang.StringBuilder@50000123)
ARR 500008e1 (sz=48, trace=300474, nelems=0, elem type=char[])
ARR 500008e2 (sz=32, trace=300475, nelems=0, elem type=java.lang.String[]@500000b3)
OBJ 500008e3 (sz=24, trace=300476, class=java.lang.String@500000b2)
ARR 500008e4 (sz=192, trace=300477, nelems=0, elem type=char[])
OBJ 500008e5 (sz=24, trace=300476, class=java.lang.String@500000b2)
ARR 500008e6 (sz=16, trace=300477, nelems=0, elem type=char[])
ARR 500008e7 (sz=584, trace=300400, nelems=0, elem type=char[])
OBJ 500008e8 (sz=24, trace=300478, class=java.lang.String@500000b2)
ARR 500008e9 (sz=432, trace=300479, nelems=0, elem type=char[])
OBJ 500008ea (sz=16, trace=300480, class=java.lang.StringBuffer@500000e4)
ARR 500008eb (sz=48, trace=300481, nelems=0, elem type=char[])
OBJ 500008ed (sz=24, trace=300483, class=java.text.FieldPosition@500008ec)
OBJ 500008ee (sz=24, trace=300484, class=java.lang.String@500000b2)
OBJ 500008f3 (sz=40, trace=300487, class=java.util.HashMap@50000008)
	table		500008f4
ARR 500008f4 (sz=48, trace=300488, nelems=4, elem type=java.util.HashMap$Entry[]@5000012c)
	[2]		500008fa
	[3]		500008f6
OBJ 500008f5 (sz=16, trace=300489, class=java.text.AttributedCharacterIterator$Attribute@500008f0)
	name		50001256
OBJ 500008f6 (sz=24, trace=300490, class=java.util.HashMap$Entry@5000012b)
	key		50001256
	value		500008f5
OBJ 500008f7 (sz=16, trace=300491, class=java.text.AttributedCharacterIterator$Attribute@500008f0)
	name		50001a33
OBJ 500008f8 (sz=24, trace=300490, class=java.util.HashMap$Entry@5000012b)
	key		50001a33
	value		500008f7
OBJ 500008f9 (sz=16, trace=300492, class=java.text.AttributedCharacterIterator$Attribute@500008f0)
	name		50001a32
OBJ 500008fa (sz=24, trace=300490, class=java.util.HashMap$Entry@5000012b)
	key		50001a32
	value		500008f9
	next		500008f8
OBJ 500008fb (sz=16, trace=300493, class=java.text.MessageFormat$Field@500008f2)
	name		50001b70
OBJ 500008fc (sz=24, trace=300484, class=java.lang.String@500000b2)
ARR 500008fd (sz=200, trace=300100, nelems=0, elem type=char[])
ARR 500008fe (sz=392, trace=300100, nelems=0, elem type=char[])
OBJ 500008ff (sz=24, trace=300494, class=java.lang.String@500000b2)
ARR 50000900 (sz=768, trace=300100, nelems=0, elem type=char[])
OBJ 50000901 (sz=24, trace=300495, class=java.lang.String@500000b2)
ARR 50000902 (sz=448, trace=300496, nelems=0, elem type=char[])
ARR 50000903 (sz=448, trace=300100, nelems=0, elem type=char[])
ARR 50000904 (sz=16, trace=300497, nelems=0, elem type=java.lang.Object[]@500000fa)
ARR 50000907 (sz=1040, trace=300499, nelems=256, elem type=java.lang.Integer[]@50000906)
	[0]		50000908
	[1]		50000909
	[2]		5000090a
	[3]		5000090b
	[4]		5000090c
	[5]		5000090d
	[6]		5000090e
	[7]		5000090f
	[8]		50000910
	[9]		50000911
	[10]		50000912
	[11]		50000913
	[12]		50000914
	[13]		50000915
	[14]		50000916
	[15]		50000917
	[16]		50000918
	[17]		50000919
	[18]		5000091a
	[19]		5000091b
	[20]		5000091c
	[21]		5000091d
	[22]		5000091e
	[23]		5000091f
	[24]		50000920
	[25]		50000921
	[26]		50000922
	[27]		50000923
	[28]		50000924
	[29]		50000925
	[30]		50000926
	[31]		50000927
	[32]		50000928
	[33]		50000929
	[34]		5000092a
	[35]		5000092b
	[36]		5000092c
	[37]		5000092d
	[38]		5000092e
	[39]		5000092f
	[40]		50000930
	[41]		50000931
	[42]		50000932
	[43]		50000933
	[44]		50000934
	[45]		50000935
	[46]		50000936
	[47]		50000937
	[48]		50000938
	[49]		50000939
	[50]		5000093a
	[51]		5000093b
	[52]		5000093c
	[53]		5000093d
	[54]		5000093e
	[55]		5000093f
	[56]		50000940
	[57]		50000941
	[58]		50000942
	[59]		50000943
	[60]		50000944
	[61]		50000945
	[62]		50000946
	[63]		50000947
	[64]		50000948
	[65]		50000949
	[66]		5000094a
	[67]		5000094b
	[68]		5000094c
	[69]		5000094d
	[70]		5000094e
	[71]		5000094f
	[72]		50000950
	[73]		50000951
	[74]		50000952
	[75]		50000953
	[76]		50000954
	[77]		50000955
	[78]		50000956
	[79]		50000957
	[80]		50000958
	[81]		50000959
	[82]		5000095a
	[83]		5000095b
	[84]		5000095c
	[85]		5000095d
	[86]		5000095e
	[87]		5000095f
	[88]		50000960
	[89]		50000961
	[90]		50000962
	[91]		50000963
	[92]		50000964
	[93]		50000965
	[94]		50000966
	[95]		50000967
	[96]		50000968
	[97]		50000969
	[98]		5000096a
	[99]		5000096b
	[100]		5000096c
	[101]		5000096d
	[102]		5000096e
	[103]		5000096f
	[104]		50000970
	[105]		50000971
	[106]		50000972
	[107]		50000973
	[108]		50000974
	[109]		50000975
	[110]		50000976
	[111]		50000977
	[112]		50000978
	[113]		50000979
	[114]		5000097a
	[115]		5000097b
	[116]		5000097c
	[117]		5000097d
	[118]		5000097e
	[119]		5000097f
	[120]		50000980
	[121]		50000981
	[122]		50000982
	[123]		50000983
	[124]		50000984
	[125]		50000985
	[126]		50000986
	[127]		50000987
	[128]		50000988
	[129]		50000989
	[130]		5000098a
	[131]		5000098b
	[132]		5000098c
	[133]		5000098d
	[134]		5000098e
	[135]		5000098f
	[136]		50000990
	[137]		50000991
	[138]		50000992
	[139]		50000993
	[140]		50000994
	[141]		50000995
	[142]		50000996
	[143]		50000997
	[144]		50000998
	[145]		50000999
	[146]		5000099a
	[147]		5000099b
	[148]		5000099c
	[149]		5000099d
	[150]		5000099e
	[151]		5000099f
	[152]		500009a0
	[153]		500009a1
	[154]		500009a2
	[155]		500009a3
	[156]		500009a4
	[157]		500009a5
	[158]		500009a6
	[159]		500009a7
	[160]		500009a8
	[161]		500009a9
	[162]		500009aa
	[163]		500009ab
	[164]		500009ac
	[165]		500009ad
	[166]		500009ae
	[167]		500009af
	[168]		500009b0
	[169]		500009b1
	[170]		500009b2
	[171]		500009b3
	[172]		500009b4
	[173]		500009b5
	[174]		500009b6
	[175]		500009b7
	[176]		500009b8
	[177]		500009b9
	[178]		500009ba
	[179]		500009bb
	[180]		500009bc
	[181]		500009bd
	[182]		500009be
	[183]		500009bf
	[184]		500009c0
	[185]		500009c1
	[186]		500009c2
	[187]		500009c3
	[188]		500009c4
	[189]		500009c5
	[190]		500009c6
	[191]		500009c7
	[192]		500009c8
	[193]		500009c9
	[194]		500009ca
	[195]		500009cb
	[196]		500009cc
	[197]		500009cd
	[198]		500009ce
	[199]		500009cf
	[200]		500009d0
	[201]		500009d1
	[202]		500009d2
	[203]		500009d3
	[204]		500009d4
	[205]		500009d5
	[206]		500009d6
	[207]		500009d7
	[208]		500009d8
	[209]		500009d9
	[210]		500009da
	[211]		500009db
	[212]		500009dc
	[213]		500009dd
	[214]		500009de
	[215]		500009df
	[216]		500009e0
	[217]		500009e1
	[218]		500009e2
	[219]		500009e3
	[220]		500009e4
	[221]		500009e5
	[222]		500009e6
	[223]		500009e7
	[224]		500009e8
	[225]		500009e9
	[226]		500009ea
	[227]		500009eb
	[228]		500009ec
	[229]		500009ed
	[230]		500009ee
	[231]		500009ef
	[232]		500009f0
	[233]		500009f1
	[234]		500009f2
	[235]		500009f3
	[236]		500009f4
	[237]		500009f5
	[238]		500009f6
	[239]		500009f7
	[240]		500009f8
	[241]		500009f9
	[242]		500009fa
	[243]		500009fb
	[244]		500009fc
	[245]		500009fd
	[246]		500009fe
	[247]		500009ff
	[248]		50000a00
	[249]		50000a01
	[250]		50000a02
	[251]		50000a03
	[252]		50000a04
	[253]		50000a05
	[254]		50000a06
	[255]		50000a07
OBJ 50000908 (sz=16, trace=300500, class=java.lang.Integer@50000068)
OBJ 50000909 (sz=16, trace=300500, class=java.lang.Integer@50000068)
OBJ 5000090a (sz=16, trace=300500, class=java.lang.Integer@50000068)
OBJ 5000090b (sz=16, trace=300500, class=java.lang.Integer@50000068)
OBJ 5000090c (sz=16, trace=300500, class=java.lang.Integer@50000068)
OBJ 5000090d (sz=16, trace=300500, class=java.lang.Integer@50000068)
OBJ 5000090e (sz=16, trace=300500, class=java.lang.Integer@50000068)
OBJ 5000090f (sz=16, trace=300500, class=java.lang.Integer@50000068)
OBJ 50000910 (sz=16, trace=300500, class=java.lang.Integer@50000068)
OBJ 50000911 (sz=16, trace=300500, class=java.lang.Integer@50000068)
OBJ 50000912 (sz=16, trace=300500, class=java.lang.Integer@50000068)
OBJ 50000913 (sz=16, trace=300500, class=java.lang.Integer@50000068)
OBJ 50000914 (sz=16, trace=300500, class=java.lang.Integer@50000068)
OBJ 50000915 (sz=16, trace=300500, class=java.lang.Integer@50000068)
OBJ 50000916 (sz=16, trace=300500, class=java.lang.Integer@50000068)
OBJ 50000917 (sz=16, trace=300500, class=java.lang.Integer@50000068)
OBJ 50000918 (sz=16, trace=300500, class=java.lang.Integer@50000068)
OBJ 50000919 (sz=16, trace=300500, class=java.lang.Integer@50000068)
OBJ 5000091a (sz=16, trace=300500, class=java.lang.Integer@50000068)
OBJ 5000091b (sz=16, trace=300500, class=java.lang.Integer@50000068)
OBJ 5000091c (sz=16, trace=300500, class=java.lang.Integer@50000068)
OBJ 5000091d (sz=16, trace=300500, class=java.lang.Integer@50000068)
OBJ 5000091e (sz=16, trace=300500, class=java.lang.Integer@50000068)
OBJ 5000091f (sz=16, trace=300500, class=java.lang.Integer@50000068)
OBJ 50000920 (sz=16, trace=300500, class=java.lang.Integer@50000068)
OBJ 50000921 (sz=16, trace=300500, class=java.lang.Integer@50000068)
OBJ 50000922 (sz=16, trace=300500, class=java.lang.Integer@50000068)
OBJ 50000923 (sz=16, trace=300500, class=java.lang.Integer@50000068)
OBJ 50000924 (sz=16, trace=300500, class=java.lang.Integer@50000068)
OBJ 50000925 (sz=16, trace=300500, class=java.lang.Integer@50000068)
OBJ 50000926 (sz=16, trace=300500, class=java.lang.Integer@50000068)
OBJ 50000927 (sz=16, trace=300500, class=java.lang.Integer@50000068)
OBJ 50000928 (sz=16, trace=300500, class=java.lang.Integer@50000068)
OBJ 50000929 (sz=16, trace=300500, class=java.lang.Integer@50000068)
OBJ 5000092a (sz=16, trace=300500, class=java.lang.Integer@50000068)
OBJ 5000092b (sz=16, trace=300500, class=java.lang.Integer@50000068)
OBJ 5000092c (sz=16, trace=300500, class=java.lang.Integer@50000068)
OBJ 5000092d (sz=16, trace=300500, class=java.lang.Integer@50000068)
OBJ 5000092e (sz=16, trace=300500, class=java.lang.Integer@50000068)
OBJ 5000092f (sz=16, trace=300500, class=java.lang.Integer@50000068)
OBJ 50000930 (sz=16, trace=300500, class=java.lang.Integer@50000068)
OBJ 50000931 (sz=16, trace=300500, class=java.lang.Integer@50000068)
OBJ 50000932 (sz=16, trace=300500, class=java.lang.Integer@50000068)
OBJ 50000933 (sz=16, trace=300500, class=java.lang.Integer@50000068)
OBJ 50000934 (sz=16, trace=300500, class=java.lang.Integer@50000068)
OBJ 50000935 (sz=16, trace=300500, class=java.lang.Integer@50000068)
OBJ 50000936 (sz=16, trace=300500, class=java.lang.Integer@50000068)
OBJ 50000937 (sz=16, trace=300500, class=java.lang.Integer@50000068)
OBJ 50000938 (sz=16, trace=300500, class=java.lang.Integer@50000068)
OBJ 50000939 (sz=16, trace=300500, class=java.lang.Integer@50000068)
OBJ 5000093a (sz=16, trace=300500, class=java.lang.Integer@50000068)
OBJ 5000093b (sz=16, trace=300500, class=java.lang.Integer@50000068)
OBJ 5000093c (sz=16, trace=300500, class=java.lang.Integer@50000068)
OBJ 5000093d (sz=16, trace=300500, class=java.lang.Integer@50000068)
OBJ 5000093e (sz=16, trace=300500, class=java.lang.Integer@50000068)
OBJ 5000093f (sz=16, trace=300500, class=java.lang.Integer@50000068)
OBJ 50000940 (sz=16, trace=300500, class=java.lang.Integer@50000068)
OBJ 50000941 (sz=16, trace=300500, class=java.lang.Integer@50000068)
OBJ 50000942 (sz=16, trace=300500, class=java.lang.Integer@50000068)
OBJ 50000943 (sz=16, trace=300500, class=java.lang.Integer@50000068)
OBJ 50000944 (sz=16, trace=300500, class=java.lang.Integer@50000068)
OBJ 50000945 (sz=16, trace=300500, class=java.lang.Integer@50000068)
OBJ 50000946 (sz=16, trace=300500, class=java.lang.Integer@50000068)
OBJ 50000947 (sz=16, trace=300500, class=java.lang.Integer@50000068)
OBJ 50000948 (sz=16, trace=300500, class=java.lang.Integer@50000068)
OBJ 50000949 (sz=16, trace=300500, class=java.lang.Integer@50000068)
OBJ 5000094a (sz=16, trace=300500, class=java.lang.Integer@50000068)
OBJ 5000094b (sz=16, trace=300500, class=java.lang.Integer@50000068)
OBJ 5000094c (sz=16, trace=300500, class=java.lang.Integer@50000068)
OBJ 5000094d (sz=16, trace=300500, class=java.lang.Integer@50000068)
OBJ 5000094e (sz=16, trace=300500, class=java.lang.Integer@50000068)
OBJ 5000094f (sz=16, trace=300500, class=java.lang.Integer@50000068)
OBJ 50000950 (sz=16, trace=300500, class=java.lang.Integer@50000068)
OBJ 50000951 (sz=16, trace=300500, class=java.lang.Integer@50000068)
OBJ 50000952 (sz=16, trace=300500, class=java.lang.Integer@50000068)
OBJ 50000953 (sz=16, trace=300500, class=java.lang.Integer@50000068)
OBJ 50000954 (sz=16, trace=300500, class=java.lang.Integer@50000068)
OBJ 50000955 (sz=16, trace=300500, class=java.lang.Integer@50000068)
OBJ 50000956 (sz=16, trace=300500, class=java.lang.Integer@50000068)
OBJ 50000957 (sz=16, trace=300500, class=java.lang.Integer@50000068)
OBJ 50000958 (sz=16, trace=300500, class=java.lang.Integer@50000068)
OBJ 50000959 (sz=16, trace=300500, class=java.lang.Integer@50000068)
OBJ 5000095a (sz=16, trace=300500, class=java.lang.Integer@50000068)
OBJ 5000095b (sz=16, trace=300500, class=java.lang.Integer@50000068)
OBJ 5000095c (sz=16, trace=300500, class=java.lang.Integer@50000068)
OBJ 5000095d (sz=16, trace=300500, class=java.lang.Integer@50000068)
OBJ 5000095e (sz=16, trace=300500, class=java.lang.Integer@50000068)
OBJ 5000095f (sz=16, trace=300500, class=java.lang.Integer@50000068)
OBJ 50000960 (sz=16, trace=300500, class=java.lang.Integer@50000068)
OBJ 50000961 (sz=16, trace=300500, class=java.lang.Integer@50000068)
OBJ 50000962 (sz=16, trace=300500, class=java.lang.Integer@50000068)
OBJ 50000963 (sz=16, trace=300500, class=java.lang.Integer@50000068)
OBJ 50000964 (sz=16, trace=300500, class=java.lang.Integer@50000068)
OBJ 50000965 (sz=16, trace=300500, class=java.lang.Integer@50000068)
OBJ 50000966 (sz=16, trace=300500, class=java.lang.Integer@50000068)
OBJ 50000967 (sz=16, trace=300500, class=java.lang.Integer@50000068)
OBJ 50000968 (sz=16, trace=300500, class=java.lang.Integer@50000068)
OBJ 50000969 (sz=16, trace=300500, class=java.lang.Integer@50000068)
OBJ 5000096a (sz=16, trace=300500, class=java.lang.Integer@50000068)
OBJ 5000096b (sz=16, trace=300500, class=java.lang.Integer@50000068)
OBJ 5000096c (sz=16, trace=300500, class=java.lang.Integer@50000068)
OBJ 5000096d (sz=16, trace=300500, class=java.lang.Integer@50000068)
OBJ 5000096e (sz=16, trace=300500, class=java.lang.Integer@50000068)
OBJ 5000096f (sz=16, trace=300500, class=java.lang.Integer@50000068)
OBJ 50000970 (sz=16, trace=300500, class=java.lang.Integer@50000068)
OBJ 50000971 (sz=16, trace=300500, class=java.lang.Integer@50000068)
OBJ 50000972 (sz=16, trace=300500, class=java.lang.Integer@50000068)
OBJ 50000973 (sz=16, trace=300500, class=java.lang.Integer@50000068)
OBJ 50000974 (sz=16, trace=300500, class=java.lang.Integer@50000068)
OBJ 50000975 (sz=16, trace=300500, class=java.lang.Integer@50000068)
OBJ 50000976 (sz=16, trace=300500, class=java.lang.Integer@50000068)
OBJ 50000977 (sz=16, trace=300500, class=java.lang.Integer@50000068)
OBJ 50000978 (sz=16, trace=300500, class=java.lang.Integer@50000068)
OBJ 50000979 (sz=16, trace=300500, class=java.lang.Integer@50000068)
OBJ 5000097a (sz=16, trace=300500, class=java.lang.Integer@50000068)
OBJ 5000097b (sz=16, trace=300500, class=java.lang.Integer@50000068)
OBJ 5000097c (sz=16, trace=300500, class=java.lang.Integer@50000068)
OBJ 5000097d (sz=16, trace=300500, class=java.lang.Integer@50000068)
OBJ 5000097e (sz=16, trace=300500, class=java.lang.Integer@50000068)
OBJ 5000097f (sz=16, trace=300500, class=java.lang.Integer@50000068)
OBJ 50000980 (sz=16, trace=300500, class=java.lang.Integer@50000068)
OBJ 50000981 (sz=16, trace=300500, class=java.lang.Integer@50000068)
OBJ 50000982 (sz=16, trace=300500, class=java.lang.Integer@50000068)
OBJ 50000983 (sz=16, trace=300500, class=java.lang.Integer@50000068)
OBJ 50000984 (sz=16, trace=300500, class=java.lang.Integer@50000068)
OBJ 50000985 (sz=16, trace=300500, class=java.lang.Integer@50000068)
OBJ 50000986 (sz=16, trace=300500, class=java.lang.Integer@50000068)
OBJ 50000987 (sz=16, trace=300500, class=java.lang.Integer@50000068)
OBJ 50000988 (sz=16, trace=300500, class=java.lang.Integer@50000068)
OBJ 50000989 (sz=16, trace=300500, class=java.lang.Integer@50000068)
OBJ 5000098a (sz=16, trace=300500, class=java.lang.Integer@50000068)
OBJ 5000098b (sz=16, trace=300500, class=java.lang.Integer@50000068)
OBJ 5000098c (sz=16, trace=300500, class=java.lang.Integer@50000068)
OBJ 5000098d (sz=16, trace=300500, class=java.lang.Integer@50000068)
OBJ 5000098e (sz=16, trace=300500, class=java.lang.Integer@50000068)
OBJ 5000098f (sz=16, trace=300500, class=java.lang.Integer@50000068)
OBJ 50000990 (sz=16, trace=300500, class=java.lang.Integer@50000068)
OBJ 50000991 (sz=16, trace=300500, class=java.lang.Integer@50000068)
OBJ 50000992 (sz=16, trace=300500, class=java.lang.Integer@50000068)
OBJ 50000993 (sz=16, trace=300500, class=java.lang.Integer@50000068)
OBJ 50000994 (sz=16, trace=300500, class=java.lang.Integer@50000068)
OBJ 50000995 (sz=16, trace=300500, class=java.lang.Integer@50000068)
OBJ 50000996 (sz=16, trace=300500, class=java.lang.Integer@50000068)
OBJ 50000997 (sz=16, trace=300500, class=java.lang.Integer@50000068)
OBJ 50000998 (sz=16, trace=300500, class=java.lang.Integer@50000068)
OBJ 50000999 (sz=16, trace=300500, class=java.lang.Integer@50000068)
OBJ 5000099a (sz=16, trace=300500, class=java.lang.Integer@50000068)
OBJ 5000099b (sz=16, trace=300500, class=java.lang.Integer@50000068)
OBJ 5000099c (sz=16, trace=300500, class=java.lang.Integer@50000068)
OBJ 5000099d (sz=16, trace=300500, class=java.lang.Integer@50000068)
OBJ 5000099e (sz=16, trace=300500, class=java.lang.Integer@50000068)
OBJ 5000099f (sz=16, trace=300500, class=java.lang.Integer@50000068)
OBJ 500009a0 (sz=16, trace=300500, class=java.lang.Integer@50000068)
OBJ 500009a1 (sz=16, trace=300500, class=java.lang.Integer@50000068)
OBJ 500009a2 (sz=16, trace=300500, class=java.lang.Integer@50000068)
OBJ 500009a3 (sz=16, trace=300500, class=java.lang.Integer@50000068)
OBJ 500009a4 (sz=16, trace=300500, class=java.lang.Integer@50000068)
OBJ 500009a5 (sz=16, trace=300500, class=java.lang.Integer@50000068)
OBJ 500009a6 (sz=16, trace=300500, class=java.lang.Integer@50000068)
OBJ 500009a7 (sz=16, trace=300500, class=java.lang.Integer@50000068)
OBJ 500009a8 (sz=16, trace=300500, class=java.lang.Integer@50000068)
OBJ 500009a9 (sz=16, trace=300500, class=java.lang.Integer@50000068)
OBJ 500009aa (sz=16, trace=300500, class=java.lang.Integer@50000068)
OBJ 500009ab (sz=16, trace=300500, class=java.lang.Integer@50000068)
OBJ 500009ac (sz=16, trace=300500, class=java.lang.Integer@50000068)
OBJ 500009ad (sz=16, trace=300500, class=java.lang.Integer@50000068)
OBJ 500009ae (sz=16, trace=300500, class=java.lang.Integer@50000068)
OBJ 500009af (sz=16, trace=300500, class=java.lang.Integer@50000068)
OBJ 500009b0 (sz=16, trace=300500, class=java.lang.Integer@50000068)
OBJ 500009b1 (sz=16, trace=300500, class=java.lang.Integer@50000068)
OBJ 500009b2 (sz=16, trace=300500, class=java.lang.Integer@50000068)
OBJ 500009b3 (sz=16, trace=300500, class=java.lang.Integer@50000068)
OBJ 500009b4 (sz=16, trace=300500, class=java.lang.Integer@50000068)
OBJ 500009b5 (sz=16, trace=300500, class=java.lang.Integer@50000068)
OBJ 500009b6 (sz=16, trace=300500, class=java.lang.Integer@50000068)
OBJ 500009b7 (sz=16, trace=300500, class=java.lang.Integer@50000068)
OBJ 500009b8 (sz=16, trace=300500, class=java.lang.Integer@50000068)
OBJ 500009b9 (sz=16, trace=300500, class=java.lang.Integer@50000068)
OBJ 500009ba (sz=16, trace=300500, class=java.lang.Integer@50000068)
OBJ 500009bb (sz=16, trace=300500, class=java.lang.Integer@50000068)
OBJ 500009bc (sz=16, trace=300500, class=java.lang.Integer@50000068)
OBJ 500009bd (sz=16, trace=300500, class=java.lang.Integer@50000068)
OBJ 500009be (sz=16, trace=300500, class=java.lang.Integer@50000068)
OBJ 500009bf (sz=16, trace=300500, class=java.lang.Integer@50000068)
OBJ 500009c0 (sz=16, trace=300500, class=java.lang.Integer@50000068)
OBJ 500009c1 (sz=16, trace=300500, class=java.lang.Integer@50000068)
OBJ 500009c2 (sz=16, trace=300500, class=java.lang.Integer@50000068)
OBJ 500009c3 (sz=16, trace=300500, class=java.lang.Integer@50000068)
OBJ 500009c4 (sz=16, trace=300500, class=java.lang.Integer@50000068)
OBJ 500009c5 (sz=16, trace=300500, class=java.lang.Integer@50000068)
OBJ 500009c6 (sz=16, trace=300500, class=java.lang.Integer@50000068)
OBJ 500009c7 (sz=16, trace=300500, class=java.lang.Integer@50000068)
OBJ 500009c8 (sz=16, trace=300500, class=java.lang.Integer@50000068)
OBJ 500009c9 (sz=16, trace=300500, class=java.lang.Integer@50000068)
OBJ 500009ca (sz=16, trace=300500, class=java.lang.Integer@50000068)
OBJ 500009cb (sz=16, trace=300500, class=java.lang.Integer@50000068)
OBJ 500009cc (sz=16, trace=300500, class=java.lang.Integer@50000068)
OBJ 500009cd (sz=16, trace=300500, class=java.lang.Integer@50000068)
OBJ 500009ce (sz=16, trace=300500, class=java.lang.Integer@50000068)
OBJ 500009cf (sz=16, trace=300500, class=java.lang.Integer@50000068)
OBJ 500009d0 (sz=16, trace=300500, class=java.lang.Integer@50000068)
OBJ 500009d1 (sz=16, trace=300500, class=java.lang.Integer@50000068)
OBJ 500009d2 (sz=16, trace=300500, class=java.lang.Integer@50000068)
OBJ 500009d3 (sz=16, trace=300500, class=java.lang.Integer@50000068)
OBJ 500009d4 (sz=16, trace=300500, class=java.lang.Integer@50000068)
OBJ 500009d5 (sz=16, trace=300500, class=java.lang.Integer@50000068)
OBJ 500009d6 (sz=16, trace=300500, class=java.lang.Integer@50000068)
OBJ 500009d7 (sz=16, trace=300500, class=java.lang.Integer@50000068)
OBJ 500009d8 (sz=16, trace=300500, class=java.lang.Integer@50000068)
OBJ 500009d9 (sz=16, trace=300500, class=java.lang.Integer@50000068)
OBJ 500009da (sz=16, trace=300500, class=java.lang.Integer@50000068)
OBJ 500009db (sz=16, trace=300500, class=java.lang.Integer@50000068)
OBJ 500009dc (sz=16, trace=300500, class=java.lang.Integer@50000068)
OBJ 500009dd (sz=16, trace=300500, class=java.lang.Integer@50000068)
OBJ 500009de (sz=16, trace=300500, class=java.lang.Integer@50000068)
OBJ 500009df (sz=16, trace=300500, class=java.lang.Integer@50000068)
OBJ 500009e0 (sz=16, trace=300500, class=java.lang.Integer@50000068)
OBJ 500009e1 (sz=16, trace=300500, class=java.lang.Integer@50000068)
OBJ 500009e2 (sz=16, trace=300500, class=java.lang.Integer@50000068)
OBJ 500009e3 (sz=16, trace=300500, class=java.lang.Integer@50000068)
OBJ 500009e4 (sz=16, trace=300500, class=java.lang.Integer@50000068)
OBJ 500009e5 (sz=16, trace=300500, class=java.lang.Integer@50000068)
OBJ 500009e6 (sz=16, trace=300500, class=java.lang.Integer@50000068)
OBJ 500009e7 (sz=16, trace=300500, class=java.lang.Integer@50000068)
OBJ 500009e8 (sz=16, trace=300500, class=java.lang.Integer@50000068)
OBJ 500009e9 (sz=16, trace=300500, class=java.lang.Integer@50000068)
OBJ 500009ea (sz=16, trace=300500, class=java.lang.Integer@50000068)
OBJ 500009eb (sz=16, trace=300500, class=java.lang.Integer@50000068)
OBJ 500009ec (sz=16, trace=300500, class=java.lang.Integer@50000068)
OBJ 500009ed (sz=16, trace=300500, class=java.lang.Integer@50000068)
OBJ 500009ee (sz=16, trace=300500, class=java.lang.Integer@50000068)
OBJ 500009ef (sz=16, trace=300500, class=java.lang.Integer@50000068)
OBJ 500009f0 (sz=16, trace=300500, class=java.lang.Integer@50000068)
OBJ 500009f1 (sz=16, trace=300500, class=java.lang.Integer@50000068)
OBJ 500009f2 (sz=16, trace=300500, class=java.lang.Integer@50000068)
OBJ 500009f3 (sz=16, trace=300500, class=java.lang.Integer@50000068)
OBJ 500009f4 (sz=16, trace=300500, class=java.lang.Integer@50000068)
OBJ 500009f5 (sz=16, trace=300500, class=java.lang.Integer@50000068)
OBJ 500009f6 (sz=16, trace=300500, class=java.lang.Integer@50000068)
OBJ 500009f7 (sz=16, trace=300500, class=java.lang.Integer@50000068)
OBJ 500009f8 (sz=16, trace=300500, class=java.lang.Integer@50000068)
OBJ 500009f9 (sz=16, trace=300500, class=java.lang.Integer@50000068)
OBJ 500009fa (sz=16, trace=300500, class=java.lang.Integer@50000068)
OBJ 500009fb (sz=16, trace=300500, class=java.lang.Integer@50000068)
OBJ 500009fc (sz=16, trace=300500, class=java.lang.Integer@50000068)
OBJ 500009fd (sz=16, trace=300500, class=java.lang.Integer@50000068)
OBJ 500009fe (sz=16, trace=300500, class=java.lang.Integer@50000068)
OBJ 500009ff (sz=16, trace=300500, class=java.lang.Integer@50000068)
OBJ 50000a00 (sz=16, trace=300500, class=java.lang.Integer@50000068)
OBJ 50000a01 (sz=16, trace=300500, class=java.lang.Integer@50000068)
OBJ 50000a02 (sz=16, trace=300500, class=java.lang.Integer@50000068)
OBJ 50000a03 (sz=16, trace=300500, class=java.lang.Integer@50000068)
OBJ 50000a04 (sz=16, trace=300500, class=java.lang.Integer@50000068)
OBJ 50000a05 (sz=16, trace=300500, class=java.lang.Integer@50000068)
OBJ 50000a06 (sz=16, trace=300500, class=java.lang.Integer@50000068)
OBJ 50000a07 (sz=16, trace=300500, class=java.lang.Integer@50000068)
OBJ 50000a08 (sz=32, trace=300455, class=java.text.MessageFormat@500008bb)
ARR 50000a09 (sz=56, trace=300501, nelems=0, elem type=java.text.Format[]@500008c1)
ARR 50000a0a (sz=56, trace=300502, nelems=0, elem type=int[])
ARR 50000a0b (sz=56, trace=300503, nelems=0, elem type=int[])
ARR 50000a0c (sz=32, trace=300470, nelems=0, elem type=java.lang.StringBuilder[]@500008d2)
OBJ 50000a0d (sz=16, trace=300471, class=java.lang.StringBuilder@50000123)
ARR 50000a0e (sz=48, trace=300472, nelems=0, elem type=char[])
OBJ 50000a0f (sz=16, trace=300473, class=java.lang.StringBuilder@50000123)
ARR 50000a10 (sz=48, trace=300474, nelems=0, elem type=char[])
ARR 50000a11 (sz=32, trace=300475, nelems=0, elem type=java.lang.String[]@500000b3)
OBJ 50000a12 (sz=24, trace=300476, class=java.lang.String@500000b2)
ARR 50000a13 (sz=24, trace=300477, nelems=0, elem type=char[])
OBJ 50000a14 (sz=24, trace=300476, class=java.lang.String@500000b2)
ARR 50000a15 (sz=16, trace=300477, nelems=0, elem type=char[])
ARR 50000a16 (sz=80, trace=300400, nelems=0, elem type=char[])
OBJ 50000a17 (sz=16, trace=300473, class=java.lang.StringBuilder@50000123)
ARR 50000a18 (sz=48, trace=300474, nelems=0, elem type=char[])
ARR 50000a19 (sz=32, trace=300475, nelems=0, elem type=java.lang.String[]@500000b3)
OBJ 50000a1a (sz=24, trace=300476, class=java.lang.String@500000b2)
ARR 50000a1b (sz=80, trace=300477, nelems=0, elem type=char[])
OBJ 50000a1c (sz=24, trace=300476, class=java.lang.String@500000b2)
ARR 50000a1d (sz=16, trace=300477, nelems=0, elem type=char[])
ARR 50000a1e (sz=152, trace=300400, nelems=0, elem type=char[])
OBJ 50000a1f (sz=24, trace=300478, class=java.lang.String@500000b2)
ARR 50000a20 (sz=144, trace=300479, nelems=0, elem type=char[])
OBJ 50000a21 (sz=16, trace=300480, class=java.lang.StringBuffer@500000e4)
ARR 50000a22 (sz=48, trace=300481, nelems=0, elem type=char[])
OBJ 50000a23 (sz=24, trace=300483, class=java.text.FieldPosition@500008ec)
OBJ 50000a24 (sz=24, trace=300484, class=java.lang.String@500000b2)
OBJ 50000a26 (sz=40, trace=300505, class=java.util.Hashtable@500000a0)
	table		50000a27
ARR 50000a27 (sz=24, trace=300506, nelems=3, elem type=java.util.Hashtable$Entry[]@5000014d)
	[2]		50000b2f
OBJ 50000a2b (sz=40, trace=300509, class=java.util.concurrent.ConcurrentHashMap@50000086)
	segments	50000a2c
ARR 50000a2c (sz=80, trace=300510, nelems=16, elem type=java.util.concurrent.ConcurrentHashMap$Segment[]@500000d5)
	[0]		50000a2d
	[1]		50000a30
	[2]		50000a33
	[3]		50000a36
	[4]		50000a39
	[5]		50000a3c
	[6]		50000a3f
	[7]		50000a42
	[8]		50000a45
	[9]		50000a48
	[10]		50000a4b
	[11]		50000a4e
	[12]		50000a51
	[13]		50000a54
	[14]		50000a57
	[15]		50000a5a
OBJ 50000a2d (sz=32, trace=300511, class=java.util.concurrent.ConcurrentHashMap$Segment@500000d4)
	sync		50000a2e
	table		50000a2f
OBJ 50000a2e (sz=24, trace=300016, class=java.util.concurrent.locks.ReentrantLock$NonfairSync@50000112)
ARR 50000a2f (sz=16, trace=300512, nelems=0, elem type=java.util.concurrent.ConcurrentHashMap$HashEntry[]@5000009f)
OBJ 50000a30 (sz=32, trace=300511, class=java.util.concurrent.ConcurrentHashMap$Segment@500000d4)
	sync		50000a31
	table		50000a32
OBJ 50000a31 (sz=24, trace=300016, class=java.util.concurrent.locks.ReentrantLock$NonfairSync@50000112)
ARR 50000a32 (sz=16, trace=300512, nelems=0, elem type=java.util.concurrent.ConcurrentHashMap$HashEntry[]@5000009f)
OBJ 50000a33 (sz=32, trace=300511, class=java.util.concurrent.ConcurrentHashMap$Segment@500000d4)
	sync		50000a34
	table		50000a35
OBJ 50000a34 (sz=24, trace=300016, class=java.util.concurrent.locks.ReentrantLock$NonfairSync@50000112)
ARR 50000a35 (sz=16, trace=300512, nelems=0, elem type=java.util.concurrent.ConcurrentHashMap$HashEntry[]@5000009f)
OBJ 50000a36 (sz=32, trace=300511, class=java.util.concurrent.ConcurrentHashMap$Segment@500000d4)
	sync		50000a37
	table		50000a38
OBJ 50000a37 (sz=24, trace=300016, class=java.util.concurrent.locks.ReentrantLock$NonfairSync@50000112)
ARR 50000a38 (sz=16, trace=300512, nelems=1, elem type=java.util.concurrent.ConcurrentHashMap$HashEntry[]@5000009f)
	[0]		50000bb1
OBJ 50000a39 (sz=32, trace=300511, class=java.util.concurrent.ConcurrentHashMap$Segment@500000d4)
	sync		50000a3a
	table		50000a3b
OBJ 50000a3a (sz=24, trace=300016, class=java.util.concurrent.locks.ReentrantLock$NonfairSync@50000112)
ARR 50000a3b (sz=16, trace=300512, nelems=0, elem type=java.util.concurrent.ConcurrentHashMap$HashEntry[]@5000009f)
OBJ 50000a3c (sz=32, trace=300511, class=java.util.concurrent.ConcurrentHashMap$Segment@500000d4)
	sync		50000a3d
	table		50000a3e
OBJ 50000a3d (sz=24, trace=300016, class=java.util.concurrent.locks.ReentrantLock$NonfairSync@50000112)
ARR 50000a3e (sz=16, trace=300512, nelems=0, elem type=java.util.concurrent.ConcurrentHashMap$HashEntry[]@5000009f)
OBJ 50000a3f (sz=32, trace=300511, class=java.util.concurrent.ConcurrentHashMap$Segment@500000d4)
	sync		50000a40
	table		50000a41
OBJ 50000a40 (sz=24, trace=300016, class=java.util.concurrent.locks.ReentrantLock$NonfairSync@50000112)
ARR 50000a41 (sz=16, trace=300512, nelems=0, elem type=java.util.concurrent.ConcurrentHashMap$HashEntry[]@5000009f)
OBJ 50000a42 (sz=32, trace=300511, class=java.util.concurrent.ConcurrentHashMap$Segment@500000d4)
	sync		50000a43
	table		50000a44
OBJ 50000a43 (sz=24, trace=300016, class=java.util.concurrent.locks.ReentrantLock$NonfairSync@50000112)
ARR 50000a44 (sz=16, trace=300512, nelems=1, elem type=java.util.concurrent.ConcurrentHashMap$HashEntry[]@5000009f)
	[0]		50000c9a
OBJ 50000a45 (sz=32, trace=300511, class=java.util.concurrent.ConcurrentHashMap$Segment@500000d4)
	sync		50000a46
	table		50000a47
OBJ 50000a46 (sz=24, trace=300016, class=java.util.concurrent.locks.ReentrantLock$NonfairSync@50000112)
ARR 50000a47 (sz=16, trace=300512, nelems=0, elem type=java.util.concurrent.ConcurrentHashMap$HashEntry[]@5000009f)
OBJ 50000a48 (sz=32, trace=300511, class=java.util.concurrent.ConcurrentHashMap$Segment@500000d4)
	sync		50000a49
	table		50000a4a
OBJ 50000a49 (sz=24, trace=300016, class=java.util.concurrent.locks.ReentrantLock$NonfairSync@50000112)
ARR 50000a4a (sz=16, trace=300512, nelems=0, elem type=java.util.concurrent.ConcurrentHashMap$HashEntry[]@5000009f)
OBJ 50000a4b (sz=32, trace=300511, class=java.util.concurrent.ConcurrentHashMap$Segment@500000d4)
	sync		50000a4c
	table		50000a4d
OBJ 50000a4c (sz=24, trace=300016, class=java.util.concurrent.locks.ReentrantLock$NonfairSync@50000112)
ARR 50000a4d (sz=16, trace=300512, nelems=0, elem type=java.util.concurrent.ConcurrentHashMap$HashEntry[]@5000009f)
OBJ 50000a4e (sz=32, trace=300511, class=java.util.concurrent.ConcurrentHashMap$Segment@500000d4)
	sync		50000a4f
	table		50000a50
OBJ 50000a4f (sz=24, trace=300016, class=java.util.concurrent.locks.ReentrantLock$NonfairSync@50000112)
ARR 50000a50 (sz=16, trace=300512, nelems=0, elem type=java.util.concurrent.ConcurrentHashMap$HashEntry[]@5000009f)
OBJ 50000a51 (sz=32, trace=300511, class=java.util.concurrent.ConcurrentHashMap$Segment@500000d4)
	sync		50000a52
	table		50000a53
OBJ 50000a52 (sz=24, trace=300016, class=java.util.concurrent.locks.ReentrantLock$NonfairSync@50000112)
ARR 50000a53 (sz=16, trace=300512, nelems=0, elem type=java.util.concurrent.ConcurrentHashMap$HashEntry[]@5000009f)
OBJ 50000a54 (sz=32, trace=300511, class=java.util.concurrent.ConcurrentHashMap$Segment@500000d4)
	sync		50000a55
	table		50000a56
OBJ 50000a55 (sz=24, trace=300016, class=java.util.concurrent.locks.ReentrantLock$NonfairSync@50000112)
ARR 50000a56 (sz=16, trace=300512, nelems=0, elem type=java.util.concurrent.ConcurrentHashMap$HashEntry[]@5000009f)
OBJ 50000a57 (sz=32, trace=300511, class=java.util.concurrent.ConcurrentHashMap$Segment@500000d4)
	sync		50000a58
	table		50000a59
OBJ 50000a58 (sz=24, trace=300016, class=java.util.concurrent.locks.ReentrantLock$NonfairSync@50000112)
ARR 50000a59 (sz=16, trace=300512, nelems=1, elem type=java.util.concurrent.ConcurrentHashMap$HashEntry[]@5000009f)
	[0]		50000ac6
OBJ 50000a5a (sz=32, trace=300511, class=java.util.concurrent.ConcurrentHashMap$Segment@500000d4)
	sync		50000a5b
	table		50000a5c
OBJ 50000a5b (sz=24, trace=300016, class=java.util.concurrent.locks.ReentrantLock$NonfairSync@50000112)
ARR 50000a5c (sz=16, trace=300512, nelems=0, elem type=java.util.concurrent.ConcurrentHashMap$HashEntry[]@5000009f)
OBJ 50000a5d (sz=24, trace=300513, class=java.util.Locale@5000009c)
	_baseLocale	50000a60
	_extensions	50001335
OBJ 50000a5e (sz=32, trace=300514, class=sun.util.locale.BaseLocale$Key@500000a3)
OBJ 50000a5f (sz=32, trace=300515, class=sun.util.locale.BaseLocale$Key@500000a3)
	_lang		50001254
	_scrt		50000f07
	_regn		50001246
	_vart		50001246
OBJ 50000a60 (sz=32, trace=300516, class=sun.util.locale.BaseLocale@50000114)
	_language	50001254
	_script		50000f07
	_region		50001246
	_variant	50001246
OBJ 50000a61 (sz=40, trace=300067, class=sun.util.locale.LocaleObjectCache$CacheEntry@500000b0)
	referent	50000a60
	queue		50001297
	_key		50000a5f
ARR 50000a62 (sz=24, trace=300517, nelems=2, elem type=java.util.concurrent.ConcurrentHashMap$HashEntry[]@5000009f)
	[0]		50001311
	[1]		50000a63
OBJ 50000a63 (sz=24, trace=300068, class=java.util.concurrent.ConcurrentHashMap$HashEntry@5000009e)
	key		50000a5f
	value		50000a61
OBJ 50000a64 (sz=24, trace=300518, class=java.util.Locale@5000009c)
	_baseLocale	50000a67
	_extensions	50001334
OBJ 50000a65 (sz=32, trace=300519, class=sun.util.locale.BaseLocale$Key@500000a3)
OBJ 50000a66 (sz=32, trace=300515, class=sun.util.locale.BaseLocale$Key@500000a3)
	_lang		50001258
	_scrt		50000f07
	_regn		50001248
	_vart		50001248
OBJ 50000a67 (sz=32, trace=300516, class=sun.util.locale.BaseLocale@50000114)
	_language	50001258
	_script		50000f07
	_region		50001248
	_variant	50001248
OBJ 50000a68 (sz=40, trace=300067, class=sun.util.locale.LocaleObjectCache$CacheEntry@500000b0)
	referent	50000a67
	queue		50001297
	_key		50000a66
ARR 50000a69 (sz=24, trace=300517, nelems=2, elem type=java.util.concurrent.ConcurrentHashMap$HashEntry[]@5000009f)
	[0]		500012c7
	[1]		50000a6a
OBJ 50000a6a (sz=24, trace=300068, class=java.util.concurrent.ConcurrentHashMap$HashEntry@5000009e)
	key		50000a66
	value		50000a68
OBJ 50000a6b (sz=24, trace=300520, class=sun.util.LocaleServiceProviderPool@50000a2a)
	providers	50000a6d
	providersCache	50000a71
OBJ 50000a6d (sz=16, trace=300522, class=java.util.LinkedHashSet@50000a6c)
	map		50000a6e
OBJ 50000a6e (sz=48, trace=300523, class=java.util.LinkedHashMap@5000007a)
	table		50000a6f
	header		50000a70
ARR 50000a6f (sz=80, trace=300524, nelems=0, elem type=java.util.HashMap$Entry[]@5000012c)
OBJ 50000a70 (sz=32, trace=300525, class=java.util.LinkedHashMap$Entry@50000064)
	before		50000a70
	after		50000a70
OBJ 50000a71 (sz=40, trace=300526, class=java.util.concurrent.ConcurrentHashMap@50000086)
	segments	50000a72
ARR 50000a72 (sz=80, trace=300527, nelems=16, elem type=java.util.concurrent.ConcurrentHashMap$Segment[]@500000d5)
	[0]		50000a73
	[1]		50000a76
	[2]		50000a79
	[3]		50000a7c
	[4]		50000a7f
	[5]		50000a82
	[6]		50000a85
	[7]		50000a88
	[8]		50000a8b
	[9]		50000a8e
	[10]		50000a91
	[11]		50000a94
	[12]		50000a97
	[13]		50000a9a
	[14]		50000a9d
	[15]		50000aa0
OBJ 50000a73 (sz=32, trace=300511, class=java.util.concurrent.ConcurrentHashMap$Segment@500000d4)
	sync		50000a74
	table		50000a75
OBJ 50000a74 (sz=24, trace=300016, class=java.util.concurrent.locks.ReentrantLock$NonfairSync@50000112)
ARR 50000a75 (sz=16, trace=300512, nelems=0, elem type=java.util.concurrent.ConcurrentHashMap$HashEntry[]@5000009f)
OBJ 50000a76 (sz=32, trace=300511, class=java.util.concurrent.ConcurrentHashMap$Segment@500000d4)
	sync		50000a77
	table		50000a78
OBJ 50000a77 (sz=24, trace=300016, class=java.util.concurrent.locks.ReentrantLock$NonfairSync@50000112)
ARR 50000a78 (sz=16, trace=300512, nelems=0, elem type=java.util.concurrent.ConcurrentHashMap$HashEntry[]@5000009f)
OBJ 50000a79 (sz=32, trace=300511, class=java.util.concurrent.ConcurrentHashMap$Segment@500000d4)
	sync		50000a7a
	table		50000a7b
OBJ 50000a7a (sz=24, trace=300016, class=java.util.concurrent.locks.ReentrantLock$NonfairSync@50000112)
ARR 50000a7b (sz=16, trace=300512, nelems=0, elem type=java.util.concurrent.ConcurrentHashMap$HashEntry[]@5000009f)
OBJ 50000a7c (sz=32, trace=300511, class=java.util.concurrent.ConcurrentHashMap$Segment@500000d4)
	sync		50000a7d
	table		50000a7e
OBJ 50000a7d (sz=24, trace=300016, class=java.util.concurrent.locks.ReentrantLock$NonfairSync@50000112)
ARR 50000a7e (sz=16, trace=300512, nelems=0, elem type=java.util.concurrent.ConcurrentHashMap$HashEntry[]@5000009f)
OBJ 50000a7f (sz=32, trace=300511, class=java.util.concurrent.ConcurrentHashMap$Segment@500000d4)
	sync		50000a80
	table		50000a81
OBJ 50000a80 (sz=24, trace=300016, class=java.util.concurrent.locks.ReentrantLock$NonfairSync@50000112)
ARR 50000a81 (sz=16, trace=300512, nelems=0, elem type=java.util.concurrent.ConcurrentHashMap$HashEntry[]@5000009f)
OBJ 50000a82 (sz=32, trace=300511, class=java.util.concurrent.ConcurrentHashMap$Segment@500000d4)
	sync		50000a83
	table		50000a84
OBJ 50000a83 (sz=24, trace=300016, class=java.util.concurrent.locks.ReentrantLock$NonfairSync@50000112)
ARR 50000a84 (sz=16, trace=300512, nelems=0, elem type=java.util.concurrent.ConcurrentHashMap$HashEntry[]@5000009f)
OBJ 50000a85 (sz=32, trace=300511, class=java.util.concurrent.ConcurrentHashMap$Segment@500000d4)
	sync		50000a86
	table		50000a87
OBJ 50000a86 (sz=24, trace=300016, class=java.util.concurrent.locks.ReentrantLock$NonfairSync@50000112)
ARR 50000a87 (sz=16, trace=300512, nelems=0, elem type=java.util.concurrent.ConcurrentHashMap$HashEntry[]@5000009f)
OBJ 50000a88 (sz=32, trace=300511, class=java.util.concurrent.ConcurrentHashMap$Segment@500000d4)
	sync		50000a89
	table		50000a8a
OBJ 50000a89 (sz=24, trace=300016, class=java.util.concurrent.locks.ReentrantLock$NonfairSync@50000112)
ARR 50000a8a (sz=16, trace=300512, nelems=0, elem type=java.util.concurrent.ConcurrentHashMap$HashEntry[]@5000009f)
OBJ 50000a8b (sz=32, trace=300511, class=java.util.concurrent.ConcurrentHashMap$Segment@500000d4)
	sync		50000a8c
	table		50000a8d
OBJ 50000a8c (sz=24, trace=300016, class=java.util.concurrent.locks.ReentrantLock$NonfairSync@50000112)
ARR 50000a8d (sz=16, trace=300512, nelems=0, elem type=java.util.concurrent.ConcurrentHashMap$HashEntry[]@5000009f)
OBJ 50000a8e (sz=32, trace=300511, class=java.util.concurrent.ConcurrentHashMap$Segment@500000d4)
	sync		50000a8f
	table		50000a90
OBJ 50000a8f (sz=24, trace=300016, class=java.util.concurrent.locks.ReentrantLock$NonfairSync@50000112)
ARR 50000a90 (sz=16, trace=300512, nelems=0, elem type=java.util.concurrent.ConcurrentHashMap$HashEntry[]@5000009f)
OBJ 50000a91 (sz=32, trace=300511, class=java.util.concurrent.ConcurrentHashMap$Segment@500000d4)
	sync		50000a92
	table		50000a93
OBJ 50000a92 (sz=24, trace=300016, class=java.util.concurrent.locks.ReentrantLock$NonfairSync@50000112)
ARR 50000a93 (sz=16, trace=300512, nelems=0, elem type=java.util.concurrent.ConcurrentHashMap$HashEntry[]@5000009f)
OBJ 50000a94 (sz=32, trace=300511, class=java.util.concurrent.ConcurrentHashMap$Segment@500000d4)
	sync		50000a95
	table		50000a96
OBJ 50000a95 (sz=24, trace=300016, class=java.util.concurrent.locks.ReentrantLock$NonfairSync@50000112)
ARR 50000a96 (sz=16, trace=300512, nelems=0, elem type=java.util.concurrent.ConcurrentHashMap$HashEntry[]@5000009f)
OBJ 50000a97 (sz=32, trace=300511, class=java.util.concurrent.ConcurrentHashMap$Segment@500000d4)
	sync		50000a98
	table		50000a99
OBJ 50000a98 (sz=24, trace=300016, class=java.util.concurrent.locks.ReentrantLock$NonfairSync@50000112)
ARR 50000a99 (sz=16, trace=300512, nelems=0, elem type=java.util.concurrent.ConcurrentHashMap$HashEntry[]@5000009f)
OBJ 50000a9a (sz=32, trace=300511, class=java.util.concurrent.ConcurrentHashMap$Segment@500000d4)
	sync		50000a9b
	table		50000a9c
OBJ 50000a9b (sz=24, trace=300016, class=java.util.concurrent.locks.ReentrantLock$NonfairSync@50000112)
ARR 50000a9c (sz=16, trace=300512, nelems=0, elem type=java.util.concurrent.ConcurrentHashMap$HashEntry[]@5000009f)
OBJ 50000a9d (sz=32, trace=300511, class=java.util.concurrent.ConcurrentHashMap$Segment@500000d4)
	sync		50000a9e
	table		50000a9f
OBJ 50000a9e (sz=24, trace=300016, class=java.util.concurrent.locks.ReentrantLock$NonfairSync@50000112)
ARR 50000a9f (sz=16, trace=300512, nelems=0, elem type=java.util.concurrent.ConcurrentHashMap$HashEntry[]@5000009f)
OBJ 50000aa0 (sz=32, trace=300511, class=java.util.concurrent.ConcurrentHashMap$Segment@500000d4)
	sync		50000aa1
	table		50000aa2
OBJ 50000aa1 (sz=24, trace=300016, class=java.util.concurrent.locks.ReentrantLock$NonfairSync@50000112)
ARR 50000aa2 (sz=16, trace=300512, nelems=0, elem type=java.util.concurrent.ConcurrentHashMap$HashEntry[]@5000009f)
OBJ 50000aa4 (sz=16, trace=300529, class=sun.util.LocaleServiceProviderPool$1@50000aa3)
OBJ 50000aa6 (sz=24, trace=300531, class=java.util.ServiceLoader@50000aa5)
OBJ 50000aa7 (sz=48, trace=300532, class=java.util.LinkedHashMap@5000007a)
ARR 50000aa8 (sz=80, trace=300533, nelems=0, elem type=java.util.HashMap$Entry[]@5000012c)
OBJ 50000aa9 (sz=32, trace=300534, class=java.util.LinkedHashMap$Entry@50000064)
OBJ 50000aab (sz=32, trace=300536, class=java.util.ServiceLoader$LazyIterator@50000aaa)
OBJ 50000aad (sz=16, trace=300538, class=java.util.ServiceLoader$1@50000aac)
OBJ 50000aae (sz=16, trace=300539, class=java.util.HashMap$EntrySet@500000b9)
OBJ 50000ab1 (sz=32, trace=300541, class=java.util.LinkedHashMap$EntryIterator@50000ab0)
OBJ 50000ab2 (sz=16, trace=300542, class=java.lang.StringBuilder@50000123)
ARR 50000ab3 (sz=48, trace=300543, nelems=0, elem type=char[])
ARR 50000ab4 (sz=80, trace=300100, nelems=0, elem type=char[])
ARR 50000ab5 (sz=152, trace=300100, nelems=0, elem type=char[])
OBJ 50000ab6 (sz=24, trace=300544, class=java.lang.String@500000b2)
ARR 50000ab7 (sz=120, trace=300545, nelems=0, elem type=char[])
ARR 50000ab9 (sz=24, trace=300546, nelems=0, elem type=java.util.Enumeration[]@50000ab8)
OBJ 50000abb (sz=32, trace=300548, class=sun.misc.URLClassPath$2@50000aba)
OBJ 50000abd (sz=16, trace=300550, class=java.lang.ClassLoader$2@50000abc)
OBJ 50000abf (sz=32, trace=300552, class=sun.misc.URLClassPath$1@50000abe)
OBJ 50000ac1 (sz=24, trace=300554, class=java.net.URLClassLoader$3@50000ac0)
OBJ 50000ac3 (sz=16, trace=300556, class=sun.misc.CompoundEnumeration@50000ac2)
OBJ 50000ac5 (sz=16, trace=300558, class=java.net.URLClassLoader$3$1@50000ac4)
OBJ 50000ac6 (sz=24, trace=300559, class=java.util.concurrent.ConcurrentHashMap$HashEntry@5000009e)
	key		50000a29
	value		50000a6b
OBJ 50000ac9 (sz=16, trace=300562, class=sun.util.resources.LocaleData$1@50000ac8)
OBJ 50000acb (sz=8, trace=300564, class=sun.util.resources.LocaleData$LocaleDataResourceBundleControl@50000aca)
OBJ 50000acc (sz=48, trace=300565, class=java.util.ResourceBundle$CacheKey@500001f8)
OBJ 50000acd (sz=32, trace=300057, class=java.util.ResourceBundle$LoaderReference@500001fb)
OBJ 50000acf (sz=24, trace=300069, class=java.util.ArrayList@500000b1)
ARR 50000ad0 (sz=24, trace=300567, nelems=0, elem type=java.lang.Object[]@500000fa)
OBJ 50000ad2 (sz=40, trace=300569, class=java.util.HashMap@50000008)
	table		50000ad3
ARR 50000ad3 (sz=48, trace=300570, nelems=7, elem type=java.util.HashMap$Entry[]@5000012c)
	[0]		50000ad4
	[2]		50000ad8
	[6]		50000ad9
OBJ 50000ad4 (sz=24, trace=300571, class=java.util.HashMap$Entry@5000012b)
	key		500010b0
	value		50001b11
OBJ 50000ad5 (sz=24, trace=300572, class=java.util.HashMap$Entry@5000012b)
	key		50001b17
	value		50001b14
OBJ 50000ad6 (sz=24, trace=300573, class=java.util.HashMap$Entry@5000012b)
	key		50001b1a
	value		50001b16
	next		50000ad5
OBJ 50000ad7 (sz=24, trace=300574, class=java.util.HashMap$Entry@5000012b)
	key		50001b19
	value		50001b13
OBJ 50000ad8 (sz=24, trace=300575, class=java.util.HashMap$Entry@5000012b)
	key		500010ae
	value		50001b15
	next		50000ad7
OBJ 50000ad9 (sz=24, trace=300576, class=java.util.HashMap$Entry@5000012b)
	key		50001b18
	value		50001b12
	next		50000ad6
OBJ 50000adb (sz=24, trace=300578, class=java.util.ArrayList$Itr@50000ada)
OBJ 50000adc (sz=16, trace=300579, class=java.lang.StringBuilder@50000123)
ARR 50000add (sz=48, trace=300580, nelems=0, elem type=char[])
OBJ 50000ade (sz=24, trace=300581, class=java.lang.String@500000b2)
ARR 50000adf (sz=24, trace=300582, nelems=0, elem type=char[])
OBJ 50000ae0 (sz=16, trace=300583, class=java.lang.StringBuilder@50000123)
ARR 50000ae1 (sz=48, trace=300584, nelems=0, elem type=char[])
OBJ 50000ae2 (sz=24, trace=300585, class=java.lang.String@500000b2)
ARR 50000ae3 (sz=32, trace=300586, nelems=0, elem type=char[])
OBJ 50000ae4 (sz=16, trace=300579, class=java.lang.StringBuilder@50000123)
ARR 50000ae5 (sz=48, trace=300580, nelems=0, elem type=char[])
OBJ 50000ae6 (sz=24, trace=300581, class=java.lang.String@500000b2)
ARR 50000ae7 (sz=16, trace=300582, nelems=0, elem type=char[])
OBJ 50000ae8 (sz=16, trace=300583, class=java.lang.StringBuilder@50000123)
ARR 50000ae9 (sz=48, trace=300584, nelems=0, elem type=char[])
OBJ 50000aea (sz=24, trace=300585, class=java.lang.String@500000b2)
ARR 50000aeb (sz=24, trace=300586, nelems=0, elem type=char[])
OBJ 50000aec (sz=16, trace=300579, class=java.lang.StringBuilder@50000123)
ARR 50000aed (sz=48, trace=300580, nelems=0, elem type=char[])
OBJ 50000aee (sz=24, trace=300581, class=java.lang.String@500000b2)
ARR 50000aef (sz=16, trace=300582, nelems=0, elem type=char[])
OBJ 50000af0 (sz=32, trace=300071, class=java.util.ResourceBundle$LoaderReference@500001fb)
OBJ 50000af1 (sz=8, trace=300072, class=java.lang.Object@500000f9)
OBJ 50000af2 (sz=24, trace=300073, class=java.util.concurrent.ConcurrentHashMap$HashEntry@5000009e)
	key		500010b0
	value		50000af1
OBJ 50000af3 (sz=8, trace=300074, class=java.lang.Object@500000f9)
OBJ 50000af4 (sz=24, trace=300073, class=java.util.concurrent.ConcurrentHashMap$HashEntry@5000009e)
	key		500010b0
	value		50000af3
ARR 50000af6 (sz=16, trace=300076, nelems=0, elem type=java.lang.Class[]@500000c1)
OBJ 50000af7 (sz=32, trace=300077, class=java.lang.ref.SoftReference@500000a5)
OBJ 50000af8 (sz=64, trace=300078, class=java.lang.reflect.Constructor@50000095)
OBJ 50000af9 (sz=16, trace=300079, class=java.lang.Class$1@5000013d)
OBJ 50000afa (sz=24, trace=300080, class=sun.reflect.NativeConstructorAccessorImpl@50000050)
OBJ 50000afb (sz=16, trace=300081, class=sun.reflect.DelegatingConstructorAccessorImpl@5000013c)
OBJ 50000afc (sz=40, trace=300587, class=sun.text.resources.FormatData@50000af5)
	locale		50001264
	name		500010b0
	cacheKey	50001a77
OBJ 50000afd (sz=32, trace=300071, class=java.util.ResourceBundle$LoaderReference@500001fb)
	referent	500001a6
	queue		500001a1
	cacheKey	50001a77
OBJ 50000afe (sz=40, trace=300084, class=java.util.ResourceBundle$BundleReference@5000021d)
	referent	50000afc
	queue		500001a1
	cacheKey	50001a77
OBJ 50000aff (sz=24, trace=300085, class=java.util.concurrent.ConcurrentHashMap$HashEntry@5000009e)
	key		50001a77
	value		50000afe
OBJ 50000b00 (sz=32, trace=300071, class=java.util.ResourceBundle$LoaderReference@500001fb)
OBJ 50000b01 (sz=16, trace=300086, class=java.lang.StringBuilder@50000123)
ARR 50000b02 (sz=104, trace=300087, nelems=0, elem type=char[])
OBJ 50000b03 (sz=24, trace=300088, class=java.lang.String@500000b2)
	value		50000b04
ARR 50000b04 (sz=64, trace=300089, nelems=32, elem type=char[])
OBJ 50000b05 (sz=8, trace=300072, class=java.lang.Object@500000f9)
OBJ 50000b06 (sz=24, trace=300073, class=java.util.concurrent.ConcurrentHashMap$HashEntry@5000009e)
	key		50000b03
	value		50000b05
OBJ 50000b07 (sz=8, trace=300074, class=java.lang.Object@500000f9)
OBJ 50000b08 (sz=24, trace=300073, class=java.util.concurrent.ConcurrentHashMap$HashEntry@5000009e)
	key		50000b03
	value		50000b07
ARR 50000b0a (sz=16, trace=300076, nelems=0, elem type=java.lang.Class[]@500000c1)
OBJ 50000b0b (sz=32, trace=300077, class=java.lang.ref.SoftReference@500000a5)
OBJ 50000b0c (sz=64, trace=300078, class=java.lang.reflect.Constructor@50000095)
OBJ 50000b0d (sz=16, trace=300079, class=java.lang.Class$1@5000013d)
OBJ 50000b0e (sz=24, trace=300080, class=sun.reflect.NativeConstructorAccessorImpl@50000050)
OBJ 50000b0f (sz=16, trace=300081, class=sun.reflect.DelegatingConstructorAccessorImpl@5000013c)
OBJ 50000b10 (sz=40, trace=300588, class=sun.text.resources.FormatData_de@50000b09)
	parent		50000afc
	locale		50001273
	name		500010b0
	cacheKey	50001a76
	lookup		50000bc7
OBJ 50000b11 (sz=32, trace=300071, class=java.util.ResourceBundle$LoaderReference@500001fb)
	referent	500001a6
	queue		500001a1
	cacheKey	50001a76
OBJ 50000b12 (sz=40, trace=300084, class=java.util.ResourceBundle$BundleReference@5000021d)
	referent	50000b10
	queue		500001a1
	cacheKey	50001a76
OBJ 50000b13 (sz=24, trace=300085, class=java.util.concurrent.ConcurrentHashMap$HashEntry@5000009e)
	key		50001a76
	value		50000b12
	next		5000021f
OBJ 50000b14 (sz=32, trace=300071, class=java.util.ResourceBundle$LoaderReference@500001fb)
OBJ 50000b15 (sz=16, trace=300086, class=java.lang.StringBuilder@50000123)
ARR 50000b16 (sz=104, trace=300087, nelems=0, elem type=char[])
OBJ 50000b17 (sz=24, trace=300088, class=java.lang.String@500000b2)
	value		50000b18
ARR 50000b18 (sz=70, trace=300089, nelems=35, elem type=char[])
OBJ 50000b19 (sz=8, trace=300072, class=java.lang.Object@500000f9)
OBJ 50000b1a (sz=24, trace=300073, class=java.util.concurrent.ConcurrentHashMap$HashEntry@5000009e)
	key		50000b17
	value		50000b19
OBJ 50000b1b (sz=8, trace=300074, class=java.lang.Object@500000f9)
OBJ 50000b1c (sz=24, trace=300073, class=java.util.concurrent.ConcurrentHashMap$HashEntry@5000009e)
	key		50000b17
	value		50000b1b
ARR 50000b1e (sz=16, trace=300076, nelems=0, elem type=java.lang.Class[]@500000c1)
OBJ 50000b1f (sz=32, trace=300077, class=java.lang.ref.SoftReference@500000a5)
OBJ 50000b20 (sz=64, trace=300078, class=java.lang.reflect.Constructor@50000095)
OBJ 50000b21 (sz=16, trace=300079, class=java.lang.Class$1@5000013d)
OBJ 50000b22 (sz=24, trace=300080, class=sun.reflect.NativeConstructorAccessorImpl@50000050)
OBJ 50000b23 (sz=16, trace=300081, class=sun.reflect.DelegatingConstructorAccessorImpl@5000013c)
OBJ 50000b24 (sz=40, trace=300589, class=sun.text.resources.FormatData_de_DE@50000b1d)
	parent		50000b10
	locale		50001263
	name		500010b0
	cacheKey	50001afa
	lookup		50000b2b
OBJ 50000b25 (sz=32, trace=300071, class=java.util.ResourceBundle$LoaderReference@500001fb)
	referent	500001a6
	queue		500001a1
	cacheKey	50001afa
OBJ 50000b26 (sz=40, trace=300084, class=java.util.ResourceBundle$BundleReference@5000021d)
	referent	50000b24
	queue		500001a1
	cacheKey	50001afa
OBJ 50000b27 (sz=24, trace=300085, class=java.util.concurrent.ConcurrentHashMap$HashEntry@5000009e)
	key		50001afa
	value		50000b26
	next		5000089d
ARR 50000b28 (sz=16, trace=300590, nelems=0, elem type=java.lang.Object[][]@5000089e)
ARR 50000b29 (sz=24, trace=300591, nelems=0, elem type=java.lang.Object[]@500000fa)
ARR 50000b2a (sz=24, trace=300592, nelems=3, elem type=java.lang.String[]@500000b3)
	[0]		50001afd
	[1]		50001afe
	[2]		50001aff
OBJ 50000b2b (sz=40, trace=300447, class=java.util.HashMap@50000008)
	table		50000b2e
ARR 50000b2c (sz=16, trace=300448, nelems=0, elem type=java.util.HashMap$Entry[]@5000012c)
OBJ 50000b2d (sz=24, trace=300449, class=java.util.HashMap$Entry@5000012b)
	key		50001afb
	value		50000b2a
ARR 50000b2e (sz=24, trace=300593, nelems=2, elem type=java.util.HashMap$Entry[]@5000012c)
	[1]		50000b2d
OBJ 50000b2f (sz=24, trace=300594, class=java.util.Hashtable$Entry@5000014c)
	key		50001263
	value		50000b2a
OBJ 50000b31 (sz=40, trace=300596, class=java.util.concurrent.ConcurrentHashMap@50000086)
	segments	50000b32
ARR 50000b32 (sz=80, trace=300597, nelems=16, elem type=java.util.concurrent.ConcurrentHashMap$Segment[]@500000d5)
	[0]		50000b33
	[1]		50000b36
	[2]		50000b39
	[3]		50000b3c
	[4]		50000b3f
	[5]		50000b42
	[6]		50000b45
	[7]		50000b48
	[8]		50000b4b
	[9]		50000b4e
	[10]		50000b51
	[11]		50000b54
	[12]		50000b57
	[13]		50000b5a
	[14]		50000b5d
	[15]		50000b60
OBJ 50000b33 (sz=32, trace=300015, class=java.util.concurrent.ConcurrentHashMap$Segment@500000d4)
	sync		50000b34
	table		50000b35
OBJ 50000b34 (sz=24, trace=300016, class=java.util.concurrent.locks.ReentrantLock$NonfairSync@50000112)
ARR 50000b35 (sz=16, trace=300017, nelems=1, elem type=java.util.concurrent.ConcurrentHashMap$HashEntry[]@5000009f)
	[0]		50000cfb
OBJ 50000b36 (sz=32, trace=300015, class=java.util.concurrent.ConcurrentHashMap$Segment@500000d4)
	sync		50000b37
	table		50000b38
OBJ 50000b37 (sz=24, trace=300016, class=java.util.concurrent.locks.ReentrantLock$NonfairSync@50000112)
ARR 50000b38 (sz=16, trace=300017, nelems=0, elem type=java.util.concurrent.ConcurrentHashMap$HashEntry[]@5000009f)
OBJ 50000b39 (sz=32, trace=300015, class=java.util.concurrent.ConcurrentHashMap$Segment@500000d4)
	sync		50000b3a
	table		50000b3b
OBJ 50000b3a (sz=24, trace=300016, class=java.util.concurrent.locks.ReentrantLock$NonfairSync@50000112)
ARR 50000b3b (sz=16, trace=300017, nelems=0, elem type=java.util.concurrent.ConcurrentHashMap$HashEntry[]@5000009f)
OBJ 50000b3c (sz=32, trace=300015, class=java.util.concurrent.ConcurrentHashMap$Segment@500000d4)
	sync		50000b3d
	table		50000b3e
OBJ 50000b3d (sz=24, trace=300016, class=java.util.concurrent.locks.ReentrantLock$NonfairSync@50000112)
ARR 50000b3e (sz=16, trace=300017, nelems=0, elem type=java.util.concurrent.ConcurrentHashMap$HashEntry[]@5000009f)
OBJ 50000b3f (sz=32, trace=300015, class=java.util.concurrent.ConcurrentHashMap$Segment@500000d4)
	sync		50000b40
	table		50000b41
OBJ 50000b40 (sz=24, trace=300016, class=java.util.concurrent.locks.ReentrantLock$NonfairSync@50000112)
ARR 50000b41 (sz=16, trace=300017, nelems=0, elem type=java.util.concurrent.ConcurrentHashMap$HashEntry[]@5000009f)
OBJ 50000b42 (sz=32, trace=300015, class=java.util.concurrent.ConcurrentHashMap$Segment@500000d4)
	sync		50000b43
	table		50000b44
OBJ 50000b43 (sz=24, trace=300016, class=java.util.concurrent.locks.ReentrantLock$NonfairSync@50000112)
ARR 50000b44 (sz=16, trace=300017, nelems=0, elem type=java.util.concurrent.ConcurrentHashMap$HashEntry[]@5000009f)
OBJ 50000b45 (sz=32, trace=300015, class=java.util.concurrent.ConcurrentHashMap$Segment@500000d4)
	sync		50000b46
	table		50000b47
OBJ 50000b46 (sz=24, trace=300016, class=java.util.concurrent.locks.ReentrantLock$NonfairSync@50000112)
ARR 50000b47 (sz=16, trace=300017, nelems=0, elem type=java.util.concurrent.ConcurrentHashMap$HashEntry[]@5000009f)
OBJ 50000b48 (sz=32, trace=300015, class=java.util.concurrent.ConcurrentHashMap$Segment@500000d4)
	sync		50000b49
	table		50000b4a
OBJ 50000b49 (sz=24, trace=300016, class=java.util.concurrent.locks.ReentrantLock$NonfairSync@50000112)
ARR 50000b4a (sz=16, trace=300017, nelems=0, elem type=java.util.concurrent.ConcurrentHashMap$HashEntry[]@5000009f)
OBJ 50000b4b (sz=32, trace=300015, class=java.util.concurrent.ConcurrentHashMap$Segment@500000d4)
	sync		50000b4c
	table		50000b4d
OBJ 50000b4c (sz=24, trace=300016, class=java.util.concurrent.locks.ReentrantLock$NonfairSync@50000112)
ARR 50000b4d (sz=16, trace=300017, nelems=0, elem type=java.util.concurrent.ConcurrentHashMap$HashEntry[]@5000009f)
OBJ 50000b4e (sz=32, trace=300015, class=java.util.concurrent.ConcurrentHashMap$Segment@500000d4)
	sync		50000b4f
	table		50000b50
OBJ 50000b4f (sz=24, trace=300016, class=java.util.concurrent.locks.ReentrantLock$NonfairSync@50000112)
ARR 50000b50 (sz=16, trace=300017, nelems=0, elem type=java.util.concurrent.ConcurrentHashMap$HashEntry[]@5000009f)
OBJ 50000b51 (sz=32, trace=300015, class=java.util.concurrent.ConcurrentHashMap$Segment@500000d4)
	sync		50000b52
	table		50000b53
OBJ 50000b52 (sz=24, trace=300016, class=java.util.concurrent.locks.ReentrantLock$NonfairSync@50000112)
ARR 50000b53 (sz=16, trace=300017, nelems=0, elem type=java.util.concurrent.ConcurrentHashMap$HashEntry[]@5000009f)
OBJ 50000b54 (sz=32, trace=300015, class=java.util.concurrent.ConcurrentHashMap$Segment@500000d4)
	sync		50000b55
	table		50000b56
OBJ 50000b55 (sz=24, trace=300016, class=java.util.concurrent.locks.ReentrantLock$NonfairSync@50000112)
ARR 50000b56 (sz=16, trace=300017, nelems=0, elem type=java.util.concurrent.ConcurrentHashMap$HashEntry[]@5000009f)
OBJ 50000b57 (sz=32, trace=300015, class=java.util.concurrent.ConcurrentHashMap$Segment@500000d4)
	sync		50000b58
	table		50000b59
OBJ 50000b58 (sz=24, trace=300016, class=java.util.concurrent.locks.ReentrantLock$NonfairSync@50000112)
ARR 50000b59 (sz=16, trace=300017, nelems=0, elem type=java.util.concurrent.ConcurrentHashMap$HashEntry[]@5000009f)
OBJ 50000b5a (sz=32, trace=300015, class=java.util.concurrent.ConcurrentHashMap$Segment@500000d4)
	sync		50000b5b
	table		50000b5c
OBJ 50000b5b (sz=24, trace=300016, class=java.util.concurrent.locks.ReentrantLock$NonfairSync@50000112)
ARR 50000b5c (sz=16, trace=300017, nelems=0, elem type=java.util.concurrent.ConcurrentHashMap$HashEntry[]@5000009f)
OBJ 50000b5d (sz=32, trace=300015, class=java.util.concurrent.ConcurrentHashMap$Segment@500000d4)
	sync		50000b5e
	table		50000b5f
OBJ 50000b5e (sz=24, trace=300016, class=java.util.concurrent.locks.ReentrantLock$NonfairSync@50000112)
ARR 50000b5f (sz=16, trace=300017, nelems=0, elem type=java.util.concurrent.ConcurrentHashMap$HashEntry[]@5000009f)
OBJ 50000b60 (sz=32, trace=300015, class=java.util.concurrent.ConcurrentHashMap$Segment@500000d4)
	sync		50000b61
	table		50000b62
OBJ 50000b61 (sz=24, trace=300016, class=java.util.concurrent.locks.ReentrantLock$NonfairSync@50000112)
ARR 50000b62 (sz=16, trace=300017, nelems=0, elem type=java.util.concurrent.ConcurrentHashMap$HashEntry[]@5000009f)
OBJ 50000b64 (sz=24, trace=300599, class=sun.util.LocaleServiceProviderPool@50000a2a)
	providers	50000b65
	providersCache	50000b69
OBJ 50000b65 (sz=16, trace=300522, class=java.util.LinkedHashSet@50000a6c)
	map		50000b66
OBJ 50000b66 (sz=48, trace=300523, class=java.util.LinkedHashMap@5000007a)
	table		50000b67
	header		50000b68
ARR 50000b67 (sz=80, trace=300524, nelems=0, elem type=java.util.HashMap$Entry[]@5000012c)
OBJ 50000b68 (sz=32, trace=300525, class=java.util.LinkedHashMap$Entry@50000064)
	before		50000b68
	after		50000b68
OBJ 50000b69 (sz=40, trace=300526, class=java.util.concurrent.ConcurrentHashMap@50000086)
	segments	50000b6a
ARR 50000b6a (sz=80, trace=300527, nelems=16, elem type=java.util.concurrent.ConcurrentHashMap$Segment[]@500000d5)
	[0]		50000b6b
	[1]		50000b6e
	[2]		50000b71
	[3]		50000b74
	[4]		50000b77
	[5]		50000b7a
	[6]		50000b7d
	[7]		50000b80
	[8]		50000b83
	[9]		50000b86
	[10]		50000b89
	[11]		50000b8c
	[12]		50000b8f
	[13]		50000b92
	[14]		50000b95
	[15]		50000b98
OBJ 50000b6b (sz=32, trace=300511, class=java.util.concurrent.ConcurrentHashMap$Segment@500000d4)
	sync		50000b6c
	table		50000b6d
OBJ 50000b6c (sz=24, trace=300016, class=java.util.concurrent.locks.ReentrantLock$NonfairSync@50000112)
ARR 50000b6d (sz=16, trace=300512, nelems=0, elem type=java.util.concurrent.ConcurrentHashMap$HashEntry[]@5000009f)
OBJ 50000b6e (sz=32, trace=300511, class=java.util.concurrent.ConcurrentHashMap$Segment@500000d4)
	sync		50000b6f
	table		50000b70
OBJ 50000b6f (sz=24, trace=300016, class=java.util.concurrent.locks.ReentrantLock$NonfairSync@50000112)
ARR 50000b70 (sz=16, trace=300512, nelems=0, elem type=java.util.concurrent.ConcurrentHashMap$HashEntry[]@5000009f)
OBJ 50000b71 (sz=32, trace=300511, class=java.util.concurrent.ConcurrentHashMap$Segment@500000d4)
	sync		50000b72
	table		50000b73
OBJ 50000b72 (sz=24, trace=300016, class=java.util.concurrent.locks.ReentrantLock$NonfairSync@50000112)
ARR 50000b73 (sz=16, trace=300512, nelems=0, elem type=java.util.concurrent.ConcurrentHashMap$HashEntry[]@5000009f)
OBJ 50000b74 (sz=32, trace=300511, class=java.util.concurrent.ConcurrentHashMap$Segment@500000d4)
	sync		50000b75
	table		50000b76
OBJ 50000b75 (sz=24, trace=300016, class=java.util.concurrent.locks.ReentrantLock$NonfairSync@50000112)
ARR 50000b76 (sz=16, trace=300512, nelems=0, elem type=java.util.concurrent.ConcurrentHashMap$HashEntry[]@5000009f)
OBJ 50000b77 (sz=32, trace=300511, class=java.util.concurrent.ConcurrentHashMap$Segment@500000d4)
	sync		50000b78
	table		50000b79
OBJ 50000b78 (sz=24, trace=300016, class=java.util.concurrent.locks.ReentrantLock$NonfairSync@50000112)
ARR 50000b79 (sz=16, trace=300512, nelems=0, elem type=java.util.concurrent.ConcurrentHashMap$HashEntry[]@5000009f)
OBJ 50000b7a (sz=32, trace=300511, class=java.util.concurrent.ConcurrentHashMap$Segment@500000d4)
	sync		50000b7b
	table		50000b7c
OBJ 50000b7b (sz=24, trace=300016, class=java.util.concurrent.locks.ReentrantLock$NonfairSync@50000112)
ARR 50000b7c (sz=16, trace=300512, nelems=0, elem type=java.util.concurrent.ConcurrentHashMap$HashEntry[]@5000009f)
OBJ 50000b7d (sz=32, trace=300511, class=java.util.concurrent.ConcurrentHashMap$Segment@500000d4)
	sync		50000b7e
	table		50000b7f
OBJ 50000b7e (sz=24, trace=300016, class=java.util.concurrent.locks.ReentrantLock$NonfairSync@50000112)
ARR 50000b7f (sz=16, trace=300512, nelems=0, elem type=java.util.concurrent.ConcurrentHashMap$HashEntry[]@5000009f)
OBJ 50000b80 (sz=32, trace=300511, class=java.util.concurrent.ConcurrentHashMap$Segment@500000d4)
	sync		50000b81
	table		50000b82
OBJ 50000b81 (sz=24, trace=300016, class=java.util.concurrent.locks.ReentrantLock$NonfairSync@50000112)
ARR 50000b82 (sz=16, trace=300512, nelems=0, elem type=java.util.concurrent.ConcurrentHashMap$HashEntry[]@5000009f)
OBJ 50000b83 (sz=32, trace=300511, class=java.util.concurrent.ConcurrentHashMap$Segment@500000d4)
	sync		50000b84
	table		50000b85
OBJ 50000b84 (sz=24, trace=300016, class=java.util.concurrent.locks.ReentrantLock$NonfairSync@50000112)
ARR 50000b85 (sz=16, trace=300512, nelems=0, elem type=java.util.concurrent.ConcurrentHashMap$HashEntry[]@5000009f)
OBJ 50000b86 (sz=32, trace=300511, class=java.util.concurrent.ConcurrentHashMap$Segment@500000d4)
	sync		50000b87
	table		50000b88
OBJ 50000b87 (sz=24, trace=300016, class=java.util.concurrent.locks.ReentrantLock$NonfairSync@50000112)
ARR 50000b88 (sz=16, trace=300512, nelems=0, elem type=java.util.concurrent.ConcurrentHashMap$HashEntry[]@5000009f)
OBJ 50000b89 (sz=32, trace=300511, class=java.util.concurrent.ConcurrentHashMap$Segment@500000d4)
	sync		50000b8a
	table		50000b8b
OBJ 50000b8a (sz=24, trace=300016, class=java.util.concurrent.locks.ReentrantLock$NonfairSync@50000112)
ARR 50000b8b (sz=16, trace=300512, nelems=0, elem type=java.util.concurrent.ConcurrentHashMap$HashEntry[]@5000009f)
OBJ 50000b8c (sz=32, trace=300511, class=java.util.concurrent.ConcurrentHashMap$Segment@500000d4)
	sync		50000b8d
	table		50000b8e
OBJ 50000b8d (sz=24, trace=300016, class=java.util.concurrent.locks.ReentrantLock$NonfairSync@50000112)
ARR 50000b8e (sz=16, trace=300512, nelems=0, elem type=java.util.concurrent.ConcurrentHashMap$HashEntry[]@5000009f)
OBJ 50000b8f (sz=32, trace=300511, class=java.util.concurrent.ConcurrentHashMap$Segment@500000d4)
	sync		50000b90
	table		50000b91
OBJ 50000b90 (sz=24, trace=300016, class=java.util.concurrent.locks.ReentrantLock$NonfairSync@50000112)
ARR 50000b91 (sz=16, trace=300512, nelems=0, elem type=java.util.concurrent.ConcurrentHashMap$HashEntry[]@5000009f)
OBJ 50000b92 (sz=32, trace=300511, class=java.util.concurrent.ConcurrentHashMap$Segment@500000d4)
	sync		50000b93
	table		50000b94
OBJ 50000b93 (sz=24, trace=300016, class=java.util.concurrent.locks.ReentrantLock$NonfairSync@50000112)
ARR 50000b94 (sz=16, trace=300512, nelems=0, elem type=java.util.concurrent.ConcurrentHashMap$HashEntry[]@5000009f)
OBJ 50000b95 (sz=32, trace=300511, class=java.util.concurrent.ConcurrentHashMap$Segment@500000d4)
	sync		50000b96
	table		50000b97
OBJ 50000b96 (sz=24, trace=300016, class=java.util.concurrent.locks.ReentrantLock$NonfairSync@50000112)
ARR 50000b97 (sz=16, trace=300512, nelems=0, elem type=java.util.concurrent.ConcurrentHashMap$HashEntry[]@5000009f)
OBJ 50000b98 (sz=32, trace=300511, class=java.util.concurrent.ConcurrentHashMap$Segment@500000d4)
	sync		50000b99
	table		50000b9a
OBJ 50000b99 (sz=24, trace=300016, class=java.util.concurrent.locks.ReentrantLock$NonfairSync@50000112)
ARR 50000b9a (sz=16, trace=300512, nelems=0, elem type=java.util.concurrent.ConcurrentHashMap$HashEntry[]@5000009f)
OBJ 50000b9b (sz=16, trace=300600, class=sun.util.LocaleServiceProviderPool$1@50000aa3)
OBJ 50000b9c (sz=24, trace=300531, class=java.util.ServiceLoader@50000aa5)
OBJ 50000b9d (sz=48, trace=300532, class=java.util.LinkedHashMap@5000007a)
ARR 50000b9e (sz=80, trace=300533, nelems=0, elem type=java.util.HashMap$Entry[]@5000012c)
OBJ 50000b9f (sz=32, trace=300534, class=java.util.LinkedHashMap$Entry@50000064)
OBJ 50000ba0 (sz=32, trace=300536, class=java.util.ServiceLoader$LazyIterator@50000aaa)
OBJ 50000ba1 (sz=16, trace=300538, class=java.util.ServiceLoader$1@50000aac)
OBJ 50000ba2 (sz=16, trace=300539, class=java.util.HashMap$EntrySet@500000b9)
OBJ 50000ba3 (sz=32, trace=300541, class=java.util.LinkedHashMap$EntryIterator@50000ab0)
OBJ 50000ba4 (sz=16, trace=300542, class=java.lang.StringBuilder@50000123)
ARR 50000ba5 (sz=48, trace=300543, nelems=0, elem type=char[])
ARR 50000ba6 (sz=80, trace=300100, nelems=0, elem type=char[])
ARR 50000ba7 (sz=152, trace=300100, nelems=0, elem type=char[])
OBJ 50000ba8 (sz=24, trace=300544, class=java.lang.String@500000b2)
ARR 50000ba9 (sz=136, trace=300545, nelems=0, elem type=char[])
ARR 50000baa (sz=24, trace=300546, nelems=0, elem type=java.util.Enumeration[]@50000ab8)
OBJ 50000bab (sz=32, trace=300548, class=sun.misc.URLClassPath$2@50000aba)
OBJ 50000bac (sz=16, trace=300550, class=java.lang.ClassLoader$2@50000abc)
OBJ 50000bad (sz=32, trace=300552, class=sun.misc.URLClassPath$1@50000abe)
OBJ 50000bae (sz=24, trace=300554, class=java.net.URLClassLoader$3@50000ac0)
OBJ 50000baf (sz=16, trace=300556, class=sun.misc.CompoundEnumeration@50000ac2)
OBJ 50000bb0 (sz=16, trace=300558, class=java.net.URLClassLoader$3$1@50000ac4)
OBJ 50000bb1 (sz=24, trace=300559, class=java.util.concurrent.ConcurrentHashMap$HashEntry@5000009e)
	key		50000b63
	value		50000b64
OBJ 50000bb2 (sz=64, trace=300601, class=java.text.DecimalFormatSymbols@50000b30)
ARR 50000bb3 (sz=24, trace=300602, nelems=3, elem type=java.lang.Object[]@500000fa)
	[0]		50000bc3
	[1]		50000bec
	[2]		50001a6e
OBJ 50000bb4 (sz=16, trace=300603, class=sun.util.resources.LocaleData$1@50000ac8)
OBJ 50000bb5 (sz=48, trace=300565, class=java.util.ResourceBundle$CacheKey@500001f8)
OBJ 50000bb6 (sz=32, trace=300057, class=java.util.ResourceBundle$LoaderReference@500001fb)
ARR 50000bb7 (sz=48, trace=300604, nelems=0, elem type=java.lang.Object[][]@5000089e)
ARR 50000bb8 (sz=24, trace=300605, nelems=0, elem type=java.lang.Object[]@500000fa)
ARR 50000bb9 (sz=64, trace=300606, nelems=13, elem type=java.lang.String[]@500000b3)
	[0]		50001a7a
	[1]		50001a7b
	[2]		50001a7c
	[3]		50001a7d
	[4]		50001a7e
	[5]		50001a7f
	[6]		50001a80
	[7]		50001a81
	[8]		50001a82
	[9]		50001a83
	[10]		50001a84
	[11]		50001a85
	[12]		50000f07
ARR 50000bba (sz=24, trace=300607, nelems=0, elem type=java.lang.Object[]@500000fa)
ARR 50000bbb (sz=64, trace=300608, nelems=13, elem type=java.lang.String[]@500000b3)
	[0]		50001ae4
	[1]		50001ae5
	[2]		50001ae6
	[3]		50001ae7
	[4]		50001a7e
	[5]		50001ae8
	[6]		50001ae9
	[7]		50001aea
	[8]		50001aeb
	[9]		50001aec
	[10]		50001aed
	[11]		50001aee
	[12]		50000f07
ARR 50000bbc (sz=24, trace=300609, nelems=0, elem type=java.lang.Object[]@500000fa)
ARR 50000bbd (sz=40, trace=300610, nelems=7, elem type=java.lang.String[]@500000b3)
	[0]		50001ad4
	[1]		50001ad5
	[2]		50001ad6
	[3]		50001ad7
	[4]		50001ad8
	[5]		50001ad9
	[6]		50001ada
ARR 50000bbe (sz=24, trace=300611, nelems=0, elem type=java.lang.Object[]@500000fa)
ARR 50000bbf (sz=40, trace=300612, nelems=7, elem type=java.lang.String[]@500000b3)
	[0]		50001a98
	[1]		50001a99
	[2]		50001a9a
	[3]		50001a9b
	[4]		50001a9c
	[5]		50001a9d
	[6]		50001a9e
ARR 50000bc0 (sz=24, trace=300613, nelems=0, elem type=java.lang.Object[]@500000fa)
ARR 50000bc1 (sz=24, trace=300614, nelems=2, elem type=java.lang.String[]@500000b3)
	[0]		50001aa8
	[1]		50001aa9
ARR 50000bc2 (sz=24, trace=300615, nelems=0, elem type=java.lang.Object[]@500000fa)
ARR 50000bc3 (sz=56, trace=300616, nelems=11, elem type=java.lang.String[]@500000b3)
	[0]		50001ac2
	[1]		50001116
	[2]		50001ac3
	[3]		50001ac4
	[4]		50001ac5
	[5]		50001ac6
	[6]		5000187e
	[7]		50001ac7
	[8]		50001ac8
	[9]		50001ac9
	[10]		5000145c
ARR 50000bc4 (sz=24, trace=300617, nelems=0, elem type=java.lang.Object[]@500000fa)
ARR 50000bc5 (sz=48, trace=300618, nelems=9, elem type=java.lang.String[]@500000b3)
	[0]		50001aae
	[1]		50001aaf
	[2]		50001ab0
	[3]		50001ab1
	[4]		50001ab2
	[5]		50001ab3
	[6]		50001ab4
	[7]		50001ab5
	[8]		50001ab6
ARR 50000bc6 (sz=24, trace=300619, nelems=0, elem type=java.lang.Object[]@500000fa)
OBJ 50000bc7 (sz=40, trace=300447, class=java.util.HashMap@50000008)
	table		50000bd0
ARR 50000bc8 (sz=48, trace=300448, nelems=0, elem type=java.util.HashMap$Entry[]@5000012c)
OBJ 50000bc9 (sz=24, trace=300449, class=java.util.HashMap$Entry@5000012b)
	key		50001a78
	value		50000bb9
OBJ 50000bca (sz=24, trace=300449, class=java.util.HashMap$Entry@5000012b)
	key		50001ae2
	value		50000bbb
OBJ 50000bcb (sz=24, trace=300449, class=java.util.HashMap$Entry@5000012b)
	key		50001ad2
	value		50000bbd
OBJ 50000bcc (sz=24, trace=300449, class=java.util.HashMap$Entry@5000012b)
	key		50001a96
	value		50000bbf
OBJ 50000bcd (sz=24, trace=300449, class=java.util.HashMap$Entry@5000012b)
	key		50001aa6
	value		50000bc1
OBJ 50000bce (sz=24, trace=300449, class=java.util.HashMap$Entry@5000012b)
	key		50001ac0
	value		50000bc3
OBJ 50000bcf (sz=24, trace=300449, class=java.util.HashMap$Entry@5000012b)
	key		50001aac
	value		50000bc5
ARR 50000bd0 (sz=80, trace=300593, nelems=14, elem type=java.util.HashMap$Entry[]@5000012c)
	[1]		50000bca
	[2]		50000bcb
	[6]		50000bce
	[7]		50000bcf
	[9]		50000bcd
	[12]		50000bd1
	[13]		50000bc9
OBJ 50000bd1 (sz=24, trace=300449, class=java.util.HashMap$Entry@5000012b)
	key		50001a93
	value		50001a92
	next		50000bcc
OBJ 50000bd3 (sz=40, trace=300621, class=java.util.HashMap@50000008)
	table		50000bd4
ARR 50000bd4 (sz=48, trace=300622, nelems=3, elem type=java.util.HashMap$Entry[]@5000012c)
	[2]		50000c4b
OBJ 50000bd6 (sz=8, trace=300624, class=java.util.Currency$1@50000bd5)
OBJ 50000bd7 (sz=16, trace=300625, class=java.lang.StringBuilder@50000123)
ARR 50000bd8 (sz=48, trace=300626, nelems=0, elem type=char[])
ARR 50000bd9 (sz=80, trace=300100, nelems=0, elem type=char[])
ARR 50000bda (sz=152, trace=300100, nelems=0, elem type=char[])
OBJ 50000bdb (sz=24, trace=300627, class=java.lang.String@500000b2)
ARR 50000bdc (sz=112, trace=300628, nelems=0, elem type=char[])
OBJ 50000bdd (sz=24, trace=300629, class=java.io.File@5000010e)
OBJ 50000bde (sz=24, trace=300630, class=java.io.FileInputStream@50000055)
	fd		50000be1
	closeLock	50000be0
OBJ 50000bdf (sz=32, trace=300224, class=java.lang.ref.Finalizer@500000d6)
	referent	50000bde
	queue		50000ef1
	next		500004d3
OBJ 50000be0 (sz=8, trace=300631, class=java.lang.Object@500000f9)
OBJ 50000be1 (sz=24, trace=300632, class=java.io.FileDescriptor@500000c5)
	useCount	50000be2
OBJ 50000be2 (sz=16, trace=300354, class=java.util.concurrent.atomic.AtomicInteger@5000002c)
OBJ 50000be3 (sz=32, trace=300633, class=java.io.BufferedInputStream@50000111)
ARR 50000be4 (sz=8208, trace=300634, nelems=0, elem type=byte[])
OBJ 50000be5 (sz=32, trace=300635, class=java.io.DataInputStream@50000485)
ARR 50000be6 (sz=96, trace=300636, nelems=0, elem type=byte[])
ARR 50000be7 (sz=176, trace=300637, nelems=0, elem type=char[])
ARR 50000be8 (sz=24, trace=300638, nelems=0, elem type=byte[])
ARR 50000be9 (sz=2704, trace=300639, nelems=676, elem type=int[])
ARR 50000bea (sz=152, trace=300640, nelems=19, elem type=long[])
ARR 50000beb (sz=88, trace=300641, nelems=19, elem type=java.lang.String[]@500000b3)
	[0]		50000bec
	[1]		50000bee
	[2]		50000bf0
	[3]		50000bf2
	[4]		50000bf4
	[5]		50000bf6
	[6]		50000bf8
	[7]		50000bfa
	[8]		50000bfc
	[9]		50000bfe
	[10]		50000c00
	[11]		50000c02
	[12]		50000c04
	[13]		50000c06
	[14]		50000c08
	[15]		50000c0a
	[16]		50000c0c
	[17]		50000c0e
	[18]		50000c10
OBJ 50000bec (sz=24, trace=300642, class=java.lang.String@500000b2)
	value		50000bed
ARR 50000bed (sz=6, trace=300643, nelems=3, elem type=char[])
OBJ 50000bee (sz=24, trace=300642, class=java.lang.String@500000b2)
	value		50000bef
ARR 50000bef (sz=6, trace=300643, nelems=3, elem type=char[])
OBJ 50000bf0 (sz=24, trace=300642, class=java.lang.String@500000b2)
	value		50000bf1
ARR 50000bf1 (sz=6, trace=300643, nelems=3, elem type=char[])
OBJ 50000bf2 (sz=24, trace=300642, class=java.lang.String@500000b2)
	value		50000bf3
ARR 50000bf3 (sz=6, trace=300643, nelems=3, elem type=char[])
OBJ 50000bf4 (sz=24, trace=300642, class=java.lang.String@500000b2)
	value		50000bf5
ARR 50000bf5 (sz=6, trace=300643, nelems=3, elem type=char[])
OBJ 50000bf6 (sz=24, trace=300642, class=java.lang.String@500000b2)
	value		50000bf7
ARR 50000bf7 (sz=6, trace=300643, nelems=3, elem type=char[])
OBJ 50000bf8 (sz=24, trace=300642, class=java.lang.String@500000b2)
	value		50000bf9
ARR 50000bf9 (sz=6, trace=300643, nelems=3, elem type=char[])
OBJ 50000bfa (sz=24, trace=300642, class=java.lang.String@500000b2)
	value		50000bfb
ARR 50000bfb (sz=6, trace=300643, nelems=3, elem type=char[])
OBJ 50000bfc (sz=24, trace=300642, class=java.lang.String@500000b2)
	value		50000bfd
ARR 50000bfd (sz=6, trace=300643, nelems=3, elem type=char[])
OBJ 50000bfe (sz=24, trace=300642, class=java.lang.String@500000b2)
	value		50000bff
ARR 50000bff (sz=6, trace=300643, nelems=3, elem type=char[])
OBJ 50000c00 (sz=24, trace=300642, class=java.lang.String@500000b2)
	value		50000c01
ARR 50000c01 (sz=6, trace=300643, nelems=3, elem type=char[])
OBJ 50000c02 (sz=24, trace=300642, class=java.lang.String@500000b2)
	value		50000c03
ARR 50000c03 (sz=6, trace=300643, nelems=3, elem type=char[])
OBJ 50000c04 (sz=24, trace=300642, class=java.lang.String@500000b2)
	value		50000c05
ARR 50000c05 (sz=6, trace=300643, nelems=3, elem type=char[])
OBJ 50000c06 (sz=24, trace=300642, class=java.lang.String@500000b2)
	value		50000c07
ARR 50000c07 (sz=6, trace=300643, nelems=3, elem type=char[])
OBJ 50000c08 (sz=24, trace=300642, class=java.lang.String@500000b2)
	value		50000c09
ARR 50000c09 (sz=6, trace=300643, nelems=3, elem type=char[])
OBJ 50000c0a (sz=24, trace=300642, class=java.lang.String@500000b2)
	value		50000c0b
ARR 50000c0b (sz=6, trace=300643, nelems=3, elem type=char[])
OBJ 50000c0c (sz=24, trace=300642, class=java.lang.String@500000b2)
	value		50000c0d
ARR 50000c0d (sz=6, trace=300643, nelems=3, elem type=char[])
OBJ 50000c0e (sz=24, trace=300642, class=java.lang.String@500000b2)
	value		50000c0f
ARR 50000c0f (sz=6, trace=300643, nelems=3, elem type=char[])
OBJ 50000c10 (sz=24, trace=300642, class=java.lang.String@500000b2)
	value		50000c11
ARR 50000c11 (sz=6, trace=300643, nelems=3, elem type=char[])
ARR 50000c12 (sz=88, trace=300644, nelems=19, elem type=java.lang.String[]@500000b3)
	[0]		50000c13
	[1]		50000c15
	[2]		50000c17
	[3]		50000c19
	[4]		50000c1b
	[5]		50000c1d
	[6]		50000c1f
	[7]		50000c21
	[8]		50000c23
	[9]		50000c25
	[10]		50000c27
	[11]		50000c29
	[12]		50000c2b
	[13]		50000c2d
	[14]		50000c2f
	[15]		50000c31
	[16]		50000c33
	[17]		50000c35
	[18]		50000c37
OBJ 50000c13 (sz=24, trace=300642, class=java.lang.String@500000b2)
	value		50000c14
ARR 50000c14 (sz=0, trace=300643, nelems=0, elem type=char[])
OBJ 50000c15 (sz=24, trace=300642, class=java.lang.String@500000b2)
	value		50000c16
ARR 50000c16 (sz=0, trace=300643, nelems=0, elem type=char[])
OBJ 50000c17 (sz=24, trace=300642, class=java.lang.String@500000b2)
	value		50000c18
ARR 50000c18 (sz=0, trace=300643, nelems=0, elem type=char[])
OBJ 50000c19 (sz=24, trace=300642, class=java.lang.String@500000b2)
	value		50000c1a
ARR 50000c1a (sz=6, trace=300643, nelems=3, elem type=char[])
OBJ 50000c1b (sz=24, trace=300642, class=java.lang.String@500000b2)
	value		50000c1c
ARR 50000c1c (sz=0, trace=300643, nelems=0, elem type=char[])
OBJ 50000c1d (sz=24, trace=300642, class=java.lang.String@500000b2)
	value		50000c1e
ARR 50000c1e (sz=0, trace=300643, nelems=0, elem type=char[])
OBJ 50000c1f (sz=24, trace=300642, class=java.lang.String@500000b2)
	value		50000c20
ARR 50000c20 (sz=0, trace=300643, nelems=0, elem type=char[])
OBJ 50000c21 (sz=24, trace=300642, class=java.lang.String@500000b2)
	value		50000c22
ARR 50000c22 (sz=0, trace=300643, nelems=0, elem type=char[])
OBJ 50000c23 (sz=24, trace=300642, class=java.lang.String@500000b2)
	value		50000c24
ARR 50000c24 (sz=0, trace=300643, nelems=0, elem type=char[])
OBJ 50000c25 (sz=24, trace=300642, class=java.lang.String@500000b2)
	value		50000c26
ARR 50000c26 (sz=0, trace=300643, nelems=0, elem type=char[])
OBJ 50000c27 (sz=24, trace=300642, class=java.lang.String@500000b2)
	value		50000c28
ARR 50000c28 (sz=0, trace=300643, nelems=0, elem type=char[])
OBJ 50000c29 (sz=24, trace=300642, class=java.lang.String@500000b2)
	value		50000c2a
ARR 50000c2a (sz=0, trace=300643, nelems=0, elem type=char[])
OBJ 50000c2b (sz=24, trace=300642, class=java.lang.String@500000b2)
	value		50000c2c
ARR 50000c2c (sz=0, trace=300643, nelems=0, elem type=char[])
OBJ 50000c2d (sz=24, trace=300642, class=java.lang.String@500000b2)
	value		50000c2e
ARR 50000c2e (sz=6, trace=300643, nelems=3, elem type=char[])
OBJ 50000c2f (sz=24, trace=300642, class=java.lang.String@500000b2)
	value		50000c30
ARR 50000c30 (sz=0, trace=300643, nelems=0, elem type=char[])
OBJ 50000c31 (sz=24, trace=300642, class=java.lang.String@500000b2)
	value		50000c32
ARR 50000c32 (sz=0, trace=300643, nelems=0, elem type=char[])
OBJ 50000c33 (sz=24, trace=300642, class=java.lang.String@500000b2)
	value		50000c34
ARR 50000c34 (sz=6, trace=300643, nelems=3, elem type=char[])
OBJ 50000c35 (sz=24, trace=300642, class=java.lang.String@500000b2)
	value		50000c36
ARR 50000c36 (sz=6, trace=300643, nelems=3, elem type=char[])
OBJ 50000c37 (sz=24, trace=300642, class=java.lang.String@500000b2)
	value		50000c38
ARR 50000c38 (sz=6, trace=300643, nelems=3, elem type=char[])
ARR 50000c39 (sz=76, trace=300645, nelems=19, elem type=int[])
ARR 50000c3a (sz=76, trace=300646, nelems=19, elem type=int[])
ARR 50000c3b (sz=76, trace=300647, nelems=19, elem type=int[])
ARR 50000c3c (sz=76, trace=300648, nelems=19, elem type=int[])
ARR 50000c3d (sz=512, trace=300649, nelems=0, elem type=byte[])
ARR 50000c3e (sz=1000, trace=300650, nelems=0, elem type=char[])
OBJ 50000c3f (sz=24, trace=300651, class=java.lang.String@500000b2)
	value		50000c40
ARR 50000c40 (sz=494, trace=300643, nelems=247, elem type=char[])
ARR 50000c41 (sz=248, trace=300652, nelems=62, elem type=int[])
ARR 50000c42 (sz=248, trace=300653, nelems=62, elem type=int[])
OBJ 50000c43 (sz=16, trace=300654, class=java.lang.StringBuilder@50000123)
ARR 50000c44 (sz=48, trace=300655, nelems=0, elem type=char[])
ARR 50000c45 (sz=80, trace=300100, nelems=0, elem type=char[])
ARR 50000c46 (sz=152, trace=300100, nelems=0, elem type=char[])
OBJ 50000c47 (sz=24, trace=300656, class=java.lang.String@500000b2)
ARR 50000c48 (sz=128, trace=300657, nelems=0, elem type=char[])
OBJ 50000c49 (sz=24, trace=300658, class=java.io.File@5000010e)
OBJ 50000c4a (sz=24, trace=300659, class=java.util.Currency@50000bd2)
	currencyCode	50000bec
OBJ 50000c4b (sz=24, trace=300660, class=java.util.HashMap$Entry@5000012b)
	key		50000bec
	value		50000c4a
OBJ 50000c4d (sz=24, trace=300662, class=sun.util.LocaleServiceProviderPool@50000a2a)
	providers	50000c4e
	providersCache	50000c52
OBJ 50000c4e (sz=16, trace=300522, class=java.util.LinkedHashSet@50000a6c)
	map		50000c4f
OBJ 50000c4f (sz=48, trace=300523, class=java.util.LinkedHashMap@5000007a)
	table		50000c50
	header		50000c51
ARR 50000c50 (sz=80, trace=300524, nelems=0, elem type=java.util.HashMap$Entry[]@5000012c)
OBJ 50000c51 (sz=32, trace=300525, class=java.util.LinkedHashMap$Entry@50000064)
	before		50000c51
	after		50000c51
OBJ 50000c52 (sz=40, trace=300526, class=java.util.concurrent.ConcurrentHashMap@50000086)
	segments	50000c53
ARR 50000c53 (sz=80, trace=300527, nelems=16, elem type=java.util.concurrent.ConcurrentHashMap$Segment[]@500000d5)
	[0]		50000c54
	[1]		50000c57
	[2]		50000c5a
	[3]		50000c5d
	[4]		50000c60
	[5]		50000c63
	[6]		50000c66
	[7]		50000c69
	[8]		50000c6c
	[9]		50000c6f
	[10]		50000c72
	[11]		50000c75
	[12]		50000c78
	[13]		50000c7b
	[14]		50000c7e
	[15]		50000c81
OBJ 50000c54 (sz=32, trace=300511, class=java.util.concurrent.ConcurrentHashMap$Segment@500000d4)
	sync		50000c55
	table		50000c56
OBJ 50000c55 (sz=24, trace=300016, class=java.util.concurrent.locks.ReentrantLock$NonfairSync@50000112)
ARR 50000c56 (sz=16, trace=300512, nelems=0, elem type=java.util.concurrent.ConcurrentHashMap$HashEntry[]@5000009f)
OBJ 50000c57 (sz=32, trace=300511, class=java.util.concurrent.ConcurrentHashMap$Segment@500000d4)
	sync		50000c58
	table		50000c59
OBJ 50000c58 (sz=24, trace=300016, class=java.util.concurrent.locks.ReentrantLock$NonfairSync@50000112)
ARR 50000c59 (sz=16, trace=300512, nelems=0, elem type=java.util.concurrent.ConcurrentHashMap$HashEntry[]@5000009f)
OBJ 50000c5a (sz=32, trace=300511, class=java.util.concurrent.ConcurrentHashMap$Segment@500000d4)
	sync		50000c5b
	table		50000c5c
OBJ 50000c5b (sz=24, trace=300016, class=java.util.concurrent.locks.ReentrantLock$NonfairSync@50000112)
ARR 50000c5c (sz=16, trace=300512, nelems=0, elem type=java.util.concurrent.ConcurrentHashMap$HashEntry[]@5000009f)
OBJ 50000c5d (sz=32, trace=300511, class=java.util.concurrent.ConcurrentHashMap$Segment@500000d4)
	sync		50000c5e
	table		50000c5f
OBJ 50000c5e (sz=24, trace=300016, class=java.util.concurrent.locks.ReentrantLock$NonfairSync@50000112)
ARR 50000c5f (sz=16, trace=300512, nelems=0, elem type=java.util.concurrent.ConcurrentHashMap$HashEntry[]@5000009f)
OBJ 50000c60 (sz=32, trace=300511, class=java.util.concurrent.ConcurrentHashMap$Segment@500000d4)
	sync		50000c61
	table		50000c62
OBJ 50000c61 (sz=24, trace=300016, class=java.util.concurrent.locks.ReentrantLock$NonfairSync@50000112)
ARR 50000c62 (sz=16, trace=300512, nelems=0, elem type=java.util.concurrent.ConcurrentHashMap$HashEntry[]@5000009f)
OBJ 50000c63 (sz=32, trace=300511, class=java.util.concurrent.ConcurrentHashMap$Segment@500000d4)
	sync		50000c64
	table		50000c65
OBJ 50000c64 (sz=24, trace=300016, class=java.util.concurrent.locks.ReentrantLock$NonfairSync@50000112)
ARR 50000c65 (sz=16, trace=300512, nelems=0, elem type=java.util.concurrent.ConcurrentHashMap$HashEntry[]@5000009f)
OBJ 50000c66 (sz=32, trace=300511, class=java.util.concurrent.ConcurrentHashMap$Segment@500000d4)
	sync		50000c67
	table		50000c68
OBJ 50000c67 (sz=24, trace=300016, class=java.util.concurrent.locks.ReentrantLock$NonfairSync@50000112)
ARR 50000c68 (sz=16, trace=300512, nelems=0, elem type=java.util.concurrent.ConcurrentHashMap$HashEntry[]@5000009f)
OBJ 50000c69 (sz=32, trace=300511, class=java.util.concurrent.ConcurrentHashMap$Segment@500000d4)
	sync		50000c6a
	table		50000c6b
OBJ 50000c6a (sz=24, trace=300016, class=java.util.concurrent.locks.ReentrantLock$NonfairSync@50000112)
ARR 50000c6b (sz=16, trace=300512, nelems=0, elem type=java.util.concurrent.ConcurrentHashMap$HashEntry[]@5000009f)
OBJ 50000c6c (sz=32, trace=300511, class=java.util.concurrent.ConcurrentHashMap$Segment@500000d4)
	sync		50000c6d
	table		50000c6e
OBJ 50000c6d (sz=24, trace=300016, class=java.util.concurrent.locks.ReentrantLock$NonfairSync@50000112)
ARR 50000c6e (sz=16, trace=300512, nelems=0, elem type=java.util.concurrent.ConcurrentHashMap$HashEntry[]@5000009f)
OBJ 50000c6f (sz=32, trace=300511, class=java.util.concurrent.ConcurrentHashMap$Segment@500000d4)
	sync		50000c70
	table		50000c71
OBJ 50000c70 (sz=24, trace=300016, class=java.util.concurrent.locks.ReentrantLock$NonfairSync@50000112)
ARR 50000c71 (sz=16, trace=300512, nelems=0, elem type=java.util.concurrent.ConcurrentHashMap$HashEntry[]@5000009f)
OBJ 50000c72 (sz=32, trace=300511, class=java.util.concurrent.ConcurrentHashMap$Segment@500000d4)
	sync		50000c73
	table		50000c74
OBJ 50000c73 (sz=24, trace=300016, class=java.util.concurrent.locks.ReentrantLock$NonfairSync@50000112)
ARR 50000c74 (sz=16, trace=300512, nelems=0, elem type=java.util.concurrent.ConcurrentHashMap$HashEntry[]@5000009f)
OBJ 50000c75 (sz=32, trace=300511, class=java.util.concurrent.ConcurrentHashMap$Segment@500000d4)
	sync		50000c76
	table		50000c77
OBJ 50000c76 (sz=24, trace=300016, class=java.util.concurrent.locks.ReentrantLock$NonfairSync@50000112)
ARR 50000c77 (sz=16, trace=300512, nelems=0, elem type=java.util.concurrent.ConcurrentHashMap$HashEntry[]@5000009f)
OBJ 50000c78 (sz=32, trace=300511, class=java.util.concurrent.ConcurrentHashMap$Segment@500000d4)
	sync		50000c79
	table		50000c7a
OBJ 50000c79 (sz=24, trace=300016, class=java.util.concurrent.locks.ReentrantLock$NonfairSync@50000112)
ARR 50000c7a (sz=16, trace=300512, nelems=0, elem type=java.util.concurrent.ConcurrentHashMap$HashEntry[]@5000009f)
OBJ 50000c7b (sz=32, trace=300511, class=java.util.concurrent.ConcurrentHashMap$Segment@500000d4)
	sync		50000c7c
	table		50000c7d
OBJ 50000c7c (sz=24, trace=300016, class=java.util.concurrent.locks.ReentrantLock$NonfairSync@50000112)
ARR 50000c7d (sz=16, trace=300512, nelems=0, elem type=java.util.concurrent.ConcurrentHashMap$HashEntry[]@5000009f)
OBJ 50000c7e (sz=32, trace=300511, class=java.util.concurrent.ConcurrentHashMap$Segment@500000d4)
	sync		50000c7f
	table		50000c80
OBJ 50000c7f (sz=24, trace=300016, class=java.util.concurrent.locks.ReentrantLock$NonfairSync@50000112)
ARR 50000c80 (sz=16, trace=300512, nelems=0, elem type=java.util.concurrent.ConcurrentHashMap$HashEntry[]@5000009f)
OBJ 50000c81 (sz=32, trace=300511, class=java.util.concurrent.ConcurrentHashMap$Segment@500000d4)
	sync		50000c82
	table		50000c83
OBJ 50000c82 (sz=24, trace=300016, class=java.util.concurrent.locks.ReentrantLock$NonfairSync@50000112)
ARR 50000c83 (sz=16, trace=300512, nelems=0, elem type=java.util.concurrent.ConcurrentHashMap$HashEntry[]@5000009f)
OBJ 50000c84 (sz=16, trace=300663, class=sun.util.LocaleServiceProviderPool$1@50000aa3)
OBJ 50000c85 (sz=24, trace=300531, class=java.util.ServiceLoader@50000aa5)
OBJ 50000c86 (sz=48, trace=300532, class=java.util.LinkedHashMap@5000007a)
ARR 50000c87 (sz=80, trace=300533, nelems=0, elem type=java.util.HashMap$Entry[]@5000012c)
OBJ 50000c88 (sz=32, trace=300534, class=java.util.LinkedHashMap$Entry@50000064)
OBJ 50000c89 (sz=32, trace=300536, class=java.util.ServiceLoader$LazyIterator@50000aaa)
OBJ 50000c8a (sz=16, trace=300538, class=java.util.ServiceLoader$1@50000aac)
OBJ 50000c8b (sz=16, trace=300539, class=java.util.HashMap$EntrySet@500000b9)
OBJ 50000c8c (sz=32, trace=300541, class=java.util.LinkedHashMap$EntryIterator@50000ab0)
OBJ 50000c8d (sz=16, trace=300542, class=java.lang.StringBuilder@50000123)
ARR 50000c8e (sz=48, trace=300543, nelems=0, elem type=char[])
ARR 50000c8f (sz=80, trace=300100, nelems=0, elem type=char[])
ARR 50000c90 (sz=152, trace=300100, nelems=0, elem type=char[])
OBJ 50000c91 (sz=24, trace=300544, class=java.lang.String@500000b2)
ARR 50000c92 (sz=120, trace=300545, nelems=0, elem type=char[])
ARR 50000c93 (sz=24, trace=300546, nelems=0, elem type=java.util.Enumeration[]@50000ab8)
OBJ 50000c94 (sz=32, trace=300548, class=sun.misc.URLClassPath$2@50000aba)
OBJ 50000c95 (sz=16, trace=300550, class=java.lang.ClassLoader$2@50000abc)
OBJ 50000c96 (sz=32, trace=300552, class=sun.misc.URLClassPath$1@50000abe)
OBJ 50000c97 (sz=24, trace=300554, class=java.net.URLClassLoader$3@50000ac0)
OBJ 50000c98 (sz=16, trace=300556, class=sun.misc.CompoundEnumeration@50000ac2)
OBJ 50000c99 (sz=16, trace=300558, class=java.net.URLClassLoader$3$1@50000ac4)
OBJ 50000c9a (sz=24, trace=300559, class=java.util.concurrent.ConcurrentHashMap$HashEntry@5000009e)
	key		50000c4c
	value		50000c4d
OBJ 50000c9b (sz=16, trace=300664, class=sun.util.resources.LocaleData$1@50000ac8)
OBJ 50000c9c (sz=48, trace=300565, class=java.util.ResourceBundle$CacheKey@500001f8)
OBJ 50000c9d (sz=32, trace=300057, class=java.util.ResourceBundle$LoaderReference@500001fb)
OBJ 50000c9e (sz=24, trace=300069, class=java.util.ArrayList@500000b1)
ARR 50000c9f (sz=24, trace=300567, nelems=0, elem type=java.lang.Object[]@500000fa)
OBJ 50000ca0 (sz=24, trace=300578, class=java.util.ArrayList$Itr@50000ada)
OBJ 50000ca1 (sz=16, trace=300579, class=java.lang.StringBuilder@50000123)
ARR 50000ca2 (sz=48, trace=300580, nelems=0, elem type=char[])
OBJ 50000ca3 (sz=24, trace=300581, class=java.lang.String@500000b2)
ARR 50000ca4 (sz=24, trace=300582, nelems=0, elem type=char[])
OBJ 50000ca5 (sz=16, trace=300583, class=java.lang.StringBuilder@50000123)
ARR 50000ca6 (sz=48, trace=300584, nelems=0, elem type=char[])
OBJ 50000ca7 (sz=24, trace=300585, class=java.lang.String@500000b2)
ARR 50000ca8 (sz=32, trace=300586, nelems=0, elem type=char[])
OBJ 50000ca9 (sz=16, trace=300579, class=java.lang.StringBuilder@50000123)
ARR 50000caa (sz=48, trace=300580, nelems=0, elem type=char[])
OBJ 50000cab (sz=24, trace=300581, class=java.lang.String@500000b2)
ARR 50000cac (sz=16, trace=300582, nelems=0, elem type=char[])
OBJ 50000cad (sz=16, trace=300583, class=java.lang.StringBuilder@50000123)
ARR 50000cae (sz=48, trace=300584, nelems=0, elem type=char[])
OBJ 50000caf (sz=24, trace=300585, class=java.lang.String@500000b2)
ARR 50000cb0 (sz=24, trace=300586, nelems=0, elem type=char[])
OBJ 50000cb1 (sz=16, trace=300579, class=java.lang.StringBuilder@50000123)
ARR 50000cb2 (sz=48, trace=300580, nelems=0, elem type=char[])
OBJ 50000cb3 (sz=24, trace=300581, class=java.lang.String@500000b2)
ARR 50000cb4 (sz=16, trace=300582, nelems=0, elem type=char[])
OBJ 50000cb5 (sz=32, trace=300071, class=java.util.ResourceBundle$LoaderReference@500001fb)
OBJ 50000cb6 (sz=8, trace=300072, class=java.lang.Object@500000f9)
ARR 50000cb7 (sz=24, trace=300517, nelems=2, elem type=java.util.concurrent.ConcurrentHashMap$HashEntry[]@5000009f)
	[0]		50000af2
	[1]		50000cb8
OBJ 50000cb8 (sz=24, trace=300073, class=java.util.concurrent.ConcurrentHashMap$HashEntry@5000009e)
	key		500010ae
	value		50000cb6
OBJ 50000cb9 (sz=8, trace=300074, class=java.lang.Object@500000f9)
ARR 50000cba (sz=24, trace=300517, nelems=2, elem type=java.util.concurrent.ConcurrentHashMap$HashEntry[]@5000009f)
	[0]		50000af4
	[1]		50000cbb
OBJ 50000cbb (sz=24, trace=300073, class=java.util.concurrent.ConcurrentHashMap$HashEntry@5000009e)
	key		500010ae
	value		50000cb9
ARR 50000cbf (sz=16, trace=300076, nelems=0, elem type=java.lang.Class[]@500000c1)
OBJ 50000cc0 (sz=32, trace=300077, class=java.lang.ref.SoftReference@500000a5)
OBJ 50000cc1 (sz=64, trace=300078, class=java.lang.reflect.Constructor@50000095)
OBJ 50000cc2 (sz=16, trace=300079, class=java.lang.Class$1@5000013d)
OBJ 50000cc3 (sz=24, trace=300080, class=sun.reflect.NativeConstructorAccessorImpl@50000050)
OBJ 50000cc4 (sz=16, trace=300081, class=sun.reflect.DelegatingConstructorAccessorImpl@5000013c)
OBJ 50000cc5 (sz=40, trace=300665, class=sun.util.resources.CurrencyNames@50000cbe)
	locale		50001264
	name		500010ae
	cacheKey	50001a6d
OBJ 50000cc6 (sz=32, trace=300071, class=java.util.ResourceBundle$LoaderReference@500001fb)
	referent	500001a6
	queue		500001a1
	cacheKey	50001a6d
OBJ 50000cc7 (sz=40, trace=300084, class=java.util.ResourceBundle$BundleReference@5000021d)
	referent	50000cc5
	queue		500001a1
	cacheKey	50001a6d
OBJ 50000cc8 (sz=24, trace=300085, class=java.util.concurrent.ConcurrentHashMap$HashEntry@5000009e)
	key		50001a6d
	value		50000cc7
OBJ 50000cc9 (sz=32, trace=300071, class=java.util.ResourceBundle$LoaderReference@500001fb)
OBJ 50000cca (sz=16, trace=300086, class=java.lang.StringBuilder@50000123)
ARR 50000ccb (sz=112, trace=300087, nelems=0, elem type=char[])
OBJ 50000ccc (sz=24, trace=300088, class=java.lang.String@500000b2)
	value		50000ccd
ARR 50000ccd (sz=70, trace=300089, nelems=35, elem type=char[])
OBJ 50000cce (sz=8, trace=300072, class=java.lang.Object@500000f9)
OBJ 50000ccf (sz=24, trace=300073, class=java.util.concurrent.ConcurrentHashMap$HashEntry@5000009e)
	key		50000ccc
	value		50000cce
OBJ 50000cd0 (sz=8, trace=300074, class=java.lang.Object@500000f9)
OBJ 50000cd1 (sz=24, trace=300073, class=java.util.concurrent.ConcurrentHashMap$HashEntry@5000009e)
	key		50000ccc
	value		50000cd0
ARR 50000cd3 (sz=16, trace=300076, nelems=0, elem type=java.lang.Class[]@500000c1)
OBJ 50000cd4 (sz=32, trace=300077, class=java.lang.ref.SoftReference@500000a5)
OBJ 50000cd5 (sz=64, trace=300078, class=java.lang.reflect.Constructor@50000095)
OBJ 50000cd6 (sz=16, trace=300079, class=java.lang.Class$1@5000013d)
OBJ 50000cd7 (sz=24, trace=300080, class=sun.reflect.NativeConstructorAccessorImpl@50000050)
OBJ 50000cd8 (sz=16, trace=300081, class=sun.reflect.DelegatingConstructorAccessorImpl@5000013c)
OBJ 50000cd9 (sz=40, trace=300666, class=sun.util.resources.CurrencyNames_de@50000cd2)
	parent		50000cc5
	locale		50001273
	name		500010ae
	cacheKey	50001a6c
OBJ 50000cda (sz=32, trace=300071, class=java.util.ResourceBundle$LoaderReference@500001fb)
	referent	500001a6
	queue		500001a1
	cacheKey	50001a6c
OBJ 50000cdb (sz=40, trace=300084, class=java.util.ResourceBundle$BundleReference@5000021d)
	referent	50000cd9
	queue		500001a1
	cacheKey	50001a6c
OBJ 50000cdc (sz=24, trace=300085, class=java.util.concurrent.ConcurrentHashMap$HashEntry@5000009e)
	key		50001a6c
	value		50000cdb
OBJ 50000cdd (sz=32, trace=300071, class=java.util.ResourceBundle$LoaderReference@500001fb)
OBJ 50000cde (sz=16, trace=300086, class=java.lang.StringBuilder@50000123)
ARR 50000cdf (sz=112, trace=300087, nelems=0, elem type=char[])
OBJ 50000ce0 (sz=24, trace=300088, class=java.lang.String@500000b2)
	value		50000ce1
ARR 50000ce1 (sz=76, trace=300089, nelems=38, elem type=char[])
OBJ 50000ce2 (sz=8, trace=300072, class=java.lang.Object@500000f9)
ARR 50000ce3 (sz=24, trace=300517, nelems=2, elem type=java.util.concurrent.ConcurrentHashMap$HashEntry[]@5000009f)
	[1]		50000ce4
OBJ 50000ce4 (sz=24, trace=300073, class=java.util.concurrent.ConcurrentHashMap$HashEntry@5000009e)
	key		50000ce0
	value		50000ce2
	next		50000ccf
OBJ 50000ce5 (sz=8, trace=300074, class=java.lang.Object@500000f9)
ARR 50000ce6 (sz=24, trace=300517, nelems=2, elem type=java.util.concurrent.ConcurrentHashMap$HashEntry[]@5000009f)
	[1]		50000ce7
OBJ 50000ce7 (sz=24, trace=300073, class=java.util.concurrent.ConcurrentHashMap$HashEntry@5000009e)
	key		50000ce0
	value		50000ce5
	next		50000cd1
ARR 50000ce9 (sz=16, trace=300076, nelems=0, elem type=java.lang.Class[]@500000c1)
OBJ 50000cea (sz=32, trace=300077, class=java.lang.ref.SoftReference@500000a5)
OBJ 50000ceb (sz=64, trace=300078, class=java.lang.reflect.Constructor@50000095)
OBJ 50000cec (sz=16, trace=300079, class=java.lang.Class$1@5000013d)
OBJ 50000ced (sz=24, trace=300080, class=sun.reflect.NativeConstructorAccessorImpl@50000050)
OBJ 50000cee (sz=16, trace=300081, class=sun.reflect.DelegatingConstructorAccessorImpl@5000013c)
OBJ 50000cef (sz=40, trace=300667, class=sun.util.resources.CurrencyNames_de_DE@50000ce8)
	parent		50000cd9
	locale		50001263
	name		500010ae
	cacheKey	50001a6b
	lookup		50000cf6
OBJ 50000cf0 (sz=32, trace=300071, class=java.util.ResourceBundle$LoaderReference@500001fb)
	referent	500001a6
	queue		500001a1
	cacheKey	50001a6b
OBJ 50000cf1 (sz=40, trace=300084, class=java.util.ResourceBundle$BundleReference@5000021d)
	referent	50000cef
	queue		500001a1
	cacheKey	50001a6b
OBJ 50000cf2 (sz=24, trace=300085, class=java.util.concurrent.ConcurrentHashMap$HashEntry@5000009e)
	key		50001a6b
	value		50000cf1
ARR 50000cf3 (sz=24, trace=300668, nelems=0, elem type=java.lang.Object[][]@5000089e)
ARR 50000cf4 (sz=24, trace=300669, nelems=0, elem type=java.lang.Object[]@500000fa)
ARR 50000cf5 (sz=24, trace=300670, nelems=0, elem type=java.lang.Object[]@500000fa)
OBJ 50000cf6 (sz=40, trace=300671, class=java.util.HashMap@50000008)
	table		50000cfa
ARR 50000cf7 (sz=24, trace=300672, nelems=0, elem type=java.util.HashMap$Entry[]@5000012c)
OBJ 50000cf8 (sz=24, trace=300673, class=java.util.HashMap$Entry@5000012b)
	key		50001a73
	value		50001a72
OBJ 50000cf9 (sz=24, trace=300673, class=java.util.HashMap$Entry@5000012b)
	key		50001a6f
	value		50001a6e
ARR 50000cfa (sz=32, trace=300674, nelems=3, elem type=java.util.HashMap$Entry[]@5000012c)
	[0]		50000cf8
	[2]		50000cf9
OBJ 50000cfb (sz=24, trace=300675, class=java.util.concurrent.ConcurrentHashMap$HashEntry@5000009e)
	key		50001263
	value		50000bb3
ARR 50000cfe (sz=16, trace=300677, nelems=0, elem type=java.text.FieldPosition[]@50000cfd)
OBJ 50000cff (sz=40, trace=300678, class=java.util.concurrent.ConcurrentHashMap@50000086)
	segments	50000d00
ARR 50000d00 (sz=80, trace=300679, nelems=16, elem type=java.util.concurrent.ConcurrentHashMap$Segment[]@500000d5)
	[0]		50000d01
	[1]		50000d04
	[2]		50000d07
	[3]		50000d0a
	[4]		50000d0d
	[5]		50000d10
	[6]		50000d13
	[7]		50000d16
	[8]		50000d19
	[9]		50000d1c
	[10]		50000d1f
	[11]		50000d22
	[12]		50000d25
	[13]		50000d28
	[14]		50000d2b
	[15]		50000d2e
OBJ 50000d01 (sz=32, trace=300015, class=java.util.concurrent.ConcurrentHashMap$Segment@500000d4)
	sync		50000d02
	table		50000d03
OBJ 50000d02 (sz=24, trace=300016, class=java.util.concurrent.locks.ReentrantLock$NonfairSync@50000112)
ARR 50000d03 (sz=16, trace=300017, nelems=0, elem type=java.util.concurrent.ConcurrentHashMap$HashEntry[]@5000009f)
OBJ 50000d04 (sz=32, trace=300015, class=java.util.concurrent.ConcurrentHashMap$Segment@500000d4)
	sync		50000d05
	table		50000d06
OBJ 50000d05 (sz=24, trace=300016, class=java.util.concurrent.locks.ReentrantLock$NonfairSync@50000112)
ARR 50000d06 (sz=16, trace=300017, nelems=0, elem type=java.util.concurrent.ConcurrentHashMap$HashEntry[]@5000009f)
OBJ 50000d07 (sz=32, trace=300015, class=java.util.concurrent.ConcurrentHashMap$Segment@500000d4)
	sync		50000d08
	table		50000d09
OBJ 50000d08 (sz=24, trace=300016, class=java.util.concurrent.locks.ReentrantLock$NonfairSync@50000112)
ARR 50000d09 (sz=16, trace=300017, nelems=0, elem type=java.util.concurrent.ConcurrentHashMap$HashEntry[]@5000009f)
OBJ 50000d0a (sz=32, trace=300015, class=java.util.concurrent.ConcurrentHashMap$Segment@500000d4)
	sync		50000d0b
	table		50000d0c
OBJ 50000d0b (sz=24, trace=300016, class=java.util.concurrent.locks.ReentrantLock$NonfairSync@50000112)
ARR 50000d0c (sz=16, trace=300017, nelems=0, elem type=java.util.concurrent.ConcurrentHashMap$HashEntry[]@5000009f)
OBJ 50000d0d (sz=32, trace=300015, class=java.util.concurrent.ConcurrentHashMap$Segment@500000d4)
	sync		50000d0e
	table		50000d0f
OBJ 50000d0e (sz=24, trace=300016, class=java.util.concurrent.locks.ReentrantLock$NonfairSync@50000112)
ARR 50000d0f (sz=16, trace=300017, nelems=0, elem type=java.util.concurrent.ConcurrentHashMap$HashEntry[]@5000009f)
OBJ 50000d10 (sz=32, trace=300015, class=java.util.concurrent.ConcurrentHashMap$Segment@500000d4)
	sync		50000d11
	table		50000d12
OBJ 50000d11 (sz=24, trace=300016, class=java.util.concurrent.locks.ReentrantLock$NonfairSync@50000112)
ARR 50000d12 (sz=16, trace=300017, nelems=0, elem type=java.util.concurrent.ConcurrentHashMap$HashEntry[]@5000009f)
OBJ 50000d13 (sz=32, trace=300015, class=java.util.concurrent.ConcurrentHashMap$Segment@500000d4)
	sync		50000d14
	table		50000d15
OBJ 50000d14 (sz=24, trace=300016, class=java.util.concurrent.locks.ReentrantLock$NonfairSync@50000112)
ARR 50000d15 (sz=16, trace=300017, nelems=0, elem type=java.util.concurrent.ConcurrentHashMap$HashEntry[]@5000009f)
OBJ 50000d16 (sz=32, trace=300015, class=java.util.concurrent.ConcurrentHashMap$Segment@500000d4)
	sync		50000d17
	table		50000d18
OBJ 50000d17 (sz=24, trace=300016, class=java.util.concurrent.locks.ReentrantLock$NonfairSync@50000112)
ARR 50000d18 (sz=16, trace=300017, nelems=0, elem type=java.util.concurrent.ConcurrentHashMap$HashEntry[]@5000009f)
OBJ 50000d19 (sz=32, trace=300015, class=java.util.concurrent.ConcurrentHashMap$Segment@500000d4)
	sync		50000d1a
	table		50000d1b
OBJ 50000d1a (sz=24, trace=300016, class=java.util.concurrent.locks.ReentrantLock$NonfairSync@50000112)
ARR 50000d1b (sz=16, trace=300017, nelems=0, elem type=java.util.concurrent.ConcurrentHashMap$HashEntry[]@5000009f)
OBJ 50000d1c (sz=32, trace=300015, class=java.util.concurrent.ConcurrentHashMap$Segment@500000d4)
	sync		50000d1d
	table		50000d1e
OBJ 50000d1d (sz=24, trace=300016, class=java.util.concurrent.locks.ReentrantLock$NonfairSync@50000112)
ARR 50000d1e (sz=16, trace=300017, nelems=0, elem type=java.util.concurrent.ConcurrentHashMap$HashEntry[]@5000009f)
OBJ 50000d1f (sz=32, trace=300015, class=java.util.concurrent.ConcurrentHashMap$Segment@500000d4)
	sync		50000d20
	table		50000d21
OBJ 50000d20 (sz=24, trace=300016, class=java.util.concurrent.locks.ReentrantLock$NonfairSync@50000112)
ARR 50000d21 (sz=16, trace=300017, nelems=0, elem type=java.util.concurrent.ConcurrentHashMap$HashEntry[]@5000009f)
OBJ 50000d22 (sz=32, trace=300015, class=java.util.concurrent.ConcurrentHashMap$Segment@500000d4)
	sync		50000d23
	table		50000d24
OBJ 50000d23 (sz=24, trace=300016, class=java.util.concurrent.locks.ReentrantLock$NonfairSync@50000112)
ARR 50000d24 (sz=16, trace=300017, nelems=0, elem type=java.util.concurrent.ConcurrentHashMap$HashEntry[]@5000009f)
OBJ 50000d25 (sz=32, trace=300015, class=java.util.concurrent.ConcurrentHashMap$Segment@500000d4)
	sync		50000d26
	table		50000d27
OBJ 50000d26 (sz=24, trace=300016, class=java.util.concurrent.locks.ReentrantLock$NonfairSync@50000112)
ARR 50000d27 (sz=16, trace=300017, nelems=0, elem type=java.util.concurrent.ConcurrentHashMap$HashEntry[]@5000009f)
OBJ 50000d28 (sz=32, trace=300015, class=java.util.concurrent.ConcurrentHashMap$Segment@500000d4)
	sync		50000d29
	table		50000d2a
OBJ 50000d29 (sz=24, trace=300016, class=java.util.concurrent.locks.ReentrantLock$NonfairSync@50000112)
ARR 50000d2a (sz=16, trace=300017, nelems=0, elem type=java.util.concurrent.ConcurrentHashMap$HashEntry[]@5000009f)
OBJ 50000d2b (sz=32, trace=300015, class=java.util.concurrent.ConcurrentHashMap$Segment@500000d4)
	sync		50000d2c
	table		50000d2d
OBJ 50000d2c (sz=24, trace=300016, class=java.util.concurrent.locks.ReentrantLock$NonfairSync@50000112)
ARR 50000d2d (sz=16, trace=300017, nelems=0, elem type=java.util.concurrent.ConcurrentHashMap$HashEntry[]@5000009f)
OBJ 50000d2e (sz=32, trace=300015, class=java.util.concurrent.ConcurrentHashMap$Segment@500000d4)
	sync		50000d2f
	table		50000d30
OBJ 50000d2f (sz=24, trace=300016, class=java.util.concurrent.locks.ReentrantLock$NonfairSync@50000112)
ARR 50000d30 (sz=16, trace=300017, nelems=0, elem type=java.util.concurrent.ConcurrentHashMap$HashEntry[]@5000009f)
OBJ 50000d31 (sz=136, trace=300680, class=java.text.DecimalFormat@50000cfc)
ARR 50000d33 (sz=38, trace=300682, nelems=19, elem type=char[])
OBJ 50000d34 (sz=40, trace=300683, class=java.text.DigitList@50000d32)
ARR 50000d35 (sz=56, trace=300684, nelems=0, elem type=char[])
OBJ 50000d37 (sz=24, trace=300686, class=java.math.RoundingMode@50000d36)
	name		50001b4c
OBJ 50000d38 (sz=24, trace=300687, class=java.math.RoundingMode@50000d36)
	name		50001b46
OBJ 50000d39 (sz=24, trace=300688, class=java.math.RoundingMode@50000d36)
	name		50001b45
OBJ 50000d3a (sz=24, trace=300689, class=java.math.RoundingMode@50000d36)
	name		50001b47
OBJ 50000d3b (sz=24, trace=300690, class=java.math.RoundingMode@50000d36)
	name		50001b4a
OBJ 50000d3c (sz=24, trace=300691, class=java.math.RoundingMode@50000d36)
	name		50001b48
OBJ 50000d3d (sz=24, trace=300692, class=java.math.RoundingMode@50000d36)
	name		50001b49
OBJ 50000d3e (sz=24, trace=300693, class=java.math.RoundingMode@50000d36)
	name		50001b4b
ARR 50000d40 (sz=48, trace=300694, nelems=8, elem type=java.math.RoundingMode[]@50000d3f)
	[0]		50000d37
	[1]		50000d38
	[2]		50000d39
	[3]		50000d3a
	[4]		50000d3b
	[5]		50000d3c
	[6]		50000d3d
	[7]		50000d3e
OBJ 50000d41 (sz=16, trace=300695, class=java.lang.StringBuffer@500000e4)
ARR 50000d42 (sz=48, trace=300696, nelems=0, elem type=char[])
OBJ 50000d43 (sz=16, trace=300697, class=java.lang.StringBuffer@500000e4)
ARR 50000d44 (sz=48, trace=300698, nelems=0, elem type=char[])
OBJ 50000d45 (sz=24, trace=300699, class=java.lang.String@500000b2)
ARR 50000d46 (sz=16, trace=300700, nelems=0, elem type=char[])
OBJ 50000d47 (sz=24, trace=300701, class=java.lang.String@500000b2)
ARR 50000d48 (sz=16, trace=300702, nelems=0, elem type=char[])
OBJ 50000d49 (sz=16, trace=300695, class=java.lang.StringBuffer@500000e4)
ARR 50000d4a (sz=48, trace=300696, nelems=0, elem type=char[])
OBJ 50000d4b (sz=16, trace=300697, class=java.lang.StringBuffer@500000e4)
ARR 50000d4c (sz=48, trace=300698, nelems=0, elem type=char[])
OBJ 50000d4d (sz=24, trace=300703, class=java.lang.String@500000b2)
ARR 50000d4e (sz=16, trace=300704, nelems=0, elem type=char[])
OBJ 50000d4f (sz=24, trace=300705, class=java.lang.String@500000b2)
ARR 50000d50 (sz=16, trace=300706, nelems=0, elem type=char[])
OBJ 50000d51 (sz=16, trace=300707, class=java.lang.StringBuffer@500000e4)
ARR 50000d52 (sz=48, trace=300708, nelems=0, elem type=char[])
OBJ 50000d53 (sz=24, trace=300709, class=java.lang.String@500000b2)
ARR 50000d54 (sz=16, trace=300710, nelems=0, elem type=char[])
OBJ 50000d55 (sz=24, trace=300711, class=java.lang.String@500000b2)
ARR 50000d56 (sz=16, trace=300710, nelems=0, elem type=char[])
OBJ 50000d57 (sz=24, trace=300712, class=java.lang.String@500000b2)
ARR 50000d58 (sz=16, trace=300710, nelems=0, elem type=char[])
OBJ 50000d59 (sz=24, trace=300713, class=java.lang.String@500000b2)
ARR 50000d5a (sz=16, trace=300710, nelems=0, elem type=char[])
OBJ 50000d5b (sz=16, trace=300714, class=java.lang.StringBuffer@500000e4)
ARR 50000d5c (sz=48, trace=300715, nelems=0, elem type=char[])
OBJ 50000d5d (sz=24, trace=300716, class=java.text.FieldPosition@500008ec)
OBJ 50000d60 (sz=16, trace=300718, class=java.text.FieldPosition$Delegate@50000d5f)
OBJ 50000d62 (sz=40, trace=300720, class=java.util.HashMap@50000008)
	table		50000d63
ARR 50000d63 (sz=80, trace=300721, nelems=16, elem type=java.util.HashMap$Entry[]@5000012c)
	[0]		50000d6d
	[2]		50000d67
	[3]		50000d73
	[5]		50000d6f
	[6]		50000d69
	[7]		50000d79
	[8]		50000d75
	[10]		50000d6b
	[11]		50000d71
	[15]		50000d77
OBJ 50000d64 (sz=16, trace=300722, class=java.text.NumberFormat$Field@50000d61)
	name		50001b35
OBJ 50000d65 (sz=24, trace=300723, class=java.util.HashMap$Entry@5000012b)
	key		50001b35
	value		50000d64
OBJ 50000d66 (sz=16, trace=300724, class=java.text.NumberFormat$Field@50000d61)
	name		50001b33
OBJ 50000d67 (sz=24, trace=300723, class=java.util.HashMap$Entry@5000012b)
	key		50001b33
	value		50000d66
OBJ 50000d68 (sz=16, trace=300725, class=java.text.NumberFormat$Field@50000d61)
	name		50001b30
OBJ 50000d69 (sz=24, trace=300723, class=java.util.HashMap$Entry@5000012b)
	key		50001b30
	value		50000d68
OBJ 50000d6a (sz=16, trace=300726, class=java.text.NumberFormat$Field@50000d61)
	name		50001b2f
OBJ 50000d6b (sz=24, trace=300723, class=java.util.HashMap$Entry@5000012b)
	key		50001b2f
	value		50000d6a
OBJ 50000d6c (sz=16, trace=300727, class=java.text.NumberFormat$Field@50000d61)
	name		50001b38
OBJ 50000d6d (sz=24, trace=300723, class=java.util.HashMap$Entry@5000012b)
	key		50001b38
	value		50000d6c
OBJ 50000d6e (sz=16, trace=300728, class=java.text.NumberFormat$Field@50000d61)
	name		50001b34
OBJ 50000d6f (sz=24, trace=300723, class=java.util.HashMap$Entry@5000012b)
	key		50001b34
	value		50000d6e
	next		50000d65
OBJ 50000d70 (sz=16, trace=300729, class=java.text.NumberFormat$Field@50000d61)
	name		50001b32
OBJ 50000d71 (sz=24, trace=300723, class=java.util.HashMap$Entry@5000012b)
	key		50001b32
	value		50000d70
OBJ 50000d72 (sz=16, trace=300730, class=java.text.NumberFormat$Field@50000d61)
	name		50001b37
OBJ 50000d73 (sz=24, trace=300723, class=java.util.HashMap$Entry@5000012b)
	key		50001b37
	value		50000d72
OBJ 50000d74 (sz=16, trace=300731, class=java.text.NumberFormat$Field@50000d61)
	name		50001b36
OBJ 50000d75 (sz=24, trace=300723, class=java.util.HashMap$Entry@5000012b)
	key		50001b36
	value		50000d74
OBJ 50000d76 (sz=16, trace=300732, class=java.text.NumberFormat$Field@50000d61)
	name		50001b2e
OBJ 50000d77 (sz=24, trace=300723, class=java.util.HashMap$Entry@5000012b)
	key		50001b2e
	value		50000d76
OBJ 50000d78 (sz=16, trace=300733, class=java.text.NumberFormat$Field@50000d61)
	name		50001b31
OBJ 50000d79 (sz=24, trace=300723, class=java.util.HashMap$Entry@5000012b)
	key		50001b31
	value		50000d78
OBJ 50000d7a (sz=24, trace=300734, class=java.lang.String@500000b2)
ARR 50000d7b (sz=16, trace=300496, nelems=0, elem type=char[])
OBJ 50000d7c (sz=24, trace=300484, class=java.lang.String@500000b2)
ARR 50000d7d (sz=80, trace=300100, nelems=0, elem type=char[])
OBJ 50000d7e (sz=64, trace=300601, class=java.text.DecimalFormatSymbols@50000b30)
OBJ 50000d7f (sz=136, trace=300680, class=java.text.DecimalFormat@50000cfc)
OBJ 50000d80 (sz=40, trace=300683, class=java.text.DigitList@50000d32)
ARR 50000d81 (sz=56, trace=300684, nelems=0, elem type=char[])
OBJ 50000d82 (sz=16, trace=300695, class=java.lang.StringBuffer@500000e4)
ARR 50000d83 (sz=48, trace=300696, nelems=0, elem type=char[])
OBJ 50000d84 (sz=16, trace=300697, class=java.lang.StringBuffer@500000e4)
ARR 50000d85 (sz=48, trace=300698, nelems=0, elem type=char[])
OBJ 50000d86 (sz=24, trace=300699, class=java.lang.String@500000b2)
ARR 50000d87 (sz=16, trace=300700, nelems=0, elem type=char[])
OBJ 50000d88 (sz=24, trace=300701, class=java.lang.String@500000b2)
ARR 50000d89 (sz=16, trace=300702, nelems=0, elem type=char[])
OBJ 50000d8a (sz=16, trace=300695, class=java.lang.StringBuffer@500000e4)
ARR 50000d8b (sz=48, trace=300696, nelems=0, elem type=char[])
OBJ 50000d8c (sz=16, trace=300697, class=java.lang.StringBuffer@500000e4)
ARR 50000d8d (sz=48, trace=300698, nelems=0, elem type=char[])
OBJ 50000d8e (sz=24, trace=300703, class=java.lang.String@500000b2)
ARR 50000d8f (sz=16, trace=300704, nelems=0, elem type=char[])
OBJ 50000d90 (sz=24, trace=300705, class=java.lang.String@500000b2)
ARR 50000d91 (sz=16, trace=300706, nelems=0, elem type=char[])
OBJ 50000d92 (sz=16, trace=300707, class=java.lang.StringBuffer@500000e4)
ARR 50000d93 (sz=48, trace=300708, nelems=0, elem type=char[])
OBJ 50000d94 (sz=24, trace=300709, class=java.lang.String@500000b2)
ARR 50000d95 (sz=16, trace=300710, nelems=0, elem type=char[])
OBJ 50000d96 (sz=24, trace=300711, class=java.lang.String@500000b2)
ARR 50000d97 (sz=16, trace=300710, nelems=0, elem type=char[])
OBJ 50000d98 (sz=24, trace=300712, class=java.lang.String@500000b2)
ARR 50000d99 (sz=16, trace=300710, nelems=0, elem type=char[])
OBJ 50000d9a (sz=24, trace=300713, class=java.lang.String@500000b2)
ARR 50000d9b (sz=16, trace=300710, nelems=0, elem type=char[])
OBJ 50000d9c (sz=16, trace=300714, class=java.lang.StringBuffer@500000e4)
ARR 50000d9d (sz=48, trace=300715, nelems=0, elem type=char[])
OBJ 50000d9e (sz=24, trace=300716, class=java.text.FieldPosition@500008ec)
OBJ 50000d9f (sz=16, trace=300718, class=java.text.FieldPosition$Delegate@50000d5f)
OBJ 50000da0 (sz=24, trace=300734, class=java.lang.String@500000b2)
ARR 50000da1 (sz=16, trace=300496, nelems=0, elem type=char[])
ARR 50000da2 (sz=152, trace=300100, nelems=0, elem type=char[])
OBJ 50000da3 (sz=24, trace=300494, class=java.lang.String@500000b2)
OBJ 50000da4 (sz=24, trace=300495, class=java.lang.String@500000b2)
ARR 50000da5 (sz=152, trace=300496, nelems=0, elem type=char[])
ARR 50000da6 (sz=880, trace=300100, nelems=0, elem type=char[])
ARR 50000da7 (sz=16, trace=300735, nelems=0, elem type=java.lang.Object[]@500000fa)
OBJ 50000da8 (sz=32, trace=300455, class=java.text.MessageFormat@500008bb)
ARR 50000da9 (sz=56, trace=300736, nelems=0, elem type=java.text.Format[]@500008c1)
ARR 50000daa (sz=56, trace=300737, nelems=0, elem type=int[])
ARR 50000dab (sz=56, trace=300738, nelems=0, elem type=int[])
ARR 50000dac (sz=32, trace=300470, nelems=0, elem type=java.lang.StringBuilder[]@500008d2)
OBJ 50000dad (sz=16, trace=300471, class=java.lang.StringBuilder@50000123)
ARR 50000dae (sz=48, trace=300472, nelems=0, elem type=char[])
OBJ 50000daf (sz=16, trace=300473, class=java.lang.StringBuilder@50000123)
ARR 50000db0 (sz=48, trace=300474, nelems=0, elem type=char[])
ARR 50000db1 (sz=32, trace=300475, nelems=0, elem type=java.lang.String[]@500000b3)
OBJ 50000db2 (sz=24, trace=300476, class=java.lang.String@500000b2)
ARR 50000db3 (sz=24, trace=300477, nelems=0, elem type=char[])
OBJ 50000db4 (sz=24, trace=300476, class=java.lang.String@500000b2)
ARR 50000db5 (sz=16, trace=300477, nelems=0, elem type=char[])
ARR 50000db6 (sz=80, trace=300400, nelems=0, elem type=char[])
OBJ 50000db7 (sz=16, trace=300473, class=java.lang.StringBuilder@50000123)
ARR 50000db8 (sz=48, trace=300474, nelems=0, elem type=char[])
ARR 50000db9 (sz=32, trace=300475, nelems=0, elem type=java.lang.String[]@500000b3)
OBJ 50000dba (sz=24, trace=300476, class=java.lang.String@500000b2)
ARR 50000dbb (sz=80, trace=300477, nelems=0, elem type=char[])
OBJ 50000dbc (sz=24, trace=300476, class=java.lang.String@500000b2)
ARR 50000dbd (sz=16, trace=300477, nelems=0, elem type=char[])
ARR 50000dbe (sz=152, trace=300400, nelems=0, elem type=char[])
OBJ 50000dbf (sz=24, trace=300478, class=java.lang.String@500000b2)
ARR 50000dc0 (sz=144, trace=300479, nelems=0, elem type=char[])
OBJ 50000dc1 (sz=16, trace=300480, class=java.lang.StringBuffer@500000e4)
ARR 50000dc2 (sz=48, trace=300481, nelems=0, elem type=char[])
OBJ 50000dc3 (sz=24, trace=300483, class=java.text.FieldPosition@500008ec)
OBJ 50000dc4 (sz=24, trace=300484, class=java.lang.String@500000b2)
OBJ 50000dc5 (sz=64, trace=300601, class=java.text.DecimalFormatSymbols@50000b30)
OBJ 50000dc6 (sz=136, trace=300680, class=java.text.DecimalFormat@50000cfc)
OBJ 50000dc7 (sz=40, trace=300683, class=java.text.DigitList@50000d32)
ARR 50000dc8 (sz=56, trace=300684, nelems=0, elem type=char[])
OBJ 50000dc9 (sz=16, trace=300695, class=java.lang.StringBuffer@500000e4)
ARR 50000dca (sz=48, trace=300696, nelems=0, elem type=char[])
OBJ 50000dcb (sz=16, trace=300697, class=java.lang.StringBuffer@500000e4)
ARR 50000dcc (sz=48, trace=300698, nelems=0, elem type=char[])
OBJ 50000dcd (sz=24, trace=300699, class=java.lang.String@500000b2)
ARR 50000dce (sz=16, trace=300700, nelems=0, elem type=char[])
OBJ 50000dcf (sz=24, trace=300701, class=java.lang.String@500000b2)
ARR 50000dd0 (sz=16, trace=300702, nelems=0, elem type=char[])
OBJ 50000dd1 (sz=16, trace=300695, class=java.lang.StringBuffer@500000e4)
ARR 50000dd2 (sz=48, trace=300696, nelems=0, elem type=char[])
OBJ 50000dd3 (sz=16, trace=300697, class=java.lang.StringBuffer@500000e4)
ARR 50000dd4 (sz=48, trace=300698, nelems=0, elem type=char[])
OBJ 50000dd5 (sz=24, trace=300703, class=java.lang.String@500000b2)
ARR 50000dd6 (sz=16, trace=300704, nelems=0, elem type=char[])
OBJ 50000dd7 (sz=24, trace=300705, class=java.lang.String@500000b2)
ARR 50000dd8 (sz=16, trace=300706, nelems=0, elem type=char[])
OBJ 50000dd9 (sz=16, trace=300707, class=java.lang.StringBuffer@500000e4)
ARR 50000dda (sz=48, trace=300708, nelems=0, elem type=char[])
OBJ 50000ddb (sz=24, trace=300709, class=java.lang.String@500000b2)
ARR 50000ddc (sz=16, trace=300710, nelems=0, elem type=char[])
OBJ 50000ddd (sz=24, trace=300711, class=java.lang.String@500000b2)
ARR 50000dde (sz=16, trace=300710, nelems=0, elem type=char[])
OBJ 50000ddf (sz=24, trace=300712, class=java.lang.String@500000b2)
ARR 50000de0 (sz=16, trace=300710, nelems=0, elem type=char[])
OBJ 50000de1 (sz=24, trace=300713, class=java.lang.String@500000b2)
ARR 50000de2 (sz=16, trace=300710, nelems=0, elem type=char[])
OBJ 50000de3 (sz=16, trace=300714, class=java.lang.StringBuffer@500000e4)
ARR 50000de4 (sz=48, trace=300715, nelems=0, elem type=char[])
OBJ 50000de5 (sz=24, trace=300716, class=java.text.FieldPosition@500008ec)
OBJ 50000de6 (sz=16, trace=300718, class=java.text.FieldPosition$Delegate@50000d5f)
OBJ 50000de7 (sz=24, trace=300734, class=java.lang.String@500000b2)
ARR 50000de8 (sz=16, trace=300496, nelems=0, elem type=char[])
OBJ 50000de9 (sz=24, trace=300484, class=java.lang.String@500000b2)
ARR 50000dea (sz=80, trace=300100, nelems=0, elem type=char[])
OBJ 50000deb (sz=64, trace=300601, class=java.text.DecimalFormatSymbols@50000b30)
OBJ 50000dec (sz=136, trace=300680, class=java.text.DecimalFormat@50000cfc)
OBJ 50000ded (sz=40, trace=300683, class=java.text.DigitList@50000d32)
ARR 50000dee (sz=56, trace=300684, nelems=0, elem type=char[])
OBJ 50000def (sz=16, trace=300695, class=java.lang.StringBuffer@500000e4)
ARR 50000df0 (sz=48, trace=300696, nelems=0, elem type=char[])
OBJ 50000df1 (sz=16, trace=300697, class=java.lang.StringBuffer@500000e4)
ARR 50000df2 (sz=48, trace=300698, nelems=0, elem type=char[])
OBJ 50000df3 (sz=24, trace=300699, class=java.lang.String@500000b2)
ARR 50000df4 (sz=16, trace=300700, nelems=0, elem type=char[])
OBJ 50000df5 (sz=24, trace=300701, class=java.lang.String@500000b2)
ARR 50000df6 (sz=16, trace=300702, nelems=0, elem type=char[])
OBJ 50000df7 (sz=16, trace=300695, class=java.lang.StringBuffer@500000e4)
ARR 50000df8 (sz=48, trace=300696, nelems=0, elem type=char[])
OBJ 50000df9 (sz=16, trace=300697, class=java.lang.StringBuffer@500000e4)
ARR 50000dfa (sz=48, trace=300698, nelems=0, elem type=char[])
OBJ 50000dfb (sz=24, trace=300703, class=java.lang.String@500000b2)
ARR 50000dfc (sz=16, trace=300704, nelems=0, elem type=char[])
OBJ 50000dfd (sz=24, trace=300705, class=java.lang.String@500000b2)
ARR 50000dfe (sz=16, trace=300706, nelems=0, elem type=char[])
OBJ 50000dff (sz=16, trace=300707, class=java.lang.StringBuffer@500000e4)
ARR 50000e00 (sz=48, trace=300708, nelems=0, elem type=char[])
OBJ 50000e01 (sz=24, trace=300709, class=java.lang.String@500000b2)
ARR 50000e02 (sz=16, trace=300710, nelems=0, elem type=char[])
OBJ 50000e03 (sz=24, trace=300711, class=java.lang.String@500000b2)
ARR 50000e04 (sz=16, trace=300710, nelems=0, elem type=char[])
OBJ 50000e05 (sz=24, trace=300712, class=java.lang.String@500000b2)
ARR 50000e06 (sz=16, trace=300710, nelems=0, elem type=char[])
OBJ 50000e07 (sz=24, trace=300713, class=java.lang.String@500000b2)
ARR 50000e08 (sz=16, trace=300710, nelems=0, elem type=char[])
OBJ 50000e09 (sz=16, trace=300714, class=java.lang.StringBuffer@500000e4)
ARR 50000e0a (sz=48, trace=300715, nelems=0, elem type=char[])
OBJ 50000e0b (sz=24, trace=300716, class=java.text.FieldPosition@500008ec)
OBJ 50000e0c (sz=16, trace=300718, class=java.text.FieldPosition$Delegate@50000d5f)
OBJ 50000e0d (sz=24, trace=300734, class=java.lang.String@500000b2)
ARR 50000e0e (sz=16, trace=300496, nelems=0, elem type=char[])
ARR 50000e0f (sz=152, trace=300100, nelems=0, elem type=char[])
OBJ 50000e10 (sz=24, trace=300494, class=java.lang.String@500000b2)
OBJ 50000e11 (sz=24, trace=300495, class=java.lang.String@500000b2)
ARR 50000e12 (sz=152, trace=300496, nelems=0, elem type=char[])
ARR 50000e13 (sz=24, trace=300739, nelems=0, elem type=java.lang.Object[]@500000fa)
OBJ 50000e14 (sz=32, trace=300455, class=java.text.MessageFormat@500008bb)
ARR 50000e15 (sz=56, trace=300740, nelems=0, elem type=java.text.Format[]@500008c1)
ARR 50000e16 (sz=56, trace=300741, nelems=0, elem type=int[])
ARR 50000e17 (sz=56, trace=300742, nelems=0, elem type=int[])
ARR 50000e18 (sz=32, trace=300470, nelems=0, elem type=java.lang.StringBuilder[]@500008d2)
OBJ 50000e19 (sz=16, trace=300471, class=java.lang.StringBuilder@50000123)
ARR 50000e1a (sz=48, trace=300472, nelems=0, elem type=char[])
OBJ 50000e1b (sz=16, trace=300473, class=java.lang.StringBuilder@50000123)
ARR 50000e1c (sz=48, trace=300474, nelems=0, elem type=char[])
ARR 50000e1d (sz=32, trace=300475, nelems=0, elem type=java.lang.String[]@500000b3)
OBJ 50000e1e (sz=24, trace=300476, class=java.lang.String@500000b2)
ARR 50000e1f (sz=24, trace=300477, nelems=0, elem type=char[])
OBJ 50000e20 (sz=24, trace=300476, class=java.lang.String@500000b2)
ARR 50000e21 (sz=16, trace=300477, nelems=0, elem type=char[])
ARR 50000e22 (sz=80, trace=300400, nelems=0, elem type=char[])
OBJ 50000e23 (sz=16, trace=300473, class=java.lang.StringBuilder@50000123)
ARR 50000e24 (sz=48, trace=300474, nelems=0, elem type=char[])
ARR 50000e25 (sz=32, trace=300475, nelems=0, elem type=java.lang.String[]@500000b3)
OBJ 50000e26 (sz=24, trace=300476, class=java.lang.String@500000b2)
ARR 50000e27 (sz=64, trace=300477, nelems=0, elem type=char[])
OBJ 50000e28 (sz=24, trace=300476, class=java.lang.String@500000b2)
ARR 50000e29 (sz=16, trace=300477, nelems=0, elem type=char[])
OBJ 50000e2a (sz=24, trace=300478, class=java.lang.String@500000b2)
ARR 50000e2b (sz=72, trace=300479, nelems=0, elem type=char[])
OBJ 50000e2c (sz=16, trace=300480, class=java.lang.StringBuffer@500000e4)
ARR 50000e2d (sz=48, trace=300481, nelems=0, elem type=char[])
OBJ 50000e2e (sz=24, trace=300483, class=java.text.FieldPosition@500008ec)
OBJ 50000e2f (sz=24, trace=300484, class=java.lang.String@500000b2)
OBJ 50000e30 (sz=24, trace=300484, class=java.lang.String@500000b2)
ARR 50000e31 (sz=80, trace=300100, nelems=0, elem type=char[])
ARR 50000e32 (sz=152, trace=300100, nelems=0, elem type=char[])
OBJ 50000e33 (sz=24, trace=300494, class=java.lang.String@500000b2)
OBJ 50000e34 (sz=24, trace=300495, class=java.lang.String@500000b2)
ARR 50000e35 (sz=96, trace=300496, nelems=0, elem type=char[])
ARR 50000e36 (sz=24, trace=300739, nelems=0, elem type=java.lang.Object[]@500000fa)
OBJ 50000e37 (sz=32, trace=300455, class=java.text.MessageFormat@500008bb)
ARR 50000e38 (sz=56, trace=300740, nelems=0, elem type=java.text.Format[]@500008c1)
ARR 50000e39 (sz=56, trace=300741, nelems=0, elem type=int[])
ARR 50000e3a (sz=56, trace=300742, nelems=0, elem type=int[])
ARR 50000e3b (sz=32, trace=300470, nelems=0, elem type=java.lang.StringBuilder[]@500008d2)
OBJ 50000e3c (sz=16, trace=300471, class=java.lang.StringBuilder@50000123)
ARR 50000e3d (sz=48, trace=300472, nelems=0, elem type=char[])
OBJ 50000e3e (sz=16, trace=300473, class=java.lang.StringBuilder@50000123)
ARR 50000e3f (sz=48, trace=300474, nelems=0, elem type=char[])
ARR 50000e40 (sz=32, trace=300475, nelems=0, elem type=java.lang.String[]@500000b3)
OBJ 50000e41 (sz=24, trace=300476, class=java.lang.String@500000b2)
ARR 50000e42 (sz=24, trace=300477, nelems=0, elem type=char[])
OBJ 50000e43 (sz=24, trace=300476, class=java.lang.String@500000b2)
ARR 50000e44 (sz=16, trace=300477, nelems=0, elem type=char[])
ARR 50000e45 (sz=80, trace=300400, nelems=0, elem type=char[])
OBJ 50000e46 (sz=16, trace=300473, class=java.lang.StringBuilder@50000123)
ARR 50000e47 (sz=48, trace=300474, nelems=0, elem type=char[])
ARR 50000e48 (sz=32, trace=300475, nelems=0, elem type=java.lang.String[]@500000b3)
OBJ 50000e49 (sz=24, trace=300476, class=java.lang.String@500000b2)
ARR 50000e4a (sz=64, trace=300477, nelems=0, elem type=char[])
OBJ 50000e4b (sz=24, trace=300476, class=java.lang.String@500000b2)
ARR 50000e4c (sz=16, trace=300477, nelems=0, elem type=char[])
OBJ 50000e4d (sz=24, trace=300478, class=java.lang.String@500000b2)
ARR 50000e4e (sz=72, trace=300479, nelems=0, elem type=char[])
OBJ 50000e4f (sz=16, trace=300480, class=java.lang.StringBuffer@500000e4)
ARR 50000e50 (sz=48, trace=300481, nelems=0, elem type=char[])
OBJ 50000e51 (sz=24, trace=300483, class=java.text.FieldPosition@500008ec)
OBJ 50000e52 (sz=24, trace=300484, class=java.lang.String@500000b2)
OBJ 50000e53 (sz=24, trace=300484, class=java.lang.String@500000b2)
ARR 50000e54 (sz=80, trace=300100, nelems=0, elem type=char[])
ARR 50000e55 (sz=152, trace=300100, nelems=0, elem type=char[])
OBJ 50000e56 (sz=24, trace=300494, class=java.lang.String@500000b2)
OBJ 50000e57 (sz=24, trace=300495, class=java.lang.String@500000b2)
ARR 50000e58 (sz=96, trace=300496, nelems=0, elem type=char[])
ARR 50000e59 (sz=1744, trace=300100, nelems=0, elem type=char[])
ARR 50000e5a (sz=24, trace=300743, nelems=0, elem type=java.lang.Object[]@500000fa)
OBJ 50000e5b (sz=32, trace=300455, class=java.text.MessageFormat@500008bb)
ARR 50000e5c (sz=56, trace=300744, nelems=0, elem type=java.text.Format[]@500008c1)
ARR 50000e5d (sz=56, trace=300745, nelems=0, elem type=int[])
ARR 50000e5e (sz=56, trace=300746, nelems=0, elem type=int[])
ARR 50000e5f (sz=32, trace=300470, nelems=0, elem type=java.lang.StringBuilder[]@500008d2)
OBJ 50000e60 (sz=16, trace=300471, class=java.lang.StringBuilder@50000123)
ARR 50000e61 (sz=48, trace=300472, nelems=0, elem type=char[])
OBJ 50000e62 (sz=16, trace=300473, class=java.lang.StringBuilder@50000123)
ARR 50000e63 (sz=48, trace=300474, nelems=0, elem type=char[])
ARR 50000e64 (sz=32, trace=300475, nelems=0, elem type=java.lang.String[]@500000b3)
OBJ 50000e65 (sz=24, trace=300476, class=java.lang.String@500000b2)
ARR 50000e66 (sz=24, trace=300477, nelems=0, elem type=char[])
OBJ 50000e67 (sz=24, trace=300476, class=java.lang.String@500000b2)
ARR 50000e68 (sz=16, trace=300477, nelems=0, elem type=char[])
ARR 50000e69 (sz=80, trace=300400, nelems=0, elem type=char[])
OBJ 50000e6a (sz=16, trace=300473, class=java.lang.StringBuilder@50000123)
ARR 50000e6b (sz=48, trace=300474, nelems=0, elem type=char[])
ARR 50000e6c (sz=32, trace=300475, nelems=0, elem type=java.lang.String[]@500000b3)
OBJ 50000e6d (sz=24, trace=300476, class=java.lang.String@500000b2)
ARR 50000e6e (sz=72, trace=300477, nelems=0, elem type=char[])
OBJ 50000e6f (sz=24, trace=300476, class=java.lang.String@500000b2)
ARR 50000e70 (sz=16, trace=300477, nelems=0, elem type=char[])
ARR 50000e71 (sz=152, trace=300400, nelems=0, elem type=char[])
OBJ 50000e72 (sz=24, trace=300478, class=java.lang.String@500000b2)
ARR 50000e73 (sz=112, trace=300479, nelems=0, elem type=char[])
OBJ 50000e74 (sz=16, trace=300480, class=java.lang.StringBuffer@500000e4)
ARR 50000e75 (sz=48, trace=300481, nelems=0, elem type=char[])
OBJ 50000e76 (sz=24, trace=300483, class=java.text.FieldPosition@500008ec)
OBJ 50000e77 (sz=24, trace=300484, class=java.lang.String@500000b2)
OBJ 50000e78 (sz=24, trace=300484, class=java.lang.String@500000b2)
ARR 50000e79 (sz=88, trace=300100, nelems=0, elem type=char[])
ARR 50000e7a (sz=168, trace=300100, nelems=0, elem type=char[])
OBJ 50000e7b (sz=24, trace=300494, class=java.lang.String@500000b2)
OBJ 50000e7c (sz=24, trace=300495, class=java.lang.String@500000b2)
ARR 50000e7d (sz=136, trace=300496, nelems=0, elem type=char[])
ARR 50000e7e (sz=16, trace=300747, nelems=0, elem type=java.lang.Object[]@500000fa)
OBJ 50000e7f (sz=32, trace=300455, class=java.text.MessageFormat@500008bb)
ARR 50000e80 (sz=56, trace=300748, nelems=0, elem type=java.text.Format[]@500008c1)
ARR 50000e81 (sz=56, trace=300749, nelems=0, elem type=int[])
ARR 50000e82 (sz=56, trace=300750, nelems=0, elem type=int[])
ARR 50000e83 (sz=32, trace=300470, nelems=0, elem type=java.lang.StringBuilder[]@500008d2)
OBJ 50000e84 (sz=16, trace=300471, class=java.lang.StringBuilder@50000123)
ARR 50000e85 (sz=48, trace=300472, nelems=0, elem type=char[])
ARR 50000e86 (sz=80, trace=300400, nelems=0, elem type=char[])
OBJ 50000e87 (sz=16, trace=300473, class=java.lang.StringBuilder@50000123)
ARR 50000e88 (sz=48, trace=300474, nelems=0, elem type=char[])
ARR 50000e89 (sz=32, trace=300475, nelems=0, elem type=java.lang.String[]@500000b3)
OBJ 50000e8a (sz=24, trace=300476, class=java.lang.String@500000b2)
ARR 50000e8b (sz=80, trace=300477, nelems=0, elem type=char[])
OBJ 50000e8c (sz=24, trace=300476, class=java.lang.String@500000b2)
ARR 50000e8d (sz=16, trace=300477, nelems=0, elem type=char[])
ARR 50000e8e (sz=152, trace=300400, nelems=0, elem type=char[])
OBJ 50000e8f (sz=24, trace=300478, class=java.lang.String@500000b2)
ARR 50000e90 (sz=88, trace=300479, nelems=0, elem type=char[])
OBJ 50000e91 (sz=16, trace=300480, class=java.lang.StringBuffer@500000e4)
ARR 50000e92 (sz=48, trace=300481, nelems=0, elem type=char[])
OBJ 50000e93 (sz=24, trace=300483, class=java.text.FieldPosition@500008ec)
OBJ 50000e94 (sz=24, trace=300484, class=java.lang.String@500000b2)
ARR 50000e95 (sz=80, trace=300100, nelems=0, elem type=char[])
ARR 50000e96 (sz=152, trace=300100, nelems=0, elem type=char[])
OBJ 50000e97 (sz=24, trace=300494, class=java.lang.String@500000b2)
OBJ 50000e98 (sz=24, trace=300495, class=java.lang.String@500000b2)
ARR 50000e99 (sz=96, trace=300496, nelems=0, elem type=char[])
ARR 50000e9a (sz=16, trace=300751, nelems=0, elem type=java.lang.Object[]@500000fa)
OBJ 50000e9b (sz=32, trace=300455, class=java.text.MessageFormat@500008bb)
ARR 50000e9c (sz=56, trace=300752, nelems=0, elem type=java.text.Format[]@500008c1)
ARR 50000e9d (sz=56, trace=300753, nelems=0, elem type=int[])
ARR 50000e9e (sz=56, trace=300754, nelems=0, elem type=int[])
ARR 50000e9f (sz=32, trace=300470, nelems=0, elem type=java.lang.StringBuilder[]@500008d2)
OBJ 50000ea0 (sz=16, trace=300471, class=java.lang.StringBuilder@50000123)
ARR 50000ea1 (sz=48, trace=300472, nelems=0, elem type=char[])
ARR 50000ea2 (sz=80, trace=300400, nelems=0, elem type=char[])
ARR 50000ea3 (sz=152, trace=300400, nelems=0, elem type=char[])
ARR 50000ea4 (sz=296, trace=300400, nelems=0, elem type=char[])
ARR 50000ea5 (sz=584, trace=300400, nelems=0, elem type=char[])
OBJ 50000ea6 (sz=16, trace=300473, class=java.lang.StringBuilder@50000123)
ARR 50000ea7 (sz=48, trace=300474, nelems=0, elem type=char[])
ARR 50000ea8 (sz=32, trace=300475, nelems=0, elem type=java.lang.String[]@500000b3)
OBJ 50000ea9 (sz=24, trace=300476, class=java.lang.String@500000b2)
ARR 50000eaa (sz=360, trace=300477, nelems=0, elem type=char[])
OBJ 50000eab (sz=24, trace=300476, class=java.lang.String@500000b2)
ARR 50000eac (sz=16, trace=300477, nelems=0, elem type=char[])
ARR 50000ead (sz=1160, trace=300400, nelems=0, elem type=char[])
ARR 50000eae (sz=2312, trace=300400, nelems=0, elem type=char[])
ARR 50000eaf (sz=4616, trace=300400, nelems=0, elem type=char[])
OBJ 50000eb0 (sz=24, trace=300478, class=java.lang.String@500000b2)
ARR 50000eb1 (sz=4048, trace=300479, nelems=0, elem type=char[])
OBJ 50000eb2 (sz=16, trace=300480, class=java.lang.StringBuffer@500000e4)
ARR 50000eb3 (sz=48, trace=300481, nelems=0, elem type=char[])
OBJ 50000eb4 (sz=24, trace=300483, class=java.text.FieldPosition@500008ec)
OBJ 50000eb5 (sz=24, trace=300484, class=java.lang.String@500000b2)
ARR 50000eb6 (sz=360, trace=300100, nelems=0, elem type=char[])
ARR 50000eb7 (sz=704, trace=300100, nelems=0, elem type=char[])
OBJ 50000eb8 (sz=24, trace=300494, class=java.lang.String@500000b2)
ARR 50000eb9 (sz=4048, trace=300100, nelems=0, elem type=char[])
OBJ 50000eba (sz=24, trace=300495, class=java.lang.String@500000b2)
ARR 50000ebb (sz=4048, trace=300496, nelems=0, elem type=char[])
ARR 50000ebc (sz=5126, trace=300100, nelems=2563, elem type=char[])
OBJ 50000ebd (sz=24, trace=300755, class=java.lang.String@500000b2)
ARR 50000ebe (sz=5144, trace=300756, nelems=0, elem type=char[])
OBJ 50000ebf (sz=48, trace=300255, class=java.nio.HeapCharBuffer@500000ad)
OBJ 50000ec0 (sz=48, trace=300255, class=java.nio.HeapCharBuffer@500000ad)
OBJ 50000ec1 (sz=104, trace=300001, class=java.lang.Thread@50000097)
	name		50000ec3
	group		50000eee
	inheritedAccessControlContext	50001a1f
	blockerLock	50000ec2
OBJ 50000ec2 (sz=8, trace=300002, class=java.lang.Object@500000f9)
ARR 50000ec3 (sz=26, trace=300003, nelems=13, elem type=char[])
ARR 50000ec5 (sz=56, trace=300757, nelems=0, elem type=java.lang.Runnable[]@50000052)
OBJ 50000ec7 (sz=8, trace=300759, class=java.lang.Shutdown$Lock@50000ec6)
OBJ 50000ec8 (sz=8, trace=300760, class=java.lang.Shutdown$Lock@50000ec6)
OBJ 50000ece (sz=32, trace=300000, class=java.lang.NullPointerException@50000083)
OBJ 50000ecf (sz=32, trace=300000, class=java.lang.ArithmeticException@500000ac)
	detailMessage	50001a22
OBJ 50000ed0 (sz=80, trace=300000, class=sun.misc.Launcher$AppClassLoader@5000011b)
	parent		5000106c
	parallelLockMap	5000106b
	package2certs	5000106a
	classes		50001069
	defaultDomain	50001068
	domains		50001067
	packages	50001066
	nativeLibraries	50001065
	assertionLock	50001064
	pdcache		50001063
	ucp		50001062
	acc		50001061
	closeables	50001060
OBJ 50000ed1 (sz=8, trace=300000, class=java.lang.ref.Reference$Lock@500000e9)
OBJ 50000ed2 (sz=8, trace=300000, class=java.lang.ref.ReferenceQueue$Lock@50000087)
OBJ 50000ed3 (sz=104, trace=300000, class=java.lang.Thread@50000097)
	name		50001a21
	contextClassLoader	50000ed0
	blockerLock	50001a20
OBJ 50000ed4 (sz=104, trace=300000, class=java.lang.Thread@50000097)
	name		50001a09
	group		50000eef
	contextClassLoader	50000ed0
	inheritedAccessControlContext	50001a08
	blockerLock	50001a07
OBJ 50000ed5 (sz=104, trace=300000, class=java.lang.Thread@50000097)
	name		50001a0c
	group		50000eef
	contextClassLoader	50000ed0
	inheritedAccessControlContext	50001a0b
	blockerLock	50001a0a
OBJ 50000ed6 (sz=104, trace=300000, class=java.lang.ref.Finalizer$FinalizerThread@5000006e)
	name		50001a0f
	group		50000eef
	inheritedAccessControlContext	50001a0e
	blockerLock	50001a0d
OBJ 50000ed7 (sz=104, trace=300000, class=java.lang.ref.Reference$ReferenceHandler@500000aa)
	name		50001a04
	group		50000eef
	inheritedAccessControlContext	50001a03
	blockerLock	50001a02
OBJ 50000ed8 (sz=96, trace=300000, class=java.lang.Class@500000c0)
OBJ 50000ed9 (sz=96, trace=300000, class=java.lang.Class@500000c0)
OBJ 50000eda (sz=96, trace=300000, class=java.lang.Class@500000c0)
OBJ 50000edb (sz=96, trace=300000, class=java.lang.Class@500000c0)
OBJ 50000edc (sz=96, trace=300000, class=java.lang.Class@500000c0)
OBJ 50000edd (sz=96, trace=300000, class=java.lang.Class@500000c0)
OBJ 50000ede (sz=96, trace=300000, class=java.lang.Class@500000c0)
OBJ 50000edf (sz=96, trace=300000, class=java.lang.Class@500000c0)
OBJ 50000ee0 (sz=96, trace=300000, class=java.lang.Class@500000c0)
OBJ 50000ee1 (sz=336, trace=300000, class=java.lang.Class@500000c0)
ARR 50000ee2 (sz=0, trace=300000, nelems=0, elem type=byte[])
ARR 50000ee3 (sz=0, trace=300000, nelems=0, elem type=short[])
ARR 50000ee4 (sz=0, trace=300000, nelems=0, elem type=int[])
ARR 50000ee5 (sz=16, trace=300000, nelems=0, elem type=java.lang.Class[]@500000c1)
OBJ 50000ee6 (sz=24, trace=300000, class=java.lang.String@500000b2)
	value		50001a31
OBJ 50000ee7 (sz=24, trace=300000, class=java.lang.String@500000b2)
	value		50001a30
OBJ 50000ee8 (sz=32, trace=300000, class=java.lang.OutOfMemoryError@50000053)
	detailMessage	50001a2e
OBJ 50000ee9 (sz=32, trace=300000, class=java.lang.OutOfMemoryError@50000053)
	detailMessage	50001a2c
OBJ 50000eea (sz=32, trace=300000, class=java.lang.OutOfMemoryError@50000053)
	detailMessage	50001a2a
OBJ 50000eeb (sz=32, trace=300000, class=java.lang.OutOfMemoryError@50000053)
	detailMessage	50001a28
ARR 50000eec (sz=32, trace=300000, nelems=4, elem type=java.lang.OutOfMemoryError[]@50000054)
	[0]		50001a24
	[1]		50001a25
	[2]		50001a26
	[3]		50001a27
OBJ 50000eed (sz=32, trace=300000, class=java.lang.VirtualMachineError@50000134)
OBJ 50000eee (sz=48, trace=300000, class=java.lang.ThreadGroup@5000011d)
	parent		50000eef
	name		50001a1d
	threads		50001a1c
OBJ 50000eef (sz=48, trace=300000, class=java.lang.ThreadGroup@5000011d)
	name		500012bd
	threads		50001a06
	groups		50001a05
OBJ 50000ef0 (sz=32, trace=300000, class=java.lang.VirtualMachineError@50000134)
OBJ 50000ef1 (sz=24, trace=300000, class=java.lang.ref.ReferenceQueue@50000113)
	lock		50000ed2
OBJ 50000ef2 (sz=24, trace=300000, class=java.lang.String@500000b2)
	value		50000ef5
OBJ 50000ef3 (sz=24, trace=300000, class=java.lang.RuntimePermission@500000bf)
	name		50000ef2
	path		50000ef2
ARR 50000ef4 (sz=16, trace=300000, nelems=0, elem type=java.lang.StackTraceElement[]@5000003f)
ARR 50000ef5 (sz=64, trace=300000, nelems=32, elem type=char[])
OBJ 50000ef6 (sz=24, trace=300000, class=java.lang.String@500000b2)
	value		50001a01
OBJ 50000ef7 (sz=24, trace=300000, class=java.lang.String@500000b2)
	value		50001a00
OBJ 50000ef8 (sz=24, trace=300000, class=java.lang.String@500000b2)
	value		500019ff
OBJ 50000ef9 (sz=8, trace=300000, class=java.lang.String$CaseInsensitiveComparator@50000130)
ARR 50000efa (sz=16, trace=300000, nelems=0, elem type=java.io.ObjectStreamField[]@5000004e)
OBJ 50000efb (sz=24, trace=300000, class=java.lang.String@500000b2)
	value		500019fe
OBJ 50000efc (sz=8, trace=300000, class=sun.reflect.ReflectionFactory@50000132)
ARR 50000efd (sz=16, trace=300000, nelems=0, elem type=java.io.ObjectStreamField[]@5000004e)
OBJ 50000efe (sz=24, trace=300000, class=java.lang.String@500000b2)
	value		50000f01
OBJ 50000eff (sz=8, trace=300000, class=java.lang.reflect.ReflectAccess@50000091)
OBJ 50000f00 (sz=24, trace=300000, class=java.lang.RuntimePermission@500000bf)
	name		50000efe
	path		50000efe
ARR 50000f01 (sz=46, trace=300000, nelems=23, elem type=char[])
OBJ 50000f02 (sz=24, trace=300000, class=java.lang.String@500000b2)
	value		50000f03
ARR 50000f03 (sz=12, trace=300000, nelems=6, elem type=char[])
OBJ 50000f04 (sz=24, trace=300000, class=java.lang.String@500000b2)
	value		50000f06
OBJ 50000f05 (sz=24, trace=300000, class=java.lang.reflect.ReflectPermission@50000043)
	name		50000f04
	path		50000f04
ARR 50000f06 (sz=40, trace=300000, nelems=20, elem type=char[])
OBJ 50000f07 (sz=24, trace=300000, class=java.lang.String@500000b2)
	value		5000110e
OBJ 50000f08 (sz=24, trace=300000, class=java.lang.String@500000b2)
	value		50001991
OBJ 50000f09 (sz=24, trace=300000, class=java.lang.String@500000b2)
	value		500019f7
OBJ 50000f0a (sz=24, trace=300000, class=java.lang.String@500000b2)
	value		50000fbf
OBJ 50000f0b (sz=48, trace=300000, class=java.util.Properties@50000107)
	table		500019a1
	entrySet	500019a0
OBJ 50000f0c (sz=32, trace=300000, class=java.io.PrintStream@50000116)
	out		50001996
	textOut		50001995
	charOut		50001994
OBJ 50000f0d (sz=32, trace=300000, class=java.io.PrintStream@50000116)
	out		50001986
	textOut		50001985
	charOut		50001984
OBJ 50000f0e (sz=32, trace=300000, class=java.io.BufferedInputStream@50000111)
	in		50000f10
	buf		50000f0f
ARR 50000f0f (sz=8192, trace=300000, nelems=8192, elem type=byte[])
OBJ 50000f10 (sz=24, trace=300000, class=java.io.FileInputStream@50000055)
	fd		50000f12
	closeLock	50000f11
OBJ 50000f11 (sz=8, trace=300000, class=java.lang.Object@500000f9)
OBJ 50000f12 (sz=24, trace=300000, class=java.io.FileDescriptor@500000c5)
	useCount	50000f13
OBJ 50000f13 (sz=16, trace=300000, class=java.util.concurrent.atomic.AtomicInteger@5000002c)
OBJ 50000f14 (sz=24, trace=300000, class=java.lang.String@500000b2)
	value		50000f28
OBJ 50000f15 (sz=8, trace=300000, class=sun.misc.Unsafe@50000143)
OBJ 50000f16 (sz=24, trace=300000, class=java.lang.String@500000b2)
	value		50000f27
OBJ 50000f17 (sz=24, trace=300000, class=java.lang.String@500000b2)
	value		50000f21
OBJ 50000f18 (sz=24, trace=300000, class=java.lang.String@500000b2)
	value		50000f20
OBJ 50000f19 (sz=24, trace=300000, class=java.lang.String@500000b2)
	value		50000f23
OBJ 50000f1a (sz=40, trace=300000, class=java.util.HashMap@50000008)
	table		50000f24
OBJ 50000f1b (sz=40, trace=300000, class=java.util.HashMap@50000008)
	table		50000f1c
ARR 50000f1c (sz=80, trace=300000, nelems=13, elem type=java.util.HashMap$Entry[]@5000012c)
	[7]		50000f1d
	[12]		50000f1e
OBJ 50000f1d (sz=24, trace=300000, class=java.util.HashMap$Entry@5000012b)
	key		5000007f
	value		50000f22
OBJ 50000f1e (sz=24, trace=300000, class=java.util.HashMap$Entry@5000012b)
	key		50000017
	value		50000f1f
ARR 50000f1f (sz=24, trace=300000, nelems=2, elem type=java.lang.String[]@500000b3)
	[0]		50000f17
	[1]		50000f18
ARR 50000f20 (sz=30, trace=300000, nelems=15, elem type=char[])
ARR 50000f21 (sz=28, trace=300000, nelems=14, elem type=char[])
ARR 50000f22 (sz=16, trace=300000, nelems=1, elem type=java.lang.String[]@500000b3)
	[0]		50000f19
ARR 50000f23 (sz=16, trace=300000, nelems=8, elem type=char[])
ARR 50000f24 (sz=80, trace=300000, nelems=10, elem type=java.util.HashMap$Entry[]@5000012c)
	[9]		50000f25
OBJ 50000f25 (sz=24, trace=300000, class=java.util.HashMap$Entry@5000012b)
	key		50000143
	value		50000f26
ARR 50000f26 (sz=16, trace=300000, nelems=1, elem type=java.lang.String[]@500000b3)
	[0]		50000f16
ARR 50000f27 (sz=18, trace=300000, nelems=9, elem type=char[])
ARR 50000f28 (sz=10, trace=300000, nelems=5, elem type=char[])
OBJ 50000f29 (sz=24, trace=300000, class=java.io.FileDescriptor@500000c5)
	useCount	50000f2c
OBJ 50000f2a (sz=24, trace=300000, class=java.io.FileDescriptor@500000c5)
	useCount	50000f2b
OBJ 50000f2b (sz=16, trace=300000, class=java.util.concurrent.atomic.AtomicInteger@5000002c)
OBJ 50000f2c (sz=16, trace=300000, class=java.util.concurrent.atomic.AtomicInteger@5000002c)
OBJ 50000f2d (sz=8, trace=300000, class=java.security.ProtectionDomain$2@50000108)
OBJ 50000f2e (sz=8, trace=300000, class=java.io.FileDescriptor$1@500000e7)
OBJ 50000f2f (sz=8, trace=300000, class=java.nio.Bits$1@500000d2)
OBJ 50000f30 (sz=8, trace=300000, class=java.net.URLClassLoader$7@50000024)
OBJ 50000f31 (sz=8, trace=300000, class=java.lang.System$2@50000042)
OBJ 50000f32 (sz=24, trace=300000, class=java.lang.String@500000b2)
	value		50000f3f
OBJ 50000f33 (sz=24, trace=300000, class=java.lang.String@500000b2)
	value		50001980
OBJ 50000f34 (sz=24, trace=300000, class=java.lang.String@500000b2)
	value		5000197f
OBJ 50000f35 (sz=24, trace=300000, class=java.lang.String@500000b2)
	value		5000197e
OBJ 50000f36 (sz=24, trace=300000, class=java.lang.String@500000b2)
	value		5000197d
OBJ 50000f37 (sz=24, trace=300000, class=java.lang.String@500000b2)
	value		5000197c
OBJ 50000f38 (sz=24, trace=300000, class=java.lang.String@500000b2)
	value		5000197b
OBJ 50000f39 (sz=24, trace=300000, class=java.lang.String@500000b2)
	value		5000197a
OBJ 50000f3a (sz=24, trace=300000, class=java.lang.String@500000b2)
	value		50001979
OBJ 50000f3b (sz=24, trace=300000, class=java.lang.String@500000b2)
	value		50001978
OBJ 50000f3c (sz=24, trace=300000, class=java.lang.String@500000b2)
	value		50001977
OBJ 50000f3d (sz=24, trace=300000, class=java.lang.String@500000b2)
	value		50001976
OBJ 50000f3e (sz=24, trace=300000, class=java.lang.String@500000b2)
	value		50000f40
ARR 50000f3f (sz=40, trace=300000, nelems=20, elem type=char[])
ARR 50000f40 (sz=64, trace=300000, nelems=32, elem type=char[])
OBJ 50000f41 (sz=24, trace=300000, class=java.lang.String@500000b2)
	value		500017af
OBJ 50000f42 (sz=24, trace=300000, class=java.lang.String@500000b2)
	value		50001964
OBJ 50000f43 (sz=24, trace=300000, class=java.lang.String@500000b2)
	value		50001969
OBJ 50000f44 (sz=24, trace=300000, class=java.lang.String@500000b2)
	value		500011c2
OBJ 50000f45 (sz=24, trace=300000, class=java.lang.String@500000b2)
	value		50001968
OBJ 50000f46 (sz=24, trace=300000, class=java.lang.String@500000b2)
	value		50001967
OBJ 50000f47 (sz=24, trace=300000, class=java.lang.String@500000b2)
	value		50001966
OBJ 50000f48 (sz=24, trace=300000, class=java.lang.String@500000b2)
	value		50001965
OBJ 50000f49 (sz=24, trace=300000, class=java.lang.String@500000b2)
	value		500018b2
OBJ 50000f4a (sz=48, trace=300000, class=java.util.Properties@50000107)
	table		50000f4b
ARR 50000f4b (sz=392, trace=300000, nelems=89, elem type=java.util.Hashtable$Entry[]@5000014d)
	[0]		50000f4c
	[2]		50000f4d
	[9]		50000f4e
	[11]		50000f4f
	[13]		50000f50
	[16]		50000f51
	[17]		50000f52
	[18]		50000f53
	[19]		50000f54
	[21]		50000f55
	[22]		50000f56
	[24]		50000f57
	[26]		50000f58
	[27]		50000f59
	[33]		50000f5a
	[38]		50000f5b
	[39]		50000f5c
	[40]		50000f5d
	[41]		50000f5e
	[44]		50000f5f
	[47]		50000f60
	[49]		50000f61
	[54]		50000f62
	[57]		50000f63
	[63]		50000f64
	[64]		50000f65
	[65]		50000f66
	[67]		50000f67
	[70]		50000f68
	[72]		50000f69
	[76]		50000f6a
	[79]		50000f6b
	[80]		50000f6c
	[81]		50000f6d
	[82]		50000f6e
	[88]		50000f6f
OBJ 50000f4c (sz=24, trace=300000, class=java.util.Hashtable$Entry@5000014c)
	key		5000104a
	value		50001049
OBJ 50000f4d (sz=24, trace=300000, class=java.util.Hashtable$Entry@5000014c)
	key		50001046
	value		50001045
OBJ 50000f4e (sz=24, trace=300000, class=java.util.Hashtable$Entry@5000014c)
	key		5000103e
	value		5000103d
	next		5000103c
OBJ 50000f4f (sz=24, trace=300000, class=java.util.Hashtable$Entry@5000014c)
	key		50001039
	value		50001038
OBJ 50000f50 (sz=24, trace=300000, class=java.util.Hashtable$Entry@5000014c)
	key		50001035
	value		50001034
OBJ 50000f51 (sz=24, trace=300000, class=java.util.Hashtable$Entry@5000014c)
	key		50001031
	value		50001030
OBJ 50000f52 (sz=24, trace=300000, class=java.util.Hashtable$Entry@5000014c)
	key		5000102d
	value		5000102c
OBJ 50000f53 (sz=24, trace=300000, class=java.util.Hashtable$Entry@5000014c)
	key		50001029
	value		50001028
OBJ 50000f54 (sz=24, trace=300000, class=java.util.Hashtable$Entry@5000014c)
	key		50001025
	value		50001024
OBJ 50000f55 (sz=24, trace=300000, class=java.util.Hashtable$Entry@5000014c)
	key		5000101d
	value		5000101c
	next		5000101b
OBJ 50000f56 (sz=24, trace=300000, class=java.util.Hashtable$Entry@5000014c)
	key		50001018
	value		50001017
OBJ 50000f57 (sz=24, trace=300000, class=java.util.Hashtable$Entry@5000014c)
	key		50001010
	value		5000100f
	next		5000100e
OBJ 50000f58 (sz=24, trace=300000, class=java.util.Hashtable$Entry@5000014c)
	key		50001009
	value		50001008
	next		50001007
OBJ 50000f59 (sz=24, trace=300000, class=java.util.Hashtable$Entry@5000014c)
	key		50001004
	value		50001003
OBJ 50000f5a (sz=24, trace=300000, class=java.util.Hashtable$Entry@5000014c)
	key		50000ffc
	value		50000ffb
	next		50000ffa
OBJ 50000f5b (sz=24, trace=300000, class=java.util.Hashtable$Entry@5000014c)
	key		50000ff3
	value		50000ff2
	next		50000ff1
OBJ 50000f5c (sz=24, trace=300000, class=java.util.Hashtable$Entry@5000014c)
	key		50000fee
	value		50000fed
OBJ 50000f5d (sz=24, trace=300000, class=java.util.Hashtable$Entry@5000014c)
	key		50000fea
	value		50000fe9
OBJ 50000f5e (sz=24, trace=300000, class=java.util.Hashtable$Entry@5000014c)
	key		50000fe6
	value		50000fe5
OBJ 50000f5f (sz=24, trace=300000, class=java.util.Hashtable$Entry@5000014c)
	key		50000fe2
	value		50000fe1
OBJ 50000f60 (sz=24, trace=300000, class=java.util.Hashtable$Entry@5000014c)
	key		50000fde
	value		50000fdd
OBJ 50000f61 (sz=24, trace=300000, class=java.util.Hashtable$Entry@5000014c)
	key		50000fd6
	value		50000fd5
	next		50000fd4
OBJ 50000f62 (sz=24, trace=300000, class=java.util.Hashtable$Entry@5000014c)
	key		50000fd1
	value		50000fd0
OBJ 50000f63 (sz=24, trace=300000, class=java.util.Hashtable$Entry@5000014c)
	key		50000fcd
	value		50000fcc
OBJ 50000f64 (sz=24, trace=300000, class=java.util.Hashtable$Entry@5000014c)
	key		50000fc9
	value		50000fc8
OBJ 50000f65 (sz=24, trace=300000, class=java.util.Hashtable$Entry@5000014c)
	key		50000fc5
	value		50000fc4
OBJ 50000f66 (sz=24, trace=300000, class=java.util.Hashtable$Entry@5000014c)
	key		50000fc1
	value		50000fc0
OBJ 50000f67 (sz=24, trace=300000, class=java.util.Hashtable$Entry@5000014c)
	key		50000fba
	value		50000fb9
	next		50000fb8
OBJ 50000f68 (sz=24, trace=300000, class=java.util.Hashtable$Entry@5000014c)
	key		50000fb1
	value		50000fb0
	next		50000faf
OBJ 50000f69 (sz=24, trace=300000, class=java.util.Hashtable$Entry@5000014c)
	key		50000fac
	value		50000fab
OBJ 50000f6a (sz=24, trace=300000, class=java.util.Hashtable$Entry@5000014c)
	key		50000fa4
	value		50000fa3
	next		50000fa2
OBJ 50000f6b (sz=24, trace=300000, class=java.util.Hashtable$Entry@5000014c)
	key		50000f91
	value		50000f90
	next		50000f8f
OBJ 50000f6c (sz=24, trace=300000, class=java.util.Hashtable$Entry@5000014c)
	key		50000f88
	value		50000f87
	next		50000f86
OBJ 50000f6d (sz=24, trace=300000, class=java.util.Hashtable$Entry@5000014c)
	key		50000f83
	value		50000f82
OBJ 50000f6e (sz=24, trace=300000, class=java.util.Hashtable$Entry@5000014c)
	key		50000f7b
	value		50000f7a
	next		50000f79
OBJ 50000f6f (sz=24, trace=300000, class=java.util.Hashtable$Entry@5000014c)
	key		50000f72
	value		50000f71
	next		50000f70
OBJ 50000f70 (sz=24, trace=300000, class=java.util.Hashtable$Entry@5000014c)
	key		50000f76
	value		50000f75
OBJ 50000f71 (sz=24, trace=300000, class=java.lang.String@500000b2)
	value		50000f74
OBJ 50000f72 (sz=24, trace=300000, class=java.lang.String@500000b2)
	value		50000f73
ARR 50000f73 (sz=42, trace=300000, nelems=21, elem type=char[])
ARR 50000f74 (sz=72, trace=300000, nelems=36, elem type=char[])
OBJ 50000f75 (sz=24, trace=300000, class=java.lang.String@500000b2)
	value		50000f78
OBJ 50000f76 (sz=24, trace=300000, class=java.lang.String@500000b2)
	value		50000f77
ARR 50000f77 (sz=30, trace=300000, nelems=15, elem type=char[])
ARR 50000f78 (sz=16, trace=300000, nelems=8, elem type=char[])
OBJ 50000f79 (sz=24, trace=300000, class=java.util.Hashtable$Entry@5000014c)
	key		50000f7f
	value		50000f7e
OBJ 50000f7a (sz=24, trace=300000, class=java.lang.String@500000b2)
	value		50000f7d
OBJ 50000f7b (sz=24, trace=300000, class=java.lang.String@500000b2)
	value		50000f7c
ARR 50000f7c (sz=28, trace=300000, nelems=14, elem type=char[])
ARR 50000f7d (sz=36, trace=300000, nelems=18, elem type=char[])
OBJ 50000f7e (sz=24, trace=300000, class=java.lang.String@500000b2)
	value		50000f81
OBJ 50000f7f (sz=24, trace=300000, class=java.lang.String@500000b2)
	value		50000f80
ARR 50000f80 (sz=30, trace=300000, nelems=15, elem type=char[])
ARR 50000f81 (sz=46, trace=300000, nelems=23, elem type=char[])
OBJ 50000f82 (sz=24, trace=300000, class=java.lang.String@500000b2)
	value		50000f85
OBJ 50000f83 (sz=24, trace=300000, class=java.lang.String@500000b2)
	value		50000f84
ARR 50000f84 (sz=28, trace=300000, nelems=14, elem type=char[])
ARR 50000f85 (sz=2, trace=300000, nelems=1, elem type=char[])
OBJ 50000f86 (sz=24, trace=300000, class=java.util.Hashtable$Entry@5000014c)
	key		50000f8c
	value		50000f8b
OBJ 50000f87 (sz=24, trace=300000, class=java.lang.String@500000b2)
	value		50000f8a
OBJ 50000f88 (sz=24, trace=300000, class=java.lang.String@500000b2)
	value		50000f89
ARR 50000f89 (sz=24, trace=300000, nelems=12, elem type=char[])
ARR 50000f8a (sz=52, trace=300000, nelems=26, elem type=char[])
OBJ 50000f8b (sz=24, trace=300000, class=java.lang.String@500000b2)
	value		50000f8e
OBJ 50000f8c (sz=24, trace=300000, class=java.lang.String@500000b2)
	value		50000f8d
ARR 50000f8d (sz=34, trace=300000, nelems=17, elem type=char[])
ARR 50000f8e (sz=12, trace=300000, nelems=6, elem type=char[])
OBJ 50000f8f (sz=24, trace=300000, class=java.util.Hashtable$Entry@5000014c)
	key		50000f96
	value		50000f95
	next		50000f94
OBJ 50000f90 (sz=24, trace=300000, class=java.lang.String@500000b2)
	value		50000f93
OBJ 50000f91 (sz=24, trace=300000, class=java.lang.String@500000b2)
	value		50000f92
ARR 50000f92 (sz=22, trace=300000, nelems=11, elem type=char[])
ARR 50000f93 (sz=0, trace=300000, nelems=0, elem type=char[])
OBJ 50000f94 (sz=24, trace=300000, class=java.util.Hashtable$Entry@5000014c)
	key		50000f9b
	value		50000f9a
	next		50000f99
OBJ 50000f95 (sz=24, trace=300000, class=java.lang.String@500000b2)
	value		50000f98
OBJ 50000f96 (sz=24, trace=300000, class=java.lang.String@500000b2)
	value		50000f97
ARR 50000f97 (sz=24, trace=300000, nelems=12, elem type=char[])
ARR 50000f98 (sz=4, trace=300000, nelems=2, elem type=char[])
OBJ 50000f99 (sz=24, trace=300000, class=java.util.Hashtable$Entry@5000014c)
	key		50000f9f
	value		50000f9e
OBJ 50000f9a (sz=24, trace=300000, class=java.lang.String@500000b2)
	value		50000f9d
OBJ 50000f9b (sz=24, trace=300000, class=java.lang.String@500000b2)
	value		50000f9c
ARR 50000f9c (sz=34, trace=300000, nelems=17, elem type=char[])
ARR 50000f9d (sz=24, trace=300000, nelems=12, elem type=char[])
OBJ 50000f9e (sz=24, trace=300000, class=java.lang.String@500000b2)
	value		50000fa1
OBJ 50000f9f (sz=24, trace=300000, class=java.lang.String@500000b2)
	value		50000fa0
ARR 50000fa0 (sz=36, trace=300000, nelems=18, elem type=char[])
ARR 50000fa1 (sz=0, trace=300000, nelems=0, elem type=char[])
OBJ 50000fa2 (sz=24, trace=300000, class=java.util.Hashtable$Entry@5000014c)
	key		50000fa8
	value		50000fa7
OBJ 50000fa3 (sz=24, trace=300000, class=java.lang.String@500000b2)
	value		50000fa6
OBJ 50000fa4 (sz=24, trace=300000, class=java.lang.String@500000b2)
	value		50000fa5
ARR 50000fa5 (sz=52, trace=300000, nelems=26, elem type=char[])
ARR 50000fa6 (sz=68, trace=300000, nelems=34, elem type=char[])
OBJ 50000fa7 (sz=24, trace=300000, class=java.lang.String@500000b2)
	value		50000faa
OBJ 50000fa8 (sz=24, trace=300000, class=java.lang.String@500000b2)
	value		50000fa9
ARR 50000fa9 (sz=16, trace=300000, nelems=8, elem type=char[])
ARR 50000faa (sz=72, trace=300000, nelems=36, elem type=char[])
OBJ 50000fab (sz=24, trace=300000, class=java.lang.String@500000b2)
	value		50000fae
OBJ 50000fac (sz=24, trace=300000, class=java.lang.String@500000b2)
	value		50000fad
ARR 50000fad (sz=40, trace=300000, nelems=20, elem type=char[])
ARR 50000fae (sz=64, trace=300000, nelems=32, elem type=char[])
OBJ 50000faf (sz=24, trace=300000, class=java.util.Hashtable$Entry@5000014c)
	key		50000fb5
	value		50000fb4
OBJ 50000fb0 (sz=24, trace=300000, class=java.lang.String@500000b2)
	value		50000fb3
OBJ 50000fb1 (sz=24, trace=300000, class=java.lang.String@500000b2)
	value		50000fb2
ARR 50000fb2 (sz=36, trace=300000, nelems=18, elem type=char[])
ARR 50000fb3 (sz=90, trace=300000, nelems=45, elem type=char[])
OBJ 50000fb4 (sz=24, trace=300000, class=java.lang.String@500000b2)
	value		50000fb7
OBJ 50000fb5 (sz=24, trace=300000, class=java.lang.String@500000b2)
	value		50000fb6
ARR 50000fb6 (sz=14, trace=300000, nelems=7, elem type=char[])
ARR 50000fb7 (sz=6, trace=300000, nelems=3, elem type=char[])
OBJ 50000fb8 (sz=24, trace=300000, class=java.util.Hashtable$Entry@5000014c)
	key		50000fbd
	value		50000f0a
OBJ 50000fb9 (sz=24, trace=300000, class=java.lang.String@500000b2)
	value		50000fbc
OBJ 50000fba (sz=24, trace=300000, class=java.lang.String@500000b2)
	value		50000fbb
ARR 50000fbb (sz=28, trace=300000, nelems=14, elem type=char[])
ARR 50000fbc (sz=70, trace=300000, nelems=35, elem type=char[])
OBJ 50000fbd (sz=24, trace=300000, class=java.lang.String@500000b2)
	value		50000fbe
ARR 50000fbe (sz=28, trace=300000, nelems=14, elem type=char[])
ARR 50000fbf (sz=4, trace=300000, nelems=2, elem type=char[])
OBJ 50000fc0 (sz=24, trace=300000, class=java.lang.String@500000b2)
	value		50000fc3
OBJ 50000fc1 (sz=24, trace=300000, class=java.lang.String@500000b2)
	value		50000fc2
ARR 50000fc2 (sz=56, trace=300000, nelems=28, elem type=char[])
ARR 50000fc3 (sz=36, trace=300000, nelems=18, elem type=char[])
OBJ 50000fc4 (sz=24, trace=300000, class=java.lang.String@500000b2)
	value		50000fc7
OBJ 50000fc5 (sz=24, trace=300000, class=java.lang.String@500000b2)
	value		50000fc6
ARR 50000fc6 (sz=24, trace=300000, nelems=12, elem type=char[])
ARR 50000fc7 (sz=0, trace=300000, nelems=0, elem type=char[])
OBJ 50000fc8 (sz=24, trace=300000, class=java.lang.String@500000b2)
	value		50000fcb
OBJ 50000fc9 (sz=24, trace=300000, class=java.lang.String@500000b2)
	value		50000fca
ARR 50000fca (sz=14, trace=300000, nelems=7, elem type=char[])
ARR 50000fcb (sz=18, trace=300000, nelems=9, elem type=char[])
OBJ 50000fcc (sz=24, trace=300000, class=java.lang.String@500000b2)
	value		50000fcf
OBJ 50000fcd (sz=24, trace=300000, class=java.lang.String@500000b2)
	value		50000fce
ARR 50000fce (sz=32, trace=300000, nelems=16, elem type=char[])
ARR 50000fcf (sz=12, trace=300000, nelems=6, elem type=char[])
OBJ 50000fd0 (sz=24, trace=300000, class=java.lang.String@500000b2)
	value		50000fd3
OBJ 50000fd1 (sz=24, trace=300000, class=java.lang.String@500000b2)
	value		50000fd2
ARR 50000fd2 (sz=34, trace=300000, nelems=17, elem type=char[])
ARR 50000fd3 (sz=844, trace=300000, nelems=422, elem type=char[])
OBJ 50000fd4 (sz=24, trace=300000, class=java.util.Hashtable$Entry@5000014c)
	key		50000fda
	value		50000fd9
OBJ 50000fd5 (sz=24, trace=300000, class=java.lang.String@500000b2)
	value		50000fd8
OBJ 50000fd6 (sz=24, trace=300000, class=java.lang.String@500000b2)
	value		50000fd7
ARR 50000fd7 (sz=46, trace=300000, nelems=23, elem type=char[])
ARR 50000fd8 (sz=62, trace=300000, nelems=31, elem type=char[])
OBJ 50000fd9 (sz=24, trace=300000, class=java.lang.String@500000b2)
	value		50000fdc
OBJ 50000fda (sz=24, trace=300000, class=java.lang.String@500000b2)
	value		50000fdb
ARR 50000fdb (sz=36, trace=300000, nelems=18, elem type=char[])
ARR 50000fdc (sz=8, trace=300000, nelems=4, elem type=char[])
OBJ 50000fdd (sz=24, trace=300000, class=java.lang.String@500000b2)
	value		50000fe0
OBJ 50000fde (sz=24, trace=300000, class=java.lang.String@500000b2)
	value		50000fdf
ARR 50000fdf (sz=46, trace=300000, nelems=23, elem type=char[])
ARR 50000fe0 (sz=46, trace=300000, nelems=23, elem type=char[])
OBJ 50000fe1 (sz=24, trace=300000, class=java.lang.String@500000b2)
	value		50000fe4
OBJ 50000fe2 (sz=24, trace=300000, class=java.lang.String@500000b2)
	value		50000fe3
ARR 50000fe3 (sz=20, trace=300000, nelems=10, elem type=char[])
ARR 50000fe4 (sz=6, trace=300000, nelems=3, elem type=char[])
OBJ 50000fe5 (sz=24, trace=300000, class=java.lang.String@500000b2)
	value		50000fe8
OBJ 50000fe6 (sz=24, trace=300000, class=java.lang.String@500000b2)
	value		50000fe7
ARR 50000fe7 (sz=18, trace=300000, nelems=9, elem type=char[])
ARR 50000fe8 (sz=30, trace=300000, nelems=15, elem type=char[])
OBJ 50000fe9 (sz=24, trace=300000, class=java.lang.String@500000b2)
	value		50000fec
OBJ 50000fea (sz=24, trace=300000, class=java.lang.String@500000b2)
	value		50000feb
ARR 50000feb (sz=26, trace=300000, nelems=13, elem type=char[])
ARR 50000fec (sz=0, trace=300000, nelems=0, elem type=char[])
OBJ 50000fed (sz=24, trace=300000, class=java.lang.String@500000b2)
	value		50000ff0
OBJ 50000fee (sz=24, trace=300000, class=java.lang.String@500000b2)
	value		50000fef
ARR 50000fef (sz=38, trace=300000, nelems=19, elem type=char[])
ARR 50000ff0 (sz=54, trace=300000, nelems=27, elem type=char[])
OBJ 50000ff1 (sz=24, trace=300000, class=java.util.Hashtable$Entry@5000014c)
	key		50000ff7
	value		50000ff6
OBJ 50000ff2 (sz=24, trace=300000, class=java.lang.String@500000b2)
	value		50000ff5
OBJ 50000ff3 (sz=24, trace=300000, class=java.lang.String@500000b2)
	value		50000ff4
ARR 50000ff4 (sz=26, trace=300000, nelems=13, elem type=char[])
ARR 50000ff5 (sz=12, trace=300000, nelems=6, elem type=char[])
OBJ 50000ff6 (sz=24, trace=300000, class=java.lang.String@500000b2)
	value		50000ff9
OBJ 50000ff7 (sz=24, trace=300000, class=java.lang.String@500000b2)
	value		50000ff8
ARR 50000ff8 (sz=52, trace=300000, nelems=26, elem type=char[])
ARR 50000ff9 (sz=6, trace=300000, nelems=3, elem type=char[])
OBJ 50000ffa (sz=24, trace=300000, class=java.util.Hashtable$Entry@5000014c)
	key		50001000
	value		50000fff
OBJ 50000ffb (sz=24, trace=300000, class=java.lang.String@500000b2)
	value		50000ffe
OBJ 50000ffc (sz=24, trace=300000, class=java.lang.String@500000b2)
	value		50000ffd
ARR 50000ffd (sz=18, trace=300000, nelems=9, elem type=char[])
ARR 50000ffe (sz=12, trace=300000, nelems=6, elem type=char[])
OBJ 50000fff (sz=24, trace=300000, class=java.lang.String@500000b2)
	value		50001002
OBJ 50001000 (sz=24, trace=300000, class=java.lang.String@500000b2)
	value		50001001
ARR 50001001 (sz=30, trace=300000, nelems=15, elem type=char[])
ARR 50001002 (sz=106, trace=300000, nelems=53, elem type=char[])
OBJ 50001003 (sz=24, trace=300000, class=java.lang.String@500000b2)
	value		50001006
OBJ 50001004 (sz=24, trace=300000, class=java.lang.String@500000b2)
	value		50001005
ARR 50001005 (sz=58, trace=300000, nelems=29, elem type=char[])
ARR 50001006 (sz=6, trace=300000, nelems=3, elem type=char[])
OBJ 50001007 (sz=24, trace=300000, class=java.util.Hashtable$Entry@5000014c)
	key		5000100c
	value		50000f3e
OBJ 50001008 (sz=24, trace=300000, class=java.lang.String@500000b2)
	value		5000100b
OBJ 50001009 (sz=24, trace=300000, class=java.lang.String@500000b2)
	value		5000100a
ARR 5000100a (sz=38, trace=300000, nelems=19, elem type=char[])
ARR 5000100b (sz=4, trace=300000, nelems=2, elem type=char[])
OBJ 5000100c (sz=24, trace=300000, class=java.lang.String@500000b2)
	value		5000100d
ARR 5000100d (sz=18, trace=300000, nelems=9, elem type=char[])
OBJ 5000100e (sz=24, trace=300000, class=java.util.Hashtable$Entry@5000014c)
	key		50001014
	value		50001013
OBJ 5000100f (sz=24, trace=300000, class=java.lang.String@500000b2)
	value		50001012
OBJ 50001010 (sz=24, trace=300000, class=java.lang.String@500000b2)
	value		50001011
ARR 50001011 (sz=50, trace=300000, nelems=25, elem type=char[])
ARR 50001012 (sz=36, trace=300000, nelems=18, elem type=char[])
OBJ 50001013 (sz=24, trace=300000, class=java.lang.String@500000b2)
	value		50001016
OBJ 50001014 (sz=24, trace=300000, class=java.lang.String@500000b2)
	value		50001015
ARR 50001015 (sz=26, trace=300000, nelems=13, elem type=char[])
ARR 50001016 (sz=4, trace=300000, nelems=2, elem type=char[])
OBJ 50001017 (sz=24, trace=300000, class=java.lang.String@500000b2)
	value		5000101a
OBJ 50001018 (sz=24, trace=300000, class=java.lang.String@500000b2)
	value		50001019
ARR 50001019 (sz=22, trace=300000, nelems=11, elem type=char[])
ARR 5000101a (sz=48, trace=300000, nelems=24, elem type=char[])
OBJ 5000101b (sz=24, trace=300000, class=java.util.Hashtable$Entry@5000014c)
	key		50001021
	value		50001020
OBJ 5000101c (sz=24, trace=300000, class=java.lang.String@500000b2)
	value		5000101f
OBJ 5000101d (sz=24, trace=300000, class=java.lang.String@500000b2)
	value		5000101e
ARR 5000101e (sz=24, trace=300000, nelems=12, elem type=char[])
ARR 5000101f (sz=38, trace=300000, nelems=19, elem type=char[])
OBJ 50001020 (sz=24, trace=300000, class=java.lang.String@500000b2)
	value		50001023
OBJ 50001021 (sz=24, trace=300000, class=java.lang.String@500000b2)
	value		50001022
ARR 50001022 (sz=54, trace=300000, nelems=27, elem type=char[])
ARR 50001023 (sz=4, trace=300000, nelems=2, elem type=char[])
OBJ 50001024 (sz=24, trace=300000, class=java.lang.String@500000b2)
	value		50001027
OBJ 50001025 (sz=24, trace=300000, class=java.lang.String@500000b2)
	value		50001026
ARR 50001026 (sz=24, trace=300000, nelems=12, elem type=char[])
ARR 50001027 (sz=16, trace=300000, nelems=8, elem type=char[])
OBJ 50001028 (sz=24, trace=300000, class=java.lang.String@500000b2)
	value		5000102b
OBJ 50001029 (sz=24, trace=300000, class=java.lang.String@500000b2)
	value		5000102a
ARR 5000102a (sz=26, trace=300000, nelems=13, elem type=char[])
ARR 5000102b (sz=136, trace=300000, nelems=68, elem type=char[])
OBJ 5000102c (sz=24, trace=300000, class=java.lang.String@500000b2)
	value		5000102f
OBJ 5000102d (sz=24, trace=300000, class=java.lang.String@500000b2)
	value		5000102e
ARR 5000102e (sz=38, trace=300000, nelems=19, elem type=char[])
ARR 5000102f (sz=772, trace=300000, nelems=386, elem type=char[])
OBJ 50001030 (sz=24, trace=300000, class=java.lang.String@500000b2)
	value		50001033
OBJ 50001031 (sz=24, trace=300000, class=java.lang.String@500000b2)
	value		50001032
ARR 50001032 (sz=22, trace=300000, nelems=11, elem type=char[])
ARR 50001033 (sz=36, trace=300000, nelems=18, elem type=char[])
OBJ 50001034 (sz=24, trace=300000, class=java.lang.String@500000b2)
	value		50001037
OBJ 50001035 (sz=24, trace=300000, class=java.lang.String@500000b2)
	value		50001036
ARR 50001036 (sz=28, trace=300000, nelems=14, elem type=char[])
ARR 50001037 (sz=2, trace=300000, nelems=1, elem type=char[])
OBJ 50001038 (sz=24, trace=300000, class=java.lang.String@500000b2)
	value		5000103b
OBJ 50001039 (sz=24, trace=300000, class=java.lang.String@500000b2)
	value		5000103a
ARR 5000103a (sz=38, trace=300000, nelems=19, elem type=char[])
ARR 5000103b (sz=82, trace=300000, nelems=41, elem type=char[])
OBJ 5000103c (sz=24, trace=300000, class=java.util.Hashtable$Entry@5000014c)
	key		50001042
	value		50001041
OBJ 5000103d (sz=24, trace=300000, class=java.lang.String@500000b2)
	value		50001040
OBJ 5000103e (sz=24, trace=300000, class=java.lang.String@500000b2)
	value		5000103f
ARR 5000103f (sz=28, trace=300000, nelems=14, elem type=char[])
ARR 50001040 (sz=12, trace=300000, nelems=6, elem type=char[])
OBJ 50001041 (sz=24, trace=300000, class=java.lang.String@500000b2)
	value		50001044
OBJ 50001042 (sz=24, trace=300000, class=java.lang.String@500000b2)
	value		50001043
ARR 50001043 (sz=46, trace=300000, nelems=23, elem type=char[])
ARR 50001044 (sz=26, trace=300000, nelems=13, elem type=char[])
OBJ 50001045 (sz=24, trace=300000, class=java.lang.String@500000b2)
	value		50001048
OBJ 50001046 (sz=24, trace=300000, class=java.lang.String@500000b2)
	value		50001047
ARR 50001047 (sz=22, trace=300000, nelems=11, elem type=char[])
ARR 50001048 (sz=14, trace=300000, nelems=7, elem type=char[])
OBJ 50001049 (sz=24, trace=300000, class=java.lang.String@500000b2)
	value		5000104c
OBJ 5000104a (sz=24, trace=300000, class=java.lang.String@500000b2)
	value		5000104b
ARR 5000104b (sz=30, trace=300000, nelems=15, elem type=char[])
ARR 5000104c (sz=122, trace=300000, nelems=61, elem type=char[])
ARR 5000104d (sz=32, trace=300000, nelems=16, elem type=char[])
OBJ 5000104e (sz=16, trace=300000, class=java.util.Collections$EmptyMap@50000034)
OBJ 5000104f (sz=16, trace=300000, class=java.util.Collections$EmptyList@5000002b)
OBJ 50001050 (sz=8, trace=300000, class=java.util.Collections$EmptySet@500000c4)
OBJ 50001051 (sz=24, trace=300000, class=java.lang.String@500000b2)
	value		50001054
OBJ 50001052 (sz=16, trace=300000, class=java.lang.Boolean@500000e5)
OBJ 50001053 (sz=16, trace=300000, class=java.lang.Boolean@500000e5)
ARR 50001054 (sz=14, trace=300000, nelems=7, elem type=char[])
OBJ 50001055 (sz=24, trace=300000, class=java.lang.String@500000b2)
	value		50001056
ARR 50001056 (sz=70, trace=300000, nelems=35, elem type=char[])
OBJ 50001057 (sz=8, trace=300000, class=java.lang.Runtime@50000124)
OBJ 50001058 (sz=24, trace=300000, class=java.lang.String@500000b2)
	value		50001963
OBJ 50001059 (sz=24, trace=300000, class=java.lang.String@500000b2)
	value		50001962
ARR 5000105a (sz=16, trace=300000, nelems=1, elem type=java.lang.String[]@500000b3)
	[0]		50000f71
ARR 5000105b (sz=80, trace=300000, nelems=17, elem type=java.lang.String[]@500000b3)
	[0]		50001944
	[1]		50001945
	[2]		50001946
	[3]		50001947
	[4]		50001948
	[5]		50001949
	[6]		5000194a
	[7]		5000194b
	[8]		5000194c
	[9]		5000194d
	[10]		5000194e
	[11]		5000194f
	[12]		50001950
	[13]		50001951
	[14]		50001952
	[15]		50001953
	[16]		50001954
OBJ 5000105c (sz=24, trace=300000, class=java.util.Stack@5000008e)
	elementData	50001943
OBJ 5000105d (sz=24, trace=300000, class=java.util.Vector@50000067)
	elementData	50001941
OBJ 5000105e (sz=24, trace=300000, class=java.util.Vector@50000067)
	elementData	50001940
ARR 5000105f (sz=16, trace=300000, nelems=0, elem type=java.security.cert.Certificate[]@5000008b)
OBJ 50001060 (sz=48, trace=300000, class=java.util.WeakHashMap@50000063)
	table		5000193e
	queue		5000193d
OBJ 50001061 (sz=24, trace=300000, class=java.security.AccessControlContext@5000005a)
OBJ 50001062 (sz=32, trace=300000, class=sun.misc.URLClassPath@50000022)
	path		50001932
	urls		50001931
	loaders		50001930
	lmap		5000192f
	jarHandler	5000192e
OBJ 50001063 (sz=40, trace=300000, class=java.util.HashMap@50000008)
	table		5000192d
OBJ 50001064 (sz=8, trace=300000, class=java.lang.Object@500000f9)
OBJ 50001065 (sz=24, trace=300000, class=java.util.Vector@50000067)
	elementData	5000192c
OBJ 50001066 (sz=40, trace=300000, class=java.util.HashMap@50000008)
	table		5000192b
OBJ 50001067 (sz=16, trace=300000, class=java.util.Collections$SynchronizedSet@50000057)
	c		50001928
	mutex		50001067
OBJ 50001068 (sz=32, trace=300000, class=java.security.ProtectionDomain@50000033)
	codesource	50001927
	classloader	50000ed0
	principals	50001926
	key		50001925
OBJ 50001069 (sz=24, trace=300000, class=java.util.Vector@50000067)
	elementData	50001924
OBJ 5000106a (sz=40, trace=300000, class=java.util.concurrent.ConcurrentHashMap@50000086)
	segments	500018f3
OBJ 5000106b (sz=40, trace=300000, class=java.util.concurrent.ConcurrentHashMap@50000086)
	segments	500018c4
OBJ 5000106c (sz=80, trace=300000, class=sun.misc.Launcher$ExtClassLoader@5000006a)
	parallelLockMap	50001078
	package2certs	50001077
	classes		50001076
	defaultDomain	50001075
	domains		50001074
	packages	50001073
	nativeLibraries	50001072
	assertionLock	50001071
	pdcache		50001070
	ucp		5000106f
	acc		5000106e
	closeables	5000106d
OBJ 5000106d (sz=48, trace=300000, class=java.util.WeakHashMap@50000063)
	table		500018b5
	queue		500018b4
OBJ 5000106e (sz=24, trace=300000, class=java.security.AccessControlContext@5000005a)
OBJ 5000106f (sz=32, trace=300000, class=sun.misc.URLClassPath@50000022)
	path		50001101
	urls		50001100
	loaders		500010ff
	lmap		500010fe
	jarHandler	500010fd
OBJ 50001070 (sz=40, trace=300000, class=java.util.HashMap@50000008)
	table		500010fc
OBJ 50001071 (sz=8, trace=300000, class=java.lang.Object@500000f9)
OBJ 50001072 (sz=24, trace=300000, class=java.util.Vector@50000067)
	elementData	500010fb
OBJ 50001073 (sz=40, trace=300000, class=java.util.HashMap@50000008)
	table		500010fa
OBJ 50001074 (sz=16, trace=300000, class=java.util.Collections$SynchronizedSet@50000057)
	c		500010f6
	mutex		50001074
OBJ 50001075 (sz=32, trace=300000, class=java.security.ProtectionDomain@50000033)
	codesource	500010ec
	classloader	5000106c
	principals	500010eb
	key		500010ea
OBJ 50001076 (sz=24, trace=300000, class=java.util.Vector@50000067)
	elementData	500010e9
OBJ 50001077 (sz=40, trace=300000, class=java.util.concurrent.ConcurrentHashMap@50000086)
	segments	500010b8
OBJ 50001078 (sz=40, trace=300000, class=java.util.concurrent.ConcurrentHashMap@50000086)
	segments	50001079
ARR 50001079 (sz=80, trace=300000, nelems=16, elem type=java.util.concurrent.ConcurrentHashMap$Segment[]@500000d5)
	[0]		5000107a
	[1]		5000107b
	[2]		5000107c
	[3]		5000107d
	[4]		5000107e
	[5]		5000107f
	[6]		50001080
	[7]		50001081
	[8]		50001082
	[9]		50001083
	[10]		50001084
	[11]		50001085
	[12]		50001086
	[13]		50001087
	[14]		50001088
	[15]		50001089
OBJ 5000107a (sz=32, trace=300000, class=java.util.concurrent.ConcurrentHashMap$Segment@500000d4)
	sync		500010b7
	table		500010b6
OBJ 5000107b (sz=32, trace=300000, class=java.util.concurrent.ConcurrentHashMap$Segment@500000d4)
	sync		500010b5
	table		500010b4
OBJ 5000107c (sz=32, trace=300000, class=java.util.concurrent.ConcurrentHashMap$Segment@500000d4)
	sync		500010b3
	table		500010b2
OBJ 5000107d (sz=32, trace=300000, class=java.util.concurrent.ConcurrentHashMap$Segment@500000d4)
	sync		500010ad
	table		50000cba
OBJ 5000107e (sz=32, trace=300000, class=java.util.concurrent.ConcurrentHashMap$Segment@500000d4)
	sync		500010ac
	table		500010ab
OBJ 5000107f (sz=32, trace=300000, class=java.util.concurrent.ConcurrentHashMap$Segment@500000d4)
	sync		500010aa
	table		500010a9
OBJ 50001080 (sz=32, trace=300000, class=java.util.concurrent.ConcurrentHashMap$Segment@500000d4)
	sync		500010a8
	table		500010a7
OBJ 50001081 (sz=32, trace=300000, class=java.util.concurrent.ConcurrentHashMap$Segment@500000d4)
	sync		500010a6
	table		500010a5
OBJ 50001082 (sz=32, trace=300000, class=java.util.concurrent.ConcurrentHashMap$Segment@500000d4)
	sync		500010a4
	table		500010a3
OBJ 50001083 (sz=32, trace=300000, class=java.util.concurrent.ConcurrentHashMap$Segment@500000d4)
	sync		500010a2
	table		500010a1
OBJ 50001084 (sz=32, trace=300000, class=java.util.concurrent.ConcurrentHashMap$Segment@500000d4)
	sync		500010a0
	table		5000109f
OBJ 50001085 (sz=32, trace=300000, class=java.util.concurrent.ConcurrentHashMap$Segment@500000d4)
	sync		5000109c
	table		5000109b
OBJ 50001086 (sz=32, trace=300000, class=java.util.concurrent.ConcurrentHashMap$Segment@500000d4)
	sync		5000109a
	table		50001099
OBJ 50001087 (sz=32, trace=300000, class=java.util.concurrent.ConcurrentHashMap$Segment@500000d4)
	sync		50001098
	table		50000ce6
OBJ 50001088 (sz=32, trace=300000, class=java.util.concurrent.ConcurrentHashMap$Segment@500000d4)
	sync		50001097
	table		50001096
OBJ 50001089 (sz=32, trace=300000, class=java.util.concurrent.ConcurrentHashMap$Segment@500000d4)
	sync		5000108b
	table		5000108a
ARR 5000108a (sz=16, trace=300000, nelems=1, elem type=java.util.concurrent.ConcurrentHashMap$HashEntry[]@5000009f)
	[0]		50000b1c
OBJ 5000108b (sz=24, trace=300000, class=java.util.concurrent.locks.ReentrantLock$NonfairSync@50000112)
OBJ 5000108c (sz=24, trace=300000, class=java.lang.String@500000b2)
	value		50001095
OBJ 5000108d (sz=24, trace=300000, class=java.lang.String@500000b2)
	value		50001094
OBJ 5000108e (sz=24, trace=300000, class=java.lang.String@500000b2)
	value		50001093
OBJ 5000108f (sz=24, trace=300000, class=java.lang.String@500000b2)
	value		50001092
OBJ 50001090 (sz=24, trace=300000, class=java.lang.String@500000b2)
	value		50001091
ARR 50001091 (sz=20, trace=300000, nelems=10, elem type=char[])
ARR 50001092 (sz=8, trace=300000, nelems=4, elem type=char[])
ARR 50001093 (sz=10, trace=300000, nelems=5, elem type=char[])
ARR 50001094 (sz=8, trace=300000, nelems=4, elem type=char[])
ARR 50001095 (sz=8, trace=300000, nelems=4, elem type=char[])
ARR 50001096 (sz=16, trace=300000, nelems=0, elem type=java.util.concurrent.ConcurrentHashMap$HashEntry[]@5000009f)
OBJ 50001097 (sz=24, trace=300000, class=java.util.concurrent.locks.ReentrantLock$NonfairSync@50000112)
OBJ 50001098 (sz=24, trace=300000, class=java.util.concurrent.locks.ReentrantLock$NonfairSync@50000112)
ARR 50001099 (sz=16, trace=300000, nelems=0, elem type=java.util.concurrent.ConcurrentHashMap$HashEntry[]@5000009f)
OBJ 5000109a (sz=24, trace=300000, class=java.util.concurrent.locks.ReentrantLock$NonfairSync@50000112)
ARR 5000109b (sz=16, trace=300000, nelems=1, elem type=java.util.concurrent.ConcurrentHashMap$HashEntry[]@5000009f)
	[0]		50000212
OBJ 5000109c (sz=24, trace=300000, class=java.util.concurrent.locks.ReentrantLock$NonfairSync@50000112)
OBJ 5000109d (sz=24, trace=300000, class=java.lang.String@500000b2)
	value		5000109e
ARR 5000109e (sz=62, trace=300000, nelems=31, elem type=char[])
ARR 5000109f (sz=16, trace=300000, nelems=0, elem type=java.util.concurrent.ConcurrentHashMap$HashEntry[]@5000009f)
OBJ 500010a0 (sz=24, trace=300000, class=java.util.concurrent.locks.ReentrantLock$NonfairSync@50000112)
ARR 500010a1 (sz=16, trace=300000, nelems=1, elem type=java.util.concurrent.ConcurrentHashMap$HashEntry[]@5000009f)
	[0]		50000b08
OBJ 500010a2 (sz=24, trace=300000, class=java.util.concurrent.locks.ReentrantLock$NonfairSync@50000112)
ARR 500010a3 (sz=16, trace=300000, nelems=0, elem type=java.util.concurrent.ConcurrentHashMap$HashEntry[]@5000009f)
OBJ 500010a4 (sz=24, trace=300000, class=java.util.concurrent.locks.ReentrantLock$NonfairSync@50000112)
ARR 500010a5 (sz=16, trace=300000, nelems=0, elem type=java.util.concurrent.ConcurrentHashMap$HashEntry[]@5000009f)
OBJ 500010a6 (sz=24, trace=300000, class=java.util.concurrent.locks.ReentrantLock$NonfairSync@50000112)
ARR 500010a7 (sz=16, trace=300000, nelems=1, elem type=java.util.concurrent.ConcurrentHashMap$HashEntry[]@5000009f)
	[0]		5000023c
OBJ 500010a8 (sz=24, trace=300000, class=java.util.concurrent.locks.ReentrantLock$NonfairSync@50000112)
ARR 500010a9 (sz=16, trace=300000, nelems=0, elem type=java.util.concurrent.ConcurrentHashMap$HashEntry[]@5000009f)
OBJ 500010aa (sz=24, trace=300000, class=java.util.concurrent.locks.ReentrantLock$NonfairSync@50000112)
ARR 500010ab (sz=16, trace=300000, nelems=1, elem type=java.util.concurrent.ConcurrentHashMap$HashEntry[]@5000009f)
	[0]		50000228
OBJ 500010ac (sz=24, trace=300000, class=java.util.concurrent.locks.ReentrantLock$NonfairSync@50000112)
OBJ 500010ad (sz=24, trace=300000, class=java.util.concurrent.locks.ReentrantLock$NonfairSync@50000112)
OBJ 500010ae (sz=24, trace=300000, class=java.lang.String@500000b2)
	value		500010af
ARR 500010af (sz=64, trace=300000, nelems=32, elem type=char[])
OBJ 500010b0 (sz=24, trace=300000, class=java.lang.String@500000b2)
	value		500010b1
ARR 500010b1 (sz=58, trace=300000, nelems=29, elem type=char[])
ARR 500010b2 (sz=16, trace=300000, nelems=0, elem type=java.util.concurrent.ConcurrentHashMap$HashEntry[]@5000009f)
OBJ 500010b3 (sz=24, trace=300000, class=java.util.concurrent.locks.ReentrantLock$NonfairSync@50000112)
ARR 500010b4 (sz=16, trace=300000, nelems=0, elem type=java.util.concurrent.ConcurrentHashMap$HashEntry[]@5000009f)
OBJ 500010b5 (sz=24, trace=300000, class=java.util.concurrent.locks.ReentrantLock$NonfairSync@50000112)
ARR 500010b6 (sz=16, trace=300000, nelems=0, elem type=java.util.concurrent.ConcurrentHashMap$HashEntry[]@5000009f)
OBJ 500010b7 (sz=24, trace=300000, class=java.util.concurrent.locks.ReentrantLock$NonfairSync@50000112)
ARR 500010b8 (sz=80, trace=300000, nelems=16, elem type=java.util.concurrent.ConcurrentHashMap$Segment[]@500000d5)
	[0]		500010b9
	[1]		500010ba
	[2]		500010bb
	[3]		500010bc
	[4]		500010bd
	[5]		500010be
	[6]		500010bf
	[7]		500010c0
	[8]		500010c1
	[9]		500010c2
	[10]		500010c3
	[11]		500010c4
	[12]		500010c5
	[13]		500010c6
	[14]		500010c7
	[15]		500010c8
OBJ 500010b9 (sz=32, trace=300000, class=java.util.concurrent.ConcurrentHashMap$Segment@500000d4)
	sync		500010e8
	table		500010e7
OBJ 500010ba (sz=32, trace=300000, class=java.util.concurrent.ConcurrentHashMap$Segment@500000d4)
	sync		500010e6
	table		500010e5
OBJ 500010bb (sz=32, trace=300000, class=java.util.concurrent.ConcurrentHashMap$Segment@500000d4)
	sync		500010e4
	table		500010e3
OBJ 500010bc (sz=32, trace=300000, class=java.util.concurrent.ConcurrentHashMap$Segment@500000d4)
	sync		500010e2
	table		500010e1
OBJ 500010bd (sz=32, trace=300000, class=java.util.concurrent.ConcurrentHashMap$Segment@500000d4)
	sync		500010e0
	table		500010df
OBJ 500010be (sz=32, trace=300000, class=java.util.concurrent.ConcurrentHashMap$Segment@500000d4)
	sync		500010de
	table		500010dd
OBJ 500010bf (sz=32, trace=300000, class=java.util.concurrent.ConcurrentHashMap$Segment@500000d4)
	sync		500010dc
	table		500010db
OBJ 500010c0 (sz=32, trace=300000, class=java.util.concurrent.ConcurrentHashMap$Segment@500000d4)
	sync		500010da
	table		500010d9
OBJ 500010c1 (sz=32, trace=300000, class=java.util.concurrent.ConcurrentHashMap$Segment@500000d4)
	sync		500010d8
	table		500010d7
OBJ 500010c2 (sz=32, trace=300000, class=java.util.concurrent.ConcurrentHashMap$Segment@500000d4)
	sync		500010d6
	table		500010d5
OBJ 500010c3 (sz=32, trace=300000, class=java.util.concurrent.ConcurrentHashMap$Segment@500000d4)
	sync		500010d4
	table		500010d3
OBJ 500010c4 (sz=32, trace=300000, class=java.util.concurrent.ConcurrentHashMap$Segment@500000d4)
	sync		500010d2
	table		500010d1
OBJ 500010c5 (sz=32, trace=300000, class=java.util.concurrent.ConcurrentHashMap$Segment@500000d4)
	sync		500010d0
	table		500010cf
OBJ 500010c6 (sz=32, trace=300000, class=java.util.concurrent.ConcurrentHashMap$Segment@500000d4)
	sync		500010ce
	table		500010cd
OBJ 500010c7 (sz=32, trace=300000, class=java.util.concurrent.ConcurrentHashMap$Segment@500000d4)
	sync		500010cc
	table		500010cb
OBJ 500010c8 (sz=32, trace=300000, class=java.util.concurrent.ConcurrentHashMap$Segment@500000d4)
	sync		500010ca
	table		500010c9
ARR 500010c9 (sz=16, trace=300000, nelems=0, elem type=java.util.concurrent.ConcurrentHashMap$HashEntry[]@5000009f)
OBJ 500010ca (sz=24, trace=300000, class=java.util.concurrent.locks.ReentrantLock$NonfairSync@50000112)
ARR 500010cb (sz=16, trace=300000, nelems=0, elem type=java.util.concurrent.ConcurrentHashMap$HashEntry[]@5000009f)
OBJ 500010cc (sz=24, trace=300000, class=java.util.concurrent.locks.ReentrantLock$NonfairSync@50000112)
ARR 500010cd (sz=16, trace=300000, nelems=0, elem type=java.util.concurrent.ConcurrentHashMap$HashEntry[]@5000009f)
OBJ 500010ce (sz=24, trace=300000, class=java.util.concurrent.locks.ReentrantLock$NonfairSync@50000112)
ARR 500010cf (sz=16, trace=300000, nelems=0, elem type=java.util.concurrent.ConcurrentHashMap$HashEntry[]@5000009f)
OBJ 500010d0 (sz=24, trace=300000, class=java.util.concurrent.locks.ReentrantLock$NonfairSync@50000112)
ARR 500010d1 (sz=16, trace=300000, nelems=0, elem type=java.util.concurrent.ConcurrentHashMap$HashEntry[]@5000009f)
OBJ 500010d2 (sz=24, trace=300000, class=java.util.concurrent.locks.ReentrantLock$NonfairSync@50000112)
ARR 500010d3 (sz=16, trace=300000, nelems=0, elem type=java.util.concurrent.ConcurrentHashMap$HashEntry[]@5000009f)
OBJ 500010d4 (sz=24, trace=300000, class=java.util.concurrent.locks.ReentrantLock$NonfairSync@50000112)
ARR 500010d5 (sz=16, trace=300000, nelems=0, elem type=java.util.concurrent.ConcurrentHashMap$HashEntry[]@5000009f)
OBJ 500010d6 (sz=24, trace=300000, class=java.util.concurrent.locks.ReentrantLock$NonfairSync@50000112)
ARR 500010d7 (sz=16, trace=300000, nelems=0, elem type=java.util.concurrent.ConcurrentHashMap$HashEntry[]@5000009f)
OBJ 500010d8 (sz=24, trace=300000, class=java.util.concurrent.locks.ReentrantLock$NonfairSync@50000112)
ARR 500010d9 (sz=16, trace=300000, nelems=0, elem type=java.util.concurrent.ConcurrentHashMap$HashEntry[]@5000009f)
OBJ 500010da (sz=24, trace=300000, class=java.util.concurrent.locks.ReentrantLock$NonfairSync@50000112)
ARR 500010db (sz=16, trace=300000, nelems=0, elem type=java.util.concurrent.ConcurrentHashMap$HashEntry[]@5000009f)
OBJ 500010dc (sz=24, trace=300000, class=java.util.concurrent.locks.ReentrantLock$NonfairSync@50000112)
ARR 500010dd (sz=16, trace=300000, nelems=0, elem type=java.util.concurrent.ConcurrentHashMap$HashEntry[]@5000009f)
OBJ 500010de (sz=24, trace=300000, class=java.util.concurrent.locks.ReentrantLock$NonfairSync@50000112)
ARR 500010df (sz=16, trace=300000, nelems=0, elem type=java.util.concurrent.ConcurrentHashMap$HashEntry[]@5000009f)
OBJ 500010e0 (sz=24, trace=300000, class=java.util.concurrent.locks.ReentrantLock$NonfairSync@50000112)
ARR 500010e1 (sz=16, trace=300000, nelems=0, elem type=java.util.concurrent.ConcurrentHashMap$HashEntry[]@5000009f)
OBJ 500010e2 (sz=24, trace=300000, class=java.util.concurrent.locks.ReentrantLock$NonfairSync@50000112)
ARR 500010e3 (sz=16, trace=300000, nelems=0, elem type=java.util.concurrent.ConcurrentHashMap$HashEntry[]@5000009f)
OBJ 500010e4 (sz=24, trace=300000, class=java.util.concurrent.locks.ReentrantLock$NonfairSync@50000112)
ARR 500010e5 (sz=16, trace=300000, nelems=0, elem type=java.util.concurrent.ConcurrentHashMap$HashEntry[]@5000009f)
OBJ 500010e6 (sz=24, trace=300000, class=java.util.concurrent.locks.ReentrantLock$NonfairSync@50000112)
ARR 500010e7 (sz=16, trace=300000, nelems=0, elem type=java.util.concurrent.ConcurrentHashMap$HashEntry[]@5000009f)
OBJ 500010e8 (sz=24, trace=300000, class=java.util.concurrent.locks.ReentrantLock$NonfairSync@50000112)
ARR 500010e9 (sz=56, trace=300000, nelems=0, elem type=java.lang.Object[]@500000fa)
OBJ 500010ea (sz=16, trace=300000, class=java.security.ProtectionDomain$Key@500000c7)
	this$0		50001075
ARR 500010eb (sz=16, trace=300000, nelems=0, elem type=java.security.Principal[]@500000cc)
OBJ 500010ec (sz=32, trace=300000, class=java.security.CodeSource@5000012a)
OBJ 500010ed (sz=24, trace=300000, class=java.lang.String@500000b2)
	value		500010f5
OBJ 500010ee (sz=24, trace=300000, class=java.lang.String@500000b2)
	value		500010f4
OBJ 500010ef (sz=24, trace=300000, class=java.lang.String@500000b2)
	value		500010f3
OBJ 500010f0 (sz=24, trace=300000, class=java.lang.String@500000b2)
	value		500010f2
ARR 500010f1 (sz=32, trace=300000, nelems=16, elem type=char[])
ARR 500010f2 (sz=38, trace=300000, nelems=19, elem type=char[])
ARR 500010f3 (sz=48, trace=300000, nelems=24, elem type=char[])
ARR 500010f4 (sz=32, trace=300000, nelems=16, elem type=char[])
ARR 500010f5 (sz=12, trace=300000, nelems=6, elem type=char[])
OBJ 500010f6 (sz=16, trace=300000, class=java.util.HashSet@500000f8)
	map		500010f7
OBJ 500010f7 (sz=40, trace=300000, class=java.util.HashMap@50000008)
	table		500010f8
ARR 500010f8 (sz=80, trace=300000, nelems=0, elem type=java.util.HashMap$Entry[]@5000012c)
OBJ 500010f9 (sz=8, trace=300000, class=java.lang.Object@500000f9)
ARR 500010fa (sz=80, trace=300000, nelems=0, elem type=java.util.HashMap$Entry[]@5000012c)
ARR 500010fb (sz=56, trace=300000, nelems=0, elem type=java.lang.Object[]@500000fa)
ARR 500010fc (sz=80, trace=300000, nelems=0, elem type=java.util.HashMap$Entry[]@5000012c)
OBJ 500010fd (sz=8, trace=300000, class=sun.net.www.protocol.jar.Handler@5000013e)
OBJ 500010fe (sz=40, trace=300000, class=java.util.HashMap@50000008)
	table		5000187c
OBJ 500010ff (sz=24, trace=300000, class=java.util.ArrayList@500000b1)
	elementData	500013e4
OBJ 50001100 (sz=24, trace=300000, class=java.util.Stack@5000008e)
	elementData	500013e3
OBJ 50001101 (sz=24, trace=300000, class=java.util.ArrayList@500000b1)
	elementData	50001102
ARR 50001102 (sz=56, trace=300000, nelems=7, elem type=java.lang.Object[]@500000fa)
	[0]		50001103
	[1]		50001104
	[2]		50001105
	[3]		50001106
	[4]		50001107
	[5]		50001108
	[6]		50001109
OBJ 50001103 (sz=56, trace=300000, class=java.net.URL@50000010)
	protocol	5000110c
	host		50000f07
	file		500013e1
	authority	50000f07
	path		500013e1
	handler		5000110a
OBJ 50001104 (sz=56, trace=300000, class=java.net.URL@50000010)
	protocol	5000110c
	host		50000f07
	file		500013df
	authority	50000f07
	path		500013df
	handler		5000110a
OBJ 50001105 (sz=56, trace=300000, class=java.net.URL@50000010)
	protocol	5000110c
	host		50000f07
	file		500013dd
	authority	50000f07
	path		500013dd
	handler		5000110a
OBJ 50001106 (sz=56, trace=300000, class=java.net.URL@50000010)
	protocol	5000110c
	host		50000f07
	file		500013db
	authority	50000f07
	path		500013db
	handler		5000110a
OBJ 50001107 (sz=56, trace=300000, class=java.net.URL@50000010)
	protocol	5000110c
	host		50000f07
	file		500013d9
	authority	50000f07
	path		500013d9
	handler		5000110a
OBJ 50001108 (sz=56, trace=300000, class=java.net.URL@50000010)
	protocol	5000110c
	host		50000f07
	file		500013d7
	authority	50000f07
	path		500013d7
	handler		5000110a
OBJ 50001109 (sz=56, trace=300000, class=java.net.URL@50000010)
	protocol	5000110c
	host		50000f07
	file		5000110b
	authority	50000f07
	path		5000110b
	handler		5000110a
OBJ 5000110a (sz=8, trace=300000, class=sun.net.www.protocol.file.Handler@5000003b)
OBJ 5000110b (sz=24, trace=300000, class=java.lang.String@500000b2)
	value		5000110f
OBJ 5000110c (sz=24, trace=300000, class=java.lang.String@500000b2)
	value		5000110d
ARR 5000110d (sz=8, trace=300000, nelems=4, elem type=char[])
ARR 5000110e (sz=0, trace=300000, nelems=0, elem type=char[])
ARR 5000110f (sz=110, trace=300000, nelems=55, elem type=char[])
OBJ 50001110 (sz=24, trace=300000, class=java.lang.String@500000b2)
	value		500011d2
OBJ 50001111 (sz=24, trace=300000, class=java.lang.String@500000b2)
	value		500011d1
OBJ 50001112 (sz=24, trace=300000, class=java.lang.String@500000b2)
	value		500011d0
OBJ 50001113 (sz=24, trace=300000, class=java.lang.String@500000b2)
	value		500011cf
OBJ 50001114 (sz=24, trace=300000, class=java.lang.String@500000b2)
	value		500011ce
OBJ 50001115 (sz=24, trace=300000, class=java.lang.String@500000b2)
	value		500011cd
OBJ 50001116 (sz=24, trace=300000, class=java.lang.String@500000b2)
	value		500011af
OBJ 50001117 (sz=24, trace=300000, class=java.lang.String@500000b2)
	value		500011ae
OBJ 50001118 (sz=24, trace=300000, class=java.lang.String@500000b2)
	value		500011ad
OBJ 50001119 (sz=24, trace=300000, class=java.lang.String@500000b2)
	value		5000111f
OBJ 5000111a (sz=24, trace=300000, class=java.lang.String@500000b2)
	value		500011ac
OBJ 5000111b (sz=24, trace=300000, class=java.lang.String@500000b2)
	value		500011ab
OBJ 5000111c (sz=24, trace=300000, class=java.lang.String@500000b2)
	value		500011aa
OBJ 5000111d (sz=8, trace=300000, class=java.lang.Object@500000f9)
OBJ 5000111e (sz=40, trace=300000, class=java.util.Hashtable@500000a0)
	table		50001120
ARR 5000111f (sz=52, trace=300000, nelems=26, elem type=char[])
ARR 50001120 (sz=56, trace=300000, nelems=7, elem type=java.util.Hashtable$Entry[]@5000014d)
	[6]		50001121
OBJ 50001121 (sz=24, trace=300000, class=java.util.Hashtable$Entry@5000014c)
	key		5000110c
	value		5000110a
OBJ 50001122 (sz=24, trace=300000, class=java.lang.String@500000b2)
	value		500011a9
OBJ 50001123 (sz=24, trace=300000, class=java.lang.String@500000b2)
	value		50001127
ARR 50001124 (sz=1024, trace=300000, nelems=256, elem type=int[])
OBJ 50001125 (sz=8, trace=300000, class=java.lang.CharacterDataLatin1@50000145)
ARR 50001126 (sz=4, trace=300000, nelems=2, elem type=char[])
ARR 50001127 (sz=1024, trace=300000, nelems=512, elem type=char[])
ARR 50001128 (sz=528, trace=300000, nelems=128, elem type=java.lang.Character[]@50000079)
	[0]		50001129
	[1]		5000112a
	[2]		5000112b
	[3]		5000112c
	[4]		5000112d
	[5]		5000112e
	[6]		5000112f
	[7]		50001130
	[8]		50001131
	[9]		50001132
	[10]		50001133
	[11]		50001134
	[12]		50001135
	[13]		50001136
	[14]		50001137
	[15]		50001138
	[16]		50001139
	[17]		5000113a
	[18]		5000113b
	[19]		5000113c
	[20]		5000113d
	[21]		5000113e
	[22]		5000113f
	[23]		50001140
	[24]		50001141
	[25]		50001142
	[26]		50001143
	[27]		50001144
	[28]		50001145
	[29]		50001146
	[30]		50001147
	[31]		50001148
	[32]		50001149
	[33]		5000114a
	[34]		5000114b
	[35]		5000114c
	[36]		5000114d
	[37]		5000114e
	[38]		5000114f
	[39]		50001150
	[40]		50001151
	[41]		50001152
	[42]		50001153
	[43]		50001154
	[44]		50001155
	[45]		50001156
	[46]		50001157
	[47]		50001158
	[48]		50001159
	[49]		5000115a
	[50]		5000115b
	[51]		5000115c
	[52]		5000115d
	[53]		5000115e
	[54]		5000115f
	[55]		50001160
	[56]		50001161
	[57]		50001162
	[58]		50001163
	[59]		50001164
	[60]		50001165
	[61]		50001166
	[62]		50001167
	[63]		50001168
	[64]		50001169
	[65]		5000116a
	[66]		5000116b
	[67]		5000116c
	[68]		5000116d
	[69]		5000116e
	[70]		5000116f
	[71]		50001170
	[72]		50001171
	[73]		50001172
	[74]		50001173
	[75]		50001174
	[76]		50001175
	[77]		50001176
	[78]		50001177
	[79]		50001178
	[80]		50001179
	[81]		5000117a
	[82]		5000117b
	[83]		5000117c
	[84]		5000117d
	[85]		5000117e
	[86]		5000117f
	[87]		50001180
	[88]		50001181
	[89]		50001182
	[90]		50001183
	[91]		50001184
	[92]		50001185
	[93]		50001186
	[94]		50001187
	[95]		50001188
	[96]		50001189
	[97]		5000118a
	[98]		5000118b
	[99]		5000118c
	[100]		5000118d
	[101]		5000118e
	[102]		5000118f
	[103]		50001190
	[104]		50001191
	[105]		50001192
	[106]		50001193
	[107]		50001194
	[108]		50001195
	[109]		50001196
	[110]		50001197
	[111]		50001198
	[112]		50001199
	[113]		5000119a
	[114]		5000119b
	[115]		5000119c
	[116]		5000119d
	[117]		5000119e
	[118]		5000119f
	[119]		500011a0
	[120]		500011a1
	[121]		500011a2
	[122]		500011a3
	[123]		500011a4
	[124]		500011a5
	[125]		500011a6
	[126]		500011a7
	[127]		500011a8
OBJ 50001129 (sz=16, trace=300000, class=java.lang.Character@50000078)
OBJ 5000112a (sz=16, trace=300000, class=java.lang.Character@50000078)
OBJ 5000112b (sz=16, trace=300000, class=java.lang.Character@50000078)
OBJ 5000112c (sz=16, trace=300000, class=java.lang.Character@50000078)
OBJ 5000112d (sz=16, trace=300000, class=java.lang.Character@50000078)
OBJ 5000112e (sz=16, trace=300000, class=java.lang.Character@50000078)
OBJ 5000112f (sz=16, trace=300000, class=java.lang.Character@50000078)
OBJ 50001130 (sz=16, trace=300000, class=java.lang.Character@50000078)
OBJ 50001131 (sz=16, trace=300000, class=java.lang.Character@50000078)
OBJ 50001132 (sz=16, trace=300000, class=java.lang.Character@50000078)
OBJ 50001133 (sz=16, trace=300000, class=java.lang.Character@50000078)
OBJ 50001134 (sz=16, trace=300000, class=java.lang.Character@50000078)
OBJ 50001135 (sz=16, trace=300000, class=java.lang.Character@50000078)
OBJ 50001136 (sz=16, trace=300000, class=java.lang.Character@50000078)
OBJ 50001137 (sz=16, trace=300000, class=java.lang.Character@50000078)
OBJ 50001138 (sz=16, trace=300000, class=java.lang.Character@50000078)
OBJ 50001139 (sz=16, trace=300000, class=java.lang.Character@50000078)
OBJ 5000113a (sz=16, trace=300000, class=java.lang.Character@50000078)
OBJ 5000113b (sz=16, trace=300000, class=java.lang.Character@50000078)
OBJ 5000113c (sz=16, trace=300000, class=java.lang.Character@50000078)
OBJ 5000113d (sz=16, trace=300000, class=java.lang.Character@50000078)
OBJ 5000113e (sz=16, trace=300000, class=java.lang.Character@50000078)
OBJ 5000113f (sz=16, trace=300000, class=java.lang.Character@50000078)
OBJ 50001140 (sz=16, trace=300000, class=java.lang.Character@50000078)
OBJ 50001141 (sz=16, trace=300000, class=java.lang.Character@50000078)
OBJ 50001142 (sz=16, trace=300000, class=java.lang.Character@50000078)
OBJ 50001143 (sz=16, trace=300000, class=java.lang.Character@50000078)
OBJ 50001144 (sz=16, trace=300000, class=java.lang.Character@50000078)
OBJ 50001145 (sz=16, trace=300000, class=java.lang.Character@50000078)
OBJ 50001146 (sz=16, trace=300000, class=java.lang.Character@50000078)
OBJ 50001147 (sz=16, trace=300000, class=java.lang.Character@50000078)
OBJ 50001148 (sz=16, trace=300000, class=java.lang.Character@50000078)
OBJ 50001149 (sz=16, trace=300000, class=java.lang.Character@50000078)
OBJ 5000114a (sz=16, trace=300000, class=java.lang.Character@50000078)
OBJ 5000114b (sz=16, trace=300000, class=java.lang.Character@50000078)
OBJ 5000114c (sz=16, trace=300000, class=java.lang.Character@50000078)
OBJ 5000114d (sz=16, trace=300000, class=java.lang.Character@50000078)
OBJ 5000114e (sz=16, trace=300000, class=java.lang.Character@50000078)
OBJ 5000114f (sz=16, trace=300000, class=java.lang.Character@50000078)
OBJ 50001150 (sz=16, trace=300000, class=java.lang.Character@50000078)
OBJ 50001151 (sz=16, trace=300000, class=java.lang.Character@50000078)
OBJ 50001152 (sz=16, trace=300000, class=java.lang.Character@50000078)
OBJ 50001153 (sz=16, trace=300000, class=java.lang.Character@50000078)
OBJ 50001154 (sz=16, trace=300000, class=java.lang.Character@50000078)
OBJ 50001155 (sz=16, trace=300000, class=java.lang.Character@50000078)
OBJ 50001156 (sz=16, trace=300000, class=java.lang.Character@50000078)
OBJ 50001157 (sz=16, trace=300000, class=java.lang.Character@50000078)
OBJ 50001158 (sz=16, trace=300000, class=java.lang.Character@50000078)
OBJ 50001159 (sz=16, trace=300000, class=java.lang.Character@50000078)
OBJ 5000115a (sz=16, trace=300000, class=java.lang.Character@50000078)
OBJ 5000115b (sz=16, trace=300000, class=java.lang.Character@50000078)
OBJ 5000115c (sz=16, trace=300000, class=java.lang.Character@50000078)
OBJ 5000115d (sz=16, trace=300000, class=java.lang.Character@50000078)
OBJ 5000115e (sz=16, trace=300000, class=java.lang.Character@50000078)
OBJ 5000115f (sz=16, trace=300000, class=java.lang.Character@50000078)
OBJ 50001160 (sz=16, trace=300000, class=java.lang.Character@50000078)
OBJ 50001161 (sz=16, trace=300000, class=java.lang.Character@50000078)
OBJ 50001162 (sz=16, trace=300000, class=java.lang.Character@50000078)
OBJ 50001163 (sz=16, trace=300000, class=java.lang.Character@50000078)
OBJ 50001164 (sz=16, trace=300000, class=java.lang.Character@50000078)
OBJ 50001165 (sz=16, trace=300000, class=java.lang.Character@50000078)
OBJ 50001166 (sz=16, trace=300000, class=java.lang.Character@50000078)
OBJ 50001167 (sz=16, trace=300000, class=java.lang.Character@50000078)
OBJ 50001168 (sz=16, trace=300000, class=java.lang.Character@50000078)
OBJ 50001169 (sz=16, trace=300000, class=java.lang.Character@50000078)
OBJ 5000116a (sz=16, trace=300000, class=java.lang.Character@50000078)
OBJ 5000116b (sz=16, trace=300000, class=java.lang.Character@50000078)
OBJ 5000116c (sz=16, trace=300000, class=java.lang.Character@50000078)
OBJ 5000116d (sz=16, trace=300000, class=java.lang.Character@50000078)
OBJ 5000116e (sz=16, trace=300000, class=java.lang.Character@50000078)
OBJ 5000116f (sz=16, trace=300000, class=java.lang.Character@50000078)
OBJ 50001170 (sz=16, trace=300000, class=java.lang.Character@50000078)
OBJ 50001171 (sz=16, trace=300000, class=java.lang.Character@50000078)
OBJ 50001172 (sz=16, trace=300000, class=java.lang.Character@50000078)
OBJ 50001173 (sz=16, trace=300000, class=java.lang.Character@50000078)
OBJ 50001174 (sz=16, trace=300000, class=java.lang.Character@50000078)
OBJ 50001175 (sz=16, trace=300000, class=java.lang.Character@50000078)
OBJ 50001176 (sz=16, trace=300000, class=java.lang.Character@50000078)
OBJ 50001177 (sz=16, trace=300000, class=java.lang.Character@50000078)
OBJ 50001178 (sz=16, trace=300000, class=java.lang.Character@50000078)
OBJ 50001179 (sz=16, trace=300000, class=java.lang.Character@50000078)
OBJ 5000117a (sz=16, trace=300000, class=java.lang.Character@50000078)
OBJ 5000117b (sz=16, trace=300000, class=java.lang.Character@50000078)
OBJ 5000117c (sz=16, trace=300000, class=java.lang.Character@50000078)
OBJ 5000117d (sz=16, trace=300000, class=java.lang.Character@50000078)
OBJ 5000117e (sz=16, trace=300000, class=java.lang.Character@50000078)
OBJ 5000117f (sz=16, trace=300000, class=java.lang.Character@50000078)
OBJ 50001180 (sz=16, trace=300000, class=java.lang.Character@50000078)
OBJ 50001181 (sz=16, trace=300000, class=java.lang.Character@50000078)
OBJ 50001182 (sz=16, trace=300000, class=java.lang.Character@50000078)
OBJ 50001183 (sz=16, trace=300000, class=java.lang.Character@50000078)
OBJ 50001184 (sz=16, trace=300000, class=java.lang.Character@50000078)
OBJ 50001185 (sz=16, trace=300000, class=java.lang.Character@50000078)
OBJ 50001186 (sz=16, trace=300000, class=java.lang.Character@50000078)
OBJ 50001187 (sz=16, trace=300000, class=java.lang.Character@50000078)
OBJ 50001188 (sz=16, trace=300000, class=java.lang.Character@50000078)
OBJ 50001189 (sz=16, trace=300000, class=java.lang.Character@50000078)
OBJ 5000118a (sz=16, trace=300000, class=java.lang.Character@50000078)
OBJ 5000118b (sz=16, trace=300000, class=java.lang.Character@50000078)
OBJ 5000118c (sz=16, trace=300000, class=java.lang.Character@50000078)
OBJ 5000118d (sz=16, trace=300000, class=java.lang.Character@50000078)
OBJ 5000118e (sz=16, trace=300000, class=java.lang.Character@50000078)
OBJ 5000118f (sz=16, trace=300000, class=java.lang.Character@50000078)
OBJ 50001190 (sz=16, trace=300000, class=java.lang.Character@50000078)
OBJ 50001191 (sz=16, trace=300000, class=java.lang.Character@50000078)
OBJ 50001192 (sz=16, trace=300000, class=java.lang.Character@50000078)
OBJ 50001193 (sz=16, trace=300000, class=java.lang.Character@50000078)
OBJ 50001194 (sz=16, trace=300000, class=java.lang.Character@50000078)
OBJ 50001195 (sz=16, trace=300000, class=java.lang.Character@50000078)
OBJ 50001196 (sz=16, trace=300000, class=java.lang.Character@50000078)
OBJ 50001197 (sz=16, trace=300000, class=java.lang.Character@50000078)
OBJ 50001198 (sz=16, trace=300000, class=java.lang.Character@50000078)
OBJ 50001199 (sz=16, trace=300000, class=java.lang.Character@50000078)
OBJ 5000119a (sz=16, trace=300000, class=java.lang.Character@50000078)
OBJ 5000119b (sz=16, trace=300000, class=java.lang.Character@50000078)
OBJ 5000119c (sz=16, trace=300000, class=java.lang.Character@50000078)
OBJ 5000119d (sz=16, trace=300000, class=java.lang.Character@50000078)
OBJ 5000119e (sz=16, trace=300000, class=java.lang.Character@50000078)
OBJ 5000119f (sz=16, trace=300000, class=java.lang.Character@50000078)
OBJ 500011a0 (sz=16, trace=300000, class=java.lang.Character@50000078)
OBJ 500011a1 (sz=16, trace=300000, class=java.lang.Character@50000078)
OBJ 500011a2 (sz=16, trace=300000, class=java.lang.Character@50000078)
OBJ 500011a3 (sz=16, trace=300000, class=java.lang.Character@50000078)
OBJ 500011a4 (sz=16, trace=300000, class=java.lang.Character@50000078)
OBJ 500011a5 (sz=16, trace=300000, class=java.lang.Character@50000078)
OBJ 500011a6 (sz=16, trace=300000, class=java.lang.Character@50000078)
OBJ 500011a7 (sz=16, trace=300000, class=java.lang.Character@50000078)
OBJ 500011a8 (sz=16, trace=300000, class=java.lang.Character@50000078)
ARR 500011a9 (sz=8, trace=300000, nelems=4, elem type=char[])
ARR 500011aa (sz=2, trace=300000, nelems=1, elem type=char[])
ARR 500011ab (sz=8, trace=300000, nelems=4, elem type=char[])
ARR 500011ac (sz=40, trace=300000, nelems=20, elem type=char[])
ARR 500011ad (sz=2, trace=300000, nelems=1, elem type=char[])
ARR 500011ae (sz=16, trace=300000, nelems=8, elem type=char[])
ARR 500011af (sz=2, trace=300000, nelems=1, elem type=char[])
OBJ 500011b0 (sz=24, trace=300000, class=java.lang.String@500000b2)
	value		500011c9
OBJ 500011b1 (sz=24, trace=300000, class=java.lang.String@500000b2)
	value		500011b7
ARR 500011b2 (sz=24, trace=300000, nelems=3, elem type=java.io.ObjectStreamField[]@5000004e)
	[0]		500011b3
	[1]		500011b4
	[2]		500011b5
OBJ 500011b3 (sz=32, trace=300000, class=java.io.ObjectStreamField@5000004d)
	name		50000f14
	signature	500011cb
	type		50000155
OBJ 500011b4 (sz=32, trace=300000, class=java.io.ObjectStreamField@5000004d)
	name		500011b0
	signature	500011c8
	type		50000ed8
OBJ 500011b5 (sz=32, trace=300000, class=java.io.ObjectStreamField@5000004d)
	name		500011b1
	signature	500011b6
	type		50000edc
OBJ 500011b6 (sz=24, trace=300000, class=java.lang.String@500000b2)
	value		500011b8
ARR 500011b7 (sz=12, trace=300000, nelems=6, elem type=char[])
ARR 500011b8 (sz=2, trace=300000, nelems=1, elem type=char[])
OBJ 500011b9 (sz=24, trace=300000, class=java.lang.String@500000b2)
	value		500011ba
ARR 500011ba (sz=10, trace=300000, nelems=5, elem type=char[])
OBJ 500011bb (sz=24, trace=300000, class=java.lang.String@500000b2)
	value		500011bc
ARR 500011bc (sz=8, trace=300000, nelems=4, elem type=char[])
OBJ 500011bd (sz=24, trace=300000, class=java.lang.String@500000b2)
	value		500011c3
ARR 500011be (sz=40, trace=300000, nelems=10, elem type=int[])
ARR 500011bf (sz=200, trace=300000, nelems=100, elem type=char[])
ARR 500011c0 (sz=200, trace=300000, nelems=100, elem type=char[])
ARR 500011c1 (sz=72, trace=300000, nelems=36, elem type=char[])
ARR 500011c2 (sz=70, trace=300000, nelems=35, elem type=char[])
ARR 500011c3 (sz=6, trace=300000, nelems=3, elem type=char[])
OBJ 500011c4 (sz=24, trace=300000, class=java.lang.String@500000b2)
	value		500011c5
ARR 500011c5 (sz=12, trace=300000, nelems=6, elem type=char[])
OBJ 500011c6 (sz=24, trace=300000, class=java.lang.String@500000b2)
	value		500011c7
ARR 500011c7 (sz=8, trace=300000, nelems=4, elem type=char[])
OBJ 500011c8 (sz=24, trace=300000, class=java.lang.String@500000b2)
	value		500011ca
ARR 500011c9 (sz=10, trace=300000, nelems=5, elem type=char[])
ARR 500011ca (sz=2, trace=300000, nelems=1, elem type=char[])
OBJ 500011cb (sz=24, trace=300000, class=java.lang.String@500000b2)
	value		500011cc
ARR 500011cc (sz=4, trace=300000, nelems=2, elem type=char[])
ARR 500011cd (sz=2, trace=300000, nelems=1, elem type=char[])
ARR 500011ce (sz=6, trace=300000, nelems=3, elem type=char[])
ARR 500011cf (sz=8, trace=300000, nelems=4, elem type=char[])
ARR 500011d0 (sz=6, trace=300000, nelems=3, elem type=char[])
ARR 500011d1 (sz=4, trace=300000, nelems=2, elem type=char[])
ARR 500011d2 (sz=4, trace=300000, nelems=2, elem type=char[])
OBJ 500011d3 (sz=24, trace=300000, class=java.lang.String@500000b2)
	value		500013d6
OBJ 500011d4 (sz=24, trace=300000, class=java.lang.String@500000b2)
	value		500013d5
OBJ 500011d5 (sz=24, trace=300000, class=java.io.WinNTFileSystem@5000004b)
	cache		500011d7
	prefixCache	500011d6
OBJ 500011d6 (sz=32, trace=300000, class=java.io.ExpiringCache@50000093)
	map		5000122e
OBJ 500011d7 (sz=32, trace=300000, class=java.io.ExpiringCache@50000093)
	map		500011d8
OBJ 500011d8 (sz=56, trace=300000, class=java.io.ExpiringCache$1@500000db)
	table		500003b0
	header		500011d9
	this$0		500011d7
OBJ 500011d9 (sz=32, trace=300000, class=java.util.LinkedHashMap$Entry@50000064)
	before		500006c7
	after		50001212
OBJ 500011da (sz=32, trace=300000, class=java.util.LinkedHashMap$Entry@50000064)
	key		500011ff
	value		500011fe
	before		500011df
	after		500011e0
OBJ 500011db (sz=32, trace=300000, class=java.util.LinkedHashMap$Entry@50000064)
	key		5000120e
	value		5000120d
	before		500011dd
	after		500011de
OBJ 500011dc (sz=32, trace=300000, class=java.util.LinkedHashMap$Entry@50000064)
	key		500011f5
	value		500011f4
	before		500011e0
	after		500011e9
OBJ 500011dd (sz=32, trace=300000, class=java.util.LinkedHashMap$Entry@50000064)
	key		50001214
	value		50001213
	before		50001212
	after		500011db
OBJ 500011de (sz=32, trace=300000, class=java.util.LinkedHashMap$Entry@50000064)
	key		50001209
	value		50001208
	before		500011db
	after		500011df
OBJ 500011df (sz=32, trace=300000, class=java.util.LinkedHashMap$Entry@50000064)
	key		50001204
	value		50001203
	before		500011de
	after		500011da
OBJ 500011e0 (sz=32, trace=300000, class=java.util.LinkedHashMap$Entry@50000064)
	key		500011fa
	value		500011f9
	before		500011da
	after		500011dc
OBJ 500011e1 (sz=32, trace=300000, class=java.util.LinkedHashMap$Entry@50000064)
	key		500011eb
	value		500011ea
	before		500011e9
	after		500011e2
OBJ 500011e2 (sz=32, trace=300000, class=java.util.LinkedHashMap$Entry@50000064)
	key		500011e6
	value		500011e5
	before		500011e1
	after		500003af
OBJ 500011e3 (sz=24, trace=300000, class=java.lang.String@500000b2)
	value		500011e4
ARR 500011e4 (sz=102, trace=300000, nelems=51, elem type=char[])
OBJ 500011e5 (sz=24, trace=300000, class=java.io.ExpiringCache$Entry@500000eb)
	val		500011e7
OBJ 500011e6 (sz=24, trace=300000, class=java.lang.String@500000b2)
	value		50001002
OBJ 500011e7 (sz=24, trace=300000, class=java.lang.String@500000b2)
	value		500011e8
ARR 500011e8 (sz=102, trace=300000, nelems=51, elem type=char[])
OBJ 500011e9 (sz=32, trace=300000, class=java.util.LinkedHashMap$Entry@50000064)
	key		500011f0
	value		500011ef
	before		500011dc
	after		500011e1
OBJ 500011ea (sz=24, trace=300000, class=java.io.ExpiringCache$Entry@500000eb)
	val		500011ed
OBJ 500011eb (sz=24, trace=300000, class=java.lang.String@500000b2)
	value		500011ec
ARR 500011ec (sz=76, trace=300000, nelems=38, elem type=char[])
OBJ 500011ed (sz=24, trace=300000, class=java.lang.String@500000b2)
	value		500011ee
ARR 500011ee (sz=72, trace=300000, nelems=36, elem type=char[])
OBJ 500011ef (sz=24, trace=300000, class=java.io.ExpiringCache$Entry@500000eb)
	val		500011f2
OBJ 500011f0 (sz=24, trace=300000, class=java.lang.String@500000b2)
	value		500011f1
ARR 500011f1 (sz=100, trace=300000, nelems=50, elem type=char[])
OBJ 500011f2 (sz=24, trace=300000, class=java.lang.String@500000b2)
	value		500011f3
ARR 500011f3 (sz=100, trace=300000, nelems=50, elem type=char[])
OBJ 500011f4 (sz=24, trace=300000, class=java.io.ExpiringCache$Entry@500000eb)
	val		500011f7
OBJ 500011f5 (sz=24, trace=300000, class=java.lang.String@500000b2)
	value		500011f6
ARR 500011f6 (sz=108, trace=300000, nelems=54, elem type=char[])
OBJ 500011f7 (sz=24, trace=300000, class=java.lang.String@500000b2)
	value		500011f8
ARR 500011f8 (sz=108, trace=300000, nelems=54, elem type=char[])
OBJ 500011f9 (sz=24, trace=300000, class=java.io.ExpiringCache$Entry@500000eb)
	val		500011fc
OBJ 500011fa (sz=24, trace=300000, class=java.lang.String@500000b2)
	value		500011fb
ARR 500011fb (sz=108, trace=300000, nelems=54, elem type=char[])
OBJ 500011fc (sz=24, trace=300000, class=java.lang.String@500000b2)
	value		500011fd
ARR 500011fd (sz=108, trace=300000, nelems=54, elem type=char[])
OBJ 500011fe (sz=24, trace=300000, class=java.io.ExpiringCache$Entry@500000eb)
	val		50001201
OBJ 500011ff (sz=24, trace=300000, class=java.lang.String@500000b2)
	value		50001200
ARR 50001200 (sz=120, trace=300000, nelems=60, elem type=char[])
OBJ 50001201 (sz=24, trace=300000, class=java.lang.String@500000b2)
	value		50001202
ARR 50001202 (sz=120, trace=300000, nelems=60, elem type=char[])
OBJ 50001203 (sz=24, trace=300000, class=java.io.ExpiringCache$Entry@500000eb)
	val		50001206
OBJ 50001204 (sz=24, trace=300000, class=java.lang.String@500000b2)
	value		50001205
ARR 50001205 (sz=100, trace=300000, nelems=50, elem type=char[])
OBJ 50001206 (sz=24, trace=300000, class=java.lang.String@500000b2)
	value		50001207
ARR 50001207 (sz=100, trace=300000, nelems=50, elem type=char[])
OBJ 50001208 (sz=24, trace=300000, class=java.io.ExpiringCache$Entry@500000eb)
	val		5000120b
OBJ 50001209 (sz=24, trace=300000, class=java.lang.String@500000b2)
	value		5000120a
ARR 5000120a (sz=110, trace=300000, nelems=55, elem type=char[])
OBJ 5000120b (sz=24, trace=300000, class=java.lang.String@500000b2)
	value		5000120c
ARR 5000120c (sz=110, trace=300000, nelems=55, elem type=char[])
OBJ 5000120d (sz=24, trace=300000, class=java.io.ExpiringCache$Entry@500000eb)
	val		50001210
OBJ 5000120e (sz=24, trace=300000, class=java.lang.String@500000b2)
	value		5000120f
ARR 5000120f (sz=100, trace=300000, nelems=50, elem type=char[])
OBJ 50001210 (sz=24, trace=300000, class=java.lang.String@500000b2)
	value		50001211
ARR 50001211 (sz=100, trace=300000, nelems=50, elem type=char[])
OBJ 50001212 (sz=32, trace=300000, class=java.util.LinkedHashMap$Entry@50000064)
	key		50001218
	value		50001217
	before		500011d9
	after		500011dd
OBJ 50001213 (sz=24, trace=300000, class=java.io.ExpiringCache$Entry@500000eb)
	val		50001215
OBJ 50001214 (sz=24, trace=300000, class=java.lang.String@500000b2)
	value		5000102b
OBJ 50001215 (sz=24, trace=300000, class=java.lang.String@500000b2)
	value		50001216
ARR 50001216 (sz=80, trace=300000, nelems=40, elem type=char[])
OBJ 50001217 (sz=24, trace=300000, class=java.io.ExpiringCache$Entry@500000eb)
	val		5000121a
OBJ 50001218 (sz=24, trace=300000, class=java.lang.String@500000b2)
	value		50001219
ARR 50001219 (sz=88, trace=300000, nelems=44, elem type=char[])
OBJ 5000121a (sz=24, trace=300000, class=java.lang.String@500000b2)
	value		5000121b
ARR 5000121b (sz=88, trace=300000, nelems=44, elem type=char[])
OBJ 5000121c (sz=24, trace=300000, class=java.lang.String@500000b2)
	value		5000121d
ARR 5000121d (sz=80, trace=300000, nelems=40, elem type=char[])
OBJ 5000121e (sz=24, trace=300000, class=java.lang.String@500000b2)
	value		5000121f
ARR 5000121f (sz=114, trace=300000, nelems=57, elem type=char[])
OBJ 50001220 (sz=24, trace=300000, class=java.lang.String@500000b2)
	value		50001221
ARR 50001221 (sz=98, trace=300000, nelems=49, elem type=char[])
OBJ 50001222 (sz=24, trace=300000, class=java.lang.String@500000b2)
	value		50001223
ARR 50001223 (sz=88, trace=300000, nelems=44, elem type=char[])
OBJ 50001224 (sz=24, trace=300000, class=java.lang.String@500000b2)
	value		50001225
ARR 50001225 (sz=72, trace=300000, nelems=36, elem type=char[])
OBJ 50001226 (sz=24, trace=300000, class=java.lang.String@500000b2)
	value		50001227
ARR 50001227 (sz=72, trace=300000, nelems=36, elem type=char[])
OBJ 50001228 (sz=24, trace=300000, class=java.lang.String@500000b2)
	value		50001229
ARR 50001229 (sz=100, trace=300000, nelems=50, elem type=char[])
OBJ 5000122a (sz=24, trace=300000, class=java.lang.String@500000b2)
	value		5000122b
ARR 5000122b (sz=86, trace=300000, nelems=43, elem type=char[])
OBJ 5000122c (sz=24, trace=300000, class=java.lang.String@500000b2)
	value		5000122d
ARR 5000122d (sz=90, trace=300000, nelems=45, elem type=char[])
OBJ 5000122e (sz=56, trace=300000, class=java.io.ExpiringCache$1@500000db)
	table		50001230
	header		5000122f
	this$0		500011d6
OBJ 5000122f (sz=32, trace=300000, class=java.util.LinkedHashMap$Entry@50000064)
	before		5000061b
	after		50001233
ARR 50001230 (sz=80, trace=300000, nelems=13, elem type=java.util.HashMap$Entry[]@5000012c)
	[0]		50001231
	[2]		5000061b
	[9]		50001232
	[12]		50001233
OBJ 50001231 (sz=32, trace=300000, class=java.util.LinkedHashMap$Entry@50000064)
	key		5000123b
	value		5000123a
	before		50001233
	after		50001232
OBJ 50001232 (sz=32, trace=300000, class=java.util.LinkedHashMap$Entry@50000064)
	key		50001238
	value		50001237
	before		50001231
	after		5000061b
OBJ 50001233 (sz=32, trace=300000, class=java.util.LinkedHashMap$Entry@50000064)
	key		50001235
	value		50001234
	before		5000122f
	after		50001231
OBJ 50001234 (sz=24, trace=300000, class=java.io.ExpiringCache$Entry@500000eb)
	val		50001236
OBJ 50001235 (sz=24, trace=300000, class=java.lang.String@500000b2)
	value		50001219
OBJ 50001236 (sz=24, trace=300000, class=java.lang.String@500000b2)
	value		5000121b
OBJ 50001237 (sz=24, trace=300000, class=java.io.ExpiringCache$Entry@500000eb)
	val		50001239
OBJ 50001238 (sz=24, trace=300000, class=java.lang.String@500000b2)
	value		50001002
OBJ 50001239 (sz=24, trace=300000, class=java.lang.String@500000b2)
	value		500011e8
OBJ 5000123a (sz=24, trace=300000, class=java.io.ExpiringCache$Entry@500000eb)
	val		5000123c
OBJ 5000123b (sz=24, trace=300000, class=java.lang.String@500000b2)
	value		5000120f
OBJ 5000123c (sz=24, trace=300000, class=java.lang.String@500000b2)
	value		50001211
OBJ 5000123d (sz=24, trace=300000, class=java.lang.String@500000b2)
	value		500013d4
OBJ 5000123e (sz=24, trace=300000, class=java.lang.String@500000b2)
	value		500013d3
OBJ 5000123f (sz=24, trace=300000, class=java.lang.String@500000b2)
	value		500013d2
ARR 50001240 (sz=120, trace=300000, nelems=0, elem type=java.lang.String[]@500000b3)
OBJ 50001241 (sz=24, trace=300000, class=java.lang.String@500000b2)
	value		50001322
OBJ 50001242 (sz=24, trace=300000, class=java.lang.String@500000b2)
	value		500012e6
OBJ 50001243 (sz=24, trace=300000, class=java.lang.String@500000b2)
	value		500012dc
OBJ 50001244 (sz=24, trace=300000, class=java.lang.String@500000b2)
	value		500012cc
OBJ 50001245 (sz=24, trace=300000, class=java.lang.String@500000b2)
	value		5000131e
OBJ 50001246 (sz=24, trace=300000, class=java.lang.String@500000b2)
	value		50001312
OBJ 50001247 (sz=24, trace=300000, class=java.lang.String@500000b2)
	value		500012f5
OBJ 50001248 (sz=24, trace=300000, class=java.lang.String@500000b2)
	value		500012c9
OBJ 50001249 (sz=24, trace=300000, class=java.lang.String@500000b2)
	value		500012f9
OBJ 5000124a (sz=24, trace=300000, class=java.lang.String@500000b2)
	value		50001292
OBJ 5000124b (sz=24, trace=300000, class=java.lang.String@500000b2)
	value		500013b3
OBJ 5000124c (sz=24, trace=300000, class=java.lang.String@500000b2)
	value		500012e5
OBJ 5000124d (sz=24, trace=300000, class=java.lang.String@500000b2)
	value		50001291
OBJ 5000124e (sz=24, trace=300000, class=java.lang.String@500000b2)
	value		500013ae
OBJ 5000124f (sz=24, trace=300000, class=java.lang.String@500000b2)
	value		500012db
OBJ 50001250 (sz=24, trace=300000, class=java.lang.String@500000b2)
	value		500013b1
OBJ 50001251 (sz=24, trace=300000, class=java.lang.String@500000b2)
	value		5000132e
OBJ 50001252 (sz=24, trace=300000, class=java.lang.String@500000b2)
	value		5000132d
OBJ 50001253 (sz=24, trace=300000, class=java.lang.String@500000b2)
	value		500012d3
OBJ 50001254 (sz=24, trace=300000, class=java.lang.String@500000b2)
	value		500012ed
OBJ 50001255 (sz=24, trace=300000, class=java.lang.String@500000b2)
	value		500012b5
OBJ 50001256 (sz=24, trace=300000, class=java.lang.String@500000b2)
	value		500013b4
OBJ 50001257 (sz=24, trace=300000, class=java.lang.String@500000b2)
	value		500013b0
OBJ 50001258 (sz=24, trace=300000, class=java.lang.String@500000b2)
	value		500012c8
OBJ 50001259 (sz=24, trace=300000, class=java.lang.String@500000b2)
	value		500013cd
OBJ 5000125a (sz=24, trace=300000, class=java.lang.String@500000b2)
	value		500013cc
OBJ 5000125b (sz=24, trace=300000, class=java.lang.String@500000b2)
	value		500013cb
OBJ 5000125c (sz=24, trace=300000, class=java.lang.String@500000b2)
	value		500013ca
OBJ 5000125d (sz=24, trace=300000, class=java.lang.String@500000b2)
	value		500013c9
OBJ 5000125e (sz=24, trace=300000, class=java.lang.String@500000b2)
	value		500013b2
OBJ 5000125f (sz=24, trace=300000, class=java.lang.String@500000b2)
	value		5000132c
OBJ 50001260 (sz=24, trace=300000, class=java.lang.String@500000b2)
	value		500012c4
OBJ 50001261 (sz=24, trace=300000, class=java.lang.String@500000b2)
	value		50001309
ARR 50001262 (sz=40, trace=300000, nelems=6, elem type=java.io.ObjectStreamField[]@5000004e)
	[0]		500013a7
	[1]		500013a8
	[2]		500013a9
	[3]		500013aa
	[4]		500013ab
	[5]		500013ac
OBJ 50001263 (sz=24, trace=300000, class=java.util.Locale@5000009c)
	_baseLocale	500012e7
	_extensions	5000128f
OBJ 50001264 (sz=24, trace=300000, class=java.util.Locale@5000009c)
	_baseLocale	50001294
	_extensions	5000128f
OBJ 50001265 (sz=24, trace=300000, class=java.util.Locale@5000009c)
	_baseLocale	5000130a
	_extensions	5000128f
OBJ 50001266 (sz=24, trace=300000, class=java.util.Locale@5000009c)
	_baseLocale	5000130d
	_extensions	5000128f
OBJ 50001267 (sz=24, trace=300000, class=java.util.Locale@5000009c)
	_baseLocale	50001290
	_extensions	5000128f
OBJ 50001268 (sz=24, trace=300000, class=java.util.Locale@5000009c)
	_baseLocale	500012cd
	_extensions	5000128f
OBJ 50001269 (sz=24, trace=300000, class=java.util.Locale@5000009c)
	_baseLocale	500012fa
	_extensions	5000128f
OBJ 5000126a (sz=24, trace=300000, class=java.util.Locale@5000009c)
	_baseLocale	50001323
	_extensions	5000128f
OBJ 5000126b (sz=24, trace=300000, class=java.util.Locale@5000009c)
	_baseLocale	500012f6
	_extensions	5000128f
OBJ 5000126c (sz=24, trace=300000, class=java.util.Locale@5000009c)
	_baseLocale	50001315
	_extensions	5000128f
OBJ 5000126d (sz=24, trace=300000, class=java.util.Locale@5000009c)
	_baseLocale	5000131f
	_extensions	5000128f
OBJ 5000126e (sz=24, trace=300000, class=java.util.Locale@5000009c)
	_baseLocale	500012dd
	_extensions	5000128f
OBJ 5000126f (sz=24, trace=300000, class=java.util.Locale@5000009c)
	_baseLocale	500012c5
	_extensions	5000128f
OBJ 50001270 (sz=24, trace=300000, class=java.util.Locale@5000009c)
	_baseLocale	500012b6
	_extensions	5000128f
OBJ 50001271 (sz=24, trace=300000, class=java.util.Locale@5000009c)
	_baseLocale	500012ee
	_extensions	5000128f
OBJ 50001272 (sz=24, trace=300000, class=java.util.Locale@5000009c)
	_baseLocale	500012d4
	_extensions	5000128f
OBJ 50001273 (sz=24, trace=300000, class=java.util.Locale@5000009c)
	_baseLocale	50001329
	_extensions	5000128f
OBJ 50001274 (sz=24, trace=300000, class=java.util.Locale@5000009c)
	_baseLocale	50001303
	_extensions	5000128f
OBJ 50001275 (sz=24, trace=300000, class=java.util.Locale@5000009c)
	_baseLocale	50001306
	_extensions	5000128f
OBJ 50001276 (sz=16, trace=300000, class=java.util.Locale$Cache@5000005b)
	_map		50001278
	_queue		50001277
OBJ 50001277 (sz=24, trace=300000, class=java.lang.ref.ReferenceQueue@50000113)
	lock		50001352
OBJ 50001278 (sz=40, trace=300000, class=java.util.concurrent.ConcurrentHashMap@50000086)
	segments	50001279
ARR 50001279 (sz=80, trace=300000, nelems=16, elem type=java.util.concurrent.ConcurrentHashMap$Segment[]@500000d5)
	[0]		5000127a
	[1]		5000127b
	[2]		5000127c
	[3]		5000127d
	[4]		5000127e
	[5]		5000127f
	[6]		50001280
	[7]		50001281
	[8]		50001282
	[9]		50001283
	[10]		50001284
	[11]		50001285
	[12]		50001286
	[13]		50001287
	[14]		50001288
	[15]		50001289
OBJ 5000127a (sz=32, trace=300000, class=java.util.concurrent.ConcurrentHashMap$Segment@500000d4)
	sync		500013a0
	table		5000139f
OBJ 5000127b (sz=32, trace=300000, class=java.util.concurrent.ConcurrentHashMap$Segment@500000d4)
	sync		5000139b
	table		5000139a
OBJ 5000127c (sz=32, trace=300000, class=java.util.concurrent.ConcurrentHashMap$Segment@500000d4)
	sync		50001396
	table		50001395
OBJ 5000127d (sz=32, trace=300000, class=java.util.concurrent.ConcurrentHashMap$Segment@500000d4)
	sync		50001391
	table		50001390
OBJ 5000127e (sz=32, trace=300000, class=java.util.concurrent.ConcurrentHashMap$Segment@500000d4)
	sync		5000138f
	table		5000138e
OBJ 5000127f (sz=32, trace=300000, class=java.util.concurrent.ConcurrentHashMap$Segment@500000d4)
	sync		5000138a
	table		50001389
OBJ 50001280 (sz=32, trace=300000, class=java.util.concurrent.ConcurrentHashMap$Segment@500000d4)
	sync		50001382
	table		50001381
OBJ 50001281 (sz=32, trace=300000, class=java.util.concurrent.ConcurrentHashMap$Segment@500000d4)
	sync		50001380
	table		5000137f
OBJ 50001282 (sz=32, trace=300000, class=java.util.concurrent.ConcurrentHashMap$Segment@500000d4)
	sync		5000137b
	table		5000137a
OBJ 50001283 (sz=32, trace=300000, class=java.util.concurrent.ConcurrentHashMap$Segment@500000d4)
	sync		50001376
	table		50001375
OBJ 50001284 (sz=32, trace=300000, class=java.util.concurrent.ConcurrentHashMap$Segment@500000d4)
	sync		5000136e
	table		5000136d
OBJ 50001285 (sz=32, trace=300000, class=java.util.concurrent.ConcurrentHashMap$Segment@500000d4)
	sync		50001366
	table		50001365
OBJ 50001286 (sz=32, trace=300000, class=java.util.concurrent.ConcurrentHashMap$Segment@500000d4)
	sync		50001361
	table		50001360
OBJ 50001287 (sz=32, trace=300000, class=java.util.concurrent.ConcurrentHashMap$Segment@500000d4)
	sync		50001359
	table		50001358
OBJ 50001288 (sz=32, trace=300000, class=java.util.concurrent.ConcurrentHashMap$Segment@500000d4)
	sync		50001354
	table		50001353
OBJ 50001289 (sz=32, trace=300000, class=java.util.concurrent.ConcurrentHashMap$Segment@500000d4)
	sync		5000128b
	table		5000128a
ARR 5000128a (sz=16, trace=300000, nelems=1, elem type=java.util.concurrent.ConcurrentHashMap$HashEntry[]@5000009f)
	[0]		5000128c
OBJ 5000128b (sz=24, trace=300000, class=java.util.concurrent.locks.ReentrantLock$NonfairSync@50000112)
OBJ 5000128c (sz=24, trace=300000, class=java.util.concurrent.ConcurrentHashMap$HashEntry@5000009e)
	key		5000128e
	value		5000128d
OBJ 5000128d (sz=40, trace=300000, class=sun.util.locale.LocaleObjectCache$CacheEntry@500000b0)
	referent	50001267
	queue		50001277
	_key		5000128e
OBJ 5000128e (sz=16, trace=300000, class=java.util.Locale$LocaleKey@500000c3)
	_base		50001290
	_exts		5000128f
OBJ 5000128f (sz=16, trace=300000, class=sun.util.locale.LocaleExtensions@50000092)
	_map		5000132f
	_id		50000f07
OBJ 50001290 (sz=32, trace=300000, class=sun.util.locale.BaseLocale@50000114)
	_language	5000124d
	_script		50000f07
	_region		5000124a
	_variant	50000f07
ARR 50001291 (sz=4, trace=300000, nelems=2, elem type=char[])
ARR 50001292 (sz=4, trace=300000, nelems=2, elem type=char[])
OBJ 50001293 (sz=24, trace=300000, class=java.lang.String@500000b2)
	value		50001296
OBJ 50001294 (sz=32, trace=300000, class=sun.util.locale.BaseLocale@50000114)
	_language	50000f07
	_script		50000f07
	_region		50000f07
	_variant	50000f07
OBJ 50001295 (sz=16, trace=300000, class=sun.util.locale.BaseLocale$Cache@500000ca)
	_map		50001298
	_queue		50001297
ARR 50001296 (sz=2, trace=300000, nelems=1, elem type=char[])
OBJ 50001297 (sz=24, trace=300000, class=java.lang.ref.ReferenceQueue@50000113)
	lock		500012b7
OBJ 50001298 (sz=40, trace=300000, class=java.util.concurrent.ConcurrentHashMap@50000086)
	segments	50001299
ARR 50001299 (sz=80, trace=300000, nelems=16, elem type=java.util.concurrent.ConcurrentHashMap$Segment[]@500000d5)
	[0]		5000129a
	[1]		5000129b
	[2]		5000129c
	[3]		5000129d
	[4]		5000129e
	[5]		5000129f
	[6]		500012a0
	[7]		500012a1
	[8]		500012a2
	[9]		500012a3
	[10]		500012a4
	[11]		500012a5
	[12]		500012a6
	[13]		500012a7
	[14]		500012a8
	[15]		500012a9
OBJ 5000129a (sz=32, trace=300000, class=java.util.concurrent.ConcurrentHashMap$Segment@500000d4)
	sync		5000132b
	table		5000132a
OBJ 5000129b (sz=32, trace=300000, class=java.util.concurrent.ConcurrentHashMap$Segment@500000d4)
	sync		50001325
	table		50001324
OBJ 5000129c (sz=32, trace=300000, class=java.util.concurrent.ConcurrentHashMap$Segment@500000d4)
	sync		50001319
	table		50001318
OBJ 5000129d (sz=32, trace=300000, class=java.util.concurrent.ConcurrentHashMap$Segment@500000d4)
	sync		50001317
	table		50001316
OBJ 5000129e (sz=32, trace=300000, class=java.util.concurrent.ConcurrentHashMap$Segment@500000d4)
	sync		50001310
	table		50000a62
OBJ 5000129f (sz=32, trace=300000, class=java.util.concurrent.ConcurrentHashMap$Segment@500000d4)
	sync		5000130f
	table		5000130e
OBJ 500012a0 (sz=32, trace=300000, class=java.util.concurrent.ConcurrentHashMap$Segment@500000d4)
	sync		500012fc
	table		500012fb
OBJ 500012a1 (sz=32, trace=300000, class=java.util.concurrent.ConcurrentHashMap$Segment@500000d4)
	sync		500012f0
	table		500012ef
OBJ 500012a2 (sz=32, trace=300000, class=java.util.concurrent.ConcurrentHashMap$Segment@500000d4)
	sync		500012e9
	table		500012e8
OBJ 500012a3 (sz=32, trace=300000, class=java.util.concurrent.ConcurrentHashMap$Segment@500000d4)
	sync		500012e1
	table		500012e0
OBJ 500012a4 (sz=32, trace=300000, class=java.util.concurrent.ConcurrentHashMap$Segment@500000d4)
	sync		500012d6
	table		500012d5
OBJ 500012a5 (sz=32, trace=300000, class=java.util.concurrent.ConcurrentHashMap$Segment@500000d4)
	sync		500012cf
	table		500012ce
OBJ 500012a6 (sz=32, trace=300000, class=java.util.concurrent.ConcurrentHashMap$Segment@500000d4)
	sync		500012c6
	table		50000a69
OBJ 500012a7 (sz=32, trace=300000, class=java.util.concurrent.ConcurrentHashMap$Segment@500000d4)
	sync		500012af
	table		500012ae
OBJ 500012a8 (sz=32, trace=300000, class=java.util.concurrent.ConcurrentHashMap$Segment@500000d4)
	sync		500012ad
	table		500012ac
OBJ 500012a9 (sz=32, trace=300000, class=java.util.concurrent.ConcurrentHashMap$Segment@500000d4)
	sync		500012ab
	table		500012aa
ARR 500012aa (sz=16, trace=300000, nelems=0, elem type=java.util.concurrent.ConcurrentHashMap$HashEntry[]@5000009f)
OBJ 500012ab (sz=24, trace=300000, class=java.util.concurrent.locks.ReentrantLock$NonfairSync@50000112)
ARR 500012ac (sz=16, trace=300000, nelems=0, elem type=java.util.concurrent.ConcurrentHashMap$HashEntry[]@5000009f)
OBJ 500012ad (sz=24, trace=300000, class=java.util.concurrent.locks.ReentrantLock$NonfairSync@50000112)
ARR 500012ae (sz=32, trace=300000, nelems=4, elem type=java.util.concurrent.ConcurrentHashMap$HashEntry[]@5000009f)
	[1]		500012b0
	[2]		500012b1
	[3]		500012b2
OBJ 500012af (sz=24, trace=300000, class=java.util.concurrent.locks.ReentrantLock$NonfairSync@50000112)
OBJ 500012b0 (sz=24, trace=300000, class=java.util.concurrent.ConcurrentHashMap$HashEntry@5000009e)
	key		500012c3
	value		500012c2
OBJ 500012b1 (sz=24, trace=300000, class=java.util.concurrent.ConcurrentHashMap$HashEntry@5000009e)
	key		500012c1
	value		500012c0
OBJ 500012b2 (sz=24, trace=300000, class=java.util.concurrent.ConcurrentHashMap$HashEntry@5000009e)
	key		500012b4
	value		500012b3
OBJ 500012b3 (sz=40, trace=300000, class=sun.util.locale.LocaleObjectCache$CacheEntry@500000b0)
	referent	500012b6
	queue		50001297
	_key		500012b4
OBJ 500012b4 (sz=32, trace=300000, class=sun.util.locale.BaseLocale$Key@500000a3)
	_lang		50001255
	_scrt		50000f07
	_regn		50000f07
	_vart		50000f07
ARR 500012b5 (sz=4, trace=300000, nelems=2, elem type=char[])
OBJ 500012b6 (sz=32, trace=300000, class=sun.util.locale.BaseLocale@50000114)
	_language	50001255
	_script		50000f07
	_region		50000f07
	_variant	50000f07
OBJ 500012b7 (sz=8, trace=300000, class=java.lang.ref.ReferenceQueue$Lock@50000087)
OBJ 500012b8 (sz=24, trace=300000, class=java.lang.ref.ReferenceQueue$Null@500000b4)
	lock		500012bb
OBJ 500012b9 (sz=24, trace=300000, class=java.lang.ref.ReferenceQueue$Null@500000b4)
	lock		500012ba
OBJ 500012ba (sz=8, trace=300000, class=java.lang.ref.ReferenceQueue$Lock@50000087)
OBJ 500012bb (sz=8, trace=300000, class=java.lang.ref.ReferenceQueue$Lock@50000087)
OBJ 500012bc (sz=24, trace=300000, class=java.lang.String@500000b2)
	value		500012bf
OBJ 500012bd (sz=24, trace=300000, class=java.lang.String@500000b2)
	value		500012be
ARR 500012be (sz=12, trace=300000, nelems=6, elem type=char[])
ARR 500012bf (sz=34, trace=300000, nelems=17, elem type=char[])
OBJ 500012c0 (sz=40, trace=300000, class=sun.util.locale.LocaleObjectCache$CacheEntry@500000b0)
	referent	50001290
	queue		50001297
	_key		500012c1
OBJ 500012c1 (sz=32, trace=300000, class=sun.util.locale.BaseLocale$Key@500000a3)
	_lang		5000124d
	_scrt		50000f07
	_regn		5000124a
	_vart		50000f07
OBJ 500012c2 (sz=40, trace=300000, class=sun.util.locale.LocaleObjectCache$CacheEntry@500000b0)
	referent	500012c5
	queue		50001297
	_key		500012c3
OBJ 500012c3 (sz=32, trace=300000, class=sun.util.locale.BaseLocale$Key@500000a3)
	_lang		50001260
	_scrt		50000f07
	_regn		50000f07
	_vart		50000f07
ARR 500012c4 (sz=4, trace=300000, nelems=2, elem type=char[])
OBJ 500012c5 (sz=32, trace=300000, class=sun.util.locale.BaseLocale@50000114)
	_language	50001260
	_script		50000f07
	_region		50000f07
	_variant	50000f07
OBJ 500012c6 (sz=24, trace=300000, class=java.util.concurrent.locks.ReentrantLock$NonfairSync@50000112)
OBJ 500012c7 (sz=24, trace=300000, class=java.util.concurrent.ConcurrentHashMap$HashEntry@5000009e)
	key		500012cb
	value		500012ca
ARR 500012c8 (sz=4, trace=300000, nelems=2, elem type=char[])
ARR 500012c9 (sz=4, trace=300000, nelems=2, elem type=char[])
OBJ 500012ca (sz=40, trace=300000, class=sun.util.locale.LocaleObjectCache$CacheEntry@500000b0)
	referent	500012cd
	queue		50001297
	_key		500012cb
OBJ 500012cb (sz=32, trace=300000, class=sun.util.locale.BaseLocale$Key@500000a3)
	_lang		5000124d
	_scrt		50000f07
	_regn		50001244
	_vart		50000f07
ARR 500012cc (sz=4, trace=300000, nelems=2, elem type=char[])
OBJ 500012cd (sz=32, trace=300000, class=sun.util.locale.BaseLocale@50000114)
	_language	5000124d
	_script		50000f07
	_region		50001244
	_variant	50000f07
ARR 500012ce (sz=16, trace=300000, nelems=1, elem type=java.util.concurrent.ConcurrentHashMap$HashEntry[]@5000009f)
	[0]		500012d0
OBJ 500012cf (sz=24, trace=300000, class=java.util.concurrent.locks.ReentrantLock$NonfairSync@50000112)
OBJ 500012d0 (sz=24, trace=300000, class=java.util.concurrent.ConcurrentHashMap$HashEntry@5000009e)
	key		500012d2
	value		500012d1
OBJ 500012d1 (sz=40, trace=300000, class=sun.util.locale.LocaleObjectCache$CacheEntry@500000b0)
	referent	500012d4
	queue		50001297
	_key		500012d2
OBJ 500012d2 (sz=32, trace=300000, class=sun.util.locale.BaseLocale$Key@500000a3)
	_lang		50001253
	_scrt		50000f07
	_regn		50000f07
	_vart		50000f07
ARR 500012d3 (sz=4, trace=300000, nelems=2, elem type=char[])
OBJ 500012d4 (sz=32, trace=300000, class=sun.util.locale.BaseLocale@50000114)
	_language	50001253
	_script		50000f07
	_region		50000f07
	_variant	50000f07
ARR 500012d5 (sz=24, trace=300000, nelems=2, elem type=java.util.concurrent.ConcurrentHashMap$HashEntry[]@5000009f)
	[0]		500012d7
	[1]		500012d8
OBJ 500012d6 (sz=24, trace=300000, class=java.util.concurrent.locks.ReentrantLock$NonfairSync@50000112)
OBJ 500012d7 (sz=24, trace=300000, class=java.util.concurrent.ConcurrentHashMap$HashEntry@5000009e)
	key		500012df
	value		500012de
OBJ 500012d8 (sz=24, trace=300000, class=java.util.concurrent.ConcurrentHashMap$HashEntry@5000009e)
	key		500012da
	value		500012d9
OBJ 500012d9 (sz=40, trace=300000, class=sun.util.locale.LocaleObjectCache$CacheEntry@500000b0)
	referent	500012dd
	queue		50001297
	_key		500012da
OBJ 500012da (sz=32, trace=300000, class=sun.util.locale.BaseLocale$Key@500000a3)
	_lang		5000124f
	_scrt		50000f07
	_regn		50001243
	_vart		50000f07
ARR 500012db (sz=4, trace=300000, nelems=2, elem type=char[])
ARR 500012dc (sz=4, trace=300000, nelems=2, elem type=char[])
OBJ 500012dd (sz=32, trace=300000, class=sun.util.locale.BaseLocale@50000114)
	_language	5000124f
	_script		50000f07
	_region		50001243
	_variant	50000f07
OBJ 500012de (sz=40, trace=300000, class=sun.util.locale.LocaleObjectCache$CacheEntry@500000b0)
	referent	50001294
	queue		50001297
	_key		500012df
OBJ 500012df (sz=32, trace=300000, class=sun.util.locale.BaseLocale$Key@500000a3)
	_lang		50000f07
	_scrt		50000f07
	_regn		50000f07
	_vart		50000f07
ARR 500012e0 (sz=16, trace=300000, nelems=1, elem type=java.util.concurrent.ConcurrentHashMap$HashEntry[]@5000009f)
	[0]		500012e2
OBJ 500012e1 (sz=24, trace=300000, class=java.util.concurrent.locks.ReentrantLock$NonfairSync@50000112)
OBJ 500012e2 (sz=24, trace=300000, class=java.util.concurrent.ConcurrentHashMap$HashEntry@5000009e)
	key		500012e4
	value		500012e3
OBJ 500012e3 (sz=40, trace=300000, class=sun.util.locale.LocaleObjectCache$CacheEntry@500000b0)
	referent	500012e7
	queue		50001297
	_key		500012e4
OBJ 500012e4 (sz=32, trace=300000, class=sun.util.locale.BaseLocale$Key@500000a3)
	_lang		5000124c
	_scrt		50000f07
	_regn		50001242
	_vart		50000f07
ARR 500012e5 (sz=4, trace=300000, nelems=2, elem type=char[])
ARR 500012e6 (sz=4, trace=300000, nelems=2, elem type=char[])
OBJ 500012e7 (sz=32, trace=300000, class=sun.util.locale.BaseLocale@50000114)
	_language	5000124c
	_script		50000f07
	_region		50001242
	_variant	50000f07
ARR 500012e8 (sz=16, trace=300000, nelems=1, elem type=java.util.concurrent.ConcurrentHashMap$HashEntry[]@5000009f)
	[0]		500012ea
OBJ 500012e9 (sz=24, trace=300000, class=java.util.concurrent.locks.ReentrantLock$NonfairSync@50000112)
OBJ 500012ea (sz=24, trace=300000, class=java.util.concurrent.ConcurrentHashMap$HashEntry@5000009e)
	key		500012ec
	value		500012eb
OBJ 500012eb (sz=40, trace=300000, class=sun.util.locale.LocaleObjectCache$CacheEntry@500000b0)
	referent	500012ee
	queue		50001297
	_key		500012ec
OBJ 500012ec (sz=32, trace=300000, class=sun.util.locale.BaseLocale$Key@500000a3)
	_lang		50001254
	_scrt		50000f07
	_regn		50000f07
	_vart		50000f07
ARR 500012ed (sz=4, trace=300000, nelems=2, elem type=char[])
OBJ 500012ee (sz=32, trace=300000, class=sun.util.locale.BaseLocale@50000114)
	_language	50001254
	_script		50000f07
	_region		50000f07
	_variant	50000f07
ARR 500012ef (sz=24, trace=300000, nelems=2, elem type=java.util.concurrent.ConcurrentHashMap$HashEntry[]@5000009f)
	[0]		500012f1
	[1]		500012f2
OBJ 500012f0 (sz=24, trace=300000, class=java.util.concurrent.locks.ReentrantLock$NonfairSync@50000112)
OBJ 500012f1 (sz=24, trace=300000, class=java.util.concurrent.ConcurrentHashMap$HashEntry@5000009e)
	key		500012f8
	value		500012f7
OBJ 500012f2 (sz=24, trace=300000, class=java.util.concurrent.ConcurrentHashMap$HashEntry@5000009e)
	key		500012f4
	value		500012f3
OBJ 500012f3 (sz=40, trace=300000, class=sun.util.locale.LocaleObjectCache$CacheEntry@500000b0)
	referent	500012f6
	queue		50001297
	_key		500012f4
OBJ 500012f4 (sz=32, trace=300000, class=sun.util.locale.BaseLocale$Key@500000a3)
	_lang		50001255
	_scrt		50000f07
	_regn		50001247
	_vart		50000f07
ARR 500012f5 (sz=4, trace=300000, nelems=2, elem type=char[])
OBJ 500012f6 (sz=32, trace=300000, class=sun.util.locale.BaseLocale@50000114)
	_language	50001255
	_script		50000f07
	_region		50001247
	_variant	50000f07
OBJ 500012f7 (sz=40, trace=300000, class=sun.util.locale.LocaleObjectCache$CacheEntry@500000b0)
	referent	500012fa
	queue		50001297
	_key		500012f8
OBJ 500012f8 (sz=32, trace=300000, class=sun.util.locale.BaseLocale$Key@500000a3)
	_lang		50001260
	_scrt		50000f07
	_regn		50001249
	_vart		50000f07
ARR 500012f9 (sz=4, trace=300000, nelems=2, elem type=char[])
OBJ 500012fa (sz=32, trace=300000, class=sun.util.locale.BaseLocale@50000114)
	_language	50001260
	_script		50000f07
	_region		50001249
	_variant	50000f07
ARR 500012fb (sz=32, trace=300000, nelems=3, elem type=java.util.concurrent.ConcurrentHashMap$HashEntry[]@5000009f)
	[0]		500012fd
	[1]		500012fe
	[2]		500012ff
OBJ 500012fc (sz=24, trace=300000, class=java.util.concurrent.locks.ReentrantLock$NonfairSync@50000112)
OBJ 500012fd (sz=24, trace=300000, class=java.util.concurrent.ConcurrentHashMap$HashEntry@5000009e)
	key		5000130c
	value		5000130b
OBJ 500012fe (sz=24, trace=300000, class=java.util.concurrent.ConcurrentHashMap$HashEntry@5000009e)
	key		50001308
	value		50001307
OBJ 500012ff (sz=24, trace=300000, class=java.util.concurrent.ConcurrentHashMap$HashEntry@5000009e)
	key		50001302
	value		50001301
	next		50001300
OBJ 50001300 (sz=24, trace=300000, class=java.util.concurrent.ConcurrentHashMap$HashEntry@5000009e)
	key		50001305
	value		50001304
OBJ 50001301 (sz=40, trace=300000, class=sun.util.locale.LocaleObjectCache$CacheEntry@500000b0)
	referent	50001303
	queue		50001297
	_key		50001302
OBJ 50001302 (sz=32, trace=300000, class=sun.util.locale.BaseLocale$Key@500000a3)
	_lang		5000124f
	_scrt		50000f07
	_regn		50000f07
	_vart		50000f07
OBJ 50001303 (sz=32, trace=300000, class=sun.util.locale.BaseLocale@50000114)
	_language	5000124f
	_script		50000f07
	_region		50000f07
	_variant	50000f07
OBJ 50001304 (sz=40, trace=300000, class=sun.util.locale.LocaleObjectCache$CacheEntry@500000b0)
	referent	50001306
	queue		50001297
	_key		50001305
OBJ 50001305 (sz=32, trace=300000, class=sun.util.locale.BaseLocale$Key@500000a3)
	_lang		5000124d
	_scrt		50000f07
	_regn		50000f07
	_vart		50000f07
OBJ 50001306 (sz=32, trace=300000, class=sun.util.locale.BaseLocale@50000114)
	_language	5000124d
	_script		50000f07
	_region		50000f07
	_variant	50000f07
OBJ 50001307 (sz=40, trace=300000, class=sun.util.locale.LocaleObjectCache$CacheEntry@500000b0)
	referent	5000130a
	queue		50001297
	_key		50001308
OBJ 50001308 (sz=32, trace=300000, class=sun.util.locale.BaseLocale$Key@500000a3)
	_lang		5000124f
	_scrt		50000f07
	_regn		50001261
	_vart		50000f07
ARR 50001309 (sz=4, trace=300000, nelems=2, elem type=char[])
OBJ 5000130a (sz=32, trace=300000, class=sun.util.locale.BaseLocale@50000114)
	_language	5000124f
	_script		50000f07
	_region		50001261
	_variant	50000f07
OBJ 5000130b (sz=40, trace=300000, class=sun.util.locale.LocaleObjectCache$CacheEntry@500000b0)
	referent	5000130d
	queue		50001297
	_key		5000130c
OBJ 5000130c (sz=32, trace=300000, class=sun.util.locale.BaseLocale$Key@500000a3)
	_lang		5000124d
	_scrt		50000f07
	_regn		50001261
	_vart		50000f07
OBJ 5000130d (sz=32, trace=300000, class=sun.util.locale.BaseLocale@50000114)
	_language	5000124d
	_script		50000f07
	_region		50001261
	_variant	50000f07
ARR 5000130e (sz=16, trace=300000, nelems=0, elem type=java.util.concurrent.ConcurrentHashMap$HashEntry[]@5000009f)
OBJ 5000130f (sz=24, trace=300000, class=java.util.concurrent.locks.ReentrantLock$NonfairSync@50000112)
OBJ 50001310 (sz=24, trace=300000, class=java.util.concurrent.locks.ReentrantLock$NonfairSync@50000112)
OBJ 50001311 (sz=24, trace=300000, class=java.util.concurrent.ConcurrentHashMap$HashEntry@5000009e)
	key		50001314
	value		50001313
ARR 50001312 (sz=4, trace=300000, nelems=2, elem type=char[])
OBJ 50001313 (sz=40, trace=300000, class=sun.util.locale.LocaleObjectCache$CacheEntry@500000b0)
	referent	50001315
	queue		50001297
	_key		50001314
OBJ 50001314 (sz=32, trace=300000, class=sun.util.locale.BaseLocale$Key@500000a3)
	_lang		50001254
	_scrt		50000f07
	_regn		50001246
	_vart		50000f07
OBJ 50001315 (sz=32, trace=300000, class=sun.util.locale.BaseLocale@50000114)
	_language	50001254
	_script		50000f07
	_region		50001246
	_variant	50000f07
ARR 50001316 (sz=16, trace=300000, nelems=0, elem type=java.util.concurrent.ConcurrentHashMap$HashEntry[]@5000009f)
OBJ 50001317 (sz=24, trace=300000, class=java.util.concurrent.locks.ReentrantLock$NonfairSync@50000112)
ARR 50001318 (sz=24, trace=300000, nelems=2, elem type=java.util.concurrent.ConcurrentHashMap$HashEntry[]@5000009f)
	[0]		5000131a
	[1]		5000131b
OBJ 50001319 (sz=24, trace=300000, class=java.util.concurrent.locks.ReentrantLock$NonfairSync@50000112)
OBJ 5000131a (sz=24, trace=300000, class=java.util.concurrent.ConcurrentHashMap$HashEntry@5000009e)
	key		50001321
	value		50001320
OBJ 5000131b (sz=24, trace=300000, class=java.util.concurrent.ConcurrentHashMap$HashEntry@5000009e)
	key		5000131d
	value		5000131c
OBJ 5000131c (sz=40, trace=300000, class=sun.util.locale.LocaleObjectCache$CacheEntry@500000b0)
	referent	5000131f
	queue		50001297
	_key		5000131d
OBJ 5000131d (sz=32, trace=300000, class=sun.util.locale.BaseLocale$Key@500000a3)
	_lang		50001253
	_scrt		50000f07
	_regn		50001245
	_vart		50000f07
ARR 5000131e (sz=4, trace=300000, nelems=2, elem type=char[])
OBJ 5000131f (sz=32, trace=300000, class=sun.util.locale.BaseLocale@50000114)
	_language	50001253
	_script		50000f07
	_region		50001245
	_variant	50000f07
OBJ 50001320 (sz=40, trace=300000, class=sun.util.locale.LocaleObjectCache$CacheEntry@500000b0)
	referent	50001323
	queue		50001297
	_key		50001321
OBJ 50001321 (sz=32, trace=300000, class=sun.util.locale.BaseLocale$Key@500000a3)
	_lang		50001260
	_scrt		50000f07
	_regn		50001241
	_vart		50000f07
ARR 50001322 (sz=4, trace=300000, nelems=2, elem type=char[])
OBJ 50001323 (sz=32, trace=300000, class=sun.util.locale.BaseLocale@50000114)
	_language	50001260
	_script		50000f07
	_region		50001241
	_variant	50000f07
ARR 50001324 (sz=16, trace=300000, nelems=1, elem type=java.util.concurrent.ConcurrentHashMap$HashEntry[]@5000009f)
	[0]		50001326
OBJ 50001325 (sz=24, trace=300000, class=java.util.concurrent.locks.ReentrantLock$NonfairSync@50000112)
OBJ 50001326 (sz=24, trace=300000, class=java.util.concurrent.ConcurrentHashMap$HashEntry@5000009e)
	key		50001328
	value		50001327
OBJ 50001327 (sz=40, trace=300000, class=sun.util.locale.LocaleObjectCache$CacheEntry@500000b0)
	referent	50001329
	queue		50001297
	_key		50001328
OBJ 50001328 (sz=32, trace=300000, class=sun.util.locale.BaseLocale$Key@500000a3)
	_lang		5000124c
	_scrt		50000f07
	_regn		50000f07
	_vart		50000f07
OBJ 50001329 (sz=32, trace=300000, class=sun.util.locale.BaseLocale@50000114)
	_language	5000124c
	_script		50000f07
	_region		50000f07
	_variant	50000f07
ARR 5000132a (sz=16, trace=300000, nelems=0, elem type=java.util.concurrent.ConcurrentHashMap$HashEntry[]@5000009f)
OBJ 5000132b (sz=24, trace=300000, class=java.util.concurrent.locks.ReentrantLock$NonfairSync@50000112)
ARR 5000132c (sz=4, trace=300000, nelems=2, elem type=char[])
ARR 5000132d (sz=4, trace=300000, nelems=2, elem type=char[])
ARR 5000132e (sz=4, trace=300000, nelems=2, elem type=char[])
OBJ 5000132f (sz=32, trace=300000, class=java.util.Collections$UnmodifiableSortedMap@5000005e)
	m		50001330
	sm		50001330
OBJ 50001330 (sz=48, trace=300000, class=java.util.TreeMap@5000004f)
OBJ 50001331 (sz=8, trace=300000, class=java.lang.Object@500000f9)
OBJ 50001332 (sz=24, trace=300000, class=java.lang.String@500000b2)
	value		5000134e
OBJ 50001333 (sz=24, trace=300000, class=java.lang.String@500000b2)
	value		50001351
OBJ 50001334 (sz=16, trace=300000, class=sun.util.locale.LocaleExtensions@50000092)
	_map		5000134f
	_id		50001333
OBJ 50001335 (sz=16, trace=300000, class=sun.util.locale.LocaleExtensions@50000092)
	_map		50001336
	_id		50001332
OBJ 50001336 (sz=48, trace=300000, class=java.util.TreeMap@5000004f)
	root		50001337
OBJ 50001337 (sz=32, trace=300000, class=java.util.TreeMap$Entry@500000f4)
	key		5000119e
	value		50001338
OBJ 50001338 (sz=24, trace=300000, class=sun.util.locale.UnicodeLocaleExtension@50000149)
	_value		5000133b
	_attributes	5000133a
	_keywords	50001339
OBJ 50001339 (sz=48, trace=300000, class=java.util.TreeMap@5000004f)
	root		5000133f
OBJ 5000133a (sz=16, trace=300000, class=java.util.TreeSet@50000018)
	m		5000133d
OBJ 5000133b (sz=24, trace=300000, class=java.lang.String@500000b2)
	value		5000133c
ARR 5000133c (sz=22, trace=300000, nelems=11, elem type=char[])
OBJ 5000133d (sz=48, trace=300000, class=java.util.TreeMap@5000004f)
OBJ 5000133e (sz=8, trace=300000, class=java.lang.Object@500000f9)
OBJ 5000133f (sz=32, trace=300000, class=java.util.TreeMap$Entry@500000f4)
	key		50001341
	value		50001340
OBJ 50001340 (sz=24, trace=300000, class=java.lang.String@500000b2)
	value		50001343
OBJ 50001341 (sz=24, trace=300000, class=java.lang.String@500000b2)
	value		50001342
ARR 50001342 (sz=4, trace=300000, nelems=2, elem type=char[])
ARR 50001343 (sz=16, trace=300000, nelems=8, elem type=char[])
OBJ 50001344 (sz=24, trace=300000, class=java.lang.String@500000b2)
	value		5000134c
OBJ 50001345 (sz=24, trace=300000, class=java.lang.String@500000b2)
	value		5000134a
OBJ 50001346 (sz=24, trace=300000, class=java.lang.String@500000b2)
	value		5000134d
OBJ 50001347 (sz=24, trace=300000, class=sun.util.locale.UnicodeLocaleExtension@50000149)
	_value		50001345
	_attributes	5000133a
	_keywords	50001349
OBJ 50001348 (sz=48, trace=300000, class=java.util.TreeMap@5000004f)
OBJ 50001349 (sz=48, trace=300000, class=java.util.TreeMap@5000004f)
	root		5000134b
ARR 5000134a (sz=14, trace=300000, nelems=7, elem type=char[])
OBJ 5000134b (sz=32, trace=300000, class=java.util.TreeMap$Entry@500000f4)
	key		50001344
	value		50001346
ARR 5000134c (sz=4, trace=300000, nelems=2, elem type=char[])
ARR 5000134d (sz=8, trace=300000, nelems=4, elem type=char[])
ARR 5000134e (sz=26, trace=300000, nelems=13, elem type=char[])
OBJ 5000134f (sz=48, trace=300000, class=java.util.TreeMap@5000004f)
	root		50001350
OBJ 50001350 (sz=32, trace=300000, class=java.util.TreeMap$Entry@500000f4)
	key		5000119e
	value		50001347
ARR 50001351 (sz=18, trace=300000, nelems=9, elem type=char[])
OBJ 50001352 (sz=8, trace=300000, class=java.lang.ref.ReferenceQueue$Lock@50000087)
ARR 50001353 (sz=16, trace=300000, nelems=1, elem type=java.util.concurrent.ConcurrentHashMap$HashEntry[]@5000009f)
	[0]		50001355
OBJ 50001354 (sz=24, trace=300000, class=java.util.concurrent.locks.ReentrantLock$NonfairSync@50000112)
OBJ 50001355 (sz=24, trace=300000, class=java.util.concurrent.ConcurrentHashMap$HashEntry@5000009e)
	key		50001357
	value		50001356
OBJ 50001356 (sz=40, trace=300000, class=sun.util.locale.LocaleObjectCache$CacheEntry@500000b0)
	referent	5000126c
	queue		50001277
	_key		50001357
OBJ 50001357 (sz=16, trace=300000, class=java.util.Locale$LocaleKey@500000c3)
	_base		50001315
	_exts		5000128f
ARR 50001358 (sz=24, trace=300000, nelems=2, elem type=java.util.concurrent.ConcurrentHashMap$HashEntry[]@5000009f)
	[1]		5000135a
OBJ 50001359 (sz=24, trace=300000, class=java.util.concurrent.locks.ReentrantLock$NonfairSync@50000112)
OBJ 5000135a (sz=24, trace=300000, class=java.util.concurrent.ConcurrentHashMap$HashEntry@5000009e)
	key		5000135d
	value		5000135c
	next		5000135b
OBJ 5000135b (sz=24, trace=300000, class=java.util.concurrent.ConcurrentHashMap$HashEntry@5000009e)
	key		5000135f
	value		5000135e
OBJ 5000135c (sz=40, trace=300000, class=sun.util.locale.LocaleObjectCache$CacheEntry@500000b0)
	referent	5000126f
	queue		50001277
	_key		5000135d
OBJ 5000135d (sz=16, trace=300000, class=java.util.Locale$LocaleKey@500000c3)
	_base		500012c5
	_exts		5000128f
OBJ 5000135e (sz=40, trace=300000, class=sun.util.locale.LocaleObjectCache$CacheEntry@500000b0)
	referent	50001270
	queue		50001277
	_key		5000135f
OBJ 5000135f (sz=16, trace=300000, class=java.util.Locale$LocaleKey@500000c3)
	_base		500012b6
	_exts		5000128f
ARR 50001360 (sz=16, trace=300000, nelems=1, elem type=java.util.concurrent.ConcurrentHashMap$HashEntry[]@5000009f)
	[0]		50001362
OBJ 50001361 (sz=24, trace=300000, class=java.util.concurrent.locks.ReentrantLock$NonfairSync@50000112)
OBJ 50001362 (sz=24, trace=300000, class=java.util.concurrent.ConcurrentHashMap$HashEntry@5000009e)
	key		50001364
	value		50001363
OBJ 50001363 (sz=40, trace=300000, class=sun.util.locale.LocaleObjectCache$CacheEntry@500000b0)
	referent	50001269
	queue		50001277
	_key		50001364
OBJ 50001364 (sz=16, trace=300000, class=java.util.Locale$LocaleKey@500000c3)
	_base		500012fa
	_exts		5000128f
ARR 50001365 (sz=24, trace=300000, nelems=1, elem type=java.util.concurrent.ConcurrentHashMap$HashEntry[]@5000009f)
	[0]		50001367
OBJ 50001366 (sz=24, trace=300000, class=java.util.concurrent.locks.ReentrantLock$NonfairSync@50000112)
OBJ 50001367 (sz=24, trace=300000, class=java.util.concurrent.ConcurrentHashMap$HashEntry@5000009e)
	key		5000136a
	value		50001369
	next		50001368
OBJ 50001368 (sz=24, trace=300000, class=java.util.concurrent.ConcurrentHashMap$HashEntry@5000009e)
	key		5000136c
	value		5000136b
OBJ 50001369 (sz=40, trace=300000, class=sun.util.locale.LocaleObjectCache$CacheEntry@500000b0)
	referent	5000126d
	queue		50001277
	_key		5000136a
OBJ 5000136a (sz=16, trace=300000, class=java.util.Locale$LocaleKey@500000c3)
	_base		5000131f
	_exts		5000128f
OBJ 5000136b (sz=40, trace=300000, class=sun.util.locale.LocaleObjectCache$CacheEntry@500000b0)
	referent	50001272
	queue		50001277
	_key		5000136c
OBJ 5000136c (sz=16, trace=300000, class=java.util.Locale$LocaleKey@500000c3)
	_base		500012d4
	_exts		5000128f
ARR 5000136d (sz=24, trace=300000, nelems=2, elem type=java.util.concurrent.ConcurrentHashMap$HashEntry[]@5000009f)
	[0]		5000136f
	[1]		50001370
OBJ 5000136e (sz=24, trace=300000, class=java.util.concurrent.locks.ReentrantLock$NonfairSync@50000112)
OBJ 5000136f (sz=24, trace=300000, class=java.util.concurrent.ConcurrentHashMap$HashEntry@5000009e)
	key		50001374
	value		50001373
OBJ 50001370 (sz=24, trace=300000, class=java.util.concurrent.ConcurrentHashMap$HashEntry@5000009e)
	key		50001372
	value		50001371
OBJ 50001371 (sz=40, trace=300000, class=sun.util.locale.LocaleObjectCache$CacheEntry@500000b0)
	referent	5000126a
	queue		50001277
	_key		50001372
OBJ 50001372 (sz=16, trace=300000, class=java.util.Locale$LocaleKey@500000c3)
	_base		50001323
	_exts		5000128f
OBJ 50001373 (sz=40, trace=300000, class=sun.util.locale.LocaleObjectCache$CacheEntry@500000b0)
	referent	50001264
	queue		50001277
	_key		50001374
OBJ 50001374 (sz=16, trace=300000, class=java.util.Locale$LocaleKey@500000c3)
	_base		50001294
	_exts		5000128f
ARR 50001375 (sz=16, trace=300000, nelems=1, elem type=java.util.concurrent.ConcurrentHashMap$HashEntry[]@5000009f)
	[0]		50001377
OBJ 50001376 (sz=24, trace=300000, class=java.util.concurrent.locks.ReentrantLock$NonfairSync@50000112)
OBJ 50001377 (sz=24, trace=300000, class=java.util.concurrent.ConcurrentHashMap$HashEntry@5000009e)
	key		50001379
	value		50001378
OBJ 50001378 (sz=40, trace=300000, class=sun.util.locale.LocaleObjectCache$CacheEntry@500000b0)
	referent	50001266
	queue		50001277
	_key		50001379
OBJ 50001379 (sz=16, trace=300000, class=java.util.Locale$LocaleKey@500000c3)
	_base		5000130d
	_exts		5000128f
ARR 5000137a (sz=16, trace=300000, nelems=1, elem type=java.util.concurrent.ConcurrentHashMap$HashEntry[]@5000009f)
	[0]		5000137c
OBJ 5000137b (sz=24, trace=300000, class=java.util.concurrent.locks.ReentrantLock$NonfairSync@50000112)
OBJ 5000137c (sz=24, trace=300000, class=java.util.concurrent.ConcurrentHashMap$HashEntry@5000009e)
	key		5000137e
	value		5000137d
OBJ 5000137d (sz=40, trace=300000, class=sun.util.locale.LocaleObjectCache$CacheEntry@500000b0)
	referent	50001271
	queue		50001277
	_key		5000137e
OBJ 5000137e (sz=16, trace=300000, class=java.util.Locale$LocaleKey@500000c3)
	_base		500012ee
	_exts		5000128f
ARR 5000137f (sz=16, trace=300000, nelems=0, elem type=java.util.concurrent.ConcurrentHashMap$HashEntry[]@5000009f)
OBJ 50001380 (sz=24, trace=300000, class=java.util.concurrent.locks.ReentrantLock$NonfairSync@50000112)
ARR 50001381 (sz=24, trace=300000, nelems=1, elem type=java.util.concurrent.ConcurrentHashMap$HashEntry[]@5000009f)
	[0]		50001383
OBJ 50001382 (sz=24, trace=300000, class=java.util.concurrent.locks.ReentrantLock$NonfairSync@50000112)
OBJ 50001383 (sz=24, trace=300000, class=java.util.concurrent.ConcurrentHashMap$HashEntry@5000009e)
	key		50001386
	value		50001385
	next		50001384
OBJ 50001384 (sz=24, trace=300000, class=java.util.concurrent.ConcurrentHashMap$HashEntry@5000009e)
	key		50001388
	value		50001387
OBJ 50001385 (sz=40, trace=300000, class=sun.util.locale.LocaleObjectCache$CacheEntry@500000b0)
	referent	50001274
	queue		50001277
	_key		50001386
OBJ 50001386 (sz=16, trace=300000, class=java.util.Locale$LocaleKey@500000c3)
	_base		50001303
	_exts		5000128f
OBJ 50001387 (sz=40, trace=300000, class=sun.util.locale.LocaleObjectCache$CacheEntry@500000b0)
	referent	50001275
	queue		50001277
	_key		50001388
OBJ 50001388 (sz=16, trace=300000, class=java.util.Locale$LocaleKey@500000c3)
	_base		50001306
	_exts		5000128f
ARR 50001389 (sz=16, trace=300000, nelems=1, elem type=java.util.concurrent.ConcurrentHashMap$HashEntry[]@5000009f)
	[0]		5000138b
OBJ 5000138a (sz=24, trace=300000, class=java.util.concurrent.locks.ReentrantLock$NonfairSync@50000112)
OBJ 5000138b (sz=24, trace=300000, class=java.util.concurrent.ConcurrentHashMap$HashEntry@5000009e)
	key		5000138d
	value		5000138c
OBJ 5000138c (sz=40, trace=300000, class=sun.util.locale.LocaleObjectCache$CacheEntry@500000b0)
	referent	5000126b
	queue		50001277
	_key		5000138d
OBJ 5000138d (sz=16, trace=300000, class=java.util.Locale$LocaleKey@500000c3)
	_base		500012f6
	_exts		5000128f
ARR 5000138e (sz=16, trace=300000, nelems=0, elem type=java.util.concurrent.ConcurrentHashMap$HashEntry[]@5000009f)
OBJ 5000138f (sz=24, trace=300000, class=java.util.concurrent.locks.ReentrantLock$NonfairSync@50000112)
ARR 50001390 (sz=16, trace=300000, nelems=1, elem type=java.util.concurrent.ConcurrentHashMap$HashEntry[]@5000009f)
	[0]		50001392
OBJ 50001391 (sz=24, trace=300000, class=java.util.concurrent.locks.ReentrantLock$NonfairSync@50000112)
OBJ 50001392 (sz=24, trace=300000, class=java.util.concurrent.ConcurrentHashMap$HashEntry@5000009e)
	key		50001394
	value		50001393
OBJ 50001393 (sz=40, trace=300000, class=sun.util.locale.LocaleObjectCache$CacheEntry@500000b0)
	referent	50001268
	queue		50001277
	_key		50001394
OBJ 50001394 (sz=16, trace=300000, class=java.util.Locale$LocaleKey@500000c3)
	_base		500012cd
	_exts		5000128f
ARR 50001395 (sz=16, trace=300000, nelems=1, elem type=java.util.concurrent.ConcurrentHashMap$HashEntry[]@5000009f)
	[0]		50001397
OBJ 50001396 (sz=24, trace=300000, class=java.util.concurrent.locks.ReentrantLock$NonfairSync@50000112)
OBJ 50001397 (sz=24, trace=300000, class=java.util.concurrent.ConcurrentHashMap$HashEntry@5000009e)
	key		50001399
	value		50001398
OBJ 50001398 (sz=40, trace=300000, class=sun.util.locale.LocaleObjectCache$CacheEntry@500000b0)
	referent	50001265
	queue		50001277
	_key		50001399
OBJ 50001399 (sz=16, trace=300000, class=java.util.Locale$LocaleKey@500000c3)
	_base		5000130a
	_exts		5000128f
ARR 5000139a (sz=16, trace=300000, nelems=1, elem type=java.util.concurrent.ConcurrentHashMap$HashEntry[]@5000009f)
	[0]		5000139c
OBJ 5000139b (sz=24, trace=300000, class=java.util.concurrent.locks.ReentrantLock$NonfairSync@50000112)
OBJ 5000139c (sz=24, trace=300000, class=java.util.concurrent.ConcurrentHashMap$HashEntry@5000009e)
	key		5000139e
	value		5000139d
OBJ 5000139d (sz=40, trace=300000, class=sun.util.locale.LocaleObjectCache$CacheEntry@500000b0)
	referent	50001273
	queue		50001277
	_key		5000139e
OBJ 5000139e (sz=16, trace=300000, class=java.util.Locale$LocaleKey@500000c3)
	_base		50001329
	_exts		5000128f
ARR 5000139f (sz=24, trace=300000, nelems=2, elem type=java.util.concurrent.ConcurrentHashMap$HashEntry[]@5000009f)
	[0]		500013a1
	[1]		500013a2
OBJ 500013a0 (sz=24, trace=300000, class=java.util.concurrent.locks.ReentrantLock$NonfairSync@50000112)
OBJ 500013a1 (sz=24, trace=300000, class=java.util.concurrent.ConcurrentHashMap$HashEntry@5000009e)
	key		500013a6
	value		500013a5
OBJ 500013a2 (sz=24, trace=300000, class=java.util.concurrent.ConcurrentHashMap$HashEntry@5000009e)
	key		500013a4
	value		500013a3
OBJ 500013a3 (sz=40, trace=300000, class=sun.util.locale.LocaleObjectCache$CacheEntry@500000b0)
	referent	50001263
	queue		50001277
	_key		500013a4
OBJ 500013a4 (sz=16, trace=300000, class=java.util.Locale$LocaleKey@500000c3)
	_base		500012e7
	_exts		5000128f
OBJ 500013a5 (sz=40, trace=300000, class=sun.util.locale.LocaleObjectCache$CacheEntry@500000b0)
	referent	5000126e
	queue		50001277
	_key		500013a6
OBJ 500013a6 (sz=16, trace=300000, class=java.util.Locale$LocaleKey@500000c3)
	_base		500012dd
	_exts		5000128f
OBJ 500013a7 (sz=32, trace=300000, class=java.io.ObjectStreamField@5000004d)
	name		50001256
	signature	500013ad
	type		500000b2
OBJ 500013a8 (sz=32, trace=300000, class=java.io.ObjectStreamField@5000004d)
	name		5000124b
	signature	500013ad
	type		500000b2
OBJ 500013a9 (sz=32, trace=300000, class=java.io.ObjectStreamField@5000004d)
	name		5000125e
	signature	500013ad
	type		500000b2
OBJ 500013aa (sz=32, trace=300000, class=java.io.ObjectStreamField@5000004d)
	name		50001250
	signature	500011c8
	type		50000ed8
OBJ 500013ab (sz=32, trace=300000, class=java.io.ObjectStreamField@5000004d)
	name		50001257
	signature	500013ad
	type		500000b2
OBJ 500013ac (sz=32, trace=300000, class=java.io.ObjectStreamField@5000004d)
	name		5000124e
	signature	500013ad
	type		500000b2
OBJ 500013ad (sz=24, trace=300000, class=java.lang.String@500000b2)
	value		500013af
ARR 500013ae (sz=20, trace=300000, nelems=10, elem type=char[])
ARR 500013af (sz=36, trace=300000, nelems=18, elem type=char[])
ARR 500013b0 (sz=12, trace=300000, nelems=6, elem type=char[])
ARR 500013b1 (sz=16, trace=300000, nelems=8, elem type=char[])
ARR 500013b2 (sz=14, trace=300000, nelems=7, elem type=char[])
ARR 500013b3 (sz=14, trace=300000, nelems=7, elem type=char[])
ARR 500013b4 (sz=16, trace=300000, nelems=8, elem type=char[])
OBJ 500013b5 (sz=24, trace=300000, class=java.lang.String@500000b2)
	value		500013bf
OBJ 500013b6 (sz=24, trace=300000, class=java.lang.String@500000b2)
	value		500013c4
OBJ 500013b7 (sz=24, trace=300000, class=java.lang.String@500000b2)
	value		500013c2
OBJ 500013b8 (sz=24, trace=300000, class=java.lang.String@500000b2)
	value		500013c7
OBJ 500013b9 (sz=24, trace=300000, class=java.lang.String@500000b2)
	value		500013c0
OBJ 500013ba (sz=24, trace=300000, class=java.lang.String@500000b2)
	value		500013c5
OBJ 500013bb (sz=24, trace=300000, class=java.lang.String@500000b2)
	value		500013c1
OBJ 500013bc (sz=24, trace=300000, class=java.lang.String@500000b2)
	value		500013c6
OBJ 500013bd (sz=24, trace=300000, class=java.lang.String@500000b2)
	value		500013c3
OBJ 500013be (sz=24, trace=300000, class=java.lang.String@500000b2)
	value		500013c8
ARR 500013bf (sz=14, trace=300000, nelems=7, elem type=char[])
ARR 500013c0 (sz=42, trace=300000, nelems=21, elem type=char[])
ARR 500013c1 (sz=38, trace=300000, nelems=19, elem type=char[])
ARR 500013c2 (sz=40, trace=300000, nelems=20, elem type=char[])
ARR 500013c3 (sz=40, trace=300000, nelems=20, elem type=char[])
ARR 500013c4 (sz=12, trace=300000, nelems=6, elem type=char[])
ARR 500013c5 (sz=40, trace=300000, nelems=20, elem type=char[])
ARR 500013c6 (sz=36, trace=300000, nelems=18, elem type=char[])
ARR 500013c7 (sz=38, trace=300000, nelems=19, elem type=char[])
ARR 500013c8 (sz=38, trace=300000, nelems=19, elem type=char[])
ARR 500013c9 (sz=24, trace=300000, nelems=12, elem type=char[])
ARR 500013ca (sz=22, trace=300000, nelems=11, elem type=char[])
ARR 500013cb (sz=22, trace=300000, nelems=11, elem type=char[])
ARR 500013cc (sz=26, trace=300000, nelems=13, elem type=char[])
ARR 500013cd (sz=24, trace=300000, nelems=12, elem type=char[])
OBJ 500013ce (sz=24, trace=300000, class=java.lang.String@500000b2)
	value		500013d1
OBJ 500013cf (sz=24, trace=300000, class=java.lang.String@500000b2)
	value		500013d0
ARR 500013d0 (sz=52, trace=300000, nelems=26, elem type=char[])
ARR 500013d1 (sz=42, trace=300000, nelems=21, elem type=char[])
ARR 500013d2 (sz=16, trace=300000, nelems=8, elem type=char[])
ARR 500013d3 (sz=28, trace=300000, nelems=14, elem type=char[])
ARR 500013d4 (sz=28, trace=300000, nelems=14, elem type=char[])
ARR 500013d5 (sz=2, trace=300000, nelems=1, elem type=char[])
ARR 500013d6 (sz=2, trace=300000, nelems=1, elem type=char[])
OBJ 500013d7 (sz=24, trace=300000, class=java.lang.String@500000b2)
	value		500013d8
ARR 500013d8 (sz=118, trace=300000, nelems=59, elem type=char[])
OBJ 500013d9 (sz=24, trace=300000, class=java.lang.String@500000b2)
	value		500013da
ARR 500013da (sz=118, trace=300000, nelems=59, elem type=char[])
OBJ 500013db (sz=24, trace=300000, class=java.lang.String@500000b2)
	value		500013dc
ARR 500013dc (sz=130, trace=300000, nelems=65, elem type=char[])
OBJ 500013dd (sz=24, trace=300000, class=java.lang.String@500000b2)
	value		500013de
ARR 500013de (sz=110, trace=300000, nelems=55, elem type=char[])
OBJ 500013df (sz=24, trace=300000, class=java.lang.String@500000b2)
	value		500013e0
ARR 500013e0 (sz=120, trace=300000, nelems=60, elem type=char[])
OBJ 500013e1 (sz=24, trace=300000, class=java.lang.String@500000b2)
	value		500013e2
ARR 500013e2 (sz=110, trace=300000, nelems=55, elem type=char[])
ARR 500013e3 (sz=56, trace=300000, nelems=0, elem type=java.lang.Object[]@500000fa)
ARR 500013e4 (sz=56, trace=300000, nelems=7, elem type=java.lang.Object[]@500000fa)
	[0]		50000259
	[1]		500002a4
	[2]		500002cd
	[3]		500002f6
	[4]		5000031f
	[5]		50000348
	[6]		50000371
OBJ 500013e5 (sz=16, trace=300000, class=sun.misc.MetaIndex@50000076)
	contents	500013ea
OBJ 500013e6 (sz=24, trace=300000, class=java.lang.String@500000b2)
	value		500013e7
ARR 500013e7 (sz=6, trace=300000, nelems=3, elem type=char[])
OBJ 500013e8 (sz=24, trace=300000, class=java.lang.String@500000b2)
	value		500013e9
ARR 500013e9 (sz=4, trace=300000, nelems=2, elem type=char[])
ARR 500013ea (sz=24, trace=300000, nelems=2, elem type=java.lang.String[]@500000b3)
	[0]		500013eb
	[1]		500013ec
OBJ 500013eb (sz=24, trace=300000, class=java.lang.String@500000b2)
	value		500013ee
OBJ 500013ec (sz=24, trace=300000, class=java.lang.String@500000b2)
	value		500013ed
ARR 500013ed (sz=24, trace=300000, nelems=12, elem type=char[])
ARR 500013ee (sz=108, trace=300000, nelems=54, elem type=char[])
OBJ 500013ef (sz=24, trace=300000, class=java.lang.String@500000b2)
	value		5000187b
OBJ 500013f0 (sz=24, trace=300000, class=java.lang.String@500000b2)
	value		5000187a
OBJ 500013f1 (sz=24, trace=300000, class=java.lang.String@500000b2)
	value		50001879
OBJ 500013f2 (sz=40, trace=300000, class=java.util.HashMap@50000008)
	table		500005ed
OBJ 500013f3 (sz=24, trace=300000, class=java.util.HashMap$Entry@5000012b)
	key		50001438
	value		50001437
	next		50000526
OBJ 500013f4 (sz=24, trace=300000, class=java.util.HashMap$Entry@5000012b)
	key		5000142f
	value		5000142e
OBJ 500013f5 (sz=24, trace=300000, class=java.util.HashMap$Entry@5000012b)
	key		5000141f
	value		5000141e
	next		5000141d
OBJ 500013f6 (sz=24, trace=300000, class=java.util.HashMap$Entry@5000012b)
	key		50001410
	value		5000140f
	next		500004fe
OBJ 500013f7 (sz=24, trace=300000, class=java.util.HashMap$Entry@5000012b)
	key		50001405
	value		50001404
OBJ 500013f8 (sz=24, trace=300000, class=java.util.HashMap$Entry@5000012b)
	key		500013fa
	value		500013f9
OBJ 500013f9 (sz=16, trace=300000, class=sun.misc.MetaIndex@50000076)
	contents	500013fd
OBJ 500013fa (sz=24, trace=300000, class=java.io.File@5000010e)
	path		500013fb
OBJ 500013fb (sz=24, trace=300000, class=java.lang.String@500000b2)
	value		500013fc
ARR 500013fc (sz=108, trace=300000, nelems=54, elem type=char[])
ARR 500013fd (sz=24, trace=300000, nelems=3, elem type=java.lang.String[]@500000b3)
	[0]		500013fe
	[1]		500013ff
	[2]		50001400
OBJ 500013fe (sz=24, trace=300000, class=java.lang.String@500000b2)
	value		50001403
OBJ 500013ff (sz=24, trace=300000, class=java.lang.String@500000b2)
	value		50001402
OBJ 50001400 (sz=24, trace=300000, class=java.lang.String@500000b2)
	value		50001401
ARR 50001401 (sz=38, trace=300000, nelems=19, elem type=char[])
ARR 50001402 (sz=40, trace=300000, nelems=20, elem type=char[])
ARR 50001403 (sz=24, trace=300000, nelems=12, elem type=char[])
OBJ 50001404 (sz=16, trace=300000, class=sun.misc.MetaIndex@50000076)
	contents	50001408
OBJ 50001405 (sz=24, trace=300000, class=java.io.File@5000010e)
	path		50001406
OBJ 50001406 (sz=24, trace=300000, class=java.lang.String@500000b2)
	value		50001407
ARR 50001407 (sz=108, trace=300000, nelems=54, elem type=char[])
ARR 50001408 (sz=24, trace=300000, nelems=3, elem type=java.lang.String[]@500000b3)
	[0]		50001409
	[1]		5000140a
	[2]		5000140b
OBJ 50001409 (sz=24, trace=300000, class=java.lang.String@500000b2)
	value		5000140e
OBJ 5000140a (sz=24, trace=300000, class=java.lang.String@500000b2)
	value		5000140d
OBJ 5000140b (sz=24, trace=300000, class=java.lang.String@500000b2)
	value		5000140c
ARR 5000140c (sz=38, trace=300000, nelems=19, elem type=char[])
ARR 5000140d (sz=40, trace=300000, nelems=20, elem type=char[])
ARR 5000140e (sz=24, trace=300000, nelems=12, elem type=char[])
OBJ 5000140f (sz=16, trace=300000, class=sun.misc.MetaIndex@50000076)
	contents	50001413
OBJ 50001410 (sz=24, trace=300000, class=java.io.File@5000010e)
	path		50001411
OBJ 50001411 (sz=24, trace=300000, class=java.lang.String@500000b2)
	value		50001412
ARR 50001412 (sz=120, trace=300000, nelems=60, elem type=char[])
ARR 50001413 (sz=24, trace=300000, nelems=3, elem type=java.lang.String[]@500000b3)
	[0]		50001414
	[1]		50001415
	[2]		50001416
OBJ 50001414 (sz=24, trace=300000, class=java.lang.String@500000b2)
	value		50001419
OBJ 50001415 (sz=24, trace=300000, class=java.lang.String@500000b2)
	value		50001418
OBJ 50001416 (sz=24, trace=300000, class=java.lang.String@500000b2)
	value		50001417
ARR 50001417 (sz=38, trace=300000, nelems=19, elem type=char[])
ARR 50001418 (sz=40, trace=300000, nelems=20, elem type=char[])
ARR 50001419 (sz=30, trace=300000, nelems=15, elem type=char[])
ARR 5000141a (sz=16, trace=300000, nelems=1, elem type=java.lang.String[]@500000b3)
	[0]		500004f2
ARR 5000141b (sz=32, trace=300000, nelems=4, elem type=java.lang.String[]@500000b3)
	[0]		50000500
	[1]		50000502
	[2]		50000504
	[3]		50000506
ARR 5000141c (sz=176, trace=300000, nelems=40, elem type=java.lang.String[]@500000b3)
	[0]		50000591
	[1]		50000593
	[2]		50000595
	[3]		50000597
	[4]		50000599
	[5]		5000059b
	[6]		5000059d
	[7]		5000059f
	[8]		500005a1
	[9]		500005a3
	[10]		500005a5
	[11]		500005a7
	[12]		500005a9
	[13]		500005ab
	[14]		500005ad
	[15]		500005af
	[16]		500005b1
	[17]		500005b3
	[18]		500005b5
	[19]		500005b7
	[20]		500005b9
	[21]		500005bb
	[22]		500005bd
	[23]		500005bf
	[24]		500005c1
	[25]		500005c3
	[26]		500005c5
	[27]		500005c7
	[28]		500005c9
	[29]		500005cb
	[30]		500005cd
	[31]		500005cf
	[32]		500005d1
	[33]		500005d3
	[34]		500005d5
	[35]		500005d7
	[36]		500005d9
	[37]		500005db
	[38]		500005dd
	[39]		500005df
OBJ 5000141d (sz=24, trace=300000, class=java.util.HashMap$Entry@5000012b)
	key		50001429
	value		500013e5
OBJ 5000141e (sz=16, trace=300000, class=sun.misc.MetaIndex@50000076)
	contents	50001422
OBJ 5000141f (sz=24, trace=300000, class=java.io.File@5000010e)
	path		50001420
OBJ 50001420 (sz=24, trace=300000, class=java.lang.String@500000b2)
	value		50001421
ARR 50001421 (sz=100, trace=300000, nelems=50, elem type=char[])
ARR 50001422 (sz=24, trace=300000, nelems=3, elem type=java.lang.String[]@500000b3)
	[0]		50001423
	[1]		50001424
	[2]		50001425
OBJ 50001423 (sz=24, trace=300000, class=java.lang.String@500000b2)
	value		50001428
OBJ 50001424 (sz=24, trace=300000, class=java.lang.String@500000b2)
	value		50001427
OBJ 50001425 (sz=24, trace=300000, class=java.lang.String@500000b2)
	value		50001426
ARR 50001426 (sz=38, trace=300000, nelems=19, elem type=char[])
ARR 50001427 (sz=40, trace=300000, nelems=20, elem type=char[])
ARR 50001428 (sz=24, trace=300000, nelems=12, elem type=char[])
OBJ 50001429 (sz=24, trace=300000, class=java.io.File@5000010e)
	path		5000142a
OBJ 5000142a (sz=24, trace=300000, class=java.lang.String@500000b2)
	value		5000142b
ARR 5000142b (sz=100, trace=300000, nelems=50, elem type=char[])
ARR 5000142c (sz=24, trace=300000, nelems=2, elem type=java.lang.String[]@500000b3)
	[0]		50000528
	[1]		5000052a
ARR 5000142d (sz=152, trace=300000, nelems=35, elem type=java.lang.String[]@500000b3)
	[0]		5000053b
	[1]		5000053d
	[2]		5000053f
	[3]		50000541
	[4]		50000543
	[5]		50000545
	[6]		50000547
	[7]		50000549
	[8]		5000054b
	[9]		5000054d
	[10]		5000054f
	[11]		50000552
	[12]		50000554
	[13]		50000556
	[14]		50000558
	[15]		5000055a
	[16]		5000055d
	[17]		5000055f
	[18]		50000561
	[19]		50000563
	[20]		50000565
	[21]		50000567
	[22]		50000569
	[23]		5000056c
	[24]		5000056e
	[25]		50000570
	[26]		50000572
	[27]		50000574
	[28]		50000576
	[29]		50000578
	[30]		5000057a
	[31]		5000057c
	[32]		5000057e
	[33]		50000580
	[34]		50000583
OBJ 5000142e (sz=16, trace=300000, class=sun.misc.MetaIndex@50000076)
	contents	50001432
OBJ 5000142f (sz=24, trace=300000, class=java.io.File@5000010e)
	path		50001430
OBJ 50001430 (sz=24, trace=300000, class=java.lang.String@500000b2)
	value		50001431
ARR 50001431 (sz=110, trace=300000, nelems=55, elem type=char[])
ARR 50001432 (sz=24, trace=300000, nelems=2, elem type=java.lang.String[]@500000b3)
	[0]		50001433
	[1]		50001434
OBJ 50001433 (sz=24, trace=300000, class=java.lang.String@500000b2)
	value		50001436
OBJ 50001434 (sz=24, trace=300000, class=java.lang.String@500000b2)
	value		50001435
ARR 50001435 (sz=16, trace=300000, nelems=8, elem type=char[])
ARR 50001436 (sz=16, trace=300000, nelems=8, elem type=char[])
OBJ 50001437 (sz=16, trace=300000, class=sun.misc.MetaIndex@50000076)
	contents	5000143b
OBJ 50001438 (sz=24, trace=300000, class=java.io.File@5000010e)
	path		50001439
OBJ 50001439 (sz=24, trace=300000, class=java.lang.String@500000b2)
	value		5000143a
ARR 5000143a (sz=100, trace=300000, nelems=50, elem type=char[])
ARR 5000143b (sz=24, trace=300000, nelems=2, elem type=java.lang.String[]@500000b3)
	[0]		5000143c
	[1]		5000143d
OBJ 5000143c (sz=24, trace=300000, class=java.lang.String@500000b2)
	value		5000143f
OBJ 5000143d (sz=24, trace=300000, class=java.lang.String@500000b2)
	value		5000143e
ARR 5000143e (sz=14, trace=300000, nelems=7, elem type=char[])
ARR 5000143f (sz=126, trace=300000, nelems=63, elem type=char[])
ARR 50001440 (sz=32, trace=300000, nelems=4, elem type=java.lang.String[]@500000b3)
	[0]		50000514
	[1]		50000516
	[2]		50000518
	[3]		5000051a
OBJ 50001441 (sz=24, trace=300000, class=java.lang.String@500000b2)
	value		50001447
OBJ 50001442 (sz=24, trace=300000, class=java.lang.String@500000b2)
	value		50001448
OBJ 50001443 (sz=24, trace=300000, class=java.lang.String@500000b2)
	value		50001449
OBJ 50001444 (sz=16, trace=300000, class=java.nio.charset.CodingErrorAction@50000089)
	name		50001443
OBJ 50001445 (sz=16, trace=300000, class=java.nio.charset.CodingErrorAction@50000089)
	name		50001442
OBJ 50001446 (sz=16, trace=300000, class=java.nio.charset.CodingErrorAction@50000089)
	name		50001441
ARR 50001447 (sz=12, trace=300000, nelems=6, elem type=char[])
ARR 50001448 (sz=14, trace=300000, nelems=7, elem type=char[])
ARR 50001449 (sz=12, trace=300000, nelems=6, elem type=char[])
OBJ 5000144a (sz=24, trace=300000, class=java.lang.String@500000b2)
	value		50001454
OBJ 5000144b (sz=24, trace=300000, class=java.lang.String@500000b2)
	value		50001455
OBJ 5000144c (sz=24, trace=300000, class=java.lang.String@500000b2)
	value		50001456
OBJ 5000144d (sz=24, trace=300000, class=java.lang.String@500000b2)
	value		50001453
OBJ 5000144e (sz=16, trace=300000, class=java.nio.charset.CoderResult$2@50000036)
OBJ 5000144f (sz=16, trace=300000, class=java.nio.charset.CoderResult$1@500000d9)
OBJ 50001450 (sz=16, trace=300000, class=java.nio.charset.CoderResult@50000056)
OBJ 50001451 (sz=16, trace=300000, class=java.nio.charset.CoderResult@50000056)
ARR 50001452 (sz=32, trace=300000, nelems=4, elem type=java.lang.String[]@500000b3)
	[0]		5000144c
	[1]		5000144b
	[2]		5000144a
	[3]		5000144d
ARR 50001453 (sz=20, trace=300000, nelems=10, elem type=char[])
ARR 50001454 (sz=18, trace=300000, nelems=9, elem type=char[])
ARR 50001455 (sz=16, trace=300000, nelems=8, elem type=char[])
ARR 50001456 (sz=18, trace=300000, nelems=9, elem type=char[])
OBJ 50001457 (sz=24, trace=300000, class=java.lang.String@500000b2)
	value		500017b3
OBJ 50001458 (sz=24, trace=300000, class=java.lang.String@500000b2)
	value		50001460
OBJ 50001459 (sz=24, trace=300000, class=java.lang.String@500000b2)
	value		5000145f
OBJ 5000145a (sz=24, trace=300000, class=java.lang.String@500000b2)
	value		5000145e
OBJ 5000145b (sz=24, trace=300000, class=java.lang.String@500000b2)
	value		50001461
OBJ 5000145c (sz=24, trace=300000, class=java.lang.String@500000b2)
	value		50001875
ARR 5000145d (sz=32, trace=300000, nelems=4, elem type=java.lang.String[]@500000b3)
	[0]		5000145b
	[1]		50001458
	[2]		50001459
	[3]		5000145a
ARR 5000145e (sz=14, trace=300000, nelems=7, elem type=char[])
ARR 5000145f (sz=20, trace=300000, nelems=10, elem type=char[])
ARR 50001460 (sz=12, trace=300000, nelems=6, elem type=char[])
ARR 50001461 (sz=10, trace=300000, nelems=5, elem type=char[])
OBJ 50001462 (sz=24, trace=300000, class=java.lang.String@500000b2)
	value		50001874
OBJ 50001463 (sz=24, trace=300000, class=java.lang.String@500000b2)
	value		50001873
OBJ 50001464 (sz=24, trace=300000, class=sun.nio.cs.MS1252@5000012f)
	name		50001506
	aliases		5000180e
OBJ 50001465 (sz=8, trace=300000, class=java.lang.Object@500000f9)
OBJ 50001466 (sz=16, trace=300000, class=java.lang.ThreadLocal@500000bd)
ARR 50001467 (sz=24, trace=300000, nelems=2, elem type=java.lang.Object[]@500000fa)
	[0]		50001506
	[1]		50001464
OBJ 50001468 (sz=24, trace=300000, class=sun.nio.cs.StandardCharsets@500000d3)
	classMap	5000146c
	aliasMap	5000146b
	cache		5000146a
	packagePrefix	50001469
OBJ 50001469 (sz=24, trace=300000, class=java.lang.String@500000b2)
	value		50001865
OBJ 5000146a (sz=40, trace=300000, class=sun.nio.cs.StandardCharsets$Cache@50000118)
	ht		5000178e
OBJ 5000146b (sz=40, trace=300000, class=sun.nio.cs.StandardCharsets$Aliases@50000007)
	ht		5000152c
OBJ 5000146c (sz=40, trace=300000, class=sun.nio.cs.StandardCharsets$Classes@50000080)
	ht		5000146d
ARR 5000146d (sz=144, trace=300000, nelems=32, elem type=java.lang.Object[]@500000fa)
	[0]		5000146e
	[2]		5000146f
	[3]		50001470
	[4]		50001471
	[5]		50001472
	[6]		50001473
	[7]		50001474
	[8]		50001475
	[9]		50001476
	[10]		50001477
	[11]		50001478
	[12]		50001479
	[14]		5000147a
	[15]		5000147b
	[16]		5000147c
	[17]		5000147d
	[18]		5000147e
	[19]		5000147f
	[22]		50001480
	[24]		50001481
	[28]		50001482
	[29]		50001483
	[31]		50001484
ARR 5000146e (sz=24, trace=300000, nelems=2, elem type=java.lang.Object[]@500000fa)
	[0]		50001528
	[1]		50001529
ARR 5000146f (sz=24, trace=300000, nelems=3, elem type=java.lang.Object[]@500000fa)
	[0]		5000151a
	[1]		5000151b
	[2]		5000151c
ARR 50001470 (sz=24, trace=300000, nelems=3, elem type=java.lang.Object[]@500000fa)
	[0]		50001511
	[1]		50001512
	[2]		50001513
ARR 50001471 (sz=24, trace=300000, nelems=3, elem type=java.lang.Object[]@500000fa)
	[0]		50001503
	[1]		50001504
	[2]		50001505
ARR 50001472 (sz=24, trace=300000, nelems=3, elem type=java.lang.Object[]@500000fa)
	[0]		500014fa
	[1]		500014fb
	[2]		500014fc
ARR 50001473 (sz=24, trace=300000, nelems=2, elem type=java.lang.Object[]@500000fa)
	[0]		500014f6
	[1]		500014f7
ARR 50001474 (sz=24, trace=300000, nelems=2, elem type=java.lang.Object[]@500000fa)
	[0]		500014f2
	[1]		500014f3
ARR 50001475 (sz=24, trace=300000, nelems=3, elem type=java.lang.Object[]@500000fa)
	[0]		500014e9
	[1]		500014ea
	[2]		500014eb
ARR 50001476 (sz=24, trace=300000, nelems=3, elem type=java.lang.Object[]@500000fa)
	[0]		500014e0
	[1]		500014e1
	[2]		500014e2
ARR 50001477 (sz=24, trace=300000, nelems=2, elem type=java.lang.Object[]@500000fa)
	[0]		500014dc
	[1]		500014dd
ARR 50001478 (sz=24, trace=300000, nelems=3, elem type=java.lang.Object[]@500000fa)
	[0]		500014d3
	[1]		500014d4
	[2]		500014d5
ARR 50001479 (sz=24, trace=300000, nelems=2, elem type=java.lang.Object[]@500000fa)
	[0]		500014cf
	[1]		500014d0
ARR 5000147a (sz=24, trace=300000, nelems=2, elem type=java.lang.Object[]@500000fa)
	[0]		500014cb
	[1]		500014cc
ARR 5000147b (sz=24, trace=300000, nelems=2, elem type=java.lang.Object[]@500000fa)
	[0]		500014c7
	[1]		500014c8
ARR 5000147c (sz=24, trace=300000, nelems=3, elem type=java.lang.Object[]@500000fa)
	[0]		500014be
	[1]		500014bf
	[2]		500014c0
ARR 5000147d (sz=24, trace=300000, nelems=3, elem type=java.lang.Object[]@500000fa)
	[0]		500014b5
	[1]		500014b6
	[2]		500014b7
ARR 5000147e (sz=24, trace=300000, nelems=3, elem type=java.lang.Object[]@500000fa)
	[0]		500014a7
	[1]		500014a8
	[2]		500014a9
ARR 5000147f (sz=24, trace=300000, nelems=3, elem type=java.lang.Object[]@500000fa)
	[0]		50001499
	[1]		5000149a
	[2]		5000149b
ARR 50001480 (sz=24, trace=300000, nelems=2, elem type=java.lang.Object[]@500000fa)
	[0]		50001495
	[1]		50001496
ARR 50001481 (sz=24, trace=300000, nelems=2, elem type=java.lang.Object[]@500000fa)
	[0]		50001491
	[1]		50001492
ARR 50001482 (sz=24, trace=300000, nelems=2, elem type=java.lang.Object[]@500000fa)
	[0]		5000148d
	[1]		5000148e
ARR 50001483 (sz=24, trace=300000, nelems=2, elem type=java.lang.Object[]@500000fa)
	[0]		50001489
	[1]		5000148a
ARR 50001484 (sz=24, trace=300000, nelems=2, elem type=java.lang.Object[]@500000fa)
	[0]		50001485
	[1]		50001486
OBJ 50001485 (sz=24, trace=300000, class=java.lang.String@500000b2)
	value		50001488
OBJ 50001486 (sz=24, trace=300000, class=java.lang.String@500000b2)
	value		50001487
ARR 50001487 (sz=16, trace=300000, nelems=8, elem type=char[])
ARR 50001488 (sz=16, trace=300000, nelems=8, elem type=char[])
OBJ 50001489 (sz=24, trace=300000, class=java.lang.String@500000b2)
	value		5000148c
OBJ 5000148a (sz=24, trace=300000, class=java.lang.String@500000b2)
	value		5000148b
ARR 5000148b (sz=12, trace=300000, nelems=6, elem type=char[])
ARR 5000148c (sz=12, trace=300000, nelems=6, elem type=char[])
OBJ 5000148d (sz=24, trace=300000, class=java.lang.String@500000b2)
	value		50001490
OBJ 5000148e (sz=24, trace=300000, class=java.lang.String@500000b2)
	value		5000148f
ARR 5000148f (sz=12, trace=300000, nelems=6, elem type=char[])
ARR 50001490 (sz=12, trace=300000, nelems=6, elem type=char[])
OBJ 50001491 (sz=24, trace=300000, class=java.lang.String@500000b2)
	value		50001494
OBJ 50001492 (sz=24, trace=300000, class=java.lang.String@500000b2)
	value		50001493
ARR 50001493 (sz=24, trace=300000, nelems=12, elem type=char[])
ARR 50001494 (sz=28, trace=300000, nelems=14, elem type=char[])
OBJ 50001495 (sz=24, trace=300000, class=java.lang.String@500000b2)
	value		50001498
OBJ 50001496 (sz=24, trace=300000, class=java.lang.String@500000b2)
	value		50001497
ARR 50001497 (sz=24, trace=300000, nelems=12, elem type=char[])
ARR 50001498 (sz=28, trace=300000, nelems=14, elem type=char[])
OBJ 50001499 (sz=24, trace=300000, class=java.lang.String@500000b2)
	value		500014a6
OBJ 5000149a (sz=24, trace=300000, class=java.lang.String@500000b2)
	value		500014a5
ARR 5000149b (sz=24, trace=300000, nelems=3, elem type=java.lang.Object[]@500000fa)
	[0]		5000149c
	[1]		5000149d
	[2]		5000149e
OBJ 5000149c (sz=24, trace=300000, class=java.lang.String@500000b2)
	value		500014a4
OBJ 5000149d (sz=24, trace=300000, class=java.lang.String@500000b2)
	value		500014a3
ARR 5000149e (sz=24, trace=300000, nelems=2, elem type=java.lang.Object[]@500000fa)
	[0]		5000149f
	[1]		500014a0
OBJ 5000149f (sz=24, trace=300000, class=java.lang.String@500000b2)
	value		500014a2
OBJ 500014a0 (sz=24, trace=300000, class=java.lang.String@500000b2)
	value		500014a1
ARR 500014a1 (sz=24, trace=300000, nelems=12, elem type=char[])
ARR 500014a2 (sz=28, trace=300000, nelems=14, elem type=char[])
ARR 500014a3 (sz=12, trace=300000, nelems=6, elem type=char[])
ARR 500014a4 (sz=12, trace=300000, nelems=6, elem type=char[])
ARR 500014a5 (sz=12, trace=300000, nelems=6, elem type=char[])
ARR 500014a6 (sz=16, trace=300000, nelems=8, elem type=char[])
OBJ 500014a7 (sz=24, trace=300000, class=java.lang.String@500000b2)
	value		500014b4
OBJ 500014a8 (sz=24, trace=300000, class=java.lang.String@500000b2)
	value		500014b3
ARR 500014a9 (sz=24, trace=300000, nelems=3, elem type=java.lang.Object[]@500000fa)
	[0]		500014aa
	[1]		500014ab
	[2]		500014ac
OBJ 500014aa (sz=24, trace=300000, class=java.lang.String@500000b2)
	value		500014b2
OBJ 500014ab (sz=24, trace=300000, class=java.lang.String@500000b2)
	value		500014b1
ARR 500014ac (sz=24, trace=300000, nelems=2, elem type=java.lang.Object[]@500000fa)
	[0]		500014ad
	[1]		500014ae
OBJ 500014ad (sz=24, trace=300000, class=java.lang.String@500000b2)
	value		500014b0
OBJ 500014ae (sz=24, trace=300000, class=java.lang.String@500000b2)
	value		500014af
ARR 500014af (sz=22, trace=300000, nelems=11, elem type=char[])
ARR 500014b0 (sz=22, trace=300000, nelems=11, elem type=char[])
ARR 500014b1 (sz=12, trace=300000, nelems=6, elem type=char[])
ARR 500014b2 (sz=12, trace=300000, nelems=6, elem type=char[])
ARR 500014b3 (sz=12, trace=300000, nelems=6, elem type=char[])
ARR 500014b4 (sz=12, trace=300000, nelems=6, elem type=char[])
OBJ 500014b5 (sz=24, trace=300000, class=java.lang.String@500000b2)
	value		500014bd
OBJ 500014b6 (sz=24, trace=300000, class=java.lang.String@500000b2)
	value		500014bc
ARR 500014b7 (sz=24, trace=300000, nelems=2, elem type=java.lang.Object[]@500000fa)
	[0]		500014b8
	[1]		500014b9
OBJ 500014b8 (sz=24, trace=300000, class=java.lang.String@500000b2)
	value		500014bb
OBJ 500014b9 (sz=24, trace=300000, class=java.lang.String@500000b2)
	value		500014ba
ARR 500014ba (sz=16, trace=300000, nelems=8, elem type=char[])
ARR 500014bb (sz=16, trace=300000, nelems=8, elem type=char[])
ARR 500014bc (sz=22, trace=300000, nelems=11, elem type=char[])
ARR 500014bd (sz=22, trace=300000, nelems=11, elem type=char[])
OBJ 500014be (sz=24, trace=300000, class=java.lang.String@500000b2)
	value		500014c6
OBJ 500014bf (sz=24, trace=300000, class=java.lang.String@500000b2)
	value		500014c5
ARR 500014c0 (sz=24, trace=300000, nelems=2, elem type=java.lang.Object[]@500000fa)
	[0]		500014c1
	[1]		500014c2
OBJ 500014c1 (sz=24, trace=300000, class=java.lang.String@500000b2)
	value		500014c4
OBJ 500014c2 (sz=24, trace=300000, class=java.lang.String@500000b2)
	value		500014c3
ARR 500014c3 (sz=12, trace=300000, nelems=6, elem type=char[])
ARR 500014c4 (sz=12, trace=300000, nelems=6, elem type=char[])
ARR 500014c5 (sz=12, trace=300000, nelems=6, elem type=char[])
ARR 500014c6 (sz=12, trace=300000, nelems=6, elem type=char[])
OBJ 500014c7 (sz=24, trace=300000, class=java.lang.String@500000b2)
	value		500014ca
OBJ 500014c8 (sz=24, trace=300000, class=java.lang.String@500000b2)
	value		500014c9
ARR 500014c9 (sz=12, trace=300000, nelems=6, elem type=char[])
ARR 500014ca (sz=12, trace=300000, nelems=6, elem type=char[])
OBJ 500014cb (sz=24, trace=300000, class=java.lang.String@500000b2)
	value		500014ce
OBJ 500014cc (sz=24, trace=300000, class=java.lang.String@500000b2)
	value		500014cd
ARR 500014cd (sz=12, trace=300000, nelems=6, elem type=char[])
ARR 500014ce (sz=16, trace=300000, nelems=8, elem type=char[])
OBJ 500014cf (sz=24, trace=300000, class=java.lang.String@500000b2)
	value		500014d2
OBJ 500014d0 (sz=24, trace=300000, class=java.lang.String@500000b2)
	value		500014d1
ARR 500014d1 (sz=20, trace=300000, nelems=10, elem type=char[])
ARR 500014d2 (sz=20, trace=300000, nelems=10, elem type=char[])
OBJ 500014d3 (sz=24, trace=300000, class=java.lang.String@500000b2)
	value		500014db
OBJ 500014d4 (sz=24, trace=300000, class=java.lang.String@500000b2)
	value		500014da
ARR 500014d5 (sz=24, trace=300000, nelems=2, elem type=java.lang.Object[]@500000fa)
	[0]		500014d6
	[1]		500014d7
OBJ 500014d6 (sz=24, trace=300000, class=java.lang.String@500000b2)
	value		500014d9
OBJ 500014d7 (sz=24, trace=300000, class=java.lang.String@500000b2)
	value		500014d8
ARR 500014d8 (sz=20, trace=300000, nelems=10, elem type=char[])
ARR 500014d9 (sz=20, trace=300000, nelems=10, elem type=char[])
ARR 500014da (sz=12, trace=300000, nelems=6, elem type=char[])
ARR 500014db (sz=16, trace=300000, nelems=8, elem type=char[])
OBJ 500014dc (sz=24, trace=300000, class=java.lang.String@500000b2)
	value		500014df
OBJ 500014dd (sz=24, trace=300000, class=java.lang.String@500000b2)
	value		500014de
ARR 500014de (sz=20, trace=300000, nelems=10, elem type=char[])
ARR 500014df (sz=20, trace=300000, nelems=10, elem type=char[])
OBJ 500014e0 (sz=24, trace=300000, class=java.lang.String@500000b2)
	value		500014e8
OBJ 500014e1 (sz=24, trace=300000, class=java.lang.String@500000b2)
	value		500014e7
ARR 500014e2 (sz=24, trace=300000, nelems=2, elem type=java.lang.Object[]@500000fa)
	[0]		500014e3
	[1]		500014e4
OBJ 500014e3 (sz=24, trace=300000, class=java.lang.String@500000b2)
	value		500014e6
OBJ 500014e4 (sz=24, trace=300000, class=java.lang.String@500000b2)
	value		500014e5
ARR 500014e5 (sz=10, trace=300000, nelems=5, elem type=char[])
ARR 500014e6 (sz=10, trace=300000, nelems=5, elem type=char[])
ARR 500014e7 (sz=20, trace=300000, nelems=10, elem type=char[])
ARR 500014e8 (sz=20, trace=300000, nelems=10, elem type=char[])
OBJ 500014e9 (sz=24, trace=300000, class=java.lang.String@500000b2)
	value		500014f1
OBJ 500014ea (sz=24, trace=300000, class=java.lang.String@500000b2)
	value		500014f0
ARR 500014eb (sz=24, trace=300000, nelems=2, elem type=java.lang.Object[]@500000fa)
	[0]		500014ec
	[1]		500014ed
OBJ 500014ec (sz=24, trace=300000, class=java.lang.String@500000b2)
	value		500014ef
OBJ 500014ed (sz=24, trace=300000, class=java.lang.String@500000b2)
	value		500014ee
ARR 500014ee (sz=20, trace=300000, nelems=10, elem type=char[])
ARR 500014ef (sz=20, trace=300000, nelems=10, elem type=char[])
ARR 500014f0 (sz=20, trace=300000, nelems=10, elem type=char[])
ARR 500014f1 (sz=20, trace=300000, nelems=10, elem type=char[])
OBJ 500014f2 (sz=24, trace=300000, class=java.lang.String@500000b2)
	value		500014f5
OBJ 500014f3 (sz=24, trace=300000, class=java.lang.String@500000b2)
	value		500014f4
ARR 500014f4 (sz=16, trace=300000, nelems=8, elem type=char[])
ARR 500014f5 (sz=16, trace=300000, nelems=8, elem type=char[])
OBJ 500014f6 (sz=24, trace=300000, class=java.lang.String@500000b2)
	value		500014f9
OBJ 500014f7 (sz=24, trace=300000, class=java.lang.String@500000b2)
	value		500014f8
ARR 500014f8 (sz=12, trace=300000, nelems=6, elem type=char[])
ARR 500014f9 (sz=24, trace=300000, nelems=12, elem type=char[])
OBJ 500014fa (sz=24, trace=300000, class=java.lang.String@500000b2)
	value		50001502
OBJ 500014fb (sz=24, trace=300000, class=java.lang.String@500000b2)
	value		50001501
ARR 500014fc (sz=24, trace=300000, nelems=2, elem type=java.lang.Object[]@500000fa)
	[0]		500014fd
	[1]		500014fe
OBJ 500014fd (sz=24, trace=300000, class=java.lang.String@500000b2)
	value		50001500
OBJ 500014fe (sz=24, trace=300000, class=java.lang.String@500000b2)
	value		500014ff
ARR 500014ff (sz=12, trace=300000, nelems=6, elem type=char[])
ARR 50001500 (sz=12, trace=300000, nelems=6, elem type=char[])
ARR 50001501 (sz=12, trace=300000, nelems=6, elem type=char[])
ARR 50001502 (sz=24, trace=300000, nelems=12, elem type=char[])
OBJ 50001503 (sz=24, trace=300000, class=java.lang.String@500000b2)
	value		50001510
OBJ 50001504 (sz=24, trace=300000, class=java.lang.String@500000b2)
	value		5000150f
ARR 50001505 (sz=24, trace=300000, nelems=3, elem type=java.lang.Object[]@500000fa)
	[0]		50001506
	[1]		50001507
	[2]		50001508
OBJ 50001506 (sz=24, trace=300000, class=java.lang.String@500000b2)
	value		5000150e
OBJ 50001507 (sz=24, trace=300000, class=java.lang.String@500000b2)
	value		5000150d
ARR 50001508 (sz=24, trace=300000, nelems=2, elem type=java.lang.Object[]@500000fa)
	[0]		50001509
	[1]		5000150a
OBJ 50001509 (sz=24, trace=300000, class=java.lang.String@500000b2)
	value		5000150c
OBJ 5000150a (sz=24, trace=300000, class=java.lang.String@500000b2)
	value		5000150b
ARR 5000150b (sz=16, trace=300000, nelems=8, elem type=char[])
ARR 5000150c (sz=16, trace=300000, nelems=8, elem type=char[])
ARR 5000150d (sz=12, trace=300000, nelems=6, elem type=char[])
ARR 5000150e (sz=24, trace=300000, nelems=12, elem type=char[])
ARR 5000150f (sz=12, trace=300000, nelems=6, elem type=char[])
ARR 50001510 (sz=24, trace=300000, nelems=12, elem type=char[])
OBJ 50001511 (sz=24, trace=300000, class=java.lang.String@500000b2)
	value		50001519
OBJ 50001512 (sz=24, trace=300000, class=java.lang.String@500000b2)
	value		50001518
ARR 50001513 (sz=24, trace=300000, nelems=2, elem type=java.lang.Object[]@500000fa)
	[0]		50001514
	[1]		50001515
OBJ 50001514 (sz=24, trace=300000, class=java.lang.String@500000b2)
	value		50001517
OBJ 50001515 (sz=24, trace=300000, class=java.lang.String@500000b2)
	value		50001516
ARR 50001516 (sz=12, trace=300000, nelems=6, elem type=char[])
ARR 50001517 (sz=24, trace=300000, nelems=12, elem type=char[])
ARR 50001518 (sz=12, trace=300000, nelems=6, elem type=char[])
ARR 50001519 (sz=24, trace=300000, nelems=12, elem type=char[])
OBJ 5000151a (sz=24, trace=300000, class=java.lang.String@500000b2)
	value		50001527
OBJ 5000151b (sz=24, trace=300000, class=java.lang.String@500000b2)
	value		50001526
ARR 5000151c (sz=24, trace=300000, nelems=3, elem type=java.lang.Object[]@500000fa)
	[0]		5000151d
	[1]		5000151e
	[2]		5000151f
OBJ 5000151d (sz=24, trace=300000, class=java.lang.String@500000b2)
	value		50001525
OBJ 5000151e (sz=24, trace=300000, class=java.lang.String@500000b2)
	value		50001524
ARR 5000151f (sz=24, trace=300000, nelems=2, elem type=java.lang.Object[]@500000fa)
	[0]		50001520
	[1]		50001521
OBJ 50001520 (sz=24, trace=300000, class=java.lang.String@500000b2)
	value		50001523
OBJ 50001521 (sz=24, trace=300000, class=java.lang.String@500000b2)
	value		50001522
ARR 50001522 (sz=16, trace=300000, nelems=8, elem type=char[])
ARR 50001523 (sz=16, trace=300000, nelems=8, elem type=char[])
ARR 50001524 (sz=12, trace=300000, nelems=6, elem type=char[])
ARR 50001525 (sz=12, trace=300000, nelems=6, elem type=char[])
ARR 50001526 (sz=12, trace=300000, nelems=6, elem type=char[])
ARR 50001527 (sz=12, trace=300000, nelems=6, elem type=char[])
OBJ 50001528 (sz=24, trace=300000, class=java.lang.String@500000b2)
	value		5000152b
OBJ 50001529 (sz=24, trace=300000, class=java.lang.String@500000b2)
	value		5000152a
ARR 5000152a (sz=12, trace=300000, nelems=6, elem type=char[])
ARR 5000152b (sz=12, trace=300000, nelems=6, elem type=char[])
ARR 5000152c (sz=4112, trace=300000, nelems=1016, elem type=java.lang.Object[]@500000fa)
	[1]		5000152d
	[2]		5000152e
	[3]		5000152f
	[5]		50001530
	[6]		50001531
	[10]		50001532
	[19]		50001533
	[24]		50001534
	[25]		50001535
	[26]		50001536
	[28]		50001537
	[29]		50001538
	[55]		50001539
	[58]		5000153a
	[86]		5000153b
	[87]		5000153c
	[89]		5000153d
	[90]		5000153e
	[92]		5000153f
	[94]		50001540
	[95]		50001541
	[96]		50001542
	[106]		50001543
	[121]		50001544
	[125]		50001545
	[134]		50001546
	[137]		50001547
	[141]		50001548
	[143]		50001549
	[144]		5000154a
	[170]		5000154b
	[173]		5000154c
	[177]		5000154d
	[192]		5000154e
	[199]		5000154f
	[205]		50001550
	[211]		50001551
	[213]		50001552
	[216]		50001553
	[218]		50001554
	[219]		50001555
	[225]		50001556
	[244]		50001557
	[248]		50001558
	[253]		50001559
	[254]		5000155a
	[259]		5000155b
	[269]		5000155c
	[277]		5000155d
	[280]		5000155e
	[283]		5000155f
	[284]		50001560
	[286]		50001561
	[287]		50001562
	[289]		50001563
	[291]		50001564
	[294]		50001565
	[296]		50001566
	[297]		50001567
	[305]		50001568
	[307]		50001569
	[312]		5000156a
	[321]		5000156b
	[323]		5000156c
	[324]		5000156d
	[325]		5000156e
	[326]		5000156f
	[327]		50001570
	[328]		50001571
	[329]		50001572
	[331]		50001573
	[333]		50001574
	[334]		50001575
	[336]		50001576
	[339]		50001577
	[341]		50001578
	[345]		50001579
	[350]		5000157a
	[353]		5000157b
	[358]		5000157c
	[359]		5000157d
	[363]		5000157e
	[364]		5000157f
	[378]		50001580
	[385]		50001581
	[391]		50001582
	[392]		50001583
	[405]		50001584
	[406]		50001585
	[408]		50001586
	[421]		50001587
	[428]		50001588
	[429]		50001589
	[430]		5000158a
	[432]		5000158b
	[433]		5000158c
	[436]		5000158d
	[437]		5000158e
	[438]		5000158f
	[443]		50001590
	[456]		50001591
	[473]		50001592
	[479]		50001593
	[481]		50001594
	[484]		50001595
	[486]		50001596
	[487]		50001597
	[502]		50001598
	[506]		50001599
	[508]		5000159a
	[511]		5000159b
	[512]		5000159c
	[513]		5000159d
	[514]		5000159e
	[516]		5000159f
	[520]		500015a0
	[523]		500015a1
	[524]		500015a2
	[533]		500015a3
	[537]		500015a4
	[539]		500015a5
	[543]		500015a6
	[545]		500015a7
	[563]		500015a8
	[572]		500015a9
	[573]		500015aa
	[577]		500015ab
	[582]		500015ac
	[583]		500015ad
	[588]		500015ae
	[593]		500015af
	[598]		500015b0
	[609]		500015b1
	[617]		500015b2
	[618]		500015b3
	[619]		500015b4
	[620]		500015b5
	[621]		500015b6
	[624]		500015b7
	[628]		500015b8
	[632]		500015b9
	[634]		500015ba
	[635]		500015bb
	[636]		500015bc
	[654]		500015bd
	[669]		500015be
	[670]		500015bf
	[671]		500015c0
	[676]		500015c1
	[679]		500015c2
	[686]		500015c3
	[703]		500015c4
	[710]		500015c5
	[712]		500015c6
	[732]		500015c7
	[733]		500015c8
	[768]		500015c9
	[774]		500015ca
	[781]		500015cb
	[782]		500015cc
	[783]		500015cd
	[784]		500015ce
	[785]		500015cf
	[787]		500015d0
	[789]		500015d1
	[813]		500015d2
	[818]		500015d3
	[832]		500015d4
	[834]		500015d5
	[835]		500015d6
	[836]		500015d7
	[837]		500015d8
	[838]		500015d9
	[840]		500015da
	[842]		500015db
	[843]		500015dc
	[846]		500015dd
	[849]		500015de
	[881]		500015df
	[896]		500015e0
	[909]		500015e1
	[910]		500015e2
	[911]		500015e3
	[912]		500015e4
	[925]		500015e5
	[934]		500015e6
	[937]		500015e7
	[944]		500015e8
	[957]		500015e9
	[993]		500015ea
	[1009]		500015eb
	[1015]		500015ec
ARR 5000152d (sz=24, trace=300000, nelems=2, elem type=java.lang.Object[]@500000fa)
	[0]		5000178c
	[1]		500014ad
ARR 5000152e (sz=24, trace=300000, nelems=2, elem type=java.lang.Object[]@500000fa)
	[0]		5000178a
	[1]		500014ec
ARR 5000152f (sz=24, trace=300000, nelems=2, elem type=java.lang.Object[]@500000fa)
	[0]		50001788
	[1]		500014e9
ARR 50001530 (sz=24, trace=300000, nelems=2, elem type=java.lang.Object[]@500000fa)
	[0]		50001786
	[1]		500014e0
ARR 50001531 (sz=24, trace=300000, nelems=2, elem type=java.lang.Object[]@500000fa)
	[0]		50001784
	[1]		500014cf
ARR 50001532 (sz=24, trace=300000, nelems=2, elem type=java.lang.Object[]@500000fa)
	[0]		50001782
	[1]		500014ad
ARR 50001533 (sz=24, trace=300000, nelems=2, elem type=java.lang.Object[]@500000fa)
	[0]		50001780
	[1]		50001495
ARR 50001534 (sz=24, trace=300000, nelems=2, elem type=java.lang.Object[]@500000fa)
	[0]		5000177e
	[1]		500014b8
ARR 50001535 (sz=24, trace=300000, nelems=2, elem type=java.lang.Object[]@500000fa)
	[0]		5000177c
	[1]		500014d6
ARR 50001536 (sz=24, trace=300000, nelems=2, elem type=java.lang.Object[]@500000fa)
	[0]		5000177a
	[1]		500014e9
ARR 50001537 (sz=24, trace=300000, nelems=2, elem type=java.lang.Object[]@500000fa)
	[0]		50001778
	[1]		500014e0
ARR 50001538 (sz=24, trace=300000, nelems=2, elem type=java.lang.Object[]@500000fa)
	[0]		50001776
	[1]		500014dc
ARR 50001539 (sz=24, trace=300000, nelems=2, elem type=java.lang.Object[]@500000fa)
	[0]		50001774
	[1]		500014cf
ARR 5000153a (sz=24, trace=300000, nelems=2, elem type=java.lang.Object[]@500000fa)
	[0]		50001772
	[1]		500014ad
ARR 5000153b (sz=24, trace=300000, nelems=3, elem type=java.lang.Object[]@500000fa)
	[0]		5000176d
	[1]		500014dc
	[2]		5000176e
ARR 5000153c (sz=24, trace=300000, nelems=2, elem type=java.lang.Object[]@500000fa)
	[0]		5000176b
	[1]		500014e9
ARR 5000153d (sz=24, trace=300000, nelems=2, elem type=java.lang.Object[]@500000fa)
	[0]		50001769
	[1]		500014e0
ARR 5000153e (sz=24, trace=300000, nelems=3, elem type=java.lang.Object[]@500000fa)
	[0]		50001764
	[1]		500014d6
	[2]		50001765
ARR 5000153f (sz=24, trace=300000, nelems=2, elem type=java.lang.Object[]@500000fa)
	[0]		50001762
	[1]		500014d6
ARR 50001540 (sz=24, trace=300000, nelems=2, elem type=java.lang.Object[]@500000fa)
	[0]		50001760
	[1]		500014cf
ARR 50001541 (sz=24, trace=300000, nelems=2, elem type=java.lang.Object[]@500000fa)
	[0]		5000175e
	[1]		500014ec
ARR 50001542 (sz=24, trace=300000, nelems=2, elem type=java.lang.Object[]@500000fa)
	[0]		5000175c
	[1]		500014ec
ARR 50001543 (sz=24, trace=300000, nelems=2, elem type=java.lang.Object[]@500000fa)
	[0]		5000175a
	[1]		500014e3
ARR 50001544 (sz=24, trace=300000, nelems=2, elem type=java.lang.Object[]@500000fa)
	[0]		50001758
	[1]		50001520
ARR 50001545 (sz=24, trace=300000, nelems=2, elem type=java.lang.Object[]@500000fa)
	[0]		50001756
	[1]		500014d6
ARR 50001546 (sz=24, trace=300000, nelems=2, elem type=java.lang.Object[]@500000fa)
	[0]		50001754
	[1]		5000148d
ARR 50001547 (sz=24, trace=300000, nelems=2, elem type=java.lang.Object[]@500000fa)
	[0]		50001752
	[1]		50001489
ARR 50001548 (sz=24, trace=300000, nelems=2, elem type=java.lang.Object[]@500000fa)
	[0]		50001750
	[1]		500014e9
ARR 50001549 (sz=24, trace=300000, nelems=2, elem type=java.lang.Object[]@500000fa)
	[0]		5000174e
	[1]		500014e0
ARR 5000154a (sz=24, trace=300000, nelems=2, elem type=java.lang.Object[]@500000fa)
	[0]		5000174c
	[1]		500014dc
ARR 5000154b (sz=24, trace=300000, nelems=2, elem type=java.lang.Object[]@500000fa)
	[0]		5000174a
	[1]		500014cf
ARR 5000154c (sz=24, trace=300000, nelems=2, elem type=java.lang.Object[]@500000fa)
	[0]		50001748
	[1]		500014ad
ARR 5000154d (sz=24, trace=300000, nelems=2, elem type=java.lang.Object[]@500000fa)
	[0]		50001746
	[1]		5000149f
ARR 5000154e (sz=24, trace=300000, nelems=2, elem type=java.lang.Object[]@500000fa)
	[0]		50001744
	[1]		500014f2
ARR 5000154f (sz=24, trace=300000, nelems=3, elem type=java.lang.Object[]@500000fa)
	[0]		5000173f
	[1]		500014aa
	[2]		50001740
ARR 50001550 (sz=24, trace=300000, nelems=2, elem type=java.lang.Object[]@500000fa)
	[0]		5000173d
	[1]		500014d6
ARR 50001551 (sz=24, trace=300000, nelems=3, elem type=java.lang.Object[]@500000fa)
	[0]		50001738
	[1]		500014c7
	[2]		50001739
ARR 50001552 (sz=24, trace=300000, nelems=2, elem type=java.lang.Object[]@500000fa)
	[0]		50001736
	[1]		500014be
ARR 50001553 (sz=24, trace=300000, nelems=2, elem type=java.lang.Object[]@500000fa)
	[0]		50001734
	[1]		500014a7
ARR 50001554 (sz=24, trace=300000, nelems=3, elem type=java.lang.Object[]@500000fa)
	[0]		5000172f
	[1]		5000149c
	[2]		50001730
ARR 50001555 (sz=24, trace=300000, nelems=3, elem type=java.lang.Object[]@500000fa)
	[0]		5000172a
	[1]		50001499
	[2]		5000172b
ARR 50001556 (sz=24, trace=300000, nelems=2, elem type=java.lang.Object[]@500000fa)
	[0]		50001728
	[1]		500014b8
ARR 50001557 (sz=24, trace=300000, nelems=2, elem type=java.lang.Object[]@500000fa)
	[0]		50001726
	[1]		50001528
ARR 50001558 (sz=24, trace=300000, nelems=2, elem type=java.lang.Object[]@500000fa)
	[0]		50001724
	[1]		5000151a
ARR 50001559 (sz=24, trace=300000, nelems=2, elem type=java.lang.Object[]@500000fa)
	[0]		50001722
	[1]		50001509
ARR 5000155a (sz=24, trace=300000, nelems=2, elem type=java.lang.Object[]@500000fa)
	[0]		50001720
	[1]		500014e9
ARR 5000155b (sz=24, trace=300000, nelems=2, elem type=java.lang.Object[]@500000fa)
	[0]		5000171e
	[1]		500014fd
ARR 5000155c (sz=24, trace=300000, nelems=2, elem type=java.lang.Object[]@500000fa)
	[0]		5000171c
	[1]		500014ad
ARR 5000155d (sz=24, trace=300000, nelems=2, elem type=java.lang.Object[]@500000fa)
	[0]		5000171a
	[1]		500014d3
ARR 5000155e (sz=24, trace=300000, nelems=2, elem type=java.lang.Object[]@500000fa)
	[0]		50001718
	[1]		50001520
ARR 5000155f (sz=24, trace=300000, nelems=2, elem type=java.lang.Object[]@500000fa)
	[0]		50001716
	[1]		500014ec
ARR 50001560 (sz=24, trace=300000, nelems=2, elem type=java.lang.Object[]@500000fa)
	[0]		50001714
	[1]		500014e9
ARR 50001561 (sz=24, trace=300000, nelems=2, elem type=java.lang.Object[]@500000fa)
	[0]		50001712
	[1]		500014e0
ARR 50001562 (sz=24, trace=300000, nelems=2, elem type=java.lang.Object[]@500000fa)
	[0]		50001710
	[1]		500014dc
ARR 50001563 (sz=24, trace=300000, nelems=2, elem type=java.lang.Object[]@500000fa)
	[0]		5000170e
	[1]		500014d6
ARR 50001564 (sz=24, trace=300000, nelems=2, elem type=java.lang.Object[]@500000fa)
	[0]		5000170c
	[1]		500014cf
ARR 50001565 (sz=24, trace=300000, nelems=2, elem type=java.lang.Object[]@500000fa)
	[0]		5000170a
	[1]		500014e9
ARR 50001566 (sz=24, trace=300000, nelems=2, elem type=java.lang.Object[]@500000fa)
	[0]		50001708
	[1]		500014e0
ARR 50001567 (sz=24, trace=300000, nelems=2, elem type=java.lang.Object[]@500000fa)
	[0]		50001706
	[1]		500014dc
ARR 50001568 (sz=24, trace=300000, nelems=2, elem type=java.lang.Object[]@500000fa)
	[0]		50001704
	[1]		500014b5
ARR 50001569 (sz=24, trace=300000, nelems=2, elem type=java.lang.Object[]@500000fa)
	[0]		50001702
	[1]		500014ad
ARR 5000156a (sz=24, trace=300000, nelems=3, elem type=java.lang.Object[]@500000fa)
	[0]		500016fd
	[1]		500014d6
	[2]		500016fe
ARR 5000156b (sz=24, trace=300000, nelems=2, elem type=java.lang.Object[]@500000fa)
	[0]		500016fb
	[1]		500014e9
ARR 5000156c (sz=24, trace=300000, nelems=3, elem type=java.lang.Object[]@500000fa)
	[0]		500016f6
	[1]		500014cf
	[2]		500016f7
ARR 5000156d (sz=24, trace=300000, nelems=2, elem type=java.lang.Object[]@500000fa)
	[0]		500016f4
	[1]		500014dc
ARR 5000156e (sz=24, trace=300000, nelems=2, elem type=java.lang.Object[]@500000fa)
	[0]		500016f2
	[1]		500014ec
ARR 5000156f (sz=24, trace=300000, nelems=3, elem type=java.lang.Object[]@500000fa)
	[0]		500016ea
	[1]		500014c7
	[2]		500016eb
ARR 50001570 (sz=24, trace=300000, nelems=2, elem type=java.lang.Object[]@500000fa)
	[0]		500016e8
	[1]		500014dc
ARR 50001571 (sz=24, trace=300000, nelems=3, elem type=java.lang.Object[]@500000fa)
	[0]		500016e3
	[1]		500014be
	[2]		500016e4
ARR 50001572 (sz=24, trace=300000, nelems=2, elem type=java.lang.Object[]@500000fa)
	[0]		500016e1
	[1]		500014cf
ARR 50001573 (sz=24, trace=300000, nelems=2, elem type=java.lang.Object[]@500000fa)
	[0]		500016df
	[1]		500014a7
ARR 50001574 (sz=24, trace=300000, nelems=3, elem type=java.lang.Object[]@500000fa)
	[0]		500016da
	[1]		5000149c
	[2]		500016db
ARR 50001575 (sz=24, trace=300000, nelems=3, elem type=java.lang.Object[]@500000fa)
	[0]		500016d5
	[1]		50001499
	[2]		500016d6
ARR 50001576 (sz=24, trace=300000, nelems=2, elem type=java.lang.Object[]@500000fa)
	[0]		500016d3
	[1]		500014ec
ARR 50001577 (sz=24, trace=300000, nelems=2, elem type=java.lang.Object[]@500000fa)
	[0]		500016d1
	[1]		5000148d
ARR 50001578 (sz=24, trace=300000, nelems=2, elem type=java.lang.Object[]@500000fa)
	[0]		500016cf
	[1]		500014c1
ARR 50001579 (sz=24, trace=300000, nelems=2, elem type=java.lang.Object[]@500000fa)
	[0]		500016cd
	[1]		500014cf
ARR 5000157a (sz=24, trace=300000, nelems=2, elem type=java.lang.Object[]@500000fa)
	[0]		500016cb
	[1]		500014cf
ARR 5000157b (sz=24, trace=300000, nelems=2, elem type=java.lang.Object[]@500000fa)
	[0]		500016c9
	[1]		500014ad
ARR 5000157c (sz=24, trace=300000, nelems=2, elem type=java.lang.Object[]@500000fa)
	[0]		500016c7
	[1]		500014d6
ARR 5000157d (sz=24, trace=300000, nelems=2, elem type=java.lang.Object[]@500000fa)
	[0]		500016c5
	[1]		50001528
ARR 5000157e (sz=24, trace=300000, nelems=2, elem type=java.lang.Object[]@500000fa)
	[0]		500016c3
	[1]		5000151a
ARR 5000157f (sz=24, trace=300000, nelems=2, elem type=java.lang.Object[]@500000fa)
	[0]		500016c1
	[1]		500014ec
ARR 50001580 (sz=24, trace=300000, nelems=2, elem type=java.lang.Object[]@500000fa)
	[0]		500016bf
	[1]		500014b8
ARR 50001581 (sz=24, trace=300000, nelems=2, elem type=java.lang.Object[]@500000fa)
	[0]		500016bd
	[1]		500014d6
ARR 50001582 (sz=24, trace=300000, nelems=2, elem type=java.lang.Object[]@500000fa)
	[0]		500016bb
	[1]		500014ec
ARR 50001583 (sz=24, trace=300000, nelems=2, elem type=java.lang.Object[]@500000fa)
	[0]		500016b9
	[1]		500014d3
ARR 50001584 (sz=24, trace=300000, nelems=2, elem type=java.lang.Object[]@500000fa)
	[0]		500016b7
	[1]		500014ec
ARR 50001585 (sz=24, trace=300000, nelems=2, elem type=java.lang.Object[]@500000fa)
	[0]		500016b5
	[1]		500014e9
ARR 50001586 (sz=24, trace=300000, nelems=2, elem type=java.lang.Object[]@500000fa)
	[0]		500016b3
	[1]		500014aa
ARR 50001587 (sz=24, trace=300000, nelems=2, elem type=java.lang.Object[]@500000fa)
	[0]		500014ad
	[1]		500014ad
ARR 50001588 (sz=24, trace=300000, nelems=2, elem type=java.lang.Object[]@500000fa)
	[0]		500016b1
	[1]		500014ad
ARR 50001589 (sz=24, trace=300000, nelems=2, elem type=java.lang.Object[]@500000fa)
	[0]		500016af
	[1]		500014ec
ARR 5000158a (sz=24, trace=300000, nelems=2, elem type=java.lang.Object[]@500000fa)
	[0]		500016ad
	[1]		500014e9
ARR 5000158b (sz=24, trace=300000, nelems=2, elem type=java.lang.Object[]@500000fa)
	[0]		500016ab
	[1]		500014e0
ARR 5000158c (sz=24, trace=300000, nelems=2, elem type=java.lang.Object[]@500000fa)
	[0]		500016a9
	[1]		500014cf
ARR 5000158d (sz=24, trace=300000, nelems=2, elem type=java.lang.Object[]@500000fa)
	[0]		500016a7
	[1]		500014e0
ARR 5000158e (sz=24, trace=300000, nelems=2, elem type=java.lang.Object[]@500000fa)
	[0]		500016a5
	[1]		500014ad
ARR 5000158f (sz=24, trace=300000, nelems=2, elem type=java.lang.Object[]@500000fa)
	[0]		500016a3
	[1]		500014b8
ARR 50001590 (sz=24, trace=300000, nelems=2, elem type=java.lang.Object[]@500000fa)
	[0]		500016a1
	[1]		50001491
ARR 50001591 (sz=24, trace=300000, nelems=2, elem type=java.lang.Object[]@500000fa)
	[0]		5000169f
	[1]		500014c1
ARR 50001592 (sz=24, trace=300000, nelems=2, elem type=java.lang.Object[]@500000fa)
	[0]		5000169d
	[1]		500014d6
ARR 50001593 (sz=24, trace=300000, nelems=2, elem type=java.lang.Object[]@500000fa)
	[0]		500014c7
	[1]		500014c7
ARR 50001594 (sz=24, trace=300000, nelems=2, elem type=java.lang.Object[]@500000fa)
	[0]		500014be
	[1]		500014be
ARR 50001595 (sz=24, trace=300000, nelems=2, elem type=java.lang.Object[]@500000fa)
	[0]		500014a7
	[1]		500014a7
ARR 50001596 (sz=24, trace=300000, nelems=2, elem type=java.lang.Object[]@500000fa)
	[0]		5000149c
	[1]		5000149c
ARR 50001597 (sz=24, trace=300000, nelems=2, elem type=java.lang.Object[]@500000fa)
	[0]		5000169b
	[1]		500014cb
ARR 50001598 (sz=24, trace=300000, nelems=2, elem type=java.lang.Object[]@500000fa)
	[0]		50001699
	[1]		50001520
ARR 50001599 (sz=24, trace=300000, nelems=2, elem type=java.lang.Object[]@500000fa)
	[0]		50001697
	[1]		500014c7
ARR 5000159a (sz=24, trace=300000, nelems=2, elem type=java.lang.Object[]@500000fa)
	[0]		50001695
	[1]		500014be
ARR 5000159b (sz=24, trace=300000, nelems=2, elem type=java.lang.Object[]@500000fa)
	[0]		50001693
	[1]		500014a7
ARR 5000159c (sz=24, trace=300000, nelems=2, elem type=java.lang.Object[]@500000fa)
	[0]		50001528
	[1]		50001528
ARR 5000159d (sz=24, trace=300000, nelems=2, elem type=java.lang.Object[]@500000fa)
	[0]		50001691
	[1]		5000149c
ARR 5000159e (sz=24, trace=300000, nelems=2, elem type=java.lang.Object[]@500000fa)
	[0]		5000168f
	[1]		500014cb
ARR 5000159f (sz=24, trace=300000, nelems=2, elem type=java.lang.Object[]@500000fa)
	[0]		5000151a
	[1]		5000151a
ARR 500015a0 (sz=24, trace=300000, nelems=2, elem type=java.lang.Object[]@500000fa)
	[0]		5000168d
	[1]		500014f2
ARR 500015a1 (sz=24, trace=300000, nelems=2, elem type=java.lang.Object[]@500000fa)
	[0]		5000168b
	[1]		500014aa
ARR 500015a2 (sz=24, trace=300000, nelems=2, elem type=java.lang.Object[]@500000fa)
	[0]		50001689
	[1]		500014fd
ARR 500015a3 (sz=24, trace=300000, nelems=2, elem type=java.lang.Object[]@500000fa)
	[0]		50001687
	[1]		500014dc
ARR 500015a4 (sz=24, trace=300000, nelems=2, elem type=java.lang.Object[]@500000fa)
	[0]		50001685
	[1]		500014cf
ARR 500015a5 (sz=24, trace=300000, nelems=2, elem type=java.lang.Object[]@500000fa)
	[0]		50001683
	[1]		50001528
ARR 500015a6 (sz=24, trace=300000, nelems=2, elem type=java.lang.Object[]@500000fa)
	[0]		50001681
	[1]		5000151a
ARR 500015a7 (sz=24, trace=300000, nelems=2, elem type=java.lang.Object[]@500000fa)
	[0]		5000167f
	[1]		500014d3
ARR 500015a8 (sz=24, trace=300000, nelems=2, elem type=java.lang.Object[]@500000fa)
	[0]		5000167d
	[1]		50001485
ARR 500015a9 (sz=24, trace=300000, nelems=2, elem type=java.lang.Object[]@500000fa)
	[0]		5000167b
	[1]		500014d3
ARR 500015aa (sz=24, trace=300000, nelems=2, elem type=java.lang.Object[]@500000fa)
	[0]		50001679
	[1]		500014e0
ARR 500015ab (sz=24, trace=300000, nelems=2, elem type=java.lang.Object[]@500000fa)
	[0]		50001677
	[1]		500014b8
ARR 500015ac (sz=24, trace=300000, nelems=2, elem type=java.lang.Object[]@500000fa)
	[0]		50001675
	[1]		5000151d
ARR 500015ad (sz=24, trace=300000, nelems=2, elem type=java.lang.Object[]@500000fa)
	[0]		50001673
	[1]		50001499
ARR 500015ae (sz=24, trace=300000, nelems=2, elem type=java.lang.Object[]@500000fa)
	[0]		50001671
	[1]		500014d6
ARR 500015af (sz=24, trace=300000, nelems=2, elem type=java.lang.Object[]@500000fa)
	[0]		5000166f
	[1]		500014d6
ARR 500015b0 (sz=24, trace=300000, nelems=2, elem type=java.lang.Object[]@500000fa)
	[0]		5000166d
	[1]		5000149c
ARR 500015b1 (sz=24, trace=300000, nelems=2, elem type=java.lang.Object[]@500000fa)
	[0]		500014c1
	[1]		500014c1
ARR 500015b2 (sz=24, trace=300000, nelems=2, elem type=java.lang.Object[]@500000fa)
	[0]		5000166b
	[1]		50001514
ARR 500015b3 (sz=24, trace=300000, nelems=2, elem type=java.lang.Object[]@500000fa)
	[0]		50001669
	[1]		50001511
ARR 500015b4 (sz=24, trace=300000, nelems=2, elem type=java.lang.Object[]@500000fa)
	[0]		50001667
	[1]		50001506
ARR 500015b5 (sz=24, trace=300000, nelems=2, elem type=java.lang.Object[]@500000fa)
	[0]		50001665
	[1]		50001503
ARR 500015b6 (sz=24, trace=300000, nelems=2, elem type=java.lang.Object[]@500000fa)
	[0]		50001663
	[1]		500014fa
ARR 500015b7 (sz=24, trace=300000, nelems=3, elem type=java.lang.Object[]@500000fa)
	[0]		5000165e
	[1]		50001528
	[2]		5000165f
ARR 500015b8 (sz=24, trace=300000, nelems=2, elem type=java.lang.Object[]@500000fa)
	[0]		5000165c
	[1]		5000151a
ARR 500015b9 (sz=24, trace=300000, nelems=2, elem type=java.lang.Object[]@500000fa)
	[0]		5000165a
	[1]		500014b5
ARR 500015ba (sz=24, trace=300000, nelems=3, elem type=java.lang.Object[]@500000fa)
	[0]		50001655
	[1]		500014ad
	[2]		50001656
ARR 500015bb (sz=24, trace=300000, nelems=2, elem type=java.lang.Object[]@500000fa)
	[0]		50001653
	[1]		50001491
ARR 500015bc (sz=24, trace=300000, nelems=2, elem type=java.lang.Object[]@500000fa)
	[0]		50001651
	[1]		500014c1
ARR 500015bd (sz=24, trace=300000, nelems=2, elem type=java.lang.Object[]@500000fa)
	[0]		5000164f
	[1]		50001499
ARR 500015be (sz=24, trace=300000, nelems=2, elem type=java.lang.Object[]@500000fa)
	[0]		5000164d
	[1]		500014b5
ARR 500015bf (sz=24, trace=300000, nelems=2, elem type=java.lang.Object[]@500000fa)
	[0]		5000164b
	[1]		500014b8
ARR 500015c0 (sz=24, trace=300000, nelems=2, elem type=java.lang.Object[]@500000fa)
	[0]		50001649
	[1]		500014ad
ARR 500015c1 (sz=24, trace=300000, nelems=2, elem type=java.lang.Object[]@500000fa)
	[0]		500014aa
	[1]		500014aa
ARR 500015c2 (sz=24, trace=300000, nelems=2, elem type=java.lang.Object[]@500000fa)
	[0]		50001647
	[1]		500014b8
ARR 500015c3 (sz=24, trace=300000, nelems=2, elem type=java.lang.Object[]@500000fa)
	[0]		50001645
	[1]		500014f2
ARR 500015c4 (sz=24, trace=300000, nelems=2, elem type=java.lang.Object[]@500000fa)
	[0]		50001643
	[1]		500014aa
ARR 500015c5 (sz=24, trace=300000, nelems=2, elem type=java.lang.Object[]@500000fa)
	[0]		50001641
	[1]		500014b5
ARR 500015c6 (sz=24, trace=300000, nelems=2, elem type=java.lang.Object[]@500000fa)
	[0]		5000163f
	[1]		500014ad
ARR 500015c7 (sz=24, trace=300000, nelems=2, elem type=java.lang.Object[]@500000fa)
	[0]		5000163d
	[1]		500014dc
ARR 500015c8 (sz=24, trace=300000, nelems=2, elem type=java.lang.Object[]@500000fa)
	[0]		5000163b
	[1]		500014fd
ARR 500015c9 (sz=24, trace=300000, nelems=2, elem type=java.lang.Object[]@500000fa)
	[0]		50001639
	[1]		500014d6
ARR 500015ca (sz=24, trace=300000, nelems=2, elem type=java.lang.Object[]@500000fa)
	[0]		50001637
	[1]		500014b8
ARR 500015cb (sz=24, trace=300000, nelems=2, elem type=java.lang.Object[]@500000fa)
	[0]		50001635
	[1]		500014ec
ARR 500015cc (sz=24, trace=300000, nelems=2, elem type=java.lang.Object[]@500000fa)
	[0]		50001633
	[1]		500014e9
ARR 500015cd (sz=24, trace=300000, nelems=2, elem type=java.lang.Object[]@500000fa)
	[0]		50001631
	[1]		5000148d
ARR 500015ce (sz=24, trace=300000, nelems=2, elem type=java.lang.Object[]@500000fa)
	[0]		5000162f
	[1]		500014e0
ARR 500015cf (sz=24, trace=300000, nelems=2, elem type=java.lang.Object[]@500000fa)
	[0]		5000162d
	[1]		500014dc
ARR 500015d0 (sz=24, trace=300000, nelems=2, elem type=java.lang.Object[]@500000fa)
	[0]		5000162b
	[1]		500014d6
ARR 500015d1 (sz=24, trace=300000, nelems=2, elem type=java.lang.Object[]@500000fa)
	[0]		50001629
	[1]		500014cf
ARR 500015d2 (sz=24, trace=300000, nelems=2, elem type=java.lang.Object[]@500000fa)
	[0]		50001627
	[1]		50001499
ARR 500015d3 (sz=24, trace=300000, nelems=2, elem type=java.lang.Object[]@500000fa)
	[0]		50001625
	[1]		50001528
ARR 500015d4 (sz=24, trace=300000, nelems=2, elem type=java.lang.Object[]@500000fa)
	[0]		50001623
	[1]		500014b8
ARR 500015d5 (sz=24, trace=300000, nelems=2, elem type=java.lang.Object[]@500000fa)
	[0]		50001621
	[1]		500014ec
ARR 500015d6 (sz=24, trace=300000, nelems=3, elem type=java.lang.Object[]@500000fa)
	[0]		5000161c
	[1]		500014e9
	[2]		5000161d
ARR 500015d7 (sz=24, trace=300000, nelems=2, elem type=java.lang.Object[]@500000fa)
	[0]		5000161a
	[1]		500014d6
ARR 500015d8 (sz=24, trace=300000, nelems=2, elem type=java.lang.Object[]@500000fa)
	[0]		50001618
	[1]		500014e0
ARR 500015d9 (sz=24, trace=300000, nelems=2, elem type=java.lang.Object[]@500000fa)
	[0]		50001616
	[1]		500014dc
ARR 500015da (sz=24, trace=300000, nelems=3, elem type=java.lang.Object[]@500000fa)
	[0]		50001611
	[1]		500014be
	[2]		50001612
ARR 500015db (sz=24, trace=300000, nelems=2, elem type=java.lang.Object[]@500000fa)
	[0]		5000160f
	[1]		500014cf
ARR 500015dc (sz=24, trace=300000, nelems=2, elem type=java.lang.Object[]@500000fa)
	[0]		5000160d
	[1]		500014a7
ARR 500015dd (sz=24, trace=300000, nelems=2, elem type=java.lang.Object[]@500000fa)
	[0]		5000160b
	[1]		500014aa
ARR 500015de (sz=24, trace=300000, nelems=2, elem type=java.lang.Object[]@500000fa)
	[0]		50001609
	[1]		500014b8
ARR 500015df (sz=24, trace=300000, nelems=2, elem type=java.lang.Object[]@500000fa)
	[0]		50001607
	[1]		500014e3
ARR 500015e0 (sz=24, trace=300000, nelems=2, elem type=java.lang.Object[]@500000fa)
	[0]		50001605
	[1]		500014b8
ARR 500015e1 (sz=24, trace=300000, nelems=2, elem type=java.lang.Object[]@500000fa)
	[0]		50001603
	[1]		50001514
ARR 500015e2 (sz=24, trace=300000, nelems=2, elem type=java.lang.Object[]@500000fa)
	[0]		50001601
	[1]		50001511
ARR 500015e3 (sz=24, trace=300000, nelems=2, elem type=java.lang.Object[]@500000fa)
	[0]		500015ff
	[1]		50001506
ARR 500015e4 (sz=24, trace=300000, nelems=2, elem type=java.lang.Object[]@500000fa)
	[0]		500015fd
	[1]		50001503
ARR 500015e5 (sz=24, trace=300000, nelems=2, elem type=java.lang.Object[]@500000fa)
	[0]		500015fb
	[1]		500014b8
ARR 500015e6 (sz=24, trace=300000, nelems=2, elem type=java.lang.Object[]@500000fa)
	[0]		500015f9
	[1]		500014fa
ARR 500015e7 (sz=24, trace=300000, nelems=2, elem type=java.lang.Object[]@500000fa)
	[0]		500015f7
	[1]		500014f6
ARR 500015e8 (sz=24, trace=300000, nelems=2, elem type=java.lang.Object[]@500000fa)
	[0]		500015f5
	[1]		50001485
ARR 500015e9 (sz=24, trace=300000, nelems=2, elem type=java.lang.Object[]@500000fa)
	[0]		500015f3
	[1]		500014fd
ARR 500015ea (sz=24, trace=300000, nelems=2, elem type=java.lang.Object[]@500000fa)
	[0]		500015f1
	[1]		500014c7
ARR 500015eb (sz=24, trace=300000, nelems=2, elem type=java.lang.Object[]@500000fa)
	[0]		500015ef
	[1]		5000149f
ARR 500015ec (sz=24, trace=300000, nelems=2, elem type=java.lang.Object[]@500000fa)
	[0]		500015ed
	[1]		5000151d
OBJ 500015ed (sz=24, trace=300000, class=java.lang.String@500000b2)
	value		500015ee
ARR 500015ee (sz=12, trace=300000, nelems=6, elem type=char[])
OBJ 500015ef (sz=24, trace=300000, class=java.lang.String@500000b2)
	value		500015f0
ARR 500015f0 (sz=24, trace=300000, nelems=12, elem type=char[])
OBJ 500015f1 (sz=24, trace=300000, class=java.lang.String@500000b2)
	value		500015f2
ARR 500015f2 (sz=38, trace=300000, nelems=19, elem type=char[])
OBJ 500015f3 (sz=24, trace=300000, class=java.lang.String@500000b2)
	value		500015f4
ARR 500015f4 (sz=12, trace=300000, nelems=6, elem type=char[])
OBJ 500015f5 (sz=24, trace=300000, class=java.lang.String@500000b2)
	value		500015f6
ARR 500015f6 (sz=16, trace=300000, nelems=8, elem type=char[])
OBJ 500015f7 (sz=24, trace=300000, class=java.lang.String@500000b2)
	value		500015f8
ARR 500015f8 (sz=12, trace=300000, nelems=6, elem type=char[])
OBJ 500015f9 (sz=24, trace=300000, class=java.lang.String@500000b2)
	value		500015fa
ARR 500015fa (sz=12, trace=300000, nelems=6, elem type=char[])
OBJ 500015fb (sz=24, trace=300000, class=java.lang.String@500000b2)
	value		500015fc
ARR 500015fc (sz=32, trace=300000, nelems=16, elem type=char[])
OBJ 500015fd (sz=24, trace=300000, class=java.lang.String@500000b2)
	value		500015fe
ARR 500015fe (sz=12, trace=300000, nelems=6, elem type=char[])
OBJ 500015ff (sz=24, trace=300000, class=java.lang.String@500000b2)
	value		50001600
ARR 50001600 (sz=12, trace=300000, nelems=6, elem type=char[])
OBJ 50001601 (sz=24, trace=300000, class=java.lang.String@500000b2)
	value		50001602
ARR 50001602 (sz=12, trace=300000, nelems=6, elem type=char[])
OBJ 50001603 (sz=24, trace=300000, class=java.lang.String@500000b2)
	value		50001604
ARR 50001604 (sz=12, trace=300000, nelems=6, elem type=char[])
OBJ 50001605 (sz=24, trace=300000, class=java.lang.String@500000b2)
	value		50001606
ARR 50001606 (sz=32, trace=300000, nelems=16, elem type=char[])
OBJ 50001607 (sz=24, trace=300000, class=java.lang.String@500000b2)
	value		50001608
ARR 50001608 (sz=8, trace=300000, nelems=4, elem type=char[])
OBJ 50001609 (sz=24, trace=300000, class=java.lang.String@500000b2)
	value		5000160a
ARR 5000160a (sz=10, trace=300000, nelems=5, elem type=char[])
OBJ 5000160b (sz=24, trace=300000, class=java.lang.String@500000b2)
	value		5000160c
ARR 5000160c (sz=22, trace=300000, nelems=11, elem type=char[])
OBJ 5000160d (sz=24, trace=300000, class=java.lang.String@500000b2)
	value		5000160e
ARR 5000160e (sz=16, trace=300000, nelems=8, elem type=char[])
OBJ 5000160f (sz=24, trace=300000, class=java.lang.String@500000b2)
	value		50001610
ARR 50001610 (sz=20, trace=300000, nelems=10, elem type=char[])
OBJ 50001611 (sz=24, trace=300000, class=java.lang.String@500000b2)
	value		50001615
ARR 50001612 (sz=24, trace=300000, nelems=2, elem type=java.lang.Object[]@500000fa)
	[0]		50001613
	[1]		500014d6
OBJ 50001613 (sz=24, trace=300000, class=java.lang.String@500000b2)
	value		50001614
ARR 50001614 (sz=20, trace=300000, nelems=10, elem type=char[])
ARR 50001615 (sz=16, trace=300000, nelems=8, elem type=char[])
OBJ 50001616 (sz=24, trace=300000, class=java.lang.String@500000b2)
	value		50001617
ARR 50001617 (sz=20, trace=300000, nelems=10, elem type=char[])
OBJ 50001618 (sz=24, trace=300000, class=java.lang.String@500000b2)
	value		50001619
ARR 50001619 (sz=20, trace=300000, nelems=10, elem type=char[])
OBJ 5000161a (sz=24, trace=300000, class=java.lang.String@500000b2)
	value		5000161b
ARR 5000161b (sz=24, trace=300000, nelems=12, elem type=char[])
OBJ 5000161c (sz=24, trace=300000, class=java.lang.String@500000b2)
	value		50001620
ARR 5000161d (sz=24, trace=300000, nelems=2, elem type=java.lang.Object[]@500000fa)
	[0]		5000161e
	[1]		500014f2
OBJ 5000161e (sz=24, trace=300000, class=java.lang.String@500000b2)
	value		5000161f
ARR 5000161f (sz=20, trace=300000, nelems=10, elem type=char[])
ARR 50001620 (sz=20, trace=300000, nelems=10, elem type=char[])
OBJ 50001621 (sz=24, trace=300000, class=java.lang.String@500000b2)
	value		50001622
ARR 50001622 (sz=20, trace=300000, nelems=10, elem type=char[])
OBJ 50001623 (sz=24, trace=300000, class=java.lang.String@500000b2)
	value		50001624
ARR 50001624 (sz=12, trace=300000, nelems=6, elem type=char[])
OBJ 50001625 (sz=24, trace=300000, class=java.lang.String@500000b2)
	value		50001626
ARR 50001626 (sz=36, trace=300000, nelems=18, elem type=char[])
OBJ 50001627 (sz=24, trace=300000, class=java.lang.String@500000b2)
	value		50001628
ARR 50001628 (sz=20, trace=300000, nelems=10, elem type=char[])
OBJ 50001629 (sz=24, trace=300000, class=java.lang.String@500000b2)
	value		5000162a
ARR 5000162a (sz=18, trace=300000, nelems=9, elem type=char[])
OBJ 5000162b (sz=24, trace=300000, class=java.lang.String@500000b2)
	value		5000162c
ARR 5000162c (sz=18, trace=300000, nelems=9, elem type=char[])
OBJ 5000162d (sz=24, trace=300000, class=java.lang.String@500000b2)
	value		5000162e
ARR 5000162e (sz=18, trace=300000, nelems=9, elem type=char[])
OBJ 5000162f (sz=24, trace=300000, class=java.lang.String@500000b2)
	value		50001630
ARR 50001630 (sz=18, trace=300000, nelems=9, elem type=char[])
OBJ 50001631 (sz=24, trace=300000, class=java.lang.String@500000b2)
	value		50001632
ARR 50001632 (sz=14, trace=300000, nelems=7, elem type=char[])
OBJ 50001633 (sz=24, trace=300000, class=java.lang.String@500000b2)
	value		50001634
ARR 50001634 (sz=18, trace=300000, nelems=9, elem type=char[])
OBJ 50001635 (sz=24, trace=300000, class=java.lang.String@500000b2)
	value		50001636
ARR 50001636 (sz=18, trace=300000, nelems=9, elem type=char[])
OBJ 50001637 (sz=24, trace=300000, class=java.lang.String@500000b2)
	value		50001638
ARR 50001638 (sz=12, trace=300000, nelems=6, elem type=char[])
OBJ 50001639 (sz=24, trace=300000, class=java.lang.String@500000b2)
	value		5000163a
ARR 5000163a (sz=10, trace=300000, nelems=5, elem type=char[])
OBJ 5000163b (sz=24, trace=300000, class=java.lang.String@500000b2)
	value		5000163c
ARR 5000163c (sz=14, trace=300000, nelems=7, elem type=char[])
OBJ 5000163d (sz=24, trace=300000, class=java.lang.String@500000b2)
	value		5000163e
ARR 5000163e (sz=30, trace=300000, nelems=15, elem type=char[])
OBJ 5000163f (sz=24, trace=300000, class=java.lang.String@500000b2)
	value		50001640
ARR 50001640 (sz=20, trace=300000, nelems=10, elem type=char[])
OBJ 50001641 (sz=24, trace=300000, class=java.lang.String@500000b2)
	value		50001642
ARR 50001642 (sz=20, trace=300000, nelems=10, elem type=char[])
OBJ 50001643 (sz=24, trace=300000, class=java.lang.String@500000b2)
	value		50001644
ARR 50001644 (sz=14, trace=300000, nelems=7, elem type=char[])
OBJ 50001645 (sz=24, trace=300000, class=java.lang.String@500000b2)
	value		50001646
ARR 50001646 (sz=30, trace=300000, nelems=15, elem type=char[])
OBJ 50001647 (sz=24, trace=300000, class=java.lang.String@500000b2)
	value		50001648
ARR 50001648 (sz=10, trace=300000, nelems=5, elem type=char[])
OBJ 50001649 (sz=24, trace=300000, class=java.lang.String@500000b2)
	value		5000164a
ARR 5000164a (sz=14, trace=300000, nelems=7, elem type=char[])
OBJ 5000164b (sz=24, trace=300000, class=java.lang.String@500000b2)
	value		5000164c
ARR 5000164c (sz=4, trace=300000, nelems=2, elem type=char[])
OBJ 5000164d (sz=24, trace=300000, class=java.lang.String@500000b2)
	value		5000164e
ARR 5000164e (sz=14, trace=300000, nelems=7, elem type=char[])
OBJ 5000164f (sz=24, trace=300000, class=java.lang.String@500000b2)
	value		50001650
ARR 50001650 (sz=14, trace=300000, nelems=7, elem type=char[])
OBJ 50001651 (sz=24, trace=300000, class=java.lang.String@500000b2)
	value		50001652
ARR 50001652 (sz=14, trace=300000, nelems=7, elem type=char[])
OBJ 50001653 (sz=24, trace=300000, class=java.lang.String@500000b2)
	value		50001654
ARR 50001654 (sz=24, trace=300000, nelems=12, elem type=char[])
OBJ 50001655 (sz=24, trace=300000, class=java.lang.String@500000b2)
	value		50001659
ARR 50001656 (sz=24, trace=300000, nelems=2, elem type=java.lang.Object[]@500000fa)
	[0]		50001657
	[1]		50001509
OBJ 50001657 (sz=24, trace=300000, class=java.lang.String@500000b2)
	value		50001658
ARR 50001658 (sz=16, trace=300000, nelems=8, elem type=char[])
ARR 50001659 (sz=20, trace=300000, nelems=10, elem type=char[])
OBJ 5000165a (sz=24, trace=300000, class=java.lang.String@500000b2)
	value		5000165b
ARR 5000165b (sz=20, trace=300000, nelems=10, elem type=char[])
OBJ 5000165c (sz=24, trace=300000, class=java.lang.String@500000b2)
	value		5000165d
ARR 5000165d (sz=16, trace=300000, nelems=8, elem type=char[])
OBJ 5000165e (sz=24, trace=300000, class=java.lang.String@500000b2)
	value		50001662
ARR 5000165f (sz=24, trace=300000, nelems=2, elem type=java.lang.Object[]@500000fa)
	[0]		50001660
	[1]		500014f6
OBJ 50001660 (sz=24, trace=300000, class=java.lang.String@500000b2)
	value		50001661
ARR 50001661 (sz=12, trace=300000, nelems=6, elem type=char[])
ARR 50001662 (sz=16, trace=300000, nelems=8, elem type=char[])
OBJ 50001663 (sz=24, trace=300000, class=java.lang.String@500000b2)
	value		50001664
ARR 50001664 (sz=12, trace=300000, nelems=6, elem type=char[])
OBJ 50001665 (sz=24, trace=300000, class=java.lang.String@500000b2)
	value		50001666
ARR 50001666 (sz=12, trace=300000, nelems=6, elem type=char[])
OBJ 50001667 (sz=24, trace=300000, class=java.lang.String@500000b2)
	value		50001668
ARR 50001668 (sz=12, trace=300000, nelems=6, elem type=char[])
OBJ 50001669 (sz=24, trace=300000, class=java.lang.String@500000b2)
	value		5000166a
ARR 5000166a (sz=12, trace=300000, nelems=6, elem type=char[])
OBJ 5000166b (sz=24, trace=300000, class=java.lang.String@500000b2)
	value		5000166c
ARR 5000166c (sz=12, trace=300000, nelems=6, elem type=char[])
OBJ 5000166d (sz=24, trace=300000, class=java.lang.String@500000b2)
	value		5000166e
ARR 5000166e (sz=16, trace=300000, nelems=8, elem type=char[])
OBJ 5000166f (sz=24, trace=300000, class=java.lang.String@500000b2)
	value		50001670
ARR 50001670 (sz=30, trace=300000, nelems=15, elem type=char[])
OBJ 50001671 (sz=24, trace=300000, class=java.lang.String@500000b2)
	value		50001672
ARR 50001672 (sz=16, trace=300000, nelems=8, elem type=char[])
OBJ 50001673 (sz=24, trace=300000, class=java.lang.String@500000b2)
	value		50001674
ARR 50001674 (sz=48, trace=300000, nelems=24, elem type=char[])
OBJ 50001675 (sz=24, trace=300000, class=java.lang.String@500000b2)
	value		50001676
ARR 50001676 (sz=10, trace=300000, nelems=5, elem type=char[])
OBJ 50001677 (sz=24, trace=300000, class=java.lang.String@500000b2)
	value		50001678
ARR 50001678 (sz=14, trace=300000, nelems=7, elem type=char[])
OBJ 50001679 (sz=24, trace=300000, class=java.lang.String@500000b2)
	value		5000167a
ARR 5000167a (sz=30, trace=300000, nelems=15, elem type=char[])
OBJ 5000167b (sz=24, trace=300000, class=java.lang.String@500000b2)
	value		5000167c
ARR 5000167c (sz=14, trace=300000, nelems=7, elem type=char[])
OBJ 5000167d (sz=24, trace=300000, class=java.lang.String@500000b2)
	value		5000167e
ARR 5000167e (sz=20, trace=300000, nelems=10, elem type=char[])
OBJ 5000167f (sz=24, trace=300000, class=java.lang.String@500000b2)
	value		50001680
ARR 50001680 (sz=12, trace=300000, nelems=6, elem type=char[])
OBJ 50001681 (sz=24, trace=300000, class=java.lang.String@500000b2)
	value		50001682
ARR 50001682 (sz=14, trace=300000, nelems=7, elem type=char[])
OBJ 50001683 (sz=24, trace=300000, class=java.lang.String@500000b2)
	value		50001684
ARR 50001684 (sz=14, trace=300000, nelems=7, elem type=char[])
OBJ 50001685 (sz=24, trace=300000, class=java.lang.String@500000b2)
	value		50001686
ARR 50001686 (sz=20, trace=300000, nelems=10, elem type=char[])
OBJ 50001687 (sz=24, trace=300000, class=java.lang.String@500000b2)
	value		50001688
ARR 50001688 (sz=20, trace=300000, nelems=10, elem type=char[])
OBJ 50001689 (sz=24, trace=300000, class=java.lang.String@500000b2)
	value		5000168a
ARR 5000168a (sz=10, trace=300000, nelems=5, elem type=char[])
OBJ 5000168b (sz=24, trace=300000, class=java.lang.String@500000b2)
	value		5000168c
ARR 5000168c (sz=10, trace=300000, nelems=5, elem type=char[])
OBJ 5000168d (sz=24, trace=300000, class=java.lang.String@500000b2)
	value		5000168e
ARR 5000168e (sz=36, trace=300000, nelems=18, elem type=char[])
OBJ 5000168f (sz=24, trace=300000, class=java.lang.String@500000b2)
	value		50001690
ARR 50001690 (sz=14, trace=300000, nelems=7, elem type=char[])
OBJ 50001691 (sz=24, trace=300000, class=java.lang.String@500000b2)
	value		50001692
ARR 50001692 (sz=14, trace=300000, nelems=7, elem type=char[])
OBJ 50001693 (sz=24, trace=300000, class=java.lang.String@500000b2)
	value		50001694
ARR 50001694 (sz=14, trace=300000, nelems=7, elem type=char[])
OBJ 50001695 (sz=24, trace=300000, class=java.lang.String@500000b2)
	value		50001696
ARR 50001696 (sz=14, trace=300000, nelems=7, elem type=char[])
OBJ 50001697 (sz=24, trace=300000, class=java.lang.String@500000b2)
	value		50001698
ARR 50001698 (sz=14, trace=300000, nelems=7, elem type=char[])
OBJ 50001699 (sz=24, trace=300000, class=java.lang.String@500000b2)
	value		5000169a
ARR 5000169a (sz=16, trace=300000, nelems=8, elem type=char[])
OBJ 5000169b (sz=24, trace=300000, class=java.lang.String@500000b2)
	value		5000169c
ARR 5000169c (sz=12, trace=300000, nelems=6, elem type=char[])
OBJ 5000169d (sz=24, trace=300000, class=java.lang.String@500000b2)
	value		5000169e
ARR 5000169e (sz=20, trace=300000, nelems=10, elem type=char[])
OBJ 5000169f (sz=24, trace=300000, class=java.lang.String@500000b2)
	value		500016a0
ARR 500016a0 (sz=10, trace=300000, nelems=5, elem type=char[])
OBJ 500016a1 (sz=24, trace=300000, class=java.lang.String@500000b2)
	value		500016a2
ARR 500016a2 (sz=24, trace=300000, nelems=12, elem type=char[])
OBJ 500016a3 (sz=24, trace=300000, class=java.lang.String@500000b2)
	value		500016a4
ARR 500016a4 (sz=28, trace=300000, nelems=14, elem type=char[])
OBJ 500016a5 (sz=24, trace=300000, class=java.lang.String@500000b2)
	value		500016a6
ARR 500016a6 (sz=12, trace=300000, nelems=6, elem type=char[])
OBJ 500016a7 (sz=24, trace=300000, class=java.lang.String@500000b2)
	value		500016a8
ARR 500016a8 (sz=20, trace=300000, nelems=10, elem type=char[])
OBJ 500016a9 (sz=24, trace=300000, class=java.lang.String@500000b2)
	value		500016aa
ARR 500016aa (sz=12, trace=300000, nelems=6, elem type=char[])
OBJ 500016ab (sz=24, trace=300000, class=java.lang.String@500000b2)
	value		500016ac
ARR 500016ac (sz=12, trace=300000, nelems=6, elem type=char[])
OBJ 500016ad (sz=24, trace=300000, class=java.lang.String@500000b2)
	value		500016ae
ARR 500016ae (sz=12, trace=300000, nelems=6, elem type=char[])
OBJ 500016af (sz=24, trace=300000, class=java.lang.String@500000b2)
	value		500016b0
ARR 500016b0 (sz=12, trace=300000, nelems=6, elem type=char[])
OBJ 500016b1 (sz=24, trace=300000, class=java.lang.String@500000b2)
	value		500016b2
ARR 500016b2 (sz=12, trace=300000, nelems=6, elem type=char[])
OBJ 500016b3 (sz=24, trace=300000, class=java.lang.String@500000b2)
	value		500016b4
ARR 500016b4 (sz=6, trace=300000, nelems=3, elem type=char[])
OBJ 500016b5 (sz=24, trace=300000, class=java.lang.String@500000b2)
	value		500016b6
ARR 500016b6 (sz=20, trace=300000, nelems=10, elem type=char[])
OBJ 500016b7 (sz=24, trace=300000, class=java.lang.String@500000b2)
	value		500016b8
ARR 500016b8 (sz=20, trace=300000, nelems=10, elem type=char[])
OBJ 500016b9 (sz=24, trace=300000, class=java.lang.String@500000b2)
	value		500016ba
ARR 500016ba (sz=10, trace=300000, nelems=5, elem type=char[])
OBJ 500016bb (sz=24, trace=300000, class=java.lang.String@500000b2)
	value		500016bc
ARR 500016bc (sz=14, trace=300000, nelems=7, elem type=char[])
OBJ 500016bd (sz=24, trace=300000, class=java.lang.String@500000b2)
	value		500016be
ARR 500016be (sz=14, trace=300000, nelems=7, elem type=char[])
OBJ 500016bf (sz=24, trace=300000, class=java.lang.String@500000b2)
	value		500016c0
ARR 500016c0 (sz=28, trace=300000, nelems=14, elem type=char[])
OBJ 500016c1 (sz=24, trace=300000, class=java.lang.String@500000b2)
	value		500016c2
ARR 500016c2 (sz=12, trace=300000, nelems=6, elem type=char[])
OBJ 500016c3 (sz=24, trace=300000, class=java.lang.String@500000b2)
	value		500016c4
ARR 500016c4 (sz=10, trace=300000, nelems=5, elem type=char[])
OBJ 500016c5 (sz=24, trace=300000, class=java.lang.String@500000b2)
	value		500016c6
ARR 500016c6 (sz=10, trace=300000, nelems=5, elem type=char[])
OBJ 500016c7 (sz=24, trace=300000, class=java.lang.String@500000b2)
	value		500016c8
ARR 500016c8 (sz=12, trace=300000, nelems=6, elem type=char[])
OBJ 500016c9 (sz=24, trace=300000, class=java.lang.String@500000b2)
	value		500016ca
ARR 500016ca (sz=14, trace=300000, nelems=7, elem type=char[])
OBJ 500016cb (sz=24, trace=300000, class=java.lang.String@500000b2)
	value		500016cc
ARR 500016cc (sz=14, trace=300000, nelems=7, elem type=char[])
OBJ 500016cd (sz=24, trace=300000, class=java.lang.String@500000b2)
	value		500016ce
ARR 500016ce (sz=30, trace=300000, nelems=15, elem type=char[])
OBJ 500016cf (sz=24, trace=300000, class=java.lang.String@500000b2)
	value		500016d0
ARR 500016d0 (sz=6, trace=300000, nelems=3, elem type=char[])
OBJ 500016d1 (sz=24, trace=300000, class=java.lang.String@500000b2)
	value		500016d2
ARR 500016d2 (sz=8, trace=300000, nelems=4, elem type=char[])
OBJ 500016d3 (sz=24, trace=300000, class=java.lang.String@500000b2)
	value		500016d4
ARR 500016d4 (sz=20, trace=300000, nelems=10, elem type=char[])
OBJ 500016d5 (sz=24, trace=300000, class=java.lang.String@500000b2)
	value		500016d9
ARR 500016d6 (sz=24, trace=300000, nelems=2, elem type=java.lang.Object[]@500000fa)
	[0]		500016d7
	[1]		500014cb
OBJ 500016d7 (sz=24, trace=300000, class=java.lang.String@500000b2)
	value		500016d8
ARR 500016d8 (sz=10, trace=300000, nelems=5, elem type=char[])
ARR 500016d9 (sz=10, trace=300000, nelems=5, elem type=char[])
OBJ 500016da (sz=24, trace=300000, class=java.lang.String@500000b2)
	value		500016de
ARR 500016db (sz=24, trace=300000, nelems=2, elem type=java.lang.Object[]@500000fa)
	[0]		500016dc
	[1]		500014ad
OBJ 500016dc (sz=24, trace=300000, class=java.lang.String@500000b2)
	value		500016dd
ARR 500016dd (sz=4, trace=300000, nelems=2, elem type=char[])
ARR 500016de (sz=10, trace=300000, nelems=5, elem type=char[])
OBJ 500016df (sz=24, trace=300000, class=java.lang.String@500000b2)
	value		500016e0
ARR 500016e0 (sz=10, trace=300000, nelems=5, elem type=char[])
OBJ 500016e1 (sz=24, trace=300000, class=java.lang.String@500000b2)
	value		500016e2
ARR 500016e2 (sz=4, trace=300000, nelems=2, elem type=char[])
OBJ 500016e3 (sz=24, trace=300000, class=java.lang.String@500000b2)
	value		500016e7
ARR 500016e4 (sz=24, trace=300000, nelems=2, elem type=java.lang.Object[]@500000fa)
	[0]		500016e5
	[1]		500014e0
OBJ 500016e5 (sz=24, trace=300000, class=java.lang.String@500000b2)
	value		500016e6
ARR 500016e6 (sz=4, trace=300000, nelems=2, elem type=char[])
ARR 500016e7 (sz=10, trace=300000, nelems=5, elem type=char[])
OBJ 500016e8 (sz=24, trace=300000, class=java.lang.String@500000b2)
	value		500016e9
ARR 500016e9 (sz=16, trace=300000, nelems=8, elem type=char[])
OBJ 500016ea (sz=24, trace=300000, class=java.lang.String@500000b2)
	value		500016f1
ARR 500016eb (sz=24, trace=300000, nelems=3, elem type=java.lang.Object[]@500000fa)
	[0]		500016ec
	[1]		500014ad
	[2]		500016ed
OBJ 500016ec (sz=24, trace=300000, class=java.lang.String@500000b2)
	value		500016f0
ARR 500016ed (sz=24, trace=300000, nelems=2, elem type=java.lang.Object[]@500000fa)
	[0]		500016ee
	[1]		500014e9
OBJ 500016ee (sz=24, trace=300000, class=java.lang.String@500000b2)
	value		500016ef
ARR 500016ef (sz=4, trace=300000, nelems=2, elem type=char[])
ARR 500016f0 (sz=12, trace=300000, nelems=6, elem type=char[])
ARR 500016f1 (sz=10, trace=300000, nelems=5, elem type=char[])
OBJ 500016f2 (sz=24, trace=300000, class=java.lang.String@500000b2)
	value		500016f3
ARR 500016f3 (sz=4, trace=300000, nelems=2, elem type=char[])
OBJ 500016f4 (sz=24, trace=300000, class=java.lang.String@500000b2)
	value		500016f5
ARR 500016f5 (sz=14, trace=300000, nelems=7, elem type=char[])
OBJ 500016f6 (sz=24, trace=300000, class=java.lang.String@500000b2)
	value		500016fa
ARR 500016f7 (sz=24, trace=300000, nelems=2, elem type=java.lang.Object[]@500000fa)
	[0]		500016f8
	[1]		500014e0
OBJ 500016f8 (sz=24, trace=300000, class=java.lang.String@500000b2)
	value		500016f9
ARR 500016f9 (sz=14, trace=300000, nelems=7, elem type=char[])
ARR 500016fa (sz=12, trace=300000, nelems=6, elem type=char[])
OBJ 500016fb (sz=24, trace=300000, class=java.lang.String@500000b2)
	value		500016fc
ARR 500016fc (sz=14, trace=300000, nelems=7, elem type=char[])
OBJ 500016fd (sz=24, trace=300000, class=java.lang.String@500000b2)
	value		50001701
ARR 500016fe (sz=24, trace=300000, nelems=2, elem type=java.lang.Object[]@500000fa)
	[0]		500016ff
	[1]		500014b8
OBJ 500016ff (sz=24, trace=300000, class=java.lang.String@500000b2)
	value		50001700
ARR 50001700 (sz=6, trace=300000, nelems=3, elem type=char[])
ARR 50001701 (sz=12, trace=300000, nelems=6, elem type=char[])
OBJ 50001702 (sz=24, trace=300000, class=java.lang.String@500000b2)
	value		50001703
ARR 50001703 (sz=22, trace=300000, nelems=11, elem type=char[])
OBJ 50001704 (sz=24, trace=300000, class=java.lang.String@500000b2)
	value		50001705
ARR 50001705 (sz=22, trace=300000, nelems=11, elem type=char[])
OBJ 50001706 (sz=24, trace=300000, class=java.lang.String@500000b2)
	value		50001707
ARR 50001707 (sz=12, trace=300000, nelems=6, elem type=char[])
OBJ 50001708 (sz=24, trace=300000, class=java.lang.String@500000b2)
	value		50001709
ARR 50001709 (sz=12, trace=300000, nelems=6, elem type=char[])
OBJ 5000170a (sz=24, trace=300000, class=java.lang.String@500000b2)
	value		5000170b
ARR 5000170b (sz=12, trace=300000, nelems=6, elem type=char[])
OBJ 5000170c (sz=24, trace=300000, class=java.lang.String@500000b2)
	value		5000170d
ARR 5000170d (sz=18, trace=300000, nelems=9, elem type=char[])
OBJ 5000170e (sz=24, trace=300000, class=java.lang.String@500000b2)
	value		5000170f
ARR 5000170f (sz=18, trace=300000, nelems=9, elem type=char[])
OBJ 50001710 (sz=24, trace=300000, class=java.lang.String@500000b2)
	value		50001711
ARR 50001711 (sz=18, trace=300000, nelems=9, elem type=char[])
OBJ 50001712 (sz=24, trace=300000, class=java.lang.String@500000b2)
	value		50001713
ARR 50001713 (sz=18, trace=300000, nelems=9, elem type=char[])
OBJ 50001714 (sz=24, trace=300000, class=java.lang.String@500000b2)
	value		50001715
ARR 50001715 (sz=18, trace=300000, nelems=9, elem type=char[])
OBJ 50001716 (sz=24, trace=300000, class=java.lang.String@500000b2)
	value		50001717
ARR 50001717 (sz=18, trace=300000, nelems=9, elem type=char[])
OBJ 50001718 (sz=24, trace=300000, class=java.lang.String@500000b2)
	value		50001719
ARR 50001719 (sz=42, trace=300000, nelems=21, elem type=char[])
OBJ 5000171a (sz=24, trace=300000, class=java.lang.String@500000b2)
	value		5000171b
ARR 5000171b (sz=6, trace=300000, nelems=3, elem type=char[])
OBJ 5000171c (sz=24, trace=300000, class=java.lang.String@500000b2)
	value		5000171d
ARR 5000171d (sz=30, trace=300000, nelems=15, elem type=char[])
OBJ 5000171e (sz=24, trace=300000, class=java.lang.String@500000b2)
	value		5000171f
ARR 5000171f (sz=20, trace=300000, nelems=10, elem type=char[])
OBJ 50001720 (sz=24, trace=300000, class=java.lang.String@500000b2)
	value		50001721
ARR 50001721 (sz=30, trace=300000, nelems=15, elem type=char[])
OBJ 50001722 (sz=24, trace=300000, class=java.lang.String@500000b2)
	value		50001723
ARR 50001723 (sz=20, trace=300000, nelems=10, elem type=char[])
OBJ 50001724 (sz=24, trace=300000, class=java.lang.String@500000b2)
	value		50001725
ARR 50001725 (sz=6, trace=300000, nelems=3, elem type=char[])
OBJ 50001726 (sz=24, trace=300000, class=java.lang.String@500000b2)
	value		50001727
ARR 50001727 (sz=6, trace=300000, nelems=3, elem type=char[])
OBJ 50001728 (sz=24, trace=300000, class=java.lang.String@500000b2)
	value		50001729
ARR 50001729 (sz=14, trace=300000, nelems=7, elem type=char[])
OBJ 5000172a (sz=24, trace=300000, class=java.lang.String@500000b2)
	value		5000172e
ARR 5000172b (sz=24, trace=300000, nelems=2, elem type=java.lang.Object[]@500000fa)
	[0]		5000172c
	[1]		500014cb
OBJ 5000172c (sz=24, trace=300000, class=java.lang.String@500000b2)
	value		5000172d
ARR 5000172d (sz=6, trace=300000, nelems=3, elem type=char[])
ARR 5000172e (sz=6, trace=300000, nelems=3, elem type=char[])
OBJ 5000172f (sz=24, trace=300000, class=java.lang.String@500000b2)
	value		50001733
ARR 50001730 (sz=24, trace=300000, nelems=2, elem type=java.lang.Object[]@500000fa)
	[0]		50001731
	[1]		500014b8
OBJ 50001731 (sz=24, trace=300000, class=java.lang.String@500000b2)
	value		50001732
ARR 50001732 (sz=16, trace=300000, nelems=8, elem type=char[])
ARR 50001733 (sz=6, trace=300000, nelems=3, elem type=char[])
OBJ 50001734 (sz=24, trace=300000, class=java.lang.String@500000b2)
	value		50001735
ARR 50001735 (sz=6, trace=300000, nelems=3, elem type=char[])
OBJ 50001736 (sz=24, trace=300000, class=java.lang.String@500000b2)
	value		50001737
ARR 50001737 (sz=6, trace=300000, nelems=3, elem type=char[])
OBJ 50001738 (sz=24, trace=300000, class=java.lang.String@500000b2)
	value		5000173c
ARR 50001739 (sz=24, trace=300000, nelems=2, elem type=java.lang.Object[]@500000fa)
	[0]		5000173a
	[1]		500014ec
OBJ 5000173a (sz=24, trace=300000, class=java.lang.String@500000b2)
	value		5000173b
ARR 5000173b (sz=10, trace=300000, nelems=5, elem type=char[])
ARR 5000173c (sz=6, trace=300000, nelems=3, elem type=char[])
OBJ 5000173d (sz=24, trace=300000, class=java.lang.String@500000b2)
	value		5000173e
ARR 5000173e (sz=10, trace=300000, nelems=5, elem type=char[])
OBJ 5000173f (sz=24, trace=300000, class=java.lang.String@500000b2)
	value		50001743
ARR 50001740 (sz=24, trace=300000, nelems=2, elem type=java.lang.Object[]@500000fa)
	[0]		50001741
	[1]		50001511
OBJ 50001741 (sz=24, trace=300000, class=java.lang.String@500000b2)
	value		50001742
ARR 50001742 (sz=18, trace=300000, nelems=9, elem type=char[])
ARR 50001743 (sz=32, trace=300000, nelems=16, elem type=char[])
OBJ 50001744 (sz=24, trace=300000, class=java.lang.String@500000b2)
	value		50001745
ARR 50001745 (sz=16, trace=300000, nelems=8, elem type=char[])
OBJ 50001746 (sz=24, trace=300000, class=java.lang.String@500000b2)
	value		50001747
ARR 50001747 (sz=24, trace=300000, nelems=12, elem type=char[])
OBJ 50001748 (sz=24, trace=300000, class=java.lang.String@500000b2)
	value		50001749
ARR 50001749 (sz=10, trace=300000, nelems=5, elem type=char[])
OBJ 5000174a (sz=24, trace=300000, class=java.lang.String@500000b2)
	value		5000174b
ARR 5000174b (sz=10, trace=300000, nelems=5, elem type=char[])
OBJ 5000174c (sz=24, trace=300000, class=java.lang.String@500000b2)
	value		5000174d
ARR 5000174d (sz=10, trace=300000, nelems=5, elem type=char[])
OBJ 5000174e (sz=24, trace=300000, class=java.lang.String@500000b2)
	value		5000174f
ARR 5000174f (sz=10, trace=300000, nelems=5, elem type=char[])
OBJ 50001750 (sz=24, trace=300000, class=java.lang.String@500000b2)
	value		50001751
ARR 50001751 (sz=10, trace=300000, nelems=5, elem type=char[])
OBJ 50001752 (sz=24, trace=300000, class=java.lang.String@500000b2)
	value		50001753
ARR 50001753 (sz=12, trace=300000, nelems=6, elem type=char[])
OBJ 50001754 (sz=24, trace=300000, class=java.lang.String@500000b2)
	value		50001755
ARR 50001755 (sz=12, trace=300000, nelems=6, elem type=char[])
OBJ 50001756 (sz=24, trace=300000, class=java.lang.String@500000b2)
	value		50001757
ARR 50001757 (sz=16, trace=300000, nelems=8, elem type=char[])
OBJ 50001758 (sz=24, trace=300000, class=java.lang.String@500000b2)
	value		50001759
ARR 50001759 (sz=20, trace=300000, nelems=10, elem type=char[])
OBJ 5000175a (sz=24, trace=300000, class=java.lang.String@500000b2)
	value		5000175b
ARR 5000175b (sz=34, trace=300000, nelems=17, elem type=char[])
OBJ 5000175c (sz=24, trace=300000, class=java.lang.String@500000b2)
	value		5000175d
ARR 5000175d (sz=6, trace=300000, nelems=3, elem type=char[])
OBJ 5000175e (sz=24, trace=300000, class=java.lang.String@500000b2)
	value		5000175f
ARR 5000175f (sz=30, trace=300000, nelems=15, elem type=char[])
OBJ 50001760 (sz=24, trace=300000, class=java.lang.String@500000b2)
	value		50001761
ARR 50001761 (sz=12, trace=300000, nelems=6, elem type=char[])
OBJ 50001762 (sz=24, trace=300000, class=java.lang.String@500000b2)
	value		50001763
ARR 50001763 (sz=12, trace=300000, nelems=6, elem type=char[])
OBJ 50001764 (sz=24, trace=300000, class=java.lang.String@500000b2)
	value		50001768
ARR 50001765 (sz=24, trace=300000, nelems=2, elem type=java.lang.Object[]@500000fa)
	[0]		50001766
	[1]		500014dc
OBJ 50001766 (sz=24, trace=300000, class=java.lang.String@500000b2)
	value		50001767
ARR 50001767 (sz=12, trace=300000, nelems=6, elem type=char[])
ARR 50001768 (sz=6, trace=300000, nelems=3, elem type=char[])
OBJ 50001769 (sz=24, trace=300000, class=java.lang.String@500000b2)
	value		5000176a
ARR 5000176a (sz=12, trace=300000, nelems=6, elem type=char[])
OBJ 5000176b (sz=24, trace=300000, class=java.lang.String@500000b2)
	value		5000176c
ARR 5000176c (sz=12, trace=300000, nelems=6, elem type=char[])
OBJ 5000176d (sz=24, trace=300000, class=java.lang.String@500000b2)
	value		50001771
ARR 5000176e (sz=24, trace=300000, nelems=2, elem type=java.lang.Object[]@500000fa)
	[0]		5000176f
	[1]		500014ec
OBJ 5000176f (sz=24, trace=300000, class=java.lang.String@500000b2)
	value		50001770
ARR 50001770 (sz=12, trace=300000, nelems=6, elem type=char[])
ARR 50001771 (sz=36, trace=300000, nelems=18, elem type=char[])
OBJ 50001772 (sz=24, trace=300000, class=java.lang.String@500000b2)
	value		50001773
ARR 50001773 (sz=6, trace=300000, nelems=3, elem type=char[])
OBJ 50001774 (sz=24, trace=300000, class=java.lang.String@500000b2)
	value		50001775
ARR 50001775 (sz=6, trace=300000, nelems=3, elem type=char[])
OBJ 50001776 (sz=24, trace=300000, class=java.lang.String@500000b2)
	value		50001777
ARR 50001777 (sz=6, trace=300000, nelems=3, elem type=char[])
OBJ 50001778 (sz=24, trace=300000, class=java.lang.String@500000b2)
	value		50001779
ARR 50001779 (sz=6, trace=300000, nelems=3, elem type=char[])
OBJ 5000177a (sz=24, trace=300000, class=java.lang.String@500000b2)
	value		5000177b
ARR 5000177b (sz=6, trace=300000, nelems=3, elem type=char[])
OBJ 5000177c (sz=24, trace=300000, class=java.lang.String@500000b2)
	value		5000177d
ARR 5000177d (sz=30, trace=300000, nelems=15, elem type=char[])
OBJ 5000177e (sz=24, trace=300000, class=java.lang.String@500000b2)
	value		5000177f
ARR 5000177f (sz=18, trace=300000, nelems=9, elem type=char[])
OBJ 50001780 (sz=24, trace=300000, class=java.lang.String@500000b2)
	value		50001781
ARR 50001781 (sz=26, trace=300000, nelems=13, elem type=char[])
OBJ 50001782 (sz=24, trace=300000, class=java.lang.String@500000b2)
	value		50001783
ARR 50001783 (sz=22, trace=300000, nelems=11, elem type=char[])
OBJ 50001784 (sz=24, trace=300000, class=java.lang.String@500000b2)
	value		50001785
ARR 50001785 (sz=22, trace=300000, nelems=11, elem type=char[])
OBJ 50001786 (sz=24, trace=300000, class=java.lang.String@500000b2)
	value		50001787
ARR 50001787 (sz=22, trace=300000, nelems=11, elem type=char[])
OBJ 50001788 (sz=24, trace=300000, class=java.lang.String@500000b2)
	value		50001789
ARR 50001789 (sz=22, trace=300000, nelems=11, elem type=char[])
OBJ 5000178a (sz=24, trace=300000, class=java.lang.String@500000b2)
	value		5000178b
ARR 5000178b (sz=22, trace=300000, nelems=11, elem type=char[])
OBJ 5000178c (sz=24, trace=300000, class=java.lang.String@500000b2)
	value		5000178d
ARR 5000178d (sz=22, trace=300000, nelems=11, elem type=char[])
ARR 5000178e (sz=144, trace=300000, nelems=32, elem type=java.lang.Object[]@500000fa)
	[0]		5000178f
	[2]		50001790
	[3]		50001791
	[4]		50001792
	[5]		50001793
	[6]		50001794
	[7]		50001795
	[8]		50001796
	[9]		50001797
	[10]		50001798
	[11]		50001799
	[12]		5000179a
	[14]		5000179b
	[15]		5000179c
	[16]		5000179d
	[17]		5000179e
	[18]		5000179f
	[19]		500017a0
	[22]		500017a1
	[24]		500017a2
	[28]		500017a3
	[29]		500017a4
	[31]		500017a5
ARR 5000178f (sz=24, trace=300000, nelems=1, elem type=java.lang.Object[]@500000fa)
	[0]		50001528
ARR 50001790 (sz=24, trace=300000, nelems=3, elem type=java.lang.Object[]@500000fa)
	[0]		5000151a
	[2]		50001870
ARR 50001791 (sz=24, trace=300000, nelems=3, elem type=java.lang.Object[]@500000fa)
	[0]		50001511
	[2]		5000186f
ARR 50001792 (sz=24, trace=300000, nelems=3, elem type=java.lang.Object[]@500000fa)
	[0]		50001503
	[2]		50001868
ARR 50001793 (sz=24, trace=300000, nelems=3, elem type=java.lang.Object[]@500000fa)
	[0]		500014fa
	[2]		50001867
ARR 50001794 (sz=24, trace=300000, nelems=1, elem type=java.lang.Object[]@500000fa)
	[0]		500014f6
ARR 50001795 (sz=24, trace=300000, nelems=1, elem type=java.lang.Object[]@500000fa)
	[0]		500014f2
ARR 50001796 (sz=24, trace=300000, nelems=3, elem type=java.lang.Object[]@500000fa)
	[0]		500014e9
	[2]		50001866
ARR 50001797 (sz=24, trace=300000, nelems=3, elem type=java.lang.Object[]@500000fa)
	[0]		500014e0
	[2]		500017ad
ARR 50001798 (sz=24, trace=300000, nelems=1, elem type=java.lang.Object[]@500000fa)
	[0]		500014dc
ARR 50001799 (sz=24, trace=300000, nelems=3, elem type=java.lang.Object[]@500000fa)
	[0]		500014d3
	[2]		500017ac
ARR 5000179a (sz=24, trace=300000, nelems=1, elem type=java.lang.Object[]@500000fa)
	[0]		500014cf
ARR 5000179b (sz=24, trace=300000, nelems=1, elem type=java.lang.Object[]@500000fa)
	[0]		500014cb
ARR 5000179c (sz=24, trace=300000, nelems=1, elem type=java.lang.Object[]@500000fa)
	[0]		500014c7
ARR 5000179d (sz=24, trace=300000, nelems=3, elem type=java.lang.Object[]@500000fa)
	[0]		500014be
	[2]		500017ab
ARR 5000179e (sz=24, trace=300000, nelems=3, elem type=java.lang.Object[]@500000fa)
	[0]		500014b5
	[2]		500017aa
ARR 5000179f (sz=24, trace=300000, nelems=3, elem type=java.lang.Object[]@500000fa)
	[0]		500014a7
	[2]		500017a8
ARR 500017a0 (sz=24, trace=300000, nelems=3, elem type=java.lang.Object[]@500000fa)
	[0]		50001499
	[2]		500017a6
ARR 500017a1 (sz=24, trace=300000, nelems=1, elem type=java.lang.Object[]@500000fa)
	[0]		50001495
ARR 500017a2 (sz=24, trace=300000, nelems=1, elem type=java.lang.Object[]@500000fa)
	[0]		50001491
ARR 500017a3 (sz=24, trace=300000, nelems=1, elem type=java.lang.Object[]@500000fa)
	[0]		5000148d
ARR 500017a4 (sz=24, trace=300000, nelems=1, elem type=java.lang.Object[]@500000fa)
	[0]		50001489
ARR 500017a5 (sz=24, trace=300000, nelems=1, elem type=java.lang.Object[]@500000fa)
	[0]		50001485
ARR 500017a6 (sz=24, trace=300000, nelems=3, elem type=java.lang.Object[]@500000fa)
	[0]		5000149c
	[2]		500017a7
ARR 500017a7 (sz=24, trace=300000, nelems=1, elem type=java.lang.Object[]@500000fa)
	[0]		5000149f
ARR 500017a8 (sz=24, trace=300000, nelems=3, elem type=java.lang.Object[]@500000fa)
	[0]		500014aa
	[2]		500017a9
ARR 500017a9 (sz=24, trace=300000, nelems=1, elem type=java.lang.Object[]@500000fa)
	[0]		500014ad
ARR 500017aa (sz=24, trace=300000, nelems=1, elem type=java.lang.Object[]@500000fa)
	[0]		500014b8
ARR 500017ab (sz=24, trace=300000, nelems=1, elem type=java.lang.Object[]@500000fa)
	[0]		500014c1
ARR 500017ac (sz=24, trace=300000, nelems=1, elem type=java.lang.Object[]@500000fa)
	[0]		500014d6
ARR 500017ad (sz=24, trace=300000, nelems=2, elem type=java.lang.Object[]@500000fa)
	[0]		500014e3
	[1]		5000027e
ARR 500017ae (sz=24, trace=300000, nelems=2, elem type=java.lang.String[]@500000b3)
	[0]		500017b0
	[1]		5000175a
ARR 500017af (sz=10, trace=300000, nelems=5, elem type=char[])
OBJ 500017b0 (sz=24, trace=300000, class=java.lang.String@500000b2)
	value		500017b1
ARR 500017b1 (sz=8, trace=300000, nelems=4, elem type=char[])
ARR 500017b2 (sz=32, trace=300000, nelems=4, elem type=java.lang.String[]@500000b3)
	[0]		5000145b
	[1]		50001458
	[2]		50001459
	[3]		5000145a
ARR 500017b3 (sz=6, trace=300000, nelems=3, elem type=char[])
OBJ 500017b4 (sz=24, trace=300000, class=java.lang.String@500000b2)
	value		500017b8
OBJ 500017b5 (sz=24, trace=300000, class=java.lang.String@500000b2)
	value		500017b9
OBJ 500017b6 (sz=16, trace=300000, class=java.nio.ByteOrder@50000119)
	name		500017b5
OBJ 500017b7 (sz=16, trace=300000, class=java.nio.ByteOrder@50000119)
	name		500017b4
ARR 500017b8 (sz=20, trace=300000, nelems=10, elem type=char[])
ARR 500017b9 (sz=26, trace=300000, nelems=13, elem type=char[])
OBJ 500017ba (sz=24, trace=300000, class=java.lang.String@500000b2)
	value		500017bf
OBJ 500017bb (sz=24, trace=300000, class=java.lang.String@500000b2)
	value		500017be
OBJ 500017bc (sz=24, trace=300000, class=java.lang.String@500000b2)
	value		500017bd
ARR 500017bd (sz=6, trace=300000, nelems=3, elem type=char[])
ARR 500017be (sz=14, trace=300000, nelems=7, elem type=char[])
ARR 500017bf (sz=8, trace=300000, nelems=4, elem type=char[])
OBJ 500017c0 (sz=24, trace=300000, class=java.lang.String@500000b2)
	value		50001825
OBJ 500017c1 (sz=24, trace=300000, class=java.lang.String@500000b2)
	value		5000182b
OBJ 500017c2 (sz=24, trace=300000, class=java.lang.String@500000b2)
	value		50001829
OBJ 500017c3 (sz=24, trace=300000, class=java.lang.String@500000b2)
	value		5000184b
OBJ 500017c4 (sz=24, trace=300000, class=java.lang.String@500000b2)
	value		5000184c
OBJ 500017c5 (sz=24, trace=300000, class=java.lang.String@500000b2)
	value		5000183b
OBJ 500017c6 (sz=24, trace=300000, class=java.lang.String@500000b2)
	value		5000185a
OBJ 500017c7 (sz=24, trace=300000, class=java.lang.String@500000b2)
	value		50001827
OBJ 500017c8 (sz=24, trace=300000, class=java.lang.String@500000b2)
	value		5000183d
OBJ 500017c9 (sz=24, trace=300000, class=java.lang.String@500000b2)
	value		5000185b
OBJ 500017ca (sz=24, trace=300000, class=java.lang.String@500000b2)
	value		5000182f
OBJ 500017cb (sz=24, trace=300000, class=java.lang.String@500000b2)
	value		5000185e
OBJ 500017cc (sz=24, trace=300000, class=java.lang.String@500000b2)
	value		50001828
OBJ 500017cd (sz=24, trace=300000, class=java.lang.String@500000b2)
	value		50001838
OBJ 500017ce (sz=24, trace=300000, class=java.lang.String@500000b2)
	value		50001853
OBJ 500017cf (sz=24, trace=300000, class=java.lang.String@500000b2)
	value		5000185c
OBJ 500017d0 (sz=24, trace=300000, class=java.lang.String@500000b2)
	value		50001840
OBJ 500017d1 (sz=24, trace=300000, class=java.lang.String@500000b2)
	value		50001847
OBJ 500017d2 (sz=24, trace=300000, class=java.lang.String@500000b2)
	value		50001850
OBJ 500017d3 (sz=24, trace=300000, class=java.lang.String@500000b2)
	value		5000183a
OBJ 500017d4 (sz=24, trace=300000, class=java.lang.String@500000b2)
	value		5000185d
OBJ 500017d5 (sz=24, trace=300000, class=java.lang.String@500000b2)
	value		50001854
OBJ 500017d6 (sz=24, trace=300000, class=java.lang.String@500000b2)
	value		5000182a
OBJ 500017d7 (sz=24, trace=300000, class=java.lang.String@500000b2)
	value		5000183e
OBJ 500017d8 (sz=24, trace=300000, class=java.lang.String@500000b2)
	value		5000185f
OBJ 500017d9 (sz=24, trace=300000, class=java.lang.String@500000b2)
	value		50001839
OBJ 500017da (sz=24, trace=300000, class=java.lang.String@500000b2)
	value		50001842
OBJ 500017db (sz=24, trace=300000, class=java.lang.String@500000b2)
	value		50001841
OBJ 500017dc (sz=24, trace=300000, class=java.lang.String@500000b2)
	value		50001845
OBJ 500017dd (sz=24, trace=300000, class=java.lang.String@500000b2)
	value		50001844
OBJ 500017de (sz=24, trace=300000, class=java.lang.String@500000b2)
	value		50001849
OBJ 500017df (sz=24, trace=300000, class=java.lang.String@500000b2)
	value		50001848
OBJ 500017e0 (sz=24, trace=300000, class=java.lang.String@500000b2)
	value		5000184e
OBJ 500017e1 (sz=24, trace=300000, class=java.lang.String@500000b2)
	value		5000184d
OBJ 500017e2 (sz=24, trace=300000, class=java.lang.String@500000b2)
	value		50001852
OBJ 500017e3 (sz=24, trace=300000, class=java.lang.String@500000b2)
	value		50001851
OBJ 500017e4 (sz=24, trace=300000, class=java.lang.String@500000b2)
	value		50001857
OBJ 500017e5 (sz=24, trace=300000, class=java.lang.String@500000b2)
	value		50001859
OBJ 500017e6 (sz=24, trace=300000, class=java.lang.String@500000b2)
	value		50001858
OBJ 500017e7 (sz=24, trace=300000, class=java.lang.String@500000b2)
	value		50001862
OBJ 500017e8 (sz=24, trace=300000, class=java.lang.String@500000b2)
	value		50001837
OBJ 500017e9 (sz=24, trace=300000, class=java.lang.String@500000b2)
	value		50001836
OBJ 500017ea (sz=24, trace=300000, class=java.lang.String@500000b2)
	value		50001833
OBJ 500017eb (sz=24, trace=300000, class=java.lang.String@500000b2)
	value		5000182c
OBJ 500017ec (sz=24, trace=300000, class=java.lang.String@500000b2)
	value		5000182d
OBJ 500017ed (sz=24, trace=300000, class=java.lang.String@500000b2)
	value		50001832
OBJ 500017ee (sz=24, trace=300000, class=java.lang.String@500000b2)
	value		50001830
OBJ 500017ef (sz=24, trace=300000, class=java.lang.String@500000b2)
	value		5000182e
OBJ 500017f0 (sz=24, trace=300000, class=java.lang.String@500000b2)
	value		50001831
OBJ 500017f1 (sz=24, trace=300000, class=java.lang.String@500000b2)
	value		50001835
OBJ 500017f2 (sz=24, trace=300000, class=java.lang.String@500000b2)
	value		50001834
OBJ 500017f3 (sz=24, trace=300000, class=java.lang.String@500000b2)
	value		50001826
OBJ 500017f4 (sz=24, trace=300000, class=java.lang.String@500000b2)
	value		50001861
OBJ 500017f5 (sz=24, trace=300000, class=java.lang.String@500000b2)
	value		50001863
OBJ 500017f6 (sz=24, trace=300000, class=java.lang.String@500000b2)
	value		50001864
OBJ 500017f7 (sz=24, trace=300000, class=java.lang.String@500000b2)
	value		5000183c
OBJ 500017f8 (sz=24, trace=300000, class=java.lang.String@500000b2)
	value		5000183f
OBJ 500017f9 (sz=24, trace=300000, class=java.lang.String@500000b2)
	value		50001843
OBJ 500017fa (sz=24, trace=300000, class=java.lang.String@500000b2)
	value		5000184f
OBJ 500017fb (sz=24, trace=300000, class=java.lang.String@500000b2)
	value		50001846
OBJ 500017fc (sz=24, trace=300000, class=java.lang.String@500000b2)
	value		5000184a
OBJ 500017fd (sz=24, trace=300000, class=java.lang.String@500000b2)
	value		50001856
OBJ 500017fe (sz=24, trace=300000, class=java.lang.String@500000b2)
	value		50001855
OBJ 500017ff (sz=24, trace=300000, class=java.lang.String@500000b2)
	value		50001860
ARR 50001800 (sz=32, trace=300000, nelems=4, elem type=java.lang.String[]@500000b3)
	[0]		500016b9
	[1]		5000167f
	[2]		5000167b
	[3]		5000171a
ARR 50001801 (sz=32, trace=300000, nelems=5, elem type=java.lang.String[]@500000b3)
	[0]		500016c3
	[1]		5000151a
	[2]		50001681
	[3]		50001724
	[4]		500017f6
ARR 50001802 (sz=40, trace=300000, nelems=6, elem type=java.lang.String[]@500000b3)
	[0]		500016c5
	[1]		50001528
	[2]		50001683
	[3]		50001726
	[4]		500017f5
	[5]		50001625
ARR 50001803 (sz=32, trace=300000, nelems=5, elem type=java.lang.String[]@500000b3)
	[0]		500016d5
	[1]		50001627
	[2]		5000164f
	[3]		5000172a
	[4]		500017e7
ARR 50001804 (sz=32, trace=300000, nelems=5, elem type=java.lang.String[]@500000b3)
	[0]		500016da
	[1]		5000149c
	[2]		50001691
	[3]		5000172f
	[4]		500017f4
ARR 50001805 (sz=32, trace=300000, nelems=5, elem type=java.lang.String[]@500000b3)
	[0]		500016df
	[1]		50001693
	[2]		500014a7
	[3]		50001734
	[4]		5000160d
ARR 50001806 (sz=32, trace=300000, nelems=5, elem type=java.lang.String[]@500000b3)
	[0]		500016e3
	[1]		500014be
	[2]		50001695
	[3]		50001736
	[4]		500017ff
ARR 50001807 (sz=32, trace=300000, nelems=5, elem type=java.lang.String[]@500000b3)
	[0]		500016ea
	[1]		50001697
	[2]		500014c7
	[3]		50001738
	[4]		500015f1
ARR 50001808 (sz=32, trace=300000, nelems=4, elem type=java.lang.String[]@500000b3)
	[0]		5000169f
	[1]		500014c1
	[2]		50001651
	[3]		500016cf
ARR 50001809 (sz=32, trace=300000, nelems=4, elem type=java.lang.String[]@500000b3)
	[0]		500016d7
	[1]		5000169b
	[2]		5000168f
	[3]		5000172c
ARR 5000180a (sz=40, trace=300000, nelems=6, elem type=java.lang.String[]@500000b3)
	[0]		5000168b
	[1]		500014aa
	[2]		50001643
	[3]		500016b3
	[4]		5000173f
	[5]		5000160b
ARR 5000180b (sz=24, trace=300000, nelems=2, elem type=java.lang.String[]@500000b3)
	[0]		50001660
	[1]		500015f7
ARR 5000180c (sz=24, trace=300000, nelems=2, elem type=java.lang.String[]@500000b3)
	[0]		50001663
	[1]		500015f9
ARR 5000180d (sz=24, trace=300000, nelems=2, elem type=java.lang.String[]@500000b3)
	[0]		50001665
	[1]		500015fd
ARR 5000180e (sz=24, trace=300000, nelems=2, elem type=java.lang.String[]@500000b3)
	[0]		50001667
	[1]		500015ff
ARR 5000180f (sz=24, trace=300000, nelems=3, elem type=java.lang.String[]@500000b3)
	[0]		50001669
	[1]		50001601
	[2]		50001741
ARR 50001810 (sz=24, trace=300000, nelems=2, elem type=java.lang.String[]@500000b3)
	[0]		5000166b
	[1]		50001603
ARR 50001811 (sz=16, trace=300000, nelems=1, elem type=java.lang.String[]@500000b3)
	[0]		50001752
ARR 50001812 (sz=24, trace=300000, nelems=3, elem type=java.lang.String[]@500000b3)
	[0]		50001754
	[1]		500016d1
	[2]		50001631
ARR 50001813 (sz=72, trace=300000, nelems=15, elem type=java.lang.String[]@500000b3)
	[0]		500017d8
	[1]		50001649
	[2]		500017cb
	[3]		500017d4
	[4]		500017cf
	[5]		500017c9
	[6]		500017c6
	[7]		50001748
	[8]		50001772
	[9]		500017e5
	[10]		500017e6
	[11]		500017e4
	[12]		500017fd
	[13]		500017fe
	[14]		500017d5
ARR 50001814 (sz=32, trace=300000, nelems=4, elem type=java.lang.String[]@500000b3)
	[0]		5000165a
	[1]		5000164d
	[2]		50001704
	[3]		500017ce
ARR 50001815 (sz=64, trace=300000, nelems=13, elem type=java.lang.String[]@500000b3)
	[0]		5000170c
	[1]		50001760
	[2]		50001685
	[3]		500017e2
	[4]		500017e3
	[5]		500017d2
	[6]		500016a9
	[7]		500016e1
	[8]		500016f6
	[9]		500016cb
	[10]		50001774
	[11]		5000174a
	[12]		500017fa
ARR 50001816 (sz=80, trace=300000, nelems=16, elem type=java.lang.String[]@500000b3)
	[0]		5000170e
	[1]		50001762
	[2]		5000169d
	[3]		500017e0
	[4]		500017e1
	[5]		500017c4
	[6]		500017c3
	[7]		50001639
	[8]		500016fd
	[9]		500017fc
	[10]		5000161a
	[11]		500016c7
	[12]		500016bd
	[13]		50001764
	[14]		5000173d
	[15]		5000162b
ARR 50001817 (sz=64, trace=300000, nelems=12, elem type=java.lang.String[]@500000b3)
	[0]		50001710
	[1]		50001766
	[2]		50001687
	[3]		500017de
	[4]		500017df
	[5]		500017d1
	[6]		500016e8
	[7]		50001706
	[8]		500016f4
	[9]		5000174c
	[10]		50001776
	[11]		500017fb
ARR 50001818 (sz=64, trace=300000, nelems=13, elem type=java.lang.String[]@500000b3)
	[0]		50001712
	[1]		5000162f
	[2]		50001769
	[3]		500016a7
	[4]		500017dc
	[5]		500017dd
	[6]		500016ab
	[7]		500016e5
	[8]		50001708
	[9]		500016f8
	[10]		5000174e
	[11]		50001778
	[12]		500017f9
ARR 50001819 (sz=64, trace=300000, nelems=13, elem type=java.lang.String[]@500000b3)
	[0]		50001714
	[1]		5000176b
	[2]		500016b5
	[3]		500017da
	[4]		500017db
	[5]		500017d0
	[6]		500016ad
	[7]		500016ee
	[8]		5000170a
	[9]		500016fb
	[10]		50001750
	[11]		5000177a
	[12]		500017f8
ARR 5000181a (sz=72, trace=300000, nelems=14, elem type=java.lang.String[]@500000b3)
	[0]		500016b7
	[1]		500017d7
	[2]		500016af
	[3]		500016f2
	[4]		500017c8
	[5]		5000173a
	[6]		500017f7
	[7]		5000175c
	[8]		500017c5
	[9]		500017d3
	[10]		500017d9
	[11]		500014ed
	[12]		5000176f
	[13]		500017cd
ARR 5000181b (sz=24, trace=300000, nelems=2, elem type=java.lang.String[]@500000b3)
	[0]		50001492
	[1]		500017e8
ARR 5000181c (sz=24, trace=300000, nelems=2, elem type=java.lang.String[]@500000b3)
	[0]		500014a0
	[1]		500017e9
ARR 5000181d (sz=24, trace=300000, nelems=2, elem type=java.lang.String[]@500000b3)
	[0]		5000150a
	[1]		500017f1
ARR 5000181e (sz=24, trace=300000, nelems=2, elem type=java.lang.String[]@500000b3)
	[0]		50001486
	[1]		500017f2
ARR 5000181f (sz=24, trace=300000, nelems=2, elem type=java.lang.String[]@500000b3)
	[0]		5000151e
	[1]		500017ea
ARR 50001820 (sz=16, trace=300000, nelems=1, elem type=java.lang.String[]@500000b3)
	[0]		500017ed
ARR 50001821 (sz=24, trace=300000, nelems=3, elem type=java.lang.String[]@500000b3)
	[0]		50001521
	[1]		500017f0
	[2]		500017ee
ARR 50001822 (sz=32, trace=300000, nelems=4, elem type=java.lang.String[]@500000b3)
	[0]		500014f3
	[1]		500017ca
	[2]		500017ef
	[3]		500017ec
ARR 50001823 (sz=32, trace=300000, nelems=4, elem type=java.lang.String[]@500000b3)
	[0]		500014fe
	[1]		50001689
	[2]		5000163b
	[3]		500017eb
ARR 50001824 (sz=72, trace=300000, nelems=14, elem type=java.lang.String[]@500000b3)
	[0]		50001731
	[1]		500017c1
	[2]		500017d6
	[3]		500017c2
	[4]		500017cc
	[5]		5000164b
	[6]		500017c7
	[7]		50001647
	[8]		500017f3
	[9]		50001677
	[10]		500016ff
	[11]		50001605
	[12]		500017c0
	[13]		50001637
ARR 50001825 (sz=28, trace=300000, nelems=14, elem type=char[])
ARR 50001826 (sz=14, trace=300000, nelems=7, elem type=char[])
ARR 50001827 (sz=12, trace=300000, nelems=6, elem type=char[])
ARR 50001828 (sz=18, trace=300000, nelems=9, elem type=char[])
ARR 50001829 (sz=10, trace=300000, nelems=5, elem type=char[])
ARR 5000182a (sz=32, trace=300000, nelems=16, elem type=char[])
ARR 5000182b (sz=28, trace=300000, nelems=14, elem type=char[])
ARR 5000182c (sz=20, trace=300000, nelems=10, elem type=char[])
ARR 5000182d (sz=36, trace=300000, nelems=18, elem type=char[])
ARR 5000182e (sz=20, trace=300000, nelems=10, elem type=char[])
ARR 5000182f (sz=30, trace=300000, nelems=15, elem type=char[])
ARR 50001830 (sz=42, trace=300000, nelems=21, elem type=char[])
ARR 50001831 (sz=20, trace=300000, nelems=10, elem type=char[])
ARR 50001832 (sz=26, trace=300000, nelems=13, elem type=char[])
ARR 50001833 (sz=10, trace=300000, nelems=5, elem type=char[])
ARR 50001834 (sz=20, trace=300000, nelems=10, elem type=char[])
ARR 50001835 (sz=20, trace=300000, nelems=10, elem type=char[])
ARR 50001836 (sz=24, trace=300000, nelems=12, elem type=char[])
ARR 50001837 (sz=24, trace=300000, nelems=12, elem type=char[])
ARR 50001838 (sz=18, trace=300000, nelems=9, elem type=char[])
ARR 50001839 (sz=30, trace=300000, nelems=15, elem type=char[])
ARR 5000183a (sz=18, trace=300000, nelems=9, elem type=char[])
ARR 5000183b (sz=14, trace=300000, nelems=7, elem type=char[])
ARR 5000183c (sz=22, trace=300000, nelems=11, elem type=char[])
ARR 5000183d (sz=12, trace=300000, nelems=6, elem type=char[])
ARR 5000183e (sz=20, trace=300000, nelems=10, elem type=char[])
ARR 5000183f (sz=22, trace=300000, nelems=11, elem type=char[])
ARR 50001840 (sz=18, trace=300000, nelems=9, elem type=char[])
ARR 50001841 (sz=30, trace=300000, nelems=15, elem type=char[])
ARR 50001842 (sz=20, trace=300000, nelems=10, elem type=char[])
ARR 50001843 (sz=22, trace=300000, nelems=11, elem type=char[])
ARR 50001844 (sz=30, trace=300000, nelems=15, elem type=char[])
ARR 50001845 (sz=20, trace=300000, nelems=10, elem type=char[])
ARR 50001846 (sz=36, trace=300000, nelems=18, elem type=char[])
ARR 50001847 (sz=18, trace=300000, nelems=9, elem type=char[])
ARR 50001848 (sz=30, trace=300000, nelems=15, elem type=char[])
ARR 50001849 (sz=20, trace=300000, nelems=10, elem type=char[])
ARR 5000184a (sz=30, trace=300000, nelems=15, elem type=char[])
ARR 5000184b (sz=16, trace=300000, nelems=8, elem type=char[])
ARR 5000184c (sz=16, trace=300000, nelems=8, elem type=char[])
ARR 5000184d (sz=30, trace=300000, nelems=15, elem type=char[])
ARR 5000184e (sz=20, trace=300000, nelems=10, elem type=char[])
ARR 5000184f (sz=22, trace=300000, nelems=11, elem type=char[])
ARR 50001850 (sz=18, trace=300000, nelems=9, elem type=char[])
ARR 50001851 (sz=30, trace=300000, nelems=15, elem type=char[])
ARR 50001852 (sz=20, trace=300000, nelems=10, elem type=char[])
ARR 50001853 (sz=20, trace=300000, nelems=10, elem type=char[])
ARR 50001854 (sz=30, trace=300000, nelems=15, elem type=char[])
ARR 50001855 (sz=22, trace=300000, nelems=11, elem type=char[])
ARR 50001856 (sz=22, trace=300000, nelems=11, elem type=char[])
ARR 50001857 (sz=4, trace=300000, nelems=2, elem type=char[])
ARR 50001858 (sz=12, trace=300000, nelems=6, elem type=char[])
ARR 50001859 (sz=12, trace=300000, nelems=6, elem type=char[])
ARR 5000185a (sz=14, trace=300000, nelems=7, elem type=char[])
ARR 5000185b (sz=12, trace=300000, nelems=6, elem type=char[])
ARR 5000185c (sz=20, trace=300000, nelems=10, elem type=char[])
ARR 5000185d (sz=20, trace=300000, nelems=10, elem type=char[])
ARR 5000185e (sz=22, trace=300000, nelems=11, elem type=char[])
ARR 5000185f (sz=22, trace=300000, nelems=11, elem type=char[])
ARR 50001860 (sz=16, trace=300000, nelems=8, elem type=char[])
ARR 50001861 (sz=16, trace=300000, nelems=8, elem type=char[])
ARR 50001862 (sz=48, trace=300000, nelems=24, elem type=char[])
ARR 50001863 (sz=16, trace=300000, nelems=8, elem type=char[])
ARR 50001864 (sz=16, trace=300000, nelems=8, elem type=char[])
ARR 50001865 (sz=20, trace=300000, nelems=10, elem type=char[])
ARR 50001866 (sz=24, trace=300000, nelems=1, elem type=java.lang.Object[]@500000fa)
	[0]		500014ec
ARR 50001867 (sz=24, trace=300000, nelems=1, elem type=java.lang.Object[]@500000fa)
	[0]		500014fd
ARR 50001868 (sz=24, trace=300000, nelems=3, elem type=java.lang.Object[]@500000fa)
	[0]		50001506
	[1]		50001464
	[2]		50001869
ARR 50001869 (sz=24, trace=300000, nelems=1, elem type=java.lang.Object[]@500000fa)
	[0]		50001509
OBJ 5000186a (sz=24, trace=300000, class=java.lang.String@500000b2)
	value		5000186e
ARR 5000186b (sz=512, trace=300000, nelems=256, elem type=char[])
ARR 5000186c (sz=3072, trace=300000, nelems=1536, elem type=char[])
ARR 5000186d (sz=512, trace=300000, nelems=256, elem type=char[])
ARR 5000186e (sz=512, trace=300000, nelems=256, elem type=char[])
ARR 5000186f (sz=24, trace=300000, nelems=1, elem type=java.lang.Object[]@500000fa)
	[0]		50001514
ARR 50001870 (sz=24, trace=300000, nelems=3, elem type=java.lang.Object[]@500000fa)
	[0]		5000151d
	[2]		50001871
ARR 50001871 (sz=24, trace=300000, nelems=1, elem type=java.lang.Object[]@500000fa)
	[0]		50001520
OBJ 50001872 (sz=16, trace=300000, class=java.util.concurrent.atomic.AtomicInteger@5000002c)
ARR 50001873 (sz=38, trace=300000, nelems=19, elem type=char[])
ARR 50001874 (sz=26, trace=300000, nelems=13, elem type=char[])
ARR 50001875 (sz=2, trace=300000, nelems=1, elem type=char[])
OBJ 50001876 (sz=16, trace=300000, class=java.lang.ThreadLocal@500000bd)
OBJ 50001877 (sz=24, trace=300000, class=java.lang.String@500000b2)
	value		50001878
ARR 50001878 (sz=26, trace=300000, nelems=13, elem type=char[])
ARR 50001879 (sz=20, trace=300000, nelems=10, elem type=char[])
ARR 5000187a (sz=12, trace=300000, nelems=6, elem type=char[])
ARR 5000187b (sz=22, trace=300000, nelems=11, elem type=char[])
ARR 5000187c (sz=80, trace=300000, nelems=16, elem type=java.util.HashMap$Entry[]@5000012c)
	[0]		5000035e
	[8]		5000030c
	[9]		50000387
	[10]		500002e3
	[12]		500002ba
	[13]		50000335
	[15]		50000291
OBJ 5000187d (sz=24, trace=300000, class=java.lang.String@500000b2)
	value		50001895
OBJ 5000187e (sz=24, trace=300000, class=java.lang.String@500000b2)
	value		50001894
OBJ 5000187f (sz=24, trace=300000, class=java.lang.String@500000b2)
	value		50001893
OBJ 50001880 (sz=24, trace=300000, class=java.lang.String@500000b2)
	value		50001892
OBJ 50001881 (sz=24, trace=300000, class=java.lang.String@500000b2)
	value		50001891
OBJ 50001882 (sz=24, trace=300000, class=java.lang.String@500000b2)
	value		50001890
OBJ 50001883 (sz=24, trace=300000, class=java.lang.String@500000b2)
	value		5000188f
OBJ 50001884 (sz=24, trace=300000, class=java.lang.String@500000b2)
	value		5000188e
ARR 50001885 (sz=32, trace=300000, nelems=16, elem type=char[])
OBJ 50001886 (sz=24, trace=300000, class=java.util.BitSet@500000f2)
	words		50001887
ARR 50001887 (sz=32, trace=300000, nelems=4, elem type=long[])
OBJ 50001888 (sz=24, trace=300000, class=java.lang.String@500000b2)
	value		5000188c
ARR 50001889 (sz=16, trace=300000, nelems=1, elem type=java.io.ObjectStreamField[]@5000004e)
	[0]		5000188a
OBJ 5000188a (sz=32, trace=300000, class=java.io.ObjectStreamField@5000004d)
	name		50001888
	signature	5000188b
	type		50000158
OBJ 5000188b (sz=24, trace=300000, class=java.lang.String@500000b2)
	value		5000188d
ARR 5000188c (sz=8, trace=300000, nelems=4, elem type=char[])
ARR 5000188d (sz=4, trace=300000, nelems=2, elem type=char[])
ARR 5000188e (sz=14, trace=300000, nelems=7, elem type=char[])
ARR 5000188f (sz=24, trace=300000, nelems=12, elem type=char[])
ARR 50001890 (sz=4, trace=300000, nelems=2, elem type=char[])
ARR 50001891 (sz=14, trace=300000, nelems=7, elem type=char[])
ARR 50001892 (sz=10, trace=300000, nelems=5, elem type=char[])
ARR 50001893 (sz=18, trace=300000, nelems=9, elem type=char[])
ARR 50001894 (sz=2, trace=300000, nelems=1, elem type=char[])
ARR 50001895 (sz=16, trace=300000, nelems=8, elem type=char[])
OBJ 50001896 (sz=24, trace=300000, class=java.lang.String@500000b2)
	value		500018ae
OBJ 50001897 (sz=24, trace=300000, class=java.lang.String@500000b2)
	value		500018ad
OBJ 50001898 (sz=24, trace=300000, class=java.lang.String@500000b2)
	value		5000189a
OBJ 50001899 (sz=24, trace=300000, class=java.lang.String@500000b2)
	value		5000189b
ARR 5000189a (sz=30, trace=300000, nelems=15, elem type=char[])
ARR 5000189b (sz=16, trace=300000, nelems=8, elem type=char[])
OBJ 5000189c (sz=24, trace=300000, class=java.lang.String@500000b2)
	value		5000189d
ARR 5000189d (sz=6, trace=300000, nelems=3, elem type=char[])
OBJ 5000189e (sz=24, trace=300000, class=java.lang.String@500000b2)
	value		5000189f
ARR 5000189f (sz=4, trace=300000, nelems=2, elem type=char[])
OBJ 500018a0 (sz=24, trace=300000, class=java.lang.String@500000b2)
	value		500018ac
OBJ 500018a1 (sz=24, trace=300000, class=java.lang.String@500000b2)
	value		500018ab
OBJ 500018a2 (sz=24, trace=300000, class=java.lang.String@500000b2)
	value		500018a9
OBJ 500018a3 (sz=24, trace=300000, class=java.lang.String@500000b2)
	value		500018aa
ARR 500018a4 (sz=16, trace=300000, nelems=0, elem type=java.lang.Throwable[]@5000009b)
OBJ 500018a5 (sz=16, trace=300000, class=java.util.Collections$UnmodifiableRandomAccessList@50000048)
	c		500018a7
	list		500018a7
ARR 500018a6 (sz=16, trace=300000, nelems=0, elem type=java.lang.StackTraceElement[]@5000003f)
OBJ 500018a7 (sz=24, trace=300000, class=java.util.ArrayList@500000b1)
	elementData	500018a8
ARR 500018a8 (sz=16, trace=300000, nelems=0, elem type=java.lang.Object[]@500000fa)
ARR 500018a9 (sz=66, trace=300000, nelems=33, elem type=char[])
ARR 500018aa (sz=60, trace=300000, nelems=30, elem type=char[])
ARR 500018ab (sz=22, trace=300000, nelems=11, elem type=char[])
ARR 500018ac (sz=24, trace=300000, nelems=12, elem type=char[])
ARR 500018ad (sz=54, trace=300000, nelems=27, elem type=char[])
ARR 500018ae (sz=24, trace=300000, nelems=12, elem type=char[])
OBJ 500018af (sz=24, trace=300000, class=java.lang.String@500000b2)
	value		500018b1
OBJ 500018b0 (sz=24, trace=300000, class=java.lang.String@500000b2)
	value		500018b3
ARR 500018b1 (sz=38, trace=300000, nelems=19, elem type=char[])
ARR 500018b2 (sz=8, trace=300000, nelems=4, elem type=char[])
ARR 500018b3 (sz=68, trace=300000, nelems=34, elem type=char[])
OBJ 500018b4 (sz=24, trace=300000, class=java.lang.ref.ReferenceQueue@50000113)
	lock		500018b6
ARR 500018b5 (sz=80, trace=300000, nelems=0, elem type=java.util.WeakHashMap$Entry[]@5000001e)
OBJ 500018b6 (sz=8, trace=300000, class=java.lang.ref.ReferenceQueue$Lock@50000087)
OBJ 500018b7 (sz=8, trace=300000, class=java.lang.Object@500000f9)
OBJ 500018b8 (sz=24, trace=300000, class=java.lang.String@500000b2)
	value		500018c3
OBJ 500018b9 (sz=24, trace=300000, class=java.lang.String@500000b2)
	value		500018c2
OBJ 500018ba (sz=24, trace=300000, class=java.lang.String@500000b2)
	value		500018c1
OBJ 500018bb (sz=16, trace=300000, class=sun.misc.Launcher@50000070)
	loader		50000ed0
OBJ 500018bc (sz=8, trace=300000, class=sun.misc.Launcher$Factory@50000122)
OBJ 500018bd (sz=24, trace=300000, class=java.lang.String@500000b2)
	value		500018c0
OBJ 500018be (sz=24, trace=300000, class=java.lang.String@500000b2)
	value		500018bf
ARR 500018bf (sz=6, trace=300000, nelems=3, elem type=char[])
ARR 500018c0 (sz=30, trace=300000, nelems=15, elem type=char[])
ARR 500018c1 (sz=38, trace=300000, nelems=19, elem type=char[])
ARR 500018c2 (sz=42, trace=300000, nelems=21, elem type=char[])
ARR 500018c3 (sz=26, trace=300000, nelems=13, elem type=char[])
ARR 500018c4 (sz=80, trace=300000, nelems=16, elem type=java.util.concurrent.ConcurrentHashMap$Segment[]@500000d5)
	[0]		500018c5
	[1]		500018c6
	[2]		500018c7
	[3]		500018c8
	[4]		500018c9
	[5]		500018ca
	[6]		500018cb
	[7]		500018cc
	[8]		500018cd
	[9]		500018ce
	[10]		500018cf
	[11]		500018d0
	[12]		500018d1
	[13]		500018d2
	[14]		500018d3
	[15]		500018d4
OBJ 500018c5 (sz=32, trace=300000, class=java.util.concurrent.ConcurrentHashMap$Segment@500000d4)
	sync		500018f2
	table		500018f1
OBJ 500018c6 (sz=32, trace=300000, class=java.util.concurrent.ConcurrentHashMap$Segment@500000d4)
	sync		500018f0
	table		500018ef
OBJ 500018c7 (sz=32, trace=300000, class=java.util.concurrent.ConcurrentHashMap$Segment@500000d4)
	sync		500018ee
	table		500018ed
OBJ 500018c8 (sz=32, trace=300000, class=java.util.concurrent.ConcurrentHashMap$Segment@500000d4)
	sync		500018ec
	table		50000cb7
OBJ 500018c9 (sz=32, trace=300000, class=java.util.concurrent.ConcurrentHashMap$Segment@500000d4)
	sync		500018eb
	table		500018ea
OBJ 500018ca (sz=32, trace=300000, class=java.util.concurrent.ConcurrentHashMap$Segment@500000d4)
	sync		500018e9
	table		500018e8
OBJ 500018cb (sz=32, trace=300000, class=java.util.concurrent.ConcurrentHashMap$Segment@500000d4)
	sync		500018e7
	table		500018e6
OBJ 500018cc (sz=32, trace=300000, class=java.util.concurrent.ConcurrentHashMap$Segment@500000d4)
	sync		500018e5
	table		500018e4
OBJ 500018cd (sz=32, trace=300000, class=java.util.concurrent.ConcurrentHashMap$Segment@500000d4)
	sync		500018e3
	table		500018e2
OBJ 500018ce (sz=32, trace=300000, class=java.util.concurrent.ConcurrentHashMap$Segment@500000d4)
	sync		500018e1
	table		500018e0
OBJ 500018cf (sz=32, trace=300000, class=java.util.concurrent.ConcurrentHashMap$Segment@500000d4)
	sync		500018df
	table		500018de
OBJ 500018d0 (sz=32, trace=300000, class=java.util.concurrent.ConcurrentHashMap$Segment@500000d4)
	sync		500018dd
	table		500018dc
OBJ 500018d1 (sz=32, trace=300000, class=java.util.concurrent.ConcurrentHashMap$Segment@500000d4)
	sync		500018db
	table		500018da
OBJ 500018d2 (sz=32, trace=300000, class=java.util.concurrent.ConcurrentHashMap$Segment@500000d4)
	sync		500018d9
	table		50000ce3
OBJ 500018d3 (sz=32, trace=300000, class=java.util.concurrent.ConcurrentHashMap$Segment@500000d4)
	sync		500018d8
	table		500018d7
OBJ 500018d4 (sz=32, trace=300000, class=java.util.concurrent.ConcurrentHashMap$Segment@500000d4)
	sync		500018d6
	table		500018d5
ARR 500018d5 (sz=16, trace=300000, nelems=1, elem type=java.util.concurrent.ConcurrentHashMap$HashEntry[]@5000009f)
	[0]		50000b1a
OBJ 500018d6 (sz=24, trace=300000, class=java.util.concurrent.locks.ReentrantLock$NonfairSync@50000112)
ARR 500018d7 (sz=16, trace=300000, nelems=0, elem type=java.util.concurrent.ConcurrentHashMap$HashEntry[]@5000009f)
OBJ 500018d8 (sz=24, trace=300000, class=java.util.concurrent.locks.ReentrantLock$NonfairSync@50000112)
OBJ 500018d9 (sz=24, trace=300000, class=java.util.concurrent.locks.ReentrantLock$NonfairSync@50000112)
ARR 500018da (sz=16, trace=300000, nelems=0, elem type=java.util.concurrent.ConcurrentHashMap$HashEntry[]@5000009f)
OBJ 500018db (sz=24, trace=300000, class=java.util.concurrent.locks.ReentrantLock$NonfairSync@50000112)
ARR 500018dc (sz=16, trace=300000, nelems=1, elem type=java.util.concurrent.ConcurrentHashMap$HashEntry[]@5000009f)
	[0]		50000210
OBJ 500018dd (sz=24, trace=300000, class=java.util.concurrent.locks.ReentrantLock$NonfairSync@50000112)
ARR 500018de (sz=16, trace=300000, nelems=0, elem type=java.util.concurrent.ConcurrentHashMap$HashEntry[]@5000009f)
OBJ 500018df (sz=24, trace=300000, class=java.util.concurrent.locks.ReentrantLock$NonfairSync@50000112)
ARR 500018e0 (sz=16, trace=300000, nelems=1, elem type=java.util.concurrent.ConcurrentHashMap$HashEntry[]@5000009f)
	[0]		50000b06
OBJ 500018e1 (sz=24, trace=300000, class=java.util.concurrent.locks.ReentrantLock$NonfairSync@50000112)
ARR 500018e2 (sz=16, trace=300000, nelems=0, elem type=java.util.concurrent.ConcurrentHashMap$HashEntry[]@5000009f)
OBJ 500018e3 (sz=24, trace=300000, class=java.util.concurrent.locks.ReentrantLock$NonfairSync@50000112)
ARR 500018e4 (sz=16, trace=300000, nelems=0, elem type=java.util.concurrent.ConcurrentHashMap$HashEntry[]@5000009f)
OBJ 500018e5 (sz=24, trace=300000, class=java.util.concurrent.locks.ReentrantLock$NonfairSync@50000112)
ARR 500018e6 (sz=16, trace=300000, nelems=1, elem type=java.util.concurrent.ConcurrentHashMap$HashEntry[]@5000009f)
	[0]		5000023a
OBJ 500018e7 (sz=24, trace=300000, class=java.util.concurrent.locks.ReentrantLock$NonfairSync@50000112)
ARR 500018e8 (sz=16, trace=300000, nelems=0, elem type=java.util.concurrent.ConcurrentHashMap$HashEntry[]@5000009f)
OBJ 500018e9 (sz=24, trace=300000, class=java.util.concurrent.locks.ReentrantLock$NonfairSync@50000112)
ARR 500018ea (sz=16, trace=300000, nelems=1, elem type=java.util.concurrent.ConcurrentHashMap$HashEntry[]@5000009f)
	[0]		50000226
OBJ 500018eb (sz=24, trace=300000, class=java.util.concurrent.locks.ReentrantLock$NonfairSync@50000112)
OBJ 500018ec (sz=24, trace=300000, class=java.util.concurrent.locks.ReentrantLock$NonfairSync@50000112)
ARR 500018ed (sz=16, trace=300000, nelems=0, elem type=java.util.concurrent.ConcurrentHashMap$HashEntry[]@5000009f)
OBJ 500018ee (sz=24, trace=300000, class=java.util.concurrent.locks.ReentrantLock$NonfairSync@50000112)
ARR 500018ef (sz=16, trace=300000, nelems=0, elem type=java.util.concurrent.ConcurrentHashMap$HashEntry[]@5000009f)
OBJ 500018f0 (sz=24, trace=300000, class=java.util.concurrent.locks.ReentrantLock$NonfairSync@50000112)
ARR 500018f1 (sz=16, trace=300000, nelems=0, elem type=java.util.concurrent.ConcurrentHashMap$HashEntry[]@5000009f)
OBJ 500018f2 (sz=24, trace=300000, class=java.util.concurrent.locks.ReentrantLock$NonfairSync@50000112)
ARR 500018f3 (sz=80, trace=300000, nelems=16, elem type=java.util.concurrent.ConcurrentHashMap$Segment[]@500000d5)
	[0]		500018f4
	[1]		500018f5
	[2]		500018f6
	[3]		500018f7
	[4]		500018f8
	[5]		500018f9
	[6]		500018fa
	[7]		500018fb
	[8]		500018fc
	[9]		500018fd
	[10]		500018fe
	[11]		500018ff
	[12]		50001900
	[13]		50001901
	[14]		50001902
	[15]		50001903
OBJ 500018f4 (sz=32, trace=300000, class=java.util.concurrent.ConcurrentHashMap$Segment@500000d4)
	sync		50001923
	table		50001922
OBJ 500018f5 (sz=32, trace=300000, class=java.util.concurrent.ConcurrentHashMap$Segment@500000d4)
	sync		50001921
	table		50001920
OBJ 500018f6 (sz=32, trace=300000, class=java.util.concurrent.ConcurrentHashMap$Segment@500000d4)
	sync		5000191f
	table		5000191e
OBJ 500018f7 (sz=32, trace=300000, class=java.util.concurrent.ConcurrentHashMap$Segment@500000d4)
	sync		5000191d
	table		5000191c
OBJ 500018f8 (sz=32, trace=300000, class=java.util.concurrent.ConcurrentHashMap$Segment@500000d4)
	sync		5000191b
	table		5000191a
OBJ 500018f9 (sz=32, trace=300000, class=java.util.concurrent.ConcurrentHashMap$Segment@500000d4)
	sync		50001919
	table		50001918
OBJ 500018fa (sz=32, trace=300000, class=java.util.concurrent.ConcurrentHashMap$Segment@500000d4)
	sync		50001917
	table		50001916
OBJ 500018fb (sz=32, trace=300000, class=java.util.concurrent.ConcurrentHashMap$Segment@500000d4)
	sync		50001915
	table		50001914
OBJ 500018fc (sz=32, trace=300000, class=java.util.concurrent.ConcurrentHashMap$Segment@500000d4)
	sync		50001913
	table		50001912
OBJ 500018fd (sz=32, trace=300000, class=java.util.concurrent.ConcurrentHashMap$Segment@500000d4)
	sync		50001911
	table		50001910
OBJ 500018fe (sz=32, trace=300000, class=java.util.concurrent.ConcurrentHashMap$Segment@500000d4)
	sync		5000190f
	table		5000190e
OBJ 500018ff (sz=32, trace=300000, class=java.util.concurrent.ConcurrentHashMap$Segment@500000d4)
	sync		5000190d
	table		5000190c
OBJ 50001900 (sz=32, trace=300000, class=java.util.concurrent.ConcurrentHashMap$Segment@500000d4)
	sync		5000190b
	table		5000190a
OBJ 50001901 (sz=32, trace=300000, class=java.util.concurrent.ConcurrentHashMap$Segment@500000d4)
	sync		50001909
	table		50001908
OBJ 50001902 (sz=32, trace=300000, class=java.util.concurrent.ConcurrentHashMap$Segment@500000d4)
	sync		50001907
	table		50001906
OBJ 50001903 (sz=32, trace=300000, class=java.util.concurrent.ConcurrentHashMap$Segment@500000d4)
	sync		50001905
	table		50001904
ARR 50001904 (sz=16, trace=300000, nelems=0, elem type=java.util.concurrent.ConcurrentHashMap$HashEntry[]@5000009f)
OBJ 50001905 (sz=24, trace=300000, class=java.util.concurrent.locks.ReentrantLock$NonfairSync@50000112)
ARR 50001906 (sz=16, trace=300000, nelems=0, elem type=java.util.concurrent.ConcurrentHashMap$HashEntry[]@5000009f)
OBJ 50001907 (sz=24, trace=300000, class=java.util.concurrent.locks.ReentrantLock$NonfairSync@50000112)
ARR 50001908 (sz=16, trace=300000, nelems=0, elem type=java.util.concurrent.ConcurrentHashMap$HashEntry[]@5000009f)
OBJ 50001909 (sz=24, trace=300000, class=java.util.concurrent.locks.ReentrantLock$NonfairSync@50000112)
ARR 5000190a (sz=16, trace=300000, nelems=0, elem type=java.util.concurrent.ConcurrentHashMap$HashEntry[]@5000009f)
OBJ 5000190b (sz=24, trace=300000, class=java.util.concurrent.locks.ReentrantLock$NonfairSync@50000112)
ARR 5000190c (sz=16, trace=300000, nelems=0, elem type=java.util.concurrent.ConcurrentHashMap$HashEntry[]@5000009f)
OBJ 5000190d (sz=24, trace=300000, class=java.util.concurrent.locks.ReentrantLock$NonfairSync@50000112)
ARR 5000190e (sz=16, trace=300000, nelems=0, elem type=java.util.concurrent.ConcurrentHashMap$HashEntry[]@5000009f)
OBJ 5000190f (sz=24, trace=300000, class=java.util.concurrent.locks.ReentrantLock$NonfairSync@50000112)
ARR 50001910 (sz=16, trace=300000, nelems=0, elem type=java.util.concurrent.ConcurrentHashMap$HashEntry[]@5000009f)
OBJ 50001911 (sz=24, trace=300000, class=java.util.concurrent.locks.ReentrantLock$NonfairSync@50000112)
ARR 50001912 (sz=16, trace=300000, nelems=0, elem type=java.util.concurrent.ConcurrentHashMap$HashEntry[]@5000009f)
OBJ 50001913 (sz=24, trace=300000, class=java.util.concurrent.locks.ReentrantLock$NonfairSync@50000112)
ARR 50001914 (sz=16, trace=300000, nelems=0, elem type=java.util.concurrent.ConcurrentHashMap$HashEntry[]@5000009f)
OBJ 50001915 (sz=24, trace=300000, class=java.util.concurrent.locks.ReentrantLock$NonfairSync@50000112)
ARR 50001916 (sz=16, trace=300000, nelems=0, elem type=java.util.concurrent.ConcurrentHashMap$HashEntry[]@5000009f)
OBJ 50001917 (sz=24, trace=300000, class=java.util.concurrent.locks.ReentrantLock$NonfairSync@50000112)
ARR 50001918 (sz=16, trace=300000, nelems=0, elem type=java.util.concurrent.ConcurrentHashMap$HashEntry[]@5000009f)
OBJ 50001919 (sz=24, trace=300000, class=java.util.concurrent.locks.ReentrantLock$NonfairSync@50000112)
ARR 5000191a (sz=16, trace=300000, nelems=0, elem type=java.util.concurrent.ConcurrentHashMap$HashEntry[]@5000009f)
OBJ 5000191b (sz=24, trace=300000, class=java.util.concurrent.locks.ReentrantLock$NonfairSync@50000112)
ARR 5000191c (sz=16, trace=300000, nelems=0, elem type=java.util.concurrent.ConcurrentHashMap$HashEntry[]@5000009f)
OBJ 5000191d (sz=24, trace=300000, class=java.util.concurrent.locks.ReentrantLock$NonfairSync@50000112)
ARR 5000191e (sz=16, trace=300000, nelems=0, elem type=java.util.concurrent.ConcurrentHashMap$HashEntry[]@5000009f)
OBJ 5000191f (sz=24, trace=300000, class=java.util.concurrent.locks.ReentrantLock$NonfairSync@50000112)
ARR 50001920 (sz=16, trace=300000, nelems=0, elem type=java.util.concurrent.ConcurrentHashMap$HashEntry[]@5000009f)
OBJ 50001921 (sz=24, trace=300000, class=java.util.concurrent.locks.ReentrantLock$NonfairSync@50000112)
ARR 50001922 (sz=16, trace=300000, nelems=0, elem type=java.util.concurrent.ConcurrentHashMap$HashEntry[]@5000009f)
OBJ 50001923 (sz=24, trace=300000, class=java.util.concurrent.locks.ReentrantLock$NonfairSync@50000112)
ARR 50001924 (sz=56, trace=300000, nelems=0, elem type=java.lang.Object[]@500000fa)
OBJ 50001925 (sz=16, trace=300000, class=java.security.ProtectionDomain$Key@500000c7)
	this$0		50001068
ARR 50001926 (sz=16, trace=300000, nelems=0, elem type=java.security.Principal[]@500000cc)
OBJ 50001927 (sz=32, trace=300000, class=java.security.CodeSource@5000012a)
OBJ 50001928 (sz=16, trace=300000, class=java.util.HashSet@500000f8)
	map		50001929
OBJ 50001929 (sz=40, trace=300000, class=java.util.HashMap@50000008)
	table		5000192a
ARR 5000192a (sz=80, trace=300000, nelems=0, elem type=java.util.HashMap$Entry[]@5000012c)
ARR 5000192b (sz=80, trace=300000, nelems=0, elem type=java.util.HashMap$Entry[]@5000012c)
ARR 5000192c (sz=56, trace=300000, nelems=0, elem type=java.lang.Object[]@500000fa)
ARR 5000192d (sz=80, trace=300000, nelems=0, elem type=java.util.HashMap$Entry[]@5000012c)
OBJ 5000192e (sz=8, trace=300000, class=sun.net.www.protocol.jar.Handler@5000013e)
OBJ 5000192f (sz=40, trace=300000, class=java.util.HashMap@50000008)
	table		5000193c
OBJ 50001930 (sz=24, trace=300000, class=java.util.ArrayList@500000b1)
	elementData	5000193b
OBJ 50001931 (sz=24, trace=300000, class=java.util.Stack@5000008e)
	elementData	5000193a
OBJ 50001932 (sz=24, trace=300000, class=java.util.ArrayList@500000b1)
	elementData	50001933
ARR 50001933 (sz=56, trace=300000, nelems=2, elem type=java.lang.Object[]@500000fa)
	[0]		50001934
	[1]		50001935
OBJ 50001934 (sz=56, trace=300000, class=java.net.URL@50000010)
	protocol	5000110c
	host		50000f07
	file		50001938
	authority	50000f07
	path		50001938
	handler		5000110a
OBJ 50001935 (sz=56, trace=300000, class=java.net.URL@50000010)
	protocol	5000110c
	host		50000f07
	file		50001936
	authority	50000f07
	path		50001936
	handler		5000110a
OBJ 50001936 (sz=24, trace=300000, class=java.lang.String@500000b2)
	value		50001937
ARR 50001937 (sz=112, trace=300000, nelems=56, elem type=char[])
OBJ 50001938 (sz=24, trace=300000, class=java.lang.String@500000b2)
	value		50001939
ARR 50001939 (sz=84, trace=300000, nelems=42, elem type=char[])
ARR 5000193a (sz=56, trace=300000, nelems=0, elem type=java.lang.Object[]@500000fa)
ARR 5000193b (sz=56, trace=300000, nelems=2, elem type=java.lang.Object[]@500000fa)
	[0]		50000397
	[1]		500003e0
ARR 5000193c (sz=80, trace=300000, nelems=11, elem type=java.util.HashMap$Entry[]@5000012c)
	[4]		5000049e
	[10]		500003b4
OBJ 5000193d (sz=24, trace=300000, class=java.lang.ref.ReferenceQueue@50000113)
	lock		5000193f
ARR 5000193e (sz=80, trace=300000, nelems=0, elem type=java.util.WeakHashMap$Entry[]@5000001e)
OBJ 5000193f (sz=8, trace=300000, class=java.lang.ref.ReferenceQueue$Lock@50000087)
ARR 50001940 (sz=56, trace=300000, nelems=1, elem type=java.lang.Object[]@500000fa)
	[0]		5000121a
ARR 50001941 (sz=56, trace=300000, nelems=1, elem type=java.lang.Object[]@500000fa)
	[0]		50001942
OBJ 50001942 (sz=32, trace=300000, class=java.lang.ClassLoader$NativeLibrary@5000008f)
	fromClass	5000007f
	name		5000121a
ARR 50001943 (sz=56, trace=300000, nelems=0, elem type=java.lang.Object[]@500000fa)
OBJ 50001944 (sz=24, trace=300000, class=java.lang.String@500000b2)
	value		50000fd3
OBJ 50001945 (sz=24, trace=300000, class=java.lang.String@500000b2)
	value		50000fd3
OBJ 50001946 (sz=24, trace=300000, class=java.lang.String@500000b2)
	value		50000fd3
OBJ 50001947 (sz=24, trace=300000, class=java.lang.String@500000b2)
	value		50000fd3
OBJ 50001948 (sz=24, trace=300000, class=java.lang.String@500000b2)
	value		50000fd3
OBJ 50001949 (sz=24, trace=300000, class=java.lang.String@500000b2)
	value		50000fd3
OBJ 5000194a (sz=24, trace=300000, class=java.lang.String@500000b2)
	value		50000fd3
OBJ 5000194b (sz=24, trace=300000, class=java.lang.String@500000b2)
	value		50000fd3
OBJ 5000194c (sz=24, trace=300000, class=java.lang.String@500000b2)
	value		50000fd3
OBJ 5000194d (sz=24, trace=300000, class=java.lang.String@500000b2)
	value		50000fd3
OBJ 5000194e (sz=24, trace=300000, class=java.lang.String@500000b2)
	value		50000fd3
OBJ 5000194f (sz=24, trace=300000, class=java.lang.String@500000b2)
	value		50000fd3
OBJ 50001950 (sz=24, trace=300000, class=java.lang.String@500000b2)
	value		50000fd3
OBJ 50001951 (sz=24, trace=300000, class=java.lang.String@500000b2)
	value		50000fd3
OBJ 50001952 (sz=24, trace=300000, class=java.lang.String@500000b2)
	value		50000fd3
OBJ 50001953 (sz=24, trace=300000, class=java.lang.String@500000b2)
	value		50000fd3
OBJ 50001954 (sz=24, trace=300000, class=java.lang.String@500000b2)
	value		50000fd3
OBJ 50001955 (sz=24, trace=300000, class=java.lang.String@500000b2)
	value		50001956
ARR 50001956 (sz=48, trace=300000, nelems=24, elem type=char[])
OBJ 50001957 (sz=16, trace=300000, class=java.util.Collections$SetFromMap@50000031)
	m		50001959
	s		50001958
OBJ 50001958 (sz=16, trace=300000, class=java.util.WeakHashMap$KeySet@50000125)
	this$0		50001959
OBJ 50001959 (sz=48, trace=300000, class=java.util.WeakHashMap@50000063)
	keySet		50001958
	table		5000195b
	queue		5000195a
OBJ 5000195a (sz=24, trace=300000, class=java.lang.ref.ReferenceQueue@50000113)
	lock		50001961
ARR 5000195b (sz=80, trace=300000, nelems=16, elem type=java.util.WeakHashMap$Entry[]@5000001e)
	[2]		5000195c
	[4]		5000195d
	[10]		5000195e
	[12]		5000195f
	[15]		50001960
OBJ 5000195c (sz=40, trace=300000, class=java.util.WeakHashMap$Entry@5000001d)
	referent	500000ea
	queue		5000195a
	value		50001053
OBJ 5000195d (sz=40, trace=300000, class=java.util.WeakHashMap$Entry@5000001d)
	referent	5000006a
	queue		5000195a
	value		50001053
OBJ 5000195e (sz=40, trace=300000, class=java.util.WeakHashMap$Entry@5000001d)
	referent	5000011b
	queue		5000195a
	value		50001053
OBJ 5000195f (sz=40, trace=300000, class=java.util.WeakHashMap$Entry@5000001d)
	referent	500000bb
	queue		5000195a
	value		50001053
OBJ 50001960 (sz=40, trace=300000, class=java.util.WeakHashMap$Entry@5000001d)
	referent	50000071
	queue		5000195a
	value		50001053
OBJ 50001961 (sz=8, trace=300000, class=java.lang.ref.ReferenceQueue$Lock@50000087)
ARR 50001962 (sz=42, trace=300000, nelems=21, elem type=char[])
ARR 50001963 (sz=34, trace=300000, nelems=17, elem type=char[])
ARR 50001964 (sz=56, trace=300000, nelems=28, elem type=char[])
ARR 50001965 (sz=58, trace=300000, nelems=29, elem type=char[])
ARR 50001966 (sz=54, trace=300000, nelems=27, elem type=char[])
ARR 50001967 (sz=74, trace=300000, nelems=37, elem type=char[])
ARR 50001968 (sz=44, trace=300000, nelems=22, elem type=char[])
ARR 50001969 (sz=4, trace=300000, nelems=2, elem type=char[])
OBJ 5000196a (sz=24, trace=300000, class=java.lang.String@500000b2)
	value		50001972
OBJ 5000196b (sz=24, trace=300000, class=java.lang.String@500000b2)
	value		50001971
OBJ 5000196c (sz=24, trace=300000, class=java.lang.String@500000b2)
	value		50001970
OBJ 5000196d (sz=24, trace=300000, class=java.lang.String@500000b2)
	value		50001973
OBJ 5000196e (sz=24, trace=300000, class=java.lang.String@500000b2)
	value		50001975
OBJ 5000196f (sz=24, trace=300000, class=java.lang.String@500000b2)
	value		50001974
ARR 50001970 (sz=72, trace=300000, nelems=36, elem type=char[])
ARR 50001971 (sz=54, trace=300000, nelems=27, elem type=char[])
ARR 50001972 (sz=58, trace=300000, nelems=29, elem type=char[])
ARR 50001973 (sz=74, trace=300000, nelems=37, elem type=char[])
ARR 50001974 (sz=32, trace=300000, nelems=16, elem type=char[])
ARR 50001975 (sz=48, trace=300000, nelems=24, elem type=char[])
ARR 50001976 (sz=28, trace=300000, nelems=14, elem type=char[])
ARR 50001977 (sz=26, trace=300000, nelems=13, elem type=char[])
ARR 50001978 (sz=38, trace=300000, nelems=19, elem type=char[])
ARR 50001979 (sz=12, trace=300000, nelems=6, elem type=char[])
ARR 5000197a (sz=28, trace=300000, nelems=14, elem type=char[])
ARR 5000197b (sz=22, trace=300000, nelems=11, elem type=char[])
ARR 5000197c (sz=16, trace=300000, nelems=8, elem type=char[])
ARR 5000197d (sz=14, trace=300000, nelems=7, elem type=char[])
ARR 5000197e (sz=18, trace=300000, nelems=9, elem type=char[])
ARR 5000197f (sz=18, trace=300000, nelems=9, elem type=char[])
ARR 50001980 (sz=24, trace=300000, nelems=12, elem type=char[])
OBJ 50001981 (sz=24, trace=300000, class=java.lang.String@500000b2)
	value		50001983
OBJ 50001982 (sz=32, trace=300000, class=java.util.concurrent.atomic.AtomicReferenceFieldUpdater$AtomicReferenceFieldUpdaterImpl@50000019)
	tclass		50000111
	vclass		50000154
ARR 50001983 (sz=6, trace=300000, nelems=3, elem type=char[])
OBJ 50001984 (sz=24, trace=300000, class=java.io.OutputStreamWriter@50000082)
	lock		50000f0d
	se		5000198c
OBJ 50001985 (sz=40, trace=300000, class=java.io.BufferedWriter@5000007b)
	lock		50001984
	out		50001984
	cb		5000198b
	lineSeparator	50000f0a
OBJ 50001986 (sz=24, trace=300000, class=java.io.BufferedOutputStream@5000011f)
	out		50001988
	buf		50001987
ARR 50001987 (sz=128, trace=300000, nelems=128, elem type=byte[])
OBJ 50001988 (sz=24, trace=300000, class=java.io.FileOutputStream@50000014)
	fd		50000f2a
	closeLock	50001989
OBJ 50001989 (sz=8, trace=300000, class=java.lang.Object@500000f9)
OBJ 5000198a (sz=16, trace=300000, class=java.lang.ThreadLocal@500000bd)
ARR 5000198b (sz=16384, trace=300000, nelems=8192, elem type=char[])
OBJ 5000198c (sz=48, trace=300000, class=sun.nio.cs.StreamEncoder@500000d7)
	lock		50001984
	cs		50001464
	encoder		5000198e
	bb		5000198d
	out		50000f0d
OBJ 5000198d (sz=48, trace=300000, class=java.nio.HeapByteBuffer@500000d0)
	hb		50001990
OBJ 5000198e (sz=56, trace=300000, class=sun.nio.cs.SingleByte$Encoder@50000144)
	charset		50001464
	replacement	5000198f
	malformedInputAction	50001445
	unmappableCharacterAction	50001445
	c2b		5000186c
	c2bIndex	5000186b
ARR 5000198f (sz=1, trace=300000, nelems=1, elem type=byte[])
ARR 50001990 (sz=8192, trace=300000, nelems=8192, elem type=byte[])
ARR 50001991 (sz=28, trace=300000, nelems=14, elem type=char[])
OBJ 50001992 (sz=24, trace=300000, class=java.lang.String@500000b2)
	value		50001993
ARR 50001993 (sz=36, trace=300000, nelems=18, elem type=char[])
OBJ 50001994 (sz=24, trace=300000, class=java.io.OutputStreamWriter@50000082)
	lock		50000f0c
	se		5000199b
OBJ 50001995 (sz=40, trace=300000, class=java.io.BufferedWriter@5000007b)
	lock		50001994
	out		50001994
	cb		5000199a
	lineSeparator	50000f0a
OBJ 50001996 (sz=24, trace=300000, class=java.io.BufferedOutputStream@5000011f)
	out		50001998
	buf		50001997
ARR 50001997 (sz=128, trace=300000, nelems=128, elem type=byte[])
OBJ 50001998 (sz=24, trace=300000, class=java.io.FileOutputStream@50000014)
	fd		50000f29
	closeLock	50001999
OBJ 50001999 (sz=8, trace=300000, class=java.lang.Object@500000f9)
ARR 5000199a (sz=16384, trace=300000, nelems=8192, elem type=char[])
OBJ 5000199b (sz=48, trace=300000, class=sun.nio.cs.StreamEncoder@500000d7)
	lock		50001994
	cs		50001464
	encoder		5000199d
	bb		5000199c
	out		50000f0c
OBJ 5000199c (sz=48, trace=300000, class=java.nio.HeapByteBuffer@500000d0)
	hb		5000199f
OBJ 5000199d (sz=56, trace=300000, class=sun.nio.cs.SingleByte$Encoder@50000144)
	charset		50001464
	replacement	5000199e
	malformedInputAction	50001445
	unmappableCharacterAction	50001445
	c2b		5000186c
	c2bIndex	5000186b
ARR 5000199e (sz=1, trace=300000, nelems=1, elem type=byte[])
ARR 5000199f (sz=8192, trace=300000, nelems=8192, elem type=byte[])
OBJ 500019a0 (sz=16, trace=300000, class=java.util.Collections$SynchronizedSet@50000057)
	c		500019e1
	mutex		50000f0b
ARR 500019a1 (sz=392, trace=300000, nelems=92, elem type=java.util.Hashtable$Entry[]@5000014d)
	[0]		500019a2
	[2]		500019a3
	[9]		500019a4
	[11]		500019a5
	[13]		500019a6
	[16]		500019a7
	[17]		500019a8
	[18]		500019a9
	[19]		500019aa
	[21]		500019ab
	[22]		500019ac
	[24]		500019ad
	[26]		500019ae
	[27]		500019af
	[33]		500019b0
	[38]		500019b1
	[39]		500019b2
	[40]		500019b3
	[41]		500019b4
	[44]		500019b5
	[47]		500019b6
	[49]		500019b7
	[54]		500019b8
	[57]		500019b9
	[63]		500019ba
	[64]		500019bb
	[65]		500019bc
	[67]		500019bd
	[70]		500019be
	[72]		500019bf
	[74]		500019c0
	[76]		500019c1
	[79]		500019c2
	[80]		500019c3
	[81]		500019c4
	[82]		500019c5
	[88]		500019c6
	[91]		500019c7
OBJ 500019a2 (sz=24, trace=300000, class=java.util.Hashtable$Entry@5000014c)
	key		5000104a
	value		50001049
OBJ 500019a3 (sz=24, trace=300000, class=java.util.Hashtable$Entry@5000014c)
	key		50001046
	value		50001045
OBJ 500019a4 (sz=24, trace=300000, class=java.util.Hashtable$Entry@5000014c)
	key		50001042
	value		50001041
	next		500019e0
OBJ 500019a5 (sz=24, trace=300000, class=java.util.Hashtable$Entry@5000014c)
	key		50001039
	value		50001038
OBJ 500019a6 (sz=24, trace=300000, class=java.util.Hashtable$Entry@5000014c)
	key		50001035
	value		50001034
OBJ 500019a7 (sz=24, trace=300000, class=java.util.Hashtable$Entry@5000014c)
	key		50001031
	value		50001030
OBJ 500019a8 (sz=24, trace=300000, class=java.util.Hashtable$Entry@5000014c)
	key		5000102d
	value		5000102c
OBJ 500019a9 (sz=24, trace=300000, class=java.util.Hashtable$Entry@5000014c)
	key		50001029
	value		50001028
OBJ 500019aa (sz=24, trace=300000, class=java.util.Hashtable$Entry@5000014c)
	key		50001025
	value		50001899
OBJ 500019ab (sz=24, trace=300000, class=java.util.Hashtable$Entry@5000014c)
	key		5000101d
	value		500019de
OBJ 500019ac (sz=24, trace=300000, class=java.util.Hashtable$Entry@5000014c)
	key		50001018
	value		50001017
OBJ 500019ad (sz=24, trace=300000, class=java.util.Hashtable$Entry@5000014c)
	key		50001014
	value		50001013
	next		500019dd
OBJ 500019ae (sz=24, trace=300000, class=java.util.Hashtable$Entry@5000014c)
	key		5000100c
	value		50000f3e
	next		500019dc
OBJ 500019af (sz=24, trace=300000, class=java.util.Hashtable$Entry@5000014c)
	key		50001004
	value		50001003
OBJ 500019b0 (sz=24, trace=300000, class=java.util.Hashtable$Entry@5000014c)
	key		50001000
	value		50000fff
	next		500019db
OBJ 500019b1 (sz=24, trace=300000, class=java.util.Hashtable$Entry@5000014c)
	key		50000ff3
	value		50000ff2
	next		500019da
OBJ 500019b2 (sz=24, trace=300000, class=java.util.Hashtable$Entry@5000014c)
	key		50000fee
	value		50000fed
OBJ 500019b3 (sz=24, trace=300000, class=java.util.Hashtable$Entry@5000014c)
	key		50000fea
	value		50000fe9
OBJ 500019b4 (sz=24, trace=300000, class=java.util.Hashtable$Entry@5000014c)
	key		50000fe6
	value		50000fe5
OBJ 500019b5 (sz=24, trace=300000, class=java.util.Hashtable$Entry@5000014c)
	key		50000fe2
	value		50000fe1
OBJ 500019b6 (sz=24, trace=300000, class=java.util.Hashtable$Entry@5000014c)
	key		50000fde
	value		50000fdd
OBJ 500019b7 (sz=24, trace=300000, class=java.util.Hashtable$Entry@5000014c)
	key		50000fd6
	value		50000fd5
	next		500019d9
OBJ 500019b8 (sz=24, trace=300000, class=java.util.Hashtable$Entry@5000014c)
	key		50000fd1
	value		50000fd0
OBJ 500019b9 (sz=24, trace=300000, class=java.util.Hashtable$Entry@5000014c)
	key		50000fcd
	value		50000fcc
OBJ 500019ba (sz=24, trace=300000, class=java.util.Hashtable$Entry@5000014c)
	key		50000fc9
	value		50000fc8
OBJ 500019bb (sz=24, trace=300000, class=java.util.Hashtable$Entry@5000014c)
	key		50000fc5
	value		50000fc4
OBJ 500019bc (sz=24, trace=300000, class=java.util.Hashtable$Entry@5000014c)
	key		50000fc1
	value		50000fc0
OBJ 500019bd (sz=24, trace=300000, class=java.util.Hashtable$Entry@5000014c)
	key		50000fba
	value		50000fb9
	next		500019d8
OBJ 500019be (sz=24, trace=300000, class=java.util.Hashtable$Entry@5000014c)
	key		50000fb1
	value		50000fb0
	next		500019d7
OBJ 500019bf (sz=24, trace=300000, class=java.util.Hashtable$Entry@5000014c)
	key		50000fac
	value		50000fab
OBJ 500019c0 (sz=24, trace=300000, class=java.util.Hashtable$Entry@5000014c)
	key		500019d4
	value		500019d3
OBJ 500019c1 (sz=24, trace=300000, class=java.util.Hashtable$Entry@5000014c)
	key		50000fa4
	value		50000fa3
	next		500019d2
OBJ 500019c2 (sz=24, trace=300000, class=java.util.Hashtable$Entry@5000014c)
	key		50000f96
	value		50000f95
	next		500019cf
OBJ 500019c3 (sz=24, trace=300000, class=java.util.Hashtable$Entry@5000014c)
	key		50000f88
	value		50000f87
	next		500019ce
OBJ 500019c4 (sz=24, trace=300000, class=java.util.Hashtable$Entry@5000014c)
	key		50000f83
	value		50000f82
OBJ 500019c5 (sz=24, trace=300000, class=java.util.Hashtable$Entry@5000014c)
	key		50000f7b
	value		50000f7a
	next		500019cd
OBJ 500019c6 (sz=24, trace=300000, class=java.util.Hashtable$Entry@5000014c)
	key		50000f72
	value		50000f71
	next		500019cc
OBJ 500019c7 (sz=24, trace=300000, class=java.util.Hashtable$Entry@5000014c)
	key		500019c9
	value		500019c8
OBJ 500019c8 (sz=24, trace=300000, class=java.lang.String@500000b2)
	value		500019cb
OBJ 500019c9 (sz=24, trace=300000, class=java.lang.String@500000b2)
	value		500019ca
ARR 500019ca (sz=34, trace=300000, nelems=17, elem type=char[])
ARR 500019cb (sz=62, trace=300000, nelems=31, elem type=char[])
OBJ 500019cc (sz=24, trace=300000, class=java.util.Hashtable$Entry@5000014c)
	key		50000f76
	value		50000f75
OBJ 500019cd (sz=24, trace=300000, class=java.util.Hashtable$Entry@5000014c)
	key		50000f7f
	value		50000f7e
OBJ 500019ce (sz=24, trace=300000, class=java.util.Hashtable$Entry@5000014c)
	key		50000f8c
	value		50000f8b
OBJ 500019cf (sz=24, trace=300000, class=java.util.Hashtable$Entry@5000014c)
	key		50000f91
	value		50000f90
	next		500019d0
OBJ 500019d0 (sz=24, trace=300000, class=java.util.Hashtable$Entry@5000014c)
	key		50000f9b
	value		50000f9a
	next		500019d1
OBJ 500019d1 (sz=24, trace=300000, class=java.util.Hashtable$Entry@5000014c)
	key		50000f9f
	value		50000f9e
OBJ 500019d2 (sz=24, trace=300000, class=java.util.Hashtable$Entry@5000014c)
	key		50000fa8
	value		50000fa7
OBJ 500019d3 (sz=24, trace=300000, class=java.lang.String@500000b2)
	value		500019d6
OBJ 500019d4 (sz=24, trace=300000, class=java.lang.String@500000b2)
	value		500019d5
ARR 500019d5 (sz=40, trace=300000, nelems=20, elem type=char[])
ARR 500019d6 (sz=26, trace=300000, nelems=13, elem type=char[])
OBJ 500019d7 (sz=24, trace=300000, class=java.util.Hashtable$Entry@5000014c)
	key		50000fb5
	value		50000fb4
OBJ 500019d8 (sz=24, trace=300000, class=java.util.Hashtable$Entry@5000014c)
	key		50000fbd
	value		50000f0a
OBJ 500019d9 (sz=24, trace=300000, class=java.util.Hashtable$Entry@5000014c)
	key		50000fda
	value		50000fd9
OBJ 500019da (sz=24, trace=300000, class=java.util.Hashtable$Entry@5000014c)
	key		50000ff7
	value		50000ff6
OBJ 500019db (sz=24, trace=300000, class=java.util.Hashtable$Entry@5000014c)
	key		50000ffc
	value		50000ffb
OBJ 500019dc (sz=24, trace=300000, class=java.util.Hashtable$Entry@5000014c)
	key		50001009
	value		50001008
OBJ 500019dd (sz=24, trace=300000, class=java.util.Hashtable$Entry@5000014c)
	key		50001010
	value		5000100f
OBJ 500019de (sz=24, trace=300000, class=java.lang.String@500000b2)
	value		500019df
ARR 500019df (sz=20, trace=300000, nelems=10, elem type=char[])
OBJ 500019e0 (sz=24, trace=300000, class=java.util.Hashtable$Entry@5000014c)
	key		5000103e
	value		5000103d
OBJ 500019e1 (sz=16, trace=300000, class=java.util.Hashtable$EntrySet@50000136)
	this$0		50000f0b
OBJ 500019e2 (sz=24, trace=300000, class=java.lang.String@500000b2)
	value		500019e3
ARR 500019e3 (sz=8, trace=300000, nelems=4, elem type=char[])
OBJ 500019e4 (sz=24, trace=300000, class=java.lang.String@500000b2)
	value		500019f1
OBJ 500019e5 (sz=24, trace=300000, class=java.lang.String@500000b2)
	value		500019ef
OBJ 500019e6 (sz=8, trace=300000, class=java.lang.Terminator$1@500000dd)
OBJ 500019e7 (sz=16, trace=300000, class=sun.misc.NativeSignalHandler@500000f0)
OBJ 500019e8 (sz=16, trace=300000, class=sun.misc.NativeSignalHandler@500000f0)
OBJ 500019e9 (sz=40, trace=300000, class=java.util.Hashtable@500000a0)
	table		500019f2
OBJ 500019ea (sz=40, trace=300000, class=java.util.Hashtable@500000a0)
	table		500019eb
ARR 500019eb (sz=32, trace=300000, nelems=4, elem type=java.util.Hashtable$Entry[]@5000014d)
	[2]		500019ec
	[3]		500019ed
OBJ 500019ec (sz=24, trace=300000, class=java.util.Hashtable$Entry@5000014c)
	key		500019f0
	value		500019e6
OBJ 500019ed (sz=24, trace=300000, class=java.util.Hashtable$Entry@5000014c)
	key		500019ee
	value		500019e6
OBJ 500019ee (sz=16, trace=300000, class=sun.misc.Signal@50000023)
	name		500019e5
ARR 500019ef (sz=8, trace=300000, nelems=4, elem type=char[])
OBJ 500019f0 (sz=16, trace=300000, class=sun.misc.Signal@50000023)
	name		500019e4
ARR 500019f1 (sz=6, trace=300000, nelems=3, elem type=char[])
ARR 500019f2 (sz=32, trace=300000, nelems=4, elem type=java.util.Hashtable$Entry[]@5000014d)
	[2]		500019f3
	[3]		500019f4
OBJ 500019f3 (sz=24, trace=300000, class=java.util.Hashtable$Entry@5000014c)
	key		500019f6
	value		500019f0
OBJ 500019f4 (sz=24, trace=300000, class=java.util.Hashtable$Entry@5000014c)
	key		500019f5
	value		500019ee
OBJ 500019f5 (sz=16, trace=300000, class=java.lang.Integer@50000068)
OBJ 500019f6 (sz=16, trace=300000, class=java.lang.Integer@50000068)
ARR 500019f7 (sz=6, trace=300000, nelems=3, elem type=char[])
OBJ 500019f8 (sz=24, trace=300000, class=java.lang.String@500000b2)
	value		500019fb
OBJ 500019f9 (sz=24, trace=300000, class=java.lang.String@500000b2)
	value		500019fa
ARR 500019fa (sz=46, trace=300000, nelems=23, elem type=char[])
ARR 500019fb (sz=60, trace=300000, nelems=30, elem type=char[])
OBJ 500019fc (sz=24, trace=300000, class=java.lang.String@500000b2)
	value		500019fd
ARR 500019fd (sz=40, trace=300000, nelems=20, elem type=char[])
ARR 500019fe (sz=10, trace=300000, nelems=5, elem type=char[])
ARR 500019ff (sz=4, trace=300000, nelems=2, elem type=char[])
ARR 50001a00 (sz=4, trace=300000, nelems=2, elem type=char[])
ARR 50001a01 (sz=4, trace=300000, nelems=2, elem type=char[])
OBJ 50001a02 (sz=8, trace=300000, class=java.lang.Object@500000f9)
OBJ 50001a03 (sz=24, trace=300000, class=java.security.AccessControlContext@5000005a)
ARR 50001a04 (sz=34, trace=300000, nelems=17, elem type=char[])
ARR 50001a05 (sz=32, trace=300000, nelems=1, elem type=java.lang.ThreadGroup[]@5000011e)
	[0]		50000eee
ARR 50001a06 (sz=32, trace=300000, nelems=4, elem type=java.lang.Thread[]@50000098)
	[0]		50000ed7
	[1]		50000ed6
	[2]		50000ed5
	[3]		50000ed4
OBJ 50001a07 (sz=8, trace=300000, class=java.lang.Object@500000f9)
OBJ 50001a08 (sz=24, trace=300000, class=java.security.AccessControlContext@5000005a)
ARR 50001a09 (sz=30, trace=300000, nelems=15, elem type=char[])
OBJ 50001a0a (sz=8, trace=300000, class=java.lang.Object@500000f9)
OBJ 50001a0b (sz=24, trace=300000, class=java.security.AccessControlContext@5000005a)
ARR 50001a0c (sz=34, trace=300000, nelems=17, elem type=char[])
OBJ 50001a0d (sz=8, trace=300000, class=java.lang.Object@500000f9)
OBJ 50001a0e (sz=24, trace=300000, class=java.security.AccessControlContext@5000005a)
ARR 50001a0f (sz=18, trace=300000, nelems=9, elem type=char[])
OBJ 50001a10 (sz=24, trace=300000, class=java.lang.String@500000b2)
	value		50001a1b
OBJ 50001a11 (sz=8, trace=300000, class=java.lang.Object@500000f9)
OBJ 50001a12 (sz=32, trace=300000, class=java.lang.ref.Finalizer@500000d6)
	referent	50001a14
	queue		50000ef1
	next		50001a13
	prev		5000041e
OBJ 50001a13 (sz=32, trace=300000, class=java.lang.ref.Finalizer@500000d6)
	referent	50001942
	queue		50000ef1
	next		50001a18
	prev		50001a12
OBJ 50001a14 (sz=24, trace=300000, class=java.io.FileInputStream@50000055)
	fd		50001a16
	closeLock	50001a15
OBJ 50001a15 (sz=8, trace=300000, class=java.lang.Object@500000f9)
OBJ 50001a16 (sz=24, trace=300000, class=java.io.FileDescriptor@500000c5)
	useCount	50001a17
OBJ 50001a17 (sz=16, trace=300000, class=java.util.concurrent.atomic.AtomicInteger@5000002c)
OBJ 50001a18 (sz=32, trace=300000, class=java.lang.ref.Finalizer@500000d6)
	referent	50001998
	queue		50000ef1
	next		50001a19
	prev		50001a13
OBJ 50001a19 (sz=32, trace=300000, class=java.lang.ref.Finalizer@500000d6)
	referent	50001988
	queue		50000ef1
	next		50001a1a
	prev		50001a18
OBJ 50001a1a (sz=32, trace=300000, class=java.lang.ref.Finalizer@500000d6)
	referent	50000f10
	queue		50000ef1
	prev		50001a19
ARR 50001a1b (sz=18, trace=300000, nelems=9, elem type=char[])
ARR 50001a1c (sz=32, trace=300000, nelems=1, elem type=java.lang.Thread[]@50000098)
	[0]		50000ec1
OBJ 50001a1d (sz=24, trace=300000, class=java.lang.String@500000b2)
	value		50001a1e
ARR 50001a1e (sz=8, trace=300000, nelems=4, elem type=char[])
OBJ 50001a1f (sz=24, trace=300000, class=java.security.AccessControlContext@5000005a)
OBJ 50001a20 (sz=8, trace=300000, class=java.lang.Object@500000f9)
ARR 50001a21 (sz=46, trace=300000, nelems=23, elem type=char[])
OBJ 50001a22 (sz=24, trace=300000, class=java.lang.String@500000b2)
	value		50001a23
ARR 50001a23 (sz=18, trace=300000, nelems=9, elem type=char[])
OBJ 50001a24 (sz=32, trace=300000, class=java.lang.OutOfMemoryError@50000053)
OBJ 50001a25 (sz=32, trace=300000, class=java.lang.OutOfMemoryError@50000053)
OBJ 50001a26 (sz=32, trace=300000, class=java.lang.OutOfMemoryError@50000053)
OBJ 50001a27 (sz=32, trace=300000, class=java.lang.OutOfMemoryError@50000053)
OBJ 50001a28 (sz=24, trace=300000, class=java.lang.String@500000b2)
	value		50001a29
ARR 50001a29 (sz=52, trace=300000, nelems=26, elem type=char[])
OBJ 50001a2a (sz=24, trace=300000, class=java.lang.String@500000b2)
	value		50001a2b
ARR 50001a2b (sz=74, trace=300000, nelems=37, elem type=char[])
OBJ 50001a2c (sz=24, trace=300000, class=java.lang.String@500000b2)
	value		50001a2d
ARR 50001a2d (sz=26, trace=300000, nelems=13, elem type=char[])
OBJ 50001a2e (sz=24, trace=300000, class=java.lang.String@500000b2)
	value		50001a2f
ARR 50001a2f (sz=30, trace=300000, nelems=15, elem type=char[])
ARR 50001a30 (sz=22, trace=300000, nelems=11, elem type=char[])
ARR 50001a31 (sz=8, trace=300000, nelems=4, elem type=char[])
OBJ 50001a32 (sz=24, trace=300000, class=java.lang.String@500000b2)
	value		50001a34
OBJ 50001a33 (sz=24, trace=300000, class=java.lang.String@500000b2)
	value		50001a35
ARR 50001a34 (sz=40, trace=300000, nelems=20, elem type=char[])
ARR 50001a35 (sz=14, trace=300000, nelems=7, elem type=char[])
OBJ 50001a36 (sz=24, trace=300000, class=java.lang.String@500000b2)
	value		50001a66
OBJ 50001a37 (sz=24, trace=300000, class=java.lang.String@500000b2)
	value		50001a64
OBJ 50001a38 (sz=24, trace=300000, class=java.lang.String@500000b2)
	value		50001a6a
OBJ 50001a39 (sz=24, trace=300000, class=java.lang.String@500000b2)
	value		50001a56
OBJ 50001a3a (sz=24, trace=300000, class=java.lang.String@500000b2)
	value		50001a54
OBJ 50001a3b (sz=24, trace=300000, class=java.lang.String@500000b2)
	value		50001a5c
OBJ 50001a3c (sz=24, trace=300000, class=java.lang.String@500000b2)
	value		50001a68
OBJ 50001a3d (sz=24, trace=300000, class=java.lang.String@500000b2)
	value		50001a58
OBJ 50001a3e (sz=24, trace=300000, class=java.lang.String@500000b2)
	value		50001a5e
OBJ 50001a3f (sz=24, trace=300000, class=java.lang.String@500000b2)
	value		50001a60
OBJ 50001a40 (sz=24, trace=300000, class=java.lang.String@500000b2)
	value		50001a62
OBJ 50001a41 (sz=24, trace=300000, class=java.lang.String@500000b2)
	value		50001a5a
OBJ 50001a42 (sz=24, trace=300000, class=java.lang.String@500000b2)
	value		50001a69
OBJ 50001a43 (sz=24, trace=300000, class=java.lang.String@500000b2)
	value		50001a57
OBJ 50001a44 (sz=24, trace=300000, class=java.lang.String@500000b2)
	value		50001a5f
OBJ 50001a45 (sz=24, trace=300000, class=java.lang.String@500000b2)
	value		50001a61
OBJ 50001a46 (sz=24, trace=300000, class=java.lang.String@500000b2)
	value		50001a5d
OBJ 50001a47 (sz=24, trace=300000, class=java.lang.String@500000b2)
	value		50001a65
OBJ 50001a48 (sz=24, trace=300000, class=java.lang.String@500000b2)
	value		50001a63
OBJ 50001a49 (sz=24, trace=300000, class=java.lang.String@500000b2)
	value		50001a53
OBJ 50001a4a (sz=24, trace=300000, class=java.lang.String@500000b2)
	value		50001a55
OBJ 50001a4b (sz=24, trace=300000, class=java.lang.String@500000b2)
	value		50001a59
OBJ 50001a4c (sz=24, trace=300000, class=java.lang.String@500000b2)
	value		50001a5b
OBJ 50001a4d (sz=24, trace=300000, class=java.lang.String@500000b2)
	value		50001a67
OBJ 50001a4e (sz=48, trace=300000, class=java.util.ResourceBundle$CacheKey@500001f8)
	name		5000109d
	locale		50001263
	loaderRef	5000089b
	format		50001a4f
OBJ 50001a4f (sz=24, trace=300000, class=java.lang.String@500000b2)
	value		50001a50
ARR 50001a50 (sz=20, trace=300000, nelems=10, elem type=char[])
OBJ 50001a51 (sz=48, trace=300000, class=java.util.ResourceBundle$CacheKey@500001f8)
	name		5000109d
	locale		50001273
	loaderRef	50000231
	format		50001a4f
OBJ 50001a52 (sz=48, trace=300000, class=java.util.ResourceBundle$CacheKey@500001f8)
	name		5000109d
	locale		50001264
	loaderRef	5000021c
	format		50001a4f
ARR 50001a53 (sz=54, trace=300000, nelems=27, elem type=char[])
ARR 50001a54 (sz=144, trace=300000, nelems=72, elem type=char[])
ARR 50001a55 (sz=48, trace=300000, nelems=24, elem type=char[])
ARR 50001a56 (sz=4038, trace=300000, nelems=2019, elem type=char[])
ARR 50001a57 (sz=48, trace=300000, nelems=24, elem type=char[])
ARR 50001a58 (sz=90, trace=300000, nelems=45, elem type=char[])
ARR 50001a59 (sz=48, trace=300000, nelems=24, elem type=char[])
ARR 50001a5a (sz=426, trace=300000, nelems=213, elem type=char[])
ARR 50001a5b (sz=50, trace=300000, nelems=25, elem type=char[])
ARR 50001a5c (sz=108, trace=300000, nelems=54, elem type=char[])
ARR 50001a5d (sz=48, trace=300000, nelems=24, elem type=char[])
ARR 50001a5e (sz=268, trace=300000, nelems=134, elem type=char[])
ARR 50001a5f (sz=48, trace=300000, nelems=24, elem type=char[])
ARR 50001a60 (sz=268, trace=300000, nelems=134, elem type=char[])
ARR 50001a61 (sz=48, trace=300000, nelems=24, elem type=char[])
ARR 50001a62 (sz=318, trace=300000, nelems=159, elem type=char[])
ARR 50001a63 (sz=54, trace=300000, nelems=27, elem type=char[])
ARR 50001a64 (sz=136, trace=300000, nelems=68, elem type=char[])
ARR 50001a65 (sz=54, trace=300000, nelems=27, elem type=char[])
ARR 50001a66 (sz=78, trace=300000, nelems=39, elem type=char[])
ARR 50001a67 (sz=52, trace=300000, nelems=26, elem type=char[])
ARR 50001a68 (sz=70, trace=300000, nelems=35, elem type=char[])
ARR 50001a69 (sz=42, trace=300000, nelems=21, elem type=char[])
ARR 50001a6a (sz=3384, trace=300000, nelems=1692, elem type=char[])
OBJ 50001a6b (sz=48, trace=300000, class=java.util.ResourceBundle$CacheKey@500001f8)
	name		500010ae
	locale		50001263
	loaderRef	50000cf0
	format		50001a4f
OBJ 50001a6c (sz=48, trace=300000, class=java.util.ResourceBundle$CacheKey@500001f8)
	name		500010ae
	locale		50001273
	loaderRef	50000cda
	format		50001a4f
OBJ 50001a6d (sz=48, trace=300000, class=java.util.ResourceBundle$CacheKey@500001f8)
	name		500010ae
	locale		50001264
	loaderRef	50000cc6
	format		50001a4f
OBJ 50001a6e (sz=24, trace=300000, class=java.lang.String@500000b2)
	value		50001a71
OBJ 50001a6f (sz=24, trace=300000, class=java.lang.String@500000b2)
	value		50001a70
ARR 50001a70 (sz=6, trace=300000, nelems=3, elem type=char[])
ARR 50001a71 (sz=2, trace=300000, nelems=1, elem type=char[])
OBJ 50001a72 (sz=24, trace=300000, class=java.lang.String@500000b2)
	value		50001a75
OBJ 50001a73 (sz=24, trace=300000, class=java.lang.String@500000b2)
	value		50001a74
ARR 50001a74 (sz=6, trace=300000, nelems=3, elem type=char[])
ARR 50001a75 (sz=4, trace=300000, nelems=2, elem type=char[])
OBJ 50001a76 (sz=48, trace=300000, class=java.util.ResourceBundle$CacheKey@500001f8)
	name		500010b0
	locale		50001273
	loaderRef	50000b11
	format		50001a4f
OBJ 50001a77 (sz=48, trace=300000, class=java.util.ResourceBundle$CacheKey@500001f8)
	name		500010b0
	locale		50001264
	loaderRef	50000afd
	format		50001a4f
OBJ 50001a78 (sz=24, trace=300000, class=java.lang.String@500000b2)
	value		50001a79
ARR 50001a79 (sz=20, trace=300000, nelems=10, elem type=char[])
OBJ 50001a7a (sz=24, trace=300000, class=java.lang.String@500000b2)
	value		50001a91
OBJ 50001a7b (sz=24, trace=300000, class=java.lang.String@500000b2)
	value		50001a90
OBJ 50001a7c (sz=24, trace=300000, class=java.lang.String@500000b2)
	value		50001a8f
OBJ 50001a7d (sz=24, trace=300000, class=java.lang.String@500000b2)
	value		50001a8e
OBJ 50001a7e (sz=24, trace=300000, class=java.lang.String@500000b2)
	value		50001a8d
OBJ 50001a7f (sz=24, trace=300000, class=java.lang.String@500000b2)
	value		50001a8c
OBJ 50001a80 (sz=24, trace=300000, class=java.lang.String@500000b2)
	value		50001a8b
OBJ 50001a81 (sz=24, trace=300000, class=java.lang.String@500000b2)
	value		50001a8a
OBJ 50001a82 (sz=24, trace=300000, class=java.lang.String@500000b2)
	value		50001a89
OBJ 50001a83 (sz=24, trace=300000, class=java.lang.String@500000b2)
	value		50001a88
OBJ 50001a84 (sz=24, trace=300000, class=java.lang.String@500000b2)
	value		50001a87
OBJ 50001a85 (sz=24, trace=300000, class=java.lang.String@500000b2)
	value		50001a86
ARR 50001a86 (sz=16, trace=300000, nelems=8, elem type=char[])
ARR 50001a87 (sz=16, trace=300000, nelems=8, elem type=char[])
ARR 50001a88 (sz=14, trace=300000, nelems=7, elem type=char[])
ARR 50001a89 (sz=18, trace=300000, nelems=9, elem type=char[])
ARR 50001a8a (sz=12, trace=300000, nelems=6, elem type=char[])
ARR 50001a8b (sz=8, trace=300000, nelems=4, elem type=char[])
ARR 50001a8c (sz=8, trace=300000, nelems=4, elem type=char[])
ARR 50001a8d (sz=6, trace=300000, nelems=3, elem type=char[])
ARR 50001a8e (sz=10, trace=300000, nelems=5, elem type=char[])
ARR 50001a8f (sz=8, trace=300000, nelems=4, elem type=char[])
ARR 50001a90 (sz=14, trace=300000, nelems=7, elem type=char[])
ARR 50001a91 (sz=12, trace=300000, nelems=6, elem type=char[])
OBJ 50001a92 (sz=24, trace=300000, class=java.lang.String@500000b2)
	value		50001a95
OBJ 50001a93 (sz=24, trace=300000, class=java.lang.String@500000b2)
	value		50001a94
ARR 50001a94 (sz=40, trace=300000, nelems=20, elem type=char[])
ARR 50001a95 (sz=38, trace=300000, nelems=19, elem type=char[])
OBJ 50001a96 (sz=24, trace=300000, class=java.lang.String@500000b2)
	value		50001a97
ARR 50001a97 (sz=32, trace=300000, nelems=16, elem type=char[])
OBJ 50001a98 (sz=24, trace=300000, class=java.lang.String@500000b2)
	value		50001aa5
OBJ 50001a99 (sz=24, trace=300000, class=java.lang.String@500000b2)
	value		50001aa4
OBJ 50001a9a (sz=24, trace=300000, class=java.lang.String@500000b2)
	value		50001aa3
OBJ 50001a9b (sz=24, trace=300000, class=java.lang.String@500000b2)
	value		50001aa2
OBJ 50001a9c (sz=24, trace=300000, class=java.lang.String@500000b2)
	value		50001aa1
OBJ 50001a9d (sz=24, trace=300000, class=java.lang.String@500000b2)
	value		50001aa0
OBJ 50001a9e (sz=24, trace=300000, class=java.lang.String@500000b2)
	value		50001a9f
ARR 50001a9f (sz=4, trace=300000, nelems=2, elem type=char[])
ARR 50001aa0 (sz=4, trace=300000, nelems=2, elem type=char[])
ARR 50001aa1 (sz=4, trace=300000, nelems=2, elem type=char[])
ARR 50001aa2 (sz=4, trace=300000, nelems=2, elem type=char[])
ARR 50001aa3 (sz=4, trace=300000, nelems=2, elem type=char[])
ARR 50001aa4 (sz=4, trace=300000, nelems=2, elem type=char[])
ARR 50001aa5 (sz=4, trace=300000, nelems=2, elem type=char[])
OBJ 50001aa6 (sz=24, trace=300000, class=java.lang.String@500000b2)
	value		50001aa7
ARR 50001aa7 (sz=8, trace=300000, nelems=4, elem type=char[])
OBJ 50001aa8 (sz=24, trace=300000, class=java.lang.String@500000b2)
	value		50001aab
OBJ 50001aa9 (sz=24, trace=300000, class=java.lang.String@500000b2)
	value		50001aaa
ARR 50001aaa (sz=14, trace=300000, nelems=7, elem type=char[])
ARR 50001aab (sz=14, trace=300000, nelems=7, elem type=char[])
OBJ 50001aac (sz=24, trace=300000, class=java.lang.String@500000b2)
	value		50001aad
ARR 50001aad (sz=32, trace=300000, nelems=16, elem type=char[])
OBJ 50001aae (sz=24, trace=300000, class=java.lang.String@500000b2)
	value		50001abf
OBJ 50001aaf (sz=24, trace=300000, class=java.lang.String@500000b2)
	value		50001abe
OBJ 50001ab0 (sz=24, trace=300000, class=java.lang.String@500000b2)
	value		50001abd
OBJ 50001ab1 (sz=24, trace=300000, class=java.lang.String@500000b2)
	value		50001abc
OBJ 50001ab2 (sz=24, trace=300000, class=java.lang.String@500000b2)
	value		50001abb
OBJ 50001ab3 (sz=24, trace=300000, class=java.lang.String@500000b2)
	value		50001aba
OBJ 50001ab4 (sz=24, trace=300000, class=java.lang.String@500000b2)
	value		50001ab9
OBJ 50001ab5 (sz=24, trace=300000, class=java.lang.String@500000b2)
	value		50001ab8
OBJ 50001ab6 (sz=24, trace=300000, class=java.lang.String@500000b2)
	value		50001ab7
ARR 50001ab7 (sz=14, trace=300000, nelems=7, elem type=char[])
ARR 50001ab8 (sz=16, trace=300000, nelems=8, elem type=char[])
ARR 50001ab9 (sz=20, trace=300000, nelems=10, elem type=char[])
ARR 50001aba (sz=24, trace=300000, nelems=12, elem type=char[])
ARR 50001abb (sz=36, trace=300000, nelems=18, elem type=char[])
ARR 50001abc (sz=10, trace=300000, nelems=5, elem type=char[])
ARR 50001abd (sz=16, trace=300000, nelems=8, elem type=char[])
ARR 50001abe (sz=20, trace=300000, nelems=10, elem type=char[])
ARR 50001abf (sz=26, trace=300000, nelems=13, elem type=char[])
OBJ 50001ac0 (sz=24, trace=300000, class=java.lang.String@500000b2)
	value		50001ac1
ARR 50001ac1 (sz=28, trace=300000, nelems=14, elem type=char[])
OBJ 50001ac2 (sz=24, trace=300000, class=java.lang.String@500000b2)
	value		50001ad1
OBJ 50001ac3 (sz=24, trace=300000, class=java.lang.String@500000b2)
	value		50001ad0
OBJ 50001ac4 (sz=24, trace=300000, class=java.lang.String@500000b2)
	value		50001acf
OBJ 50001ac5 (sz=24, trace=300000, class=java.lang.String@500000b2)
	value		50001ace
OBJ 50001ac6 (sz=24, trace=300000, class=java.lang.String@500000b2)
	value		50001acd
OBJ 50001ac7 (sz=24, trace=300000, class=java.lang.String@500000b2)
	value		50001acc
OBJ 50001ac8 (sz=24, trace=300000, class=java.lang.String@500000b2)
	value		50001acb
OBJ 50001ac9 (sz=24, trace=300000, class=java.lang.String@500000b2)
	value		50001aca
ARR 50001aca (sz=2, trace=300000, nelems=1, elem type=char[])
ARR 50001acb (sz=2, trace=300000, nelems=1, elem type=char[])
ARR 50001acc (sz=2, trace=300000, nelems=1, elem type=char[])
ARR 50001acd (sz=2, trace=300000, nelems=1, elem type=char[])
ARR 50001ace (sz=2, trace=300000, nelems=1, elem type=char[])
ARR 50001acf (sz=2, trace=300000, nelems=1, elem type=char[])
ARR 50001ad0 (sz=2, trace=300000, nelems=1, elem type=char[])
ARR 50001ad1 (sz=2, trace=300000, nelems=1, elem type=char[])
OBJ 50001ad2 (sz=24, trace=300000, class=java.lang.String@500000b2)
	value		50001ad3
ARR 50001ad3 (sz=16, trace=300000, nelems=8, elem type=char[])
OBJ 50001ad4 (sz=24, trace=300000, class=java.lang.String@500000b2)
	value		50001ae1
OBJ 50001ad5 (sz=24, trace=300000, class=java.lang.String@500000b2)
	value		50001ae0
OBJ 50001ad6 (sz=24, trace=300000, class=java.lang.String@500000b2)
	value		50001adf
OBJ 50001ad7 (sz=24, trace=300000, class=java.lang.String@500000b2)
	value		50001ade
OBJ 50001ad8 (sz=24, trace=300000, class=java.lang.String@500000b2)
	value		50001add
OBJ 50001ad9 (sz=24, trace=300000, class=java.lang.String@500000b2)
	value		50001adc
OBJ 50001ada (sz=24, trace=300000, class=java.lang.String@500000b2)
	value		50001adb
ARR 50001adb (sz=14, trace=300000, nelems=7, elem type=char[])
ARR 50001adc (sz=14, trace=300000, nelems=7, elem type=char[])
ARR 50001add (sz=20, trace=300000, nelems=10, elem type=char[])
ARR 50001ade (sz=16, trace=300000, nelems=8, elem type=char[])
ARR 50001adf (sz=16, trace=300000, nelems=8, elem type=char[])
ARR 50001ae0 (sz=12, trace=300000, nelems=6, elem type=char[])
ARR 50001ae1 (sz=14, trace=300000, nelems=7, elem type=char[])
OBJ 50001ae2 (sz=24, trace=300000, class=java.lang.String@500000b2)
	value		50001ae3
ARR 50001ae3 (sz=36, trace=300000, nelems=18, elem type=char[])
OBJ 50001ae4 (sz=24, trace=300000, class=java.lang.String@500000b2)
	value		50001af9
OBJ 50001ae5 (sz=24, trace=300000, class=java.lang.String@500000b2)
	value		50001af8
OBJ 50001ae6 (sz=24, trace=300000, class=java.lang.String@500000b2)
	value		50001af7
OBJ 50001ae7 (sz=24, trace=300000, class=java.lang.String@500000b2)
	value		50001af6
OBJ 50001ae8 (sz=24, trace=300000, class=java.lang.String@500000b2)
	value		50001af5
OBJ 50001ae9 (sz=24, trace=300000, class=java.lang.String@500000b2)
	value		50001af4
OBJ 50001aea (sz=24, trace=300000, class=java.lang.String@500000b2)
	value		50001af3
OBJ 50001aeb (sz=24, trace=300000, class=java.lang.String@500000b2)
	value		50001af2
OBJ 50001aec (sz=24, trace=300000, class=java.lang.String@500000b2)
	value		50001af1
OBJ 50001aed (sz=24, trace=300000, class=java.lang.String@500000b2)
	value		50001af0
OBJ 50001aee (sz=24, trace=300000, class=java.lang.String@500000b2)
	value		50001aef
ARR 50001aef (sz=6, trace=300000, nelems=3, elem type=char[])
ARR 50001af0 (sz=6, trace=300000, nelems=3, elem type=char[])
ARR 50001af1 (sz=6, trace=300000, nelems=3, elem type=char[])
ARR 50001af2 (sz=6, trace=300000, nelems=3, elem type=char[])
ARR 50001af3 (sz=6, trace=300000, nelems=3, elem type=char[])
ARR 50001af4 (sz=6, trace=300000, nelems=3, elem type=char[])
ARR 50001af5 (sz=6, trace=300000, nelems=3, elem type=char[])
ARR 50001af6 (sz=6, trace=300000, nelems=3, elem type=char[])
ARR 50001af7 (sz=6, trace=300000, nelems=3, elem type=char[])
ARR 50001af8 (sz=6, trace=300000, nelems=3, elem type=char[])
ARR 50001af9 (sz=6, trace=300000, nelems=3, elem type=char[])
OBJ 50001afa (sz=48, trace=300000, class=java.util.ResourceBundle$CacheKey@500001f8)
	name		500010b0
	locale		50001263
	loaderRef	50000b25
	format		50001a4f
OBJ 50001afb (sz=24, trace=300000, class=java.lang.String@500000b2)
	value		50001afc
ARR 50001afc (sz=28, trace=300000, nelems=14, elem type=char[])
OBJ 50001afd (sz=24, trace=300000, class=java.lang.String@500000b2)
	value		50001b02
OBJ 50001afe (sz=24, trace=300000, class=java.lang.String@500000b2)
	value		50001b01
OBJ 50001aff (sz=24, trace=300000, class=java.lang.String@500000b2)
	value		50001b00
ARR 50001b00 (sz=12, trace=300000, nelems=6, elem type=char[])
ARR 50001b01 (sz=44, trace=300000, nelems=22, elem type=char[])
ARR 50001b02 (sz=40, trace=300000, nelems=20, elem type=char[])
OBJ 50001b03 (sz=24, trace=300000, class=java.lang.String@500000b2)
	value		50001b05
OBJ 50001b04 (sz=24, trace=300000, class=java.lang.String@500000b2)
	value		50001b0c
ARR 50001b05 (sz=30, trace=300000, nelems=15, elem type=char[])
OBJ 50001b06 (sz=24, trace=300000, class=java.lang.String@500000b2)
	value		50001b0b
OBJ 50001b07 (sz=24, trace=300000, class=java.lang.String@500000b2)
	value		50001b0a
OBJ 50001b08 (sz=24, trace=300000, class=java.lang.String@500000b2)
	value		50001b09
ARR 50001b09 (sz=4, trace=300000, nelems=2, elem type=char[])
ARR 50001b0a (sz=4, trace=300000, nelems=2, elem type=char[])
ARR 50001b0b (sz=4, trace=300000, nelems=2, elem type=char[])
ARR 50001b0c (sz=20, trace=300000, nelems=10, elem type=char[])
OBJ 50001b0d (sz=24, trace=300000, class=java.lang.String@500000b2)
	value		50001b0e
ARR 50001b0e (sz=36, trace=300000, nelems=18, elem type=char[])
OBJ 50001b0f (sz=24, trace=300000, class=java.lang.String@500000b2)
	value		50001b26
OBJ 50001b10 (sz=24, trace=300000, class=java.lang.String@500000b2)
	value		50001b25
OBJ 50001b11 (sz=24, trace=300000, class=java.lang.String@500000b2)
	value		50001b24
OBJ 50001b12 (sz=24, trace=300000, class=java.lang.String@500000b2)
	value		50001b1c
OBJ 50001b13 (sz=24, trace=300000, class=java.lang.String@500000b2)
	value		50001b23
OBJ 50001b14 (sz=24, trace=300000, class=java.lang.String@500000b2)
	value		50001b20
OBJ 50001b15 (sz=24, trace=300000, class=java.lang.String@500000b2)
	value		50001b21
OBJ 50001b16 (sz=24, trace=300000, class=java.lang.String@500000b2)
	value		50001b1e
OBJ 50001b17 (sz=24, trace=300000, class=java.lang.String@500000b2)
	value		50001b1f
OBJ 50001b18 (sz=24, trace=300000, class=java.lang.String@500000b2)
	value		50001b1b
OBJ 50001b19 (sz=24, trace=300000, class=java.lang.String@500000b2)
	value		50001b22
OBJ 50001b1a (sz=24, trace=300000, class=java.lang.String@500000b2)
	value		50001b1d
ARR 50001b1b (sz=62, trace=300000, nelems=31, elem type=char[])
ARR 50001b1c (sz=388, trace=300000, nelems=194, elem type=char[])
ARR 50001b1d (sz=64, trace=300000, nelems=32, elem type=char[])
ARR 50001b1e (sz=148, trace=300000, nelems=74, elem type=char[])
ARR 50001b1f (sz=64, trace=300000, nelems=32, elem type=char[])
ARR 50001b20 (sz=274, trace=300000, nelems=137, elem type=char[])
ARR 50001b21 (sz=1324, trace=300000, nelems=662, elem type=char[])
ARR 50001b22 (sz=60, trace=300000, nelems=30, elem type=char[])
ARR 50001b23 (sz=394, trace=300000, nelems=197, elem type=char[])
ARR 50001b24 (sz=1594, trace=300000, nelems=797, elem type=char[])
ARR 50001b25 (sz=4, trace=300000, nelems=2, elem type=char[])
ARR 50001b26 (sz=2, trace=300000, nelems=1, elem type=char[])
OBJ 50001b27 (sz=24, trace=300000, class=java.lang.String@500000b2)
	value		50001b2c
OBJ 50001b28 (sz=24, trace=300000, class=java.lang.String@500000b2)
	value		50001b2b
OBJ 50001b29 (sz=24, trace=300000, class=java.lang.String@500000b2)
	value		50001b2a
ARR 50001b2a (sz=6, trace=300000, nelems=3, elem type=char[])
ARR 50001b2b (sz=38, trace=300000, nelems=19, elem type=char[])
ARR 50001b2c (sz=26, trace=300000, nelems=13, elem type=char[])
OBJ 50001b2d (sz=24, trace=300000, class=java.lang.String@500000b2)
	value		50001b56
OBJ 50001b2e (sz=24, trace=300000, class=java.lang.String@500000b2)
	value		50001b39
OBJ 50001b2f (sz=24, trace=300000, class=java.lang.String@500000b2)
	value		50001b3b
OBJ 50001b30 (sz=24, trace=300000, class=java.lang.String@500000b2)
	value		50001b3e
OBJ 50001b31 (sz=24, trace=300000, class=java.lang.String@500000b2)
	value		50001b3d
OBJ 50001b32 (sz=24, trace=300000, class=java.lang.String@500000b2)
	value		50001b3a
OBJ 50001b33 (sz=24, trace=300000, class=java.lang.String@500000b2)
	value		50001b42
OBJ 50001b34 (sz=24, trace=300000, class=java.lang.String@500000b2)
	value		50001b3f
OBJ 50001b35 (sz=24, trace=300000, class=java.lang.String@500000b2)
	value		50001b40
OBJ 50001b36 (sz=24, trace=300000, class=java.lang.String@500000b2)
	value		50001b3c
OBJ 50001b37 (sz=24, trace=300000, class=java.lang.String@500000b2)
	value		50001b41
OBJ 50001b38 (sz=24, trace=300000, class=java.lang.String@500000b2)
	value		50001b43
ARR 50001b39 (sz=16, trace=300000, nelems=8, elem type=char[])
ARR 50001b3a (sz=30, trace=300000, nelems=15, elem type=char[])
ARR 50001b3b (sz=34, trace=300000, nelems=17, elem type=char[])
ARR 50001b3c (sz=18, trace=300000, nelems=9, elem type=char[])
ARR 50001b3d (sz=26, trace=300000, nelems=13, elem type=char[])
ARR 50001b3e (sz=16, trace=300000, nelems=8, elem type=char[])
ARR 50001b3f (sz=36, trace=300000, nelems=18, elem type=char[])
ARR 50001b40 (sz=14, trace=300000, nelems=7, elem type=char[])
ARR 50001b41 (sz=14, trace=300000, nelems=7, elem type=char[])
ARR 50001b42 (sz=16, trace=300000, nelems=8, elem type=char[])
ARR 50001b43 (sz=8, trace=300000, nelems=4, elem type=char[])
OBJ 50001b44 (sz=24, trace=300000, class=java.lang.String@500000b2)
	value		50001b55
OBJ 50001b45 (sz=24, trace=300000, class=java.lang.String@500000b2)
	value		50001b4f
OBJ 50001b46 (sz=24, trace=300000, class=java.lang.String@500000b2)
	value		50001b4e
OBJ 50001b47 (sz=24, trace=300000, class=java.lang.String@500000b2)
	value		50001b50
OBJ 50001b48 (sz=24, trace=300000, class=java.lang.String@500000b2)
	value		50001b52
OBJ 50001b49 (sz=24, trace=300000, class=java.lang.String@500000b2)
	value		50001b53
OBJ 50001b4a (sz=24, trace=300000, class=java.lang.String@500000b2)
	value		50001b51
OBJ 50001b4b (sz=24, trace=300000, class=java.lang.String@500000b2)
	value		50001b54
OBJ 50001b4c (sz=24, trace=300000, class=java.lang.String@500000b2)
	value		50001b4d
ARR 50001b4d (sz=4, trace=300000, nelems=2, elem type=char[])
ARR 50001b4e (sz=8, trace=300000, nelems=4, elem type=char[])
ARR 50001b4f (sz=14, trace=300000, nelems=7, elem type=char[])
ARR 50001b50 (sz=10, trace=300000, nelems=5, elem type=char[])
ARR 50001b51 (sz=14, trace=300000, nelems=7, elem type=char[])
ARR 50001b52 (sz=18, trace=300000, nelems=9, elem type=char[])
ARR 50001b53 (sz=18, trace=300000, nelems=9, elem type=char[])
ARR 50001b54 (sz=22, trace=300000, nelems=11, elem type=char[])
ARR 50001b55 (sz=38, trace=300000, nelems=19, elem type=char[])
ARR 50001b56 (sz=4, trace=300000, nelems=2, elem type=char[])
OBJ 50001b57 (sz=24, trace=300000, class=java.lang.String@500000b2)
	value		50001b60
OBJ 50001b58 (sz=24, trace=300000, class=java.lang.String@500000b2)
	value		50001b72
OBJ 50001b59 (sz=24, trace=300000, class=java.lang.String@500000b2)
	value		50001b5e
OBJ 50001b5a (sz=24, trace=300000, class=java.lang.String@500000b2)
	value		50001b63
OBJ 50001b5b (sz=24, trace=300000, class=java.lang.String@500000b2)
	value		50001b5f
OBJ 50001b5c (sz=24, trace=300000, class=java.lang.String@500000b2)
	value		50001b62
OBJ 50001b5d (sz=24, trace=300000, class=java.lang.String@500000b2)
	value		50001b61
ARR 50001b5e (sz=16, trace=300000, nelems=8, elem type=char[])
ARR 50001b5f (sz=20, trace=300000, nelems=10, elem type=char[])
ARR 50001b60 (sz=8, trace=300000, nelems=4, elem type=char[])
ARR 50001b61 (sz=24, trace=300000, nelems=12, elem type=char[])
ARR 50001b62 (sz=36, trace=300000, nelems=18, elem type=char[])
ARR 50001b63 (sz=32, trace=300000, nelems=16, elem type=char[])
OBJ 50001b64 (sz=24, trace=300000, class=java.lang.String@500000b2)
	value		50001b6a
OBJ 50001b65 (sz=24, trace=300000, class=java.lang.String@500000b2)
	value		50001b6c
OBJ 50001b66 (sz=24, trace=300000, class=java.lang.String@500000b2)
	value		50001b6e
OBJ 50001b67 (sz=24, trace=300000, class=java.lang.String@500000b2)
	value		50001b6f
OBJ 50001b68 (sz=24, trace=300000, class=java.lang.String@500000b2)
	value		50001b6d
OBJ 50001b69 (sz=24, trace=300000, class=java.lang.String@500000b2)
	value		50001b6b
ARR 50001b6a (sz=12, trace=300000, nelems=6, elem type=char[])
ARR 50001b6b (sz=8, trace=300000, nelems=4, elem type=char[])
ARR 50001b6c (sz=8, trace=300000, nelems=4, elem type=char[])
ARR 50001b6d (sz=12, trace=300000, nelems=6, elem type=char[])
ARR 50001b6e (sz=8, trace=300000, nelems=4, elem type=char[])
ARR 50001b6f (sz=12, trace=300000, nelems=6, elem type=char[])
OBJ 50001b70 (sz=24, trace=300000, class=java.lang.String@500000b2)
	value		50001b71
ARR 50001b71 (sz=44, trace=300000, nelems=22, elem type=char[])
ARR 50001b72 (sz=6, trace=300000, nelems=3, elem type=char[])
OBJ 50001b73 (sz=24, trace=300000, class=java.lang.String@500000b2)
	value		50001b78
OBJ 50001b74 (sz=24, trace=300000, class=java.lang.String@500000b2)
	value		50001b77
OBJ 50001b75 (sz=24, trace=300000, class=java.lang.String@500000b2)
	value		50001b76
ARR 50001b76 (sz=24, trace=300000, nelems=12, elem type=char[])
ARR 50001b77 (sz=26, trace=300000, nelems=13, elem type=char[])
ARR 50001b78 (sz=14, trace=300000, nelems=7, elem type=char[])
CLS 500000f9 (name=java.lang.Object, trace=300000)
	constant pool entry 80	5000013a
	constant pool entry 18	500000f9
CLS 50000001 (name=java.lang.Character$CharacterCache, trace=300000)
	super		500000f9
	static cache	50001128
	constant pool entry 24	5000013a
	constant pool entry 14	50000001
	constant pool entry 13	50000078
CLS 50000002 (name=java.lang.ClassLoader$3, trace=300000)
	super		500000f9
	constant pool entry 25	500000f9
	constant pool entry 24	50000002
	constant pool entry 22	500000e5
	constant pool entry 21	5000010e
CLS 50000003 (name=java.lang.Iterable, trace=300000)
CLS 5000001f (name=java.lang.ref.Reference, trace=300000)
	super		500000f9
	static lock	50000ed1
	constant pool entry 55	50000113
	constant pool entry 54	500000aa
	constant pool entry 53	500000e9
	constant pool entry 51	5000001f
	constant pool entry 49	5000011d
	constant pool entry 48	50000097
	constant pool entry 47	500000f9
	constant pool entry 1	500012bc
CLS 50000004 (name=java.lang.ref.PhantomReference, trace=300000)
	super		5000001f
CLS 50000005 (name=java.util.AbstractCollection, trace=300000)
	super		500000f9
	constant pool entry 61	500000f9
CLS 500000ff (name=sun.reflect.MagicAccessorImpl, trace=300000)
	super		500000f9
	constant pool entry 6	500000f9
CLS 50000006 (name=sun.reflect.MethodAccessorImpl, trace=300000)
	super		500000ff
CLS 5000000f (name=java.util.AbstractMap, trace=300000)
	super		500000f9
	constant pool entry 64	5000000f
	constant pool entry 61	500000f9
CLS 500000a6 (name=sun.util.PreHashedMap, trace=300000)
	super		5000000f
	constant pool entry 91	5000013a
	constant pool entry 46	500000a6
	constant pool entry 43	5000000f
	constant pool entry 41	500000b2
	constant pool entry 40	500000f9
	constant pool entry 39	500000fa
CLS 50000007 (name=sun.nio.cs.StandardCharsets$Aliases, trace=300000)
	super		500000a6
	constant pool entry 513	5000013a
	constant pool entry 503	500000a6
	constant pool entry 502	50000007
	constant pool entry 499	500000f9
	constant pool entry 238	5000149f
	constant pool entry 237	5000167d
	constant pool entry 236	50001491
	constant pool entry 235	50001722
	constant pool entry 234	50001495
	constant pool entry 233	50001758
	constant pool entry 232	5000161e
	constant pool entry 231	500014d3
	constant pool entry 230	500014cb
	constant pool entry 229	5000160b
	constant pool entry 228	500014f6
	constant pool entry 227	500014fa
	constant pool entry 226	50001503
	constant pool entry 225	50001506
	constant pool entry 224	50001511
	constant pool entry 223	50001514
	constant pool entry 222	50001746
	constant pool entry 221	500015f5
	constant pool entry 220	50001653
	constant pool entry 219	50001657
	constant pool entry 218	500015ed
	constant pool entry 217	50001699
	constant pool entry 216	50001744
	constant pool entry 215	500015f3
	constant pool entry 214	50001607
	constant pool entry 213	50001675
	constant pool entry 212	50001689
	constant pool entry 211	500014e3
	constant pool entry 210	500015ef
	constant pool entry 209	50001485
	constant pool entry 208	500016a1
	constant pool entry 207	50001509
	constant pool entry 206	5000151d
	constant pool entry 205	50001520
	constant pool entry 204	500014f2
	constant pool entry 203	500014fd
	constant pool entry 202	500014b8
	constant pool entry 201	5000164b
	constant pool entry 200	50001718
	constant pool entry 199	50001780
	constant pool entry 198	5000168d
	constant pool entry 197	5000171e
	constant pool entry 196	5000175a
	constant pool entry 195	5000163b
	constant pool entry 194	5000161a
	constant pool entry 193	50001673
	constant pool entry 192	500016a5
	constant pool entry 191	500016a9
	constant pool entry 190	500016ab
	constant pool entry 189	500016ad
	constant pool entry 188	500016af
	constant pool entry 187	500016b1
	constant pool entry 186	500016dc
	constant pool entry 185	500016e1
	constant pool entry 184	500016e5
	constant pool entry 183	500016ee
	constant pool entry 182	500016f2
	constant pool entry 181	50001752
	constant pool entry 180	50001754
	constant pool entry 179	50001489
	constant pool entry 178	5000148d
	constant pool entry 177	500016d1
	constant pool entry 176	500016d3
	constant pool entry 175	500016cd
	constant pool entry 174	5000160f
	constant pool entry 173	5000177c
	constant pool entry 172	50001613
	constant pool entry 171	5000163d
	constant pool entry 170	50001616
	constant pool entry 169	50001679
	constant pool entry 168	50001618
	constant pool entry 167	50001720
	constant pool entry 166	5000161c
	constant pool entry 165	5000175e
	constant pool entry 164	50001702
	constant pool entry 163	50001704
	constant pool entry 162	50001621
	constant pool entry 161	500015fb
	constant pool entry 160	50001605
	constant pool entry 159	5000170c
	constant pool entry 158	5000170e
	constant pool entry 157	50001710
	constant pool entry 156	50001712
	constant pool entry 155	50001714
	constant pool entry 154	5000171c
	constant pool entry 153	50001655
	constant pool entry 152	5000165a
	constant pool entry 151	50001716
	constant pool entry 150	50001629
	constant pool entry 149	5000162b
	constant pool entry 148	5000162d
	constant pool entry 147	5000162f
	constant pool entry 146	50001633
	constant pool entry 145	5000163f
	constant pool entry 144	50001641
	constant pool entry 143	50001635
	constant pool entry 142	5000177e
	constant pool entry 141	50001731
	constant pool entry 140	50001685
	constant pool entry 139	50001687
	constant pool entry 138	5000169d
	constant pool entry 137	500016a7
	constant pool entry 136	500016b5
	constant pool entry 135	500016b7
	constant pool entry 134	500014cf
	constant pool entry 133	500014d6
	constant pool entry 132	500014dc
	constant pool entry 131	500014e0
	constant pool entry 130	500014e9
	constant pool entry 129	500014ad
	constant pool entry 128	500014b5
	constant pool entry 127	500014ec
	constant pool entry 126	50001645
	constant pool entry 125	500016ec
	constant pool entry 124	500016f6
	constant pool entry 123	50001706
	constant pool entry 122	50001708
	constant pool entry 121	5000170a
	constant pool entry 120	5000167f
	constant pool entry 119	5000151a
	constant pool entry 118	50001528
	constant pool entry 117	5000149c
	constant pool entry 116	500014a7
	constant pool entry 115	500014be
	constant pool entry 114	500014c7
	constant pool entry 113	500016c1
	constant pool entry 112	500016c7
	constant pool entry 111	500014c1
	constant pool entry 110	5000169b
	constant pool entry 109	500014aa
	constant pool entry 108	50001623
	constant pool entry 107	50001499
	constant pool entry 106	500016c9
	constant pool entry 105	500016cb
	constant pool entry 104	500016f4
	constant pool entry 103	500016f8
	constant pool entry 102	500016fb
	constant pool entry 101	5000167b
	constant pool entry 100	50001681
	constant pool entry 99	50001683
	constant pool entry 98	50001691
	constant pool entry 97	50001693
	constant pool entry 96	50001695
	constant pool entry 95	50001697
	constant pool entry 94	500016bb
	constant pool entry 93	500016bd
	constant pool entry 92	50001651
	constant pool entry 91	5000168f
	constant pool entry 90	50001643
	constant pool entry 89	500016fd
	constant pool entry 88	50001639
	constant pool entry 87	50001671
	constant pool entry 86	50001756
	constant pool entry 85	50001677
	constant pool entry 84	500016e8
	constant pool entry 83	5000160d
	constant pool entry 82	50001611
	constant pool entry 81	5000173f
	constant pool entry 80	50001625
	constant pool entry 79	500015f1
	constant pool entry 78	50001631
	constant pool entry 77	5000166f
	constant pool entry 76	5000176d
	constant pool entry 75	50001782
	constant pool entry 74	50001784
	constant pool entry 73	50001786
	constant pool entry 72	50001788
	constant pool entry 71	5000178a
	constant pool entry 70	5000178c
	constant pool entry 69	5000165c
	constant pool entry 68	5000165e
	constant pool entry 67	5000166d
	constant pool entry 66	50001728
	constant pool entry 65	50001748
	constant pool entry 64	5000174a
	constant pool entry 63	5000174c
	constant pool entry 62	5000174e
	constant pool entry 61	50001750
	constant pool entry 60	500016b9
	constant pool entry 59	500016c3
	constant pool entry 58	500016c5
	constant pool entry 57	500016d5
	constant pool entry 56	500016da
	constant pool entry 55	500016df
	constant pool entry 54	500016e3
	constant pool entry 53	500016ea
	constant pool entry 52	5000173a
	constant pool entry 51	5000173d
	constant pool entry 50	5000169f
	constant pool entry 49	500016d7
	constant pool entry 48	500015f7
	constant pool entry 47	500015f9
	constant pool entry 46	500015fd
	constant pool entry 45	500015ff
	constant pool entry 44	50001601
	constant pool entry 43	50001603
	constant pool entry 42	5000168b
	constant pool entry 41	50001647
	constant pool entry 40	50001660
	constant pool entry 39	50001663
	constant pool entry 38	50001665
	constant pool entry 37	50001667
	constant pool entry 36	50001669
	constant pool entry 35	5000166b
	constant pool entry 34	5000164f
	constant pool entry 33	50001627
	constant pool entry 32	50001637
	constant pool entry 31	50001609
	constant pool entry 30	500016a3
	constant pool entry 29	500016bf
	constant pool entry 28	50001741
	constant pool entry 27	50001772
	constant pool entry 26	50001774
	constant pool entry 25	50001776
	constant pool entry 24	50001778
	constant pool entry 23	5000177a
	constant pool entry 22	50001760
	constant pool entry 21	50001762
	constant pool entry 20	50001766
	constant pool entry 19	50001769
	constant pool entry 18	5000176b
	constant pool entry 17	50001649
	constant pool entry 16	5000164d
	constant pool entry 15	5000176f
	constant pool entry 14	5000171a
	constant pool entry 13	50001724
	constant pool entry 12	50001726
	constant pool entry 11	5000172a
	constant pool entry 10	5000172f
	constant pool entry 9	50001734
	constant pool entry 8	50001736
	constant pool entry 7	50001738
	constant pool entry 6	5000175c
	constant pool entry 5	50001764
	constant pool entry 4	500016cf
	constant pool entry 3	5000172c
	constant pool entry 2	500016ff
	constant pool entry 1	500016b3
CLS 50000008 (name=java.util.HashMap, trace=300000)
	super		5000000f
	constant pool entry 323	5000013a
	constant pool entry 160	50000032
	constant pool entry 158	50000061
	constant pool entry 157	5000003a
	constant pool entry 151	500000b9
	constant pool entry 150	5000012e
	constant pool entry 149	5000012b
	constant pool entry 147	50000008
	constant pool entry 145	5000000f
	constant pool entry 143	500000f9
	constant pool entry 142	50000126
	constant pool entry 140	50000131
CLS 50000009 (name=java.util.Dictionary, trace=300000)
	super		500000f9
	constant pool entry 17	500000f9
CLS 5000000a (name=java.util.Arrays, trace=300000)
	super		500000f9
	constant pool entry 475	5000013a
	constant pool entry 212	500001b8
	constant pool entry 211	5000000a
	constant pool entry 210	5000007e
	constant pool entry 209	5000007f
	constant pool entry 206	500000f9
	constant pool entry 205	50000126
	constant pool entry 200	500000c0
	constant pool entry 195	500000fa
CLS 5000009a (name=java.lang.Throwable, trace=300000)
	super		500000f9
	static EMPTY_STACK	500018a6
	static SUPPRESSED_SENTINEL	500018a5
	static NULL_CAUSE_MESSAGE	500018a2
	static SELF_SUPPRESSION_MESSAGE	500018a3
	static CAUSE_CAPTION	500018a1
	static SUPPRESSED_CAPTION	500018a0
	static EMPTY_THROWABLE_ARRAY	500018a4
	constant pool entry 312	5000013a
	constant pool entry 202	5000014f
	constant pool entry 189	500000c0
	constant pool entry 86	500000f9
	constant pool entry 76	500018a3
	constant pool entry 75	500018a2
	constant pool entry 74	5000009a
	constant pool entry 69	500000b1
	constant pool entry 61	5000003e
	constant pool entry 42	500018a1
	constant pool entry 38	500018a0
CLS 50000140 (name=java.lang.Error, trace=300000)
	super		5000009a
	constant pool entry 6	5000009a
CLS 50000134 (name=java.lang.VirtualMachineError, trace=300000)
	super		50000140
CLS 5000000b (name=java.lang.StackOverflowError, trace=300000)
	super		50000134
CLS 5000000c (name=java.util.HashMap$HashIterator, trace=300000)
	super		500000f9
	constant pool entry 39	5000000c
	constant pool entry 37	50000008
	constant pool entry 35	500000f9
CLS 5000000d (name=java.lang.Compiler, trace=300000)
	super		500000f9
	constant pool entry 24	5000003d
	constant pool entry 22	50000030
	constant pool entry 21	5000000d
CLS 5000000e (name=java.io.Closeable, trace=300000)
CLS 50000010 (name=java.net.URL, trace=300000)
	super		500000f9
	static protocolPathProp	50001119
	static handlers	5000111e
	static streamHandlerLock	5000111d
	constant pool entry 218	500000c6
	constant pool entry 216	500000ab
	constant pool entry 215	500000a0
	constant pool entry 214	5000003d
	constant pool entry 212	5000014e
	constant pool entry 210	50000010
	constant pool entry 205	500000a7
	constant pool entry 200	5000007f
	constant pool entry 199	50000123
	constant pool entry 198	500000b2
	constant pool entry 196	500000f9
	constant pool entry 190	500000c0
	constant pool entry 17	5000111c
	constant pool entry 16	5000111b
	constant pool entry 14	5000111a
	constant pool entry 11	50001119
	constant pool entry 4	50001118
	constant pool entry 3	50001117
	constant pool entry 2	50001116
	constant pool entry 1	50000f07
CLS 50000011 (name=java.net.URL[], trace=300000)
	super		500000f9
CLS 50000012 (name=java.lang.Class$3, trace=300000)
	super		500000f9
	constant pool entry 33	5000007f
	constant pool entry 31	500000f9
	constant pool entry 30	50000012
	constant pool entry 29	500000c0
	constant pool entry 1	500019fc
CLS 50000077 (name=java.lang.Number, trace=300000)
	super		500000f9
	constant pool entry 26	500000f9
CLS 50000013 (name=java.lang.Double, trace=300000)
	super		50000077
	static TYPE	50000eda
	constant pool entry 143	50000013
	constant pool entry 141	500000c0
	constant pool entry 10	500011c4
CLS 50000062 (name=java.io.OutputStream, trace=300000)
	super		500000f9
	constant pool entry 25	500000f9
CLS 50000014 (name=java.io.FileOutputStream, trace=300000)
	super		50000062
	static runningFinalize	5000198a
	constant pool entry 79	500000bd
	constant pool entry 78	5000007f
	constant pool entry 75	500000f9
	constant pool entry 72	50000062
	constant pool entry 70	50000014
	constant pool entry 68	500000c5
CLS 50000015 (name=java.io.FileSystem, trace=300000)
	super		500000f9
	constant pool entry 76	5000007f
	constant pool entry 74	500000f9
	constant pool entry 72	50000015
	constant pool entry 2	500013cf
	constant pool entry 1	500013ce
CLS 50000016 (name=java.lang.reflect.Modifier, trace=300000)
	super		500000f9
	constant pool entry 122	500000c9
	constant pool entry 121	50000132
	constant pool entry 120	5000003d
	constant pool entry 119	50000091
CLS 50000017 (name=sun.reflect.Reflection, trace=300000)
	super		500000f9
	static fieldFilterMap	50000f1b
	static methodFilterMap	50000f1a
	constant pool entry 185	5000013a
	constant pool entry 95	50000017
	constant pool entry 94	50000061
	constant pool entry 93	50000008
	constant pool entry 92	50000016
	constant pool entry 89	5000007f
	constant pool entry 87	500000b2
	constant pool entry 82	500000c0
	constant pool entry 79	500000fd
	constant pool entry 9	50000f19
	constant pool entry 8	50000f18
	constant pool entry 7	50000f17
CLS 500000f7 (name=java.util.AbstractSet, trace=300000)
	super		50000005
	constant pool entry 30	50000005
CLS 50000018 (name=java.util.TreeSet, trace=300000)
	super		500000f7
	static PRESENT	5000133e
	constant pool entry 119	50000018
	constant pool entry 118	5000004f
	constant pool entry 108	500000f7
	constant pool entry 107	500000f9
CLS 500000e6 (name=java.util.concurrent.atomic.AtomicReferenceFieldUpdater, trace=300000)
	super		500000f9
	constant pool entry 23	50000019
	constant pool entry 21	500000f9
CLS 50000019 (name=java.util.concurrent.atomic.AtomicReferenceFieldUpdater$AtomicReferenceFieldUpdaterImpl, trace=300000)
	super		500000e6
	static unsafe	50000f15
	constant pool entry 92	500000f1
	constant pool entry 91	50000017
	constant pool entry 90	50000143
	constant pool entry 89	50000019
	constant pool entry 88	500000e6
	constant pool entry 87	50000016
	constant pool entry 86	500000fc
	constant pool entry 82	500000f9
	constant pool entry 77	500000c0
CLS 5000001a (name=java.util.Comparator, trace=300000)
CLS 5000001b (name=java.lang.ClassLoader$ParallelLoaders, trace=300000)
	super		500000f9
	static loaderTypes	50001957
	constant pool entry 31	50000063
	constant pool entry 30	50000032
	constant pool entry 29	5000014f
	constant pool entry 26	5000001b
	constant pool entry 25	50000071
	constant pool entry 24	500000c0
CLS 5000001c (name=sun.reflect.ReflectionFactory$1, trace=300000)
	super		500000f9
	constant pool entry 50	5000001c
	constant pool entry 49	50000132
	constant pool entry 47	5000007f
	constant pool entry 44	500000f9
	constant pool entry 3	500019f9
	constant pool entry 2	500019f8
CLS 50000044 (name=java.lang.ref.WeakReference, trace=300000)
	super		5000001f
	constant pool entry 8	5000001f
CLS 5000001d (name=java.util.WeakHashMap$Entry, trace=300000)
	super		50000044
	constant pool entry 44	5000001d
	constant pool entry 40	50000044
CLS 5000001e (name=java.util.WeakHashMap$Entry[], trace=300000)
	super		500000f9
CLS 50000020 (name=java.lang.ref.Reference[], trace=300000)
	super		500000f9
CLS 50000071 (name=java.lang.ClassLoader, trace=300000)
	super		500000f9
	static nocerts	5000105f
	static scl	50000ed0
	static loadedLibraryNames	5000105e
	static systemNativeLibraries	5000105d
	static nativeLibraryContext	5000105c
	static usr_paths	5000105b
	static sys_paths	5000105a
	constant pool entry 822	5000013a
	constant pool entry 356	50000017
	constant pool entry 355	5000009d
	constant pool entry 354	50000022
	constant pool entry 351	50000070
	constant pool entry 350	50000ac2
	constant pool entry 348	50000086
	constant pool entry 347	50000067
	constant pool entry 346	5000008e
	constant pool entry 343	500000a0
	constant pool entry 342	500000f8
	constant pool entry 341	50000008
	constant pool entry 340	50000085
	constant pool entry 339	5000014f
	constant pool entry 337	5000008a
	constant pool entry 336	50000033
	constant pool entry 334	5000012a
	constant pool entry 333	5000003d
	constant pool entry 325	50000028
	constant pool entry 324	5000007f
	constant pool entry 322	500000b2
	constant pool entry 318	500000f9
	constant pool entry 313	50000099
	constant pool entry 312	5000001b
	constant pool entry 311	5000008f
	constant pool entry 310	50000002
	constant pool entry 309	50000abc
	constant pool entry 307	50000071
	constant pool entry 305	500000c0
	constant pool entry 300	5000010e
	constant pool entry 18	50001059
	constant pool entry 15	50001058
	constant pool entry 1	50000f07
CLS 50000021 (name=sun.reflect.DelegatingClassLoader, trace=300000)
	super		50000071
CLS 50000022 (name=sun.misc.URLClassPath, trace=300000)
	super		500000f9
	static USER_AGENT_JAVA_VERSION	50001898
	static JAVA_VERSION	50001899
	constant pool entry 179	500000c6
	constant pool entry 177	50000243
	constant pool entry 176	5000024b
	constant pool entry 173	50000249
	constant pool entry 172	50000aba
	constant pool entry 171	50000abe
	constant pool entry 170	50000022
	constant pool entry 168	5000008e
	constant pool entry 164	50000008
	constant pool entry 162	500000b1
	constant pool entry 161	50000389
	constant pool entry 159	5000003d
	constant pool entry 158	50000035
	constant pool entry 156	50000010
	constant pool entry 152	5000007f
	constant pool entry 150	500000b2
	constant pool entry 147	500000f9
	constant pool entry 144	50000776
	constant pool entry 140	50001898
	constant pool entry 7	50001897
	constant pool entry 5	50001896
	constant pool entry 4	500013e6
CLS 50000023 (name=sun.misc.Signal, trace=300000)
	super		500000f9
	static handlers	500019ea
	static signals	500019e9
	constant pool entry 81	5000010c
	constant pool entry 79	50000023
	constant pool entry 78	500000f0
	constant pool entry 77	500000a0
	constant pool entry 71	500000f9
	constant pool entry 70	50000068
CLS 50000024 (name=java.net.URLClassLoader$7, trace=300000)
	super		500000f9
	constant pool entry 12	500000f9
CLS 50000025 (name=java.util.NavigableMap, trace=300000)
CLS 50000026 (name=sun.security.util.Debug, trace=300000)
	super		500000f9
	static hexDigits	500010f1
	constant pool entry 172	50000026
	constant pool entry 171	500000c6
	constant pool entry 167	5000003d
	constant pool entry 162	500000b2
	constant pool entry 40	500010f0
	constant pool entry 39	500010ef
	constant pool entry 16	500010ee
CLS 50000027 (name=java.lang.Readable, trace=300000)
CLS 50000028 (name=java.lang.SystemClassLoaderAction, trace=300000)
	super		500000f9
	constant pool entry 35	50000028
	constant pool entry 34	5000007f
	constant pool entry 32	500000f9
	constant pool entry 1	50001955
CLS 50000029 (name=java.util.SortedSet, trace=300000)
CLS 5000002a (name=sun.misc.JavaLangAccess, trace=300000)
CLS 50000072 (name=java.util.AbstractList, trace=300000)
	super		50000005
	constant pool entry 72	50000072
	constant pool entry 71	50000005
CLS 5000002b (name=java.util.Collections$EmptyList, trace=300000)
	super		50000072
	constant pool entry 56	5000002b
	constant pool entry 52	50000072
CLS 5000002c (name=java.util.concurrent.atomic.AtomicInteger, trace=300000)
	super		50000077
	static unsafe	50000f15
	constant pool entry 63	50000143
	constant pool entry 62	5000002c
	constant pool entry 61	50000077
	constant pool entry 57	500000c0
	constant pool entry 1	50000f14
CLS 5000002d (name=java.lang.Cloneable, trace=300000)
CLS 5000002e (name=sun.misc.Launcher$AppClassLoader$1, trace=300000)
	super		500000f9
	constant pool entry 29	5000002e
	constant pool entry 28	5000011b
	constant pool entry 27	50000070
	constant pool entry 24	500000f9
CLS 5000002f (name=sun.io.Win32ErrorMode, trace=300000)
	super		500000f9
	constant pool entry 45	5000009d
	constant pool entry 44	5000002f
	constant pool entry 43	5000007f
	constant pool entry 1	50001055
CLS 50000030 (name=java.lang.Compiler$1, trace=300000)
	super		500000f9
	constant pool entry 54	5000007f
	constant pool entry 53	50000123
	constant pool entry 51	500000f9
	constant pool entry 50	50000030
	constant pool entry 8	50001b75
	constant pool entry 7	50001b74
	constant pool entry 4	50001b73
CLS 50000031 (name=java.util.Collections$SetFromMap, trace=300000)
	super		500000f7
	constant pool entry 66	50000061
	constant pool entry 65	50000031
	constant pool entry 63	500000f7
	constant pool entry 59	500000e5
CLS 50000032 (name=java.util.Set, trace=300000)
CLS 50000033 (name=java.security.ProtectionDomain, trace=300000)
	super		500000f9
	constant pool entry 253	5000013a
	constant pool entry 127	50000026
	constant pool entry 126	500000cd
	constant pool entry 122	500000c7
	constant pool entry 121	50000108
	constant pool entry 119	50000033
	constant pool entry 118	500000cb
	constant pool entry 105	500000f9
	constant pool entry 10	500010ed
CLS 50000034 (name=java.util.Collections$EmptyMap, trace=300000)
	super		5000000f
	constant pool entry 40	50000034
	constant pool entry 37	5000000f
CLS 50000035 (name=java.net.URLStreamHandlerFactory, trace=300000)
CLS 50000115 (name=java.nio.charset.CoderResult$Cache, trace=300000)
	super		500000f9
	constant pool entry 32	50000115
	constant pool entry 28	500000f9
CLS 50000036 (name=java.nio.charset.CoderResult$2, trace=300000)
	super		50000115
	constant pool entry 14	50000115
CLS 50000037 (name=java.lang.Byte, trace=300000)
	super		50000077
	static TYPE	50000edb
	constant pool entry 79	500000c0
	constant pool entry 77	50000037
	constant pool entry 5	500011c6
CLS 50000038 (name=java.util.Hashtable$Enumerator, trace=300000)
	super		500000f9
	constant pool entry 58	50000038
	constant pool entry 57	5000014c
	constant pool entry 56	500000a0
	constant pool entry 51	500000f9
CLS 50000039 (name=sun.reflect.ConstructorAccessorImpl, trace=300000)
	super		500000ff
	constant pool entry 18	500000ff
CLS 5000003a (name=java.util.Iterator, trace=300000)
CLS 5000014e (name=java.net.URLStreamHandler, trace=300000)
	super		500000f9
	constant pool entry 112	5000014e
	constant pool entry 111	50000010
	constant pool entry 108	50000123
	constant pool entry 107	500000e4
	constant pool entry 106	500000b2
	constant pool entry 104	500000f9
	constant pool entry 10	50001115
	constant pool entry 8	50001114
	constant pool entry 7	50001113
	constant pool entry 6	50001112
	constant pool entry 5	50001111
	constant pool entry 3	50001110
	constant pool entry 1	50000f07
CLS 5000003b (name=sun.net.www.protocol.file.Handler, trace=300000)
	super		5000014e
	constant pool entry 61	5000014e
	constant pool entry 56	500000b2
	constant pool entry 54	5000010e
CLS 5000003c (name=java.nio.charset.Charset, trace=300000)
	super		500000f9
	static bugLevel	50000f07
	static standardProvider	50001468
	static cache1	50001467
	static cache2	5000027f
	static gate	50001466
	static extendedProviderLock	50001465
	static defaultCharset	50001464
	constant pool entry 328	5000013a
	constant pool entry 164	500000c6
	constant pool entry 162	500000d3
	constant pool entry 161	5000009d
	constant pool entry 155	5000003d
	constant pool entry 154	50000073
	constant pool entry 144	5000003c
	constant pool entry 140	500000bd
	constant pool entry 139	500000b2
	constant pool entry 138	500000f9
	constant pool entry 7	50001463
	constant pool entry 6	50001462
	constant pool entry 2	50001457
	constant pool entry 1	50000f07
CLS 5000003d (name=java.security.AccessController, trace=300000)
	super		500000f9
	constant pool entry 67	5000003d
	constant pool entry 65	5000005a
CLS 5000003e (name=java.lang.StackTraceElement, trace=300000)
	super		500000f9
CLS 5000003f (name=java.lang.StackTraceElement[], trace=300000)
	super		500000f9
CLS 500000b8 (name=java.lang.Exception, trace=300000)
	super		5000009a
	constant pool entry 14	5000009a
CLS 500000a2 (name=java.lang.RuntimeException, trace=300000)
	super		500000b8
CLS 50000040 (name=java.lang.ArrayStoreException, trace=300000)
	super		500000a2
CLS 50000041 (name=java.util.concurrent.ConcurrentMap, trace=300000)
CLS 50000042 (name=java.lang.System$2, trace=300000)
	super		500000f9
	constant pool entry 29	500000f9
CLS 50000059 (name=java.security.Permission, trace=300000)
	super		500000f9
	constant pool entry 56	50000059
	constant pool entry 49	500000f9
CLS 5000011c (name=java.security.BasicPermission, trace=300000)
	super		50000059
	constant pool entry 71	50000059
	constant pool entry 69	5000011c
	constant pool entry 68	500000b2
	constant pool entry 2	50000f02
CLS 50000043 (name=java.lang.reflect.ReflectPermission, trace=300000)
	super		5000011c
	constant pool entry 13	5000011c
CLS 50000045 (name=java.lang.ref.WeakReference[], trace=300000)
	super		500000f9
CLS 50000046 (name=sun.reflect.MethodAccessor, trace=300000)
CLS 50000047 (name=sun.nio.cs.SingleByte, trace=300000)
	super		500000f9
	constant pool entry 23	50000047
	constant pool entry 22	500000b6
CLS 500000c8 (name=java.util.Collections$UnmodifiableCollection, trace=300000)
	super		500000f9
	constant pool entry 45	500000c8
	constant pool entry 43	5000004c
	constant pool entry 41	500000f9
CLS 50000110 (name=java.util.Collections$UnmodifiableList, trace=300000)
	super		500000c8
	constant pool entry 45	5000005f
	constant pool entry 42	50000110
	constant pool entry 41	500000c8
CLS 50000048 (name=java.util.Collections$UnmodifiableRandomAccessList, trace=300000)
	super		50000110
	constant pool entry 19	50000110
CLS 50000049 (name=java.nio.charset.CharsetEncoder, trace=300000)
	super		500000f9
	static stateNames	500017b2
	constant pool entry 349	5000013a
	constant pool entry 160	50000089
	constant pool entry 159	50000056
	constant pool entry 157	50000049
	constant pool entry 155	5000003c
	constant pool entry 153	500000d1
	constant pool entry 146	500000b2
	constant pool entry 145	500000f9
	constant pool entry 142	500000c0
	constant pool entry 13	5000145b
	constant pool entry 7	5000145a
	constant pool entry 4	50001459
	constant pool entry 3	50001458
	constant pool entry 2	50001457
CLS 5000013f (name=java.io.Reader, trace=300000)
	super		500000f9
	constant pool entry 58	500000f9
	constant pool entry 54	5000013f
CLS 5000004a (name=java.io.BufferedReader, trace=300000)
	super		5000013f
	constant pool entry 154	5000013a
	constant pool entry 85	500000e4
	constant pool entry 84	500000b2
	constant pool entry 79	5000013f
	constant pool entry 77	5000004a
	constant pool entry 4	50001877
CLS 500000e2 (name=java.io.Win32FileSystem, trace=300000)
	super		50000015
	static driveDirCache	50001240
	constant pool entry 314	5000013a
	constant pool entry 155	500000c6
	constant pool entry 154	5000009c
	constant pool entry 153	5000003d
	constant pool entry 152	5000007f
	constant pool entry 151	50000123
	constant pool entry 150	500000e4
	constant pool entry 149	500000b2
	constant pool entry 145	500000e2
	constant pool entry 143	50000015
	constant pool entry 142	5000010e
	constant pool entry 141	50000093
	constant pool entry 9	5000123f
	constant pool entry 8	5000123e
	constant pool entry 7	5000123d
CLS 5000004b (name=java.io.WinNTFileSystem, trace=300000)
	super		500000e2
	constant pool entry 37	5000004b
	constant pool entry 36	500000e2
CLS 5000004c (name=java.util.Collection, trace=300000)
CLS 5000004d (name=java.io.ObjectStreamField, trace=300000)
	super		500000f9
	constant pool entry 82	50000123
	constant pool entry 81	500000b2
	constant pool entry 80	50000150
	constant pool entry 79	500000f9
	constant pool entry 77	500000a4
	constant pool entry 75	50000068
	constant pool entry 73	50000131
	constant pool entry 72	50000013
	constant pool entry 70	500000c0
	constant pool entry 69	50000078
	constant pool entry 68	50000037
	constant pool entry 67	500000e5
	constant pool entry 66	5000004d
CLS 5000004e (name=java.io.ObjectStreamField[], trace=300000)
	super		500000f9
CLS 5000004f (name=java.util.TreeMap, trace=300000)
	super		5000000f
	static UNBOUNDED	50001331
	constant pool entry 187	500000f4
	constant pool entry 183	5000004f
	constant pool entry 171	5000000f
	constant pool entry 170	500000f9
	constant pool entry 167	50000147
CLS 50000050 (name=sun.reflect.NativeConstructorAccessorImpl, trace=300000)
	super		50000039
	constant pool entry 39	50000132
	constant pool entry 38	50000050
	constant pool entry 35	50000039
CLS 50000051 (name=java.lang.Runnable, trace=300000)
CLS 50000052 (name=java.lang.Runnable[], trace=300000)
	super		500000f9
CLS 50000053 (name=java.lang.OutOfMemoryError, trace=300000)
	super		50000134
CLS 50000054 (name=java.lang.OutOfMemoryError[], trace=300000)
	super		500000f9
CLS 50000094 (name=java.io.InputStream, trace=300000)
	super		500000f9
	constant pool entry 46	500000f9
CLS 50000055 (name=java.io.FileInputStream, trace=300000)
	super		50000094
	static runningFinalize	50001876
	constant pool entry 75	500000bd
	constant pool entry 74	5000007f
	constant pool entry 71	500000f9
	constant pool entry 68	50000094
	constant pool entry 65	50000055
	constant pool entry 64	500000c5
	constant pool entry 63	5000010e
CLS 50000056 (name=java.nio.charset.CoderResult, trace=300000)
	super		500000f9
	static names	50001452
	static UNDERFLOW	50001451
	static OVERFLOW	50001450
	static malformedCache	5000144f
	static unmappableCache	5000144e
	constant pool entry 137	5000013a
	constant pool entry 82	50000036
	constant pool entry 81	500000d9
	constant pool entry 80	50000056
	constant pool entry 74	500000b2
	constant pool entry 73	500000f9
	constant pool entry 72	500000c0
	constant pool entry 4	5000144d
	constant pool entry 3	5000144c
	constant pool entry 2	5000144b
	constant pool entry 1	5000144a
CLS 500000fb (name=java.util.Collections$SynchronizedCollection, trace=300000)
	super		500000f9
	constant pool entry 55	500000fb
	constant pool entry 53	5000004c
	constant pool entry 51	500000f9
CLS 50000057 (name=java.util.Collections$SynchronizedSet, trace=300000)
	super		500000fb
	constant pool entry 29	500000fb
CLS 50000058 (name=java.lang.LinkageError, trace=300000)
	super		50000140
	constant pool entry 5	50000140
CLS 5000005a (name=java.security.AccessControlContext, trace=300000)
	super		500000f9
	constant pool entry 117	5000003d
	constant pool entry 114	5000005a
	constant pool entry 108	500000f9
CLS 500000a9 (name=sun.util.locale.LocaleObjectCache, trace=300000)
	super		500000f9
	constant pool entry 30	500000b0
	constant pool entry 29	500000a9
	constant pool entry 28	50000086
	constant pool entry 27	50000113
	constant pool entry 26	500000f9
CLS 5000005b (name=java.util.Locale$Cache, trace=300000)
	super		500000a9
	constant pool entry 18	500000a9
	constant pool entry 17	500000c3
	constant pool entry 16	5000005b
	constant pool entry 14	5000009c
CLS 5000005c (name=java.lang.Thread$UncaughtExceptionHandler, trace=300000)
CLS 5000005d (name=java.lang.Thread$UncaughtExceptionHandler[], trace=300000)
	super		500000f9
CLS 50000104 (name=java.util.Collections$UnmodifiableMap, trace=300000)
	super		500000f9
	constant pool entry 52	50000061
	constant pool entry 50	50000104
	constant pool entry 47	500000f9
CLS 5000005e (name=java.util.Collections$UnmodifiableSortedMap, trace=300000)
	super		50000104
	constant pool entry 26	5000005e
	constant pool entry 25	50000104
CLS 5000005f (name=java.util.List, trace=300000)
CLS 5000010a (name=sun.reflect.FieldAccessorImpl, trace=300000)
	super		500000ff
CLS 50000060 (name=sun.reflect.UnsafeFieldAccessorImpl, trace=300000)
	super		5000010a
CLS 50000061 (name=java.util.Map, trace=300000)
CLS 50000063 (name=java.util.WeakHashMap, trace=300000)
	super		5000000f
	static NULL_KEY	500018b7
	constant pool entry 281	5000013a
	constant pool entry 130	50000125
	constant pool entry 125	5000001d
	constant pool entry 123	50000063
	constant pool entry 118	50000008
	constant pool entry 115	5000000f
	constant pool entry 114	50000113
	constant pool entry 111	500000f9
	constant pool entry 107	5000001e
CLS 5000012b (name=java.util.HashMap$Entry, trace=300000)
	super		500000f9
	constant pool entry 42	5000012b
	constant pool entry 39	500000f9
CLS 50000064 (name=java.util.LinkedHashMap$Entry, trace=300000)
	super		5000012b
	constant pool entry 26	50000064
	constant pool entry 25	5000007a
	constant pool entry 24	5000012b
CLS 50000065 (name=sun.net.www.ParseUtil, trace=300000)
	super		500000f9
	static encodedInPath	50001886
	static hexDigits	50001885
	constant pool entry 505	5000013a
	constant pool entry 242	50000260
	constant pool entry 241	50000065
	constant pool entry 240	500000f2
	constant pool entry 239	50000089
	constant pool entry 238	50000056
	constant pool entry 236	5000011a
	constant pool entry 234	500000d1
	constant pool entry 233	50000090
	constant pool entry 232	50000010
	constant pool entry 227	50000123
	constant pool entry 225	500000b2
	constant pool entry 224	500000f9
	constant pool entry 222	50000126
	constant pool entry 221	50000068
	constant pool entry 219	500000c0
	constant pool entry 218	50000078
	constant pool entry 216	5000010e
	constant pool entry 25	5000110c
	constant pool entry 22	50000f41
	constant pool entry 19	50001884
	constant pool entry 18	50001883
	constant pool entry 17	50001882
	constant pool entry 16	50001881
	constant pool entry 7	50001118
	constant pool entry 6	50001880
	constant pool entry 5	5000187f
	constant pool entry 4	5000187e
	constant pool entry 3	5000187d
	constant pool entry 2	50000f07
CLS 500000de (name=java.lang.IncompatibleClassChangeError, trace=300000)
	super		50000058
	constant pool entry 13	50000058
CLS 50000066 (name=java.lang.NoSuchMethodError, trace=300000)
	super		500000de
	constant pool entry 12	500000de
CLS 50000067 (name=java.util.Vector, trace=300000)
	super		50000072
	constant pool entry 293	5000013a
	constant pool entry 150	50000067
	constant pool entry 143	50000072
	constant pool entry 141	5000007f
	constant pool entry 138	500000f9
CLS 50000068 (name=java.lang.Integer, trace=300000)
	super		50000077
	static TYPE	50000ed8
	static digits	500011c1
	static DigitTens	500011c0
	static DigitOnes	500011bf
	static sizeTable	500011be
	constant pool entry 259	5000013a
	constant pool entry 165	500000b2
	constant pool entry 163	50000077
	constant pool entry 161	50000905
	constant pool entry 160	50000068
	constant pool entry 157	500000c0
	constant pool entry 156	50000078
	constant pool entry 27	500011bd
CLS 50000069 (name=java.io.Writer, trace=300000)
	super		500000f9
	constant pool entry 51	500000b2
	constant pool entry 50	500000f9
	constant pool entry 46	50000069
CLS 500000ea (name=java.security.SecureClassLoader, trace=300000)
	super		50000071
	constant pool entry 59	50000026
	constant pool entry 58	50000008
	constant pool entry 57	500000ea
	constant pool entry 53	5000007f
	constant pool entry 48	50000071
	constant pool entry 4	500018be
CLS 500000bb (name=java.net.URLClassLoader, trace=300000)
	super		500000ea
	constant pool entry 242	50000022
	constant pool entry 241	500000cd
	constant pool entry 234	50000063
	constant pool entry 230	500000ea
	constant pool entry 229	50000389
	constant pool entry 225	5000003d
	constant pool entry 220	50000024
	constant pool entry 216	50000ac0
	constant pool entry 215	5000087a
	constant pool entry 214	5000023d
	constant pool entry 213	500000bb
	constant pool entry 208	5000007f
	constant pool entry 199	50000099
	constant pool entry 198	50000071
CLS 5000006a (name=sun.misc.Launcher$ExtClassLoader, trace=300000)
	super		500000bb
	constant pool entry 189	5000013a
	constant pool entry 94	500000f5
	constant pool entry 93	5000006a
	constant pool entry 92	50000070
	constant pool entry 91	50000067
	constant pool entry 90	500000ab
	constant pool entry 86	5000003d
	constant pool entry 84	500000bb
	constant pool entry 83	50000010
	constant pool entry 82	5000007f
	constant pool entry 81	500000b2
	constant pool entry 80	50000071
	constant pool entry 78	5000010e
	constant pool entry 2	500013f1
	constant pool entry 1	500018b8
CLS 50000120 (name=java.lang.reflect.AccessibleObject, trace=300000)
	super		500000f9
	static ACCESS_PERMISSION	50000f05
	static reflectionFactory	50000efc
	constant pool entry 59	500000c9
	constant pool entry 58	50000132
	constant pool entry 57	5000003d
	constant pool entry 56	50000043
	constant pool entry 55	50000095
	constant pool entry 53	50000120
	constant pool entry 52	5000007f
	constant pool entry 49	500000f9
	constant pool entry 48	500000c0
	constant pool entry 3	50000f04
CLS 5000006b (name=java.lang.reflect.Method, trace=300000)
	super		50000120
CLS 500000df (name=java.util.concurrent.locks.AbstractOwnableSynchronizer, trace=300000)
	super		500000f9
	constant pool entry 17	500000df
	constant pool entry 16	500000f9
CLS 5000006c (name=java.util.concurrent.locks.AbstractQueuedSynchronizer, trace=300000)
	super		500000df
	static unsafe	50000f15
	constant pool entry 183	50000143
	constant pool entry 181	50000074
	constant pool entry 179	5000006c
	constant pool entry 178	500000df
	constant pool entry 163	500000c0
	constant pool entry 11	50001090
	constant pool entry 10	5000108f
	constant pool entry 9	5000108e
	constant pool entry 7	5000108d
	constant pool entry 6	5000108c
CLS 5000006d (name=java.lang.ClassCastException, trace=300000)
	super		500000a2
CLS 50000097 (name=java.lang.Thread, trace=300000)
	super		500000f9
	static EMPTY_STACK_TRACE	50000ef4
	static SUBCLASS_IMPLEMENTATION_PERMISSION	50000ef3
	constant pool entry 528	5000013a
	constant pool entry 251	5000003d
	constant pool entry 245	5000011d
	constant pool entry 238	50000097
	constant pool entry 237	5000007f
	constant pool entry 235	500000b2
	constant pool entry 234	5000003e
	constant pool entry 232	500000bf
	constant pool entry 230	500000f9
	constant pool entry 9	50000ef2
CLS 5000006e (name=java.lang.ref.Finalizer$FinalizerThread, trace=300000)
	super		50000097
	constant pool entry 21	50000113
	constant pool entry 19	500000d6
	constant pool entry 18	50000097
	constant pool entry 1	50001a10
CLS 5000006f (name=java.lang.CharacterData, trace=300000)
	super		500000f9
	constant pool entry 46	500000f9
	constant pool entry 43	50000145
CLS 50000070 (name=sun.misc.Launcher, trace=300000)
	super		500000f9
	static factory	500018bc
	static launcher	500018bb
	static bootClassPath	5000102c
	constant pool entry 211	5000013a
	constant pool entry 117	50000065
	constant pool entry 116	50000122
	constant pool entry 115	5000006a
	constant pool entry 114	500004b2
	constant pool entry 113	5000011b
	constant pool entry 111	50000070
	constant pool entry 110	50000010
	constant pool entry 108	50000097
	constant pool entry 107	5000007f
	constant pool entry 105	500000b2
	constant pool entry 103	500000f9
	constant pool entry 94	5000010e
	constant pool entry 8	500018ba
	constant pool entry 7	500018b9
CLS 50000073 (name=java.nio.charset.spi.CharsetProvider, trace=300000)
	super		500000f9
	constant pool entry 21	5000007f
	constant pool entry 18	500000f9
CLS 50000074 (name=java.util.concurrent.locks.AbstractQueuedSynchronizer$Node, trace=300000)
	super		500000f9
CLS 50000075 (name=sun.nio.cs.ArrayEncoder, trace=300000)
CLS 50000076 (name=sun.misc.MetaIndex, trace=300000)
	super		500000f9
	static jarMap	500013f2
	constant pool entry 149	5000013a
	constant pool entry 77	50000076
	constant pool entry 76	50000061
	constant pool entry 75	5000005f
	constant pool entry 74	50000008
	constant pool entry 73	500000b1
	constant pool entry 71	500000b2
	constant pool entry 70	500000f9
	constant pool entry 68	500000c0
	constant pool entry 65	5000013b
	constant pool entry 64	5000010e
	constant pool entry 63	5000004a
	constant pool entry 62	500000b3
	constant pool entry 3	500013f1
	constant pool entry 2	500013f0
	constant pool entry 1	500013ef
CLS 50000078 (name=java.lang.Character, trace=300000)
	super		500000f9
	static TYPE	50000edd
	constant pool entry 274	500000f9
	constant pool entry 269	500000c0
	constant pool entry 267	5000006f
	constant pool entry 263	50000001
	constant pool entry 262	50000078
	constant pool entry 10	50001122
CLS 50000079 (name=java.lang.Character[], trace=300000)
	super		500000f9
CLS 5000007a (name=java.util.LinkedHashMap, trace=300000)
	super		50000008
	constant pool entry 72	50000ab0
	constant pool entry 71	50000064
	constant pool entry 69	5000007a
	constant pool entry 67	50000008
CLS 5000007b (name=java.io.BufferedWriter, trace=300000)
	super		50000069
	constant pool entry 113	5000013a
	constant pool entry 63	500000c6
	constant pool entry 62	5000003d
	constant pool entry 59	500000b2
	constant pool entry 55	50000069
	constant pool entry 53	5000007b
	constant pool entry 3	50000f08
CLS 5000007c (name=java.util.Map$Entry, trace=300000)
CLS 5000007d (name=java.util.Map$Entry[], trace=300000)
	super		500000f9
CLS 5000007e (name=java.lang.reflect.Array, trace=300000)
	super		500000f9
	constant pool entry 38	5000007e
CLS 5000007f (name=java.lang.System, trace=300000)
	super		500000f9
	static in	50000f0e
	static out	50000f0d
	static err	50000f0c
	static props	50000f0b
	static lineSeparator	50000f0a
	constant pool entry 176	50000017
	constant pool entry 175	50000133
	constant pool entry 174	5000009d
	constant pool entry 173	500000cd
	constant pool entry 170	50000107
	constant pool entry 166	5000011d
	constant pool entry 165	50000097
	constant pool entry 164	50000103
	constant pool entry 163	50000042
	constant pool entry 161	5000007f
	constant pool entry 159	500000b2
	constant pool entry 156	50000124
	constant pool entry 149	50000116
	constant pool entry 147	50000014
	constant pool entry 146	50000055
	constant pool entry 145	500000c5
	constant pool entry 144	5000011f
	constant pool entry 143	50000111
	constant pool entry 11	50000f09
	constant pool entry 7	50000f08
	constant pool entry 1	50000f07
CLS 50000080 (name=sun.nio.cs.StandardCharsets$Classes, trace=300000)
	super		500000a6
	constant pool entry 189	5000013a
	constant pool entry 179	500000a6
	constant pool entry 178	50000080
	constant pool entry 175	500000f9
	constant pool entry 76	5000149f
	constant pool entry 75	50001491
	constant pool entry 74	50001495
	constant pool entry 73	500014d3
	constant pool entry 72	500014cb
	constant pool entry 71	500014f6
	constant pool entry 70	500014fa
	constant pool entry 69	50001503
	constant pool entry 68	50001506
	constant pool entry 67	50001511
	constant pool entry 66	50001514
	constant pool entry 65	500014e3
	constant pool entry 64	50001485
	constant pool entry 63	50001509
	constant pool entry 62	5000151d
	constant pool entry 61	50001520
	constant pool entry 60	500014f2
	constant pool entry 59	500014fd
	constant pool entry 58	500014b8
	constant pool entry 57	50001489
	constant pool entry 56	5000148d
	constant pool entry 55	500014cf
	constant pool entry 54	500014d6
	constant pool entry 53	500014dc
	constant pool entry 52	500014e0
	constant pool entry 51	500014e9
	constant pool entry 50	500014ad
	constant pool entry 49	500014b5
	constant pool entry 48	500014ec
	constant pool entry 47	5000151a
	constant pool entry 46	50001528
	constant pool entry 45	5000149c
	constant pool entry 44	500014a7
	constant pool entry 43	500014be
	constant pool entry 42	500014c7
	constant pool entry 41	500014c1
	constant pool entry 40	500014aa
	constant pool entry 39	50001499
	constant pool entry 38	500014e4
	constant pool entry 37	500014a0
	constant pool entry 36	50001486
	constant pool entry 35	50001492
	constant pool entry 34	5000150a
	constant pool entry 33	5000151e
	constant pool entry 32	50001496
	constant pool entry 31	50001521
	constant pool entry 30	500014f3
	constant pool entry 29	500014fe
	constant pool entry 28	500014b9
	constant pool entry 27	500014f7
	constant pool entry 26	500014fb
	constant pool entry 25	50001504
	constant pool entry 24	50001507
	constant pool entry 23	50001512
	constant pool entry 22	50001515
	constant pool entry 21	5000148a
	constant pool entry 20	5000148e
	constant pool entry 19	500014d0
	constant pool entry 18	500014d7
	constant pool entry 17	500014dd
	constant pool entry 16	500014e1
	constant pool entry 15	500014ea
	constant pool entry 14	500014ae
	constant pool entry 13	500014b6
	constant pool entry 12	500014ed
	constant pool entry 11	500014d4
	constant pool entry 10	5000151b
	constant pool entry 9	50001529
	constant pool entry 8	5000149a
	constant pool entry 7	5000149d
	constant pool entry 6	500014a8
	constant pool entry 5	500014bf
	constant pool entry 4	500014c8
	constant pool entry 3	500014c2
	constant pool entry 2	500014cc
	constant pool entry 1	500014ab
CLS 50000081 (name=sun.misc.JavaIOFileDescriptorAccess, trace=300000)
CLS 50000082 (name=java.io.OutputStreamWriter, trace=300000)
	super		50000069
	constant pool entry 46	500000d7
	constant pool entry 40	50000069
	constant pool entry 38	50000082
CLS 50000083 (name=java.lang.NullPointerException, trace=300000)
	super		500000a2
CLS 50000084 (name=java.nio.Bits, trace=300000)
	super		500000f9
	static unsafe	50000f15
	static byteOrder	500017b6
	constant pool entry 255	500000c6
	constant pool entry 254	5000009d
	constant pool entry 253	50000143
	constant pool entry 252	500000cd
	constant pool entry 251	5000003d
	constant pool entry 250	50000119
	constant pool entry 248	500000d2
	constant pool entry 247	50000084
	constant pool entry 243	500000b2
	constant pool entry 233	500000c0
	constant pool entry 6	500017bc
	constant pool entry 5	500017bb
	constant pool entry 4	500017ba
CLS 50000085 (name=java.util.Enumeration, trace=300000)
CLS 50000086 (name=java.util.concurrent.ConcurrentHashMap, trace=300000)
	super		5000000f
	constant pool entry 144	500000d4
	constant pool entry 137	50000086
	constant pool entry 131	5000000f
	constant pool entry 129	500000f9
CLS 50000087 (name=java.lang.ref.ReferenceQueue$Lock, trace=300000)
	super		500000f9
	constant pool entry 12	50000087
	constant pool entry 9	500000f9
CLS 50000088 (name=java.security.PrivilegedExceptionAction, trace=300000)
CLS 50000089 (name=java.nio.charset.CodingErrorAction, trace=300000)
	super		500000f9
	static IGNORE	50001446
	static REPLACE	50001445
	static REPORT	50001444
	constant pool entry 19	50000089
	constant pool entry 18	500000f9
	constant pool entry 3	50001443
	constant pool entry 2	50001442
	constant pool entry 1	50001441
CLS 5000008a (name=java.security.cert.Certificate, trace=300000)
	super		500000f9
CLS 5000008b (name=java.security.cert.Certificate[], trace=300000)
	super		500000f9
CLS 5000008c (name=java.lang.ReflectiveOperationException, trace=300000)
	super		500000b8
	constant pool entry 13	500000b8
CLS 5000008d (name=sun.util.locale.Extension, trace=300000)
	super		500000f9
	constant pool entry 23	5000008d
	constant pool entry 21	500000f9
CLS 5000008e (name=java.util.Stack, trace=300000)
	super		50000067
	constant pool entry 33	50000067
	constant pool entry 32	5000008e
CLS 5000008f (name=java.lang.ClassLoader$NativeLibrary, trace=300000)
	super		500000f9
	constant pool entry 48	5000008e
	constant pool entry 45	500000f9
	constant pool entry 44	5000008f
	constant pool entry 43	50000071
CLS 500000b6 (name=java.nio.Buffer, trace=300000)
	super		500000f9
	constant pool entry 59	500000b6
	constant pool entry 57	500000f9
CLS 50000090 (name=java.nio.ByteBuffer, trace=300000)
	super		500000b6
	constant pool entry 138	500000d0
	constant pool entry 136	50000119
	constant pool entry 135	50000090
	constant pool entry 132	500000b6
	constant pool entry 131	50000084
CLS 50000091 (name=java.lang.reflect.ReflectAccess, trace=300000)
	super		500000f9
	constant pool entry 35	500000fc
	constant pool entry 34	50000095
	constant pool entry 33	500000f9
CLS 50000092 (name=sun.util.locale.LocaleExtensions, trace=300000)
	super		500000f9
	static EMPTY_MAP	5000132f
	static EMPTY_EXTENSIONS	5000128f
	static CALENDAR_JAPANESE	50001335
	static NUMBER_THAI	50001334
	constant pool entry 120	50000149
	constant pool entry 119	50000092
	constant pool entry 111	5000004f
	constant pool entry 110	500000dc
	constant pool entry 105	5000014f
	constant pool entry 103	500000b2
	constant pool entry 102	500000f9
	constant pool entry 101	500000c0
	constant pool entry 100	50000078
	constant pool entry 4	50001333
	constant pool entry 3	50001332
	constant pool entry 1	50000f07
CLS 50000093 (name=java.io.ExpiringCache, trace=300000)
	super		500000f9
	constant pool entry 59	50000061
	constant pool entry 57	5000007f
	constant pool entry 55	500000f9
	constant pool entry 54	500000eb
	constant pool entry 53	500000db
	constant pool entry 52	50000093
CLS 50000095 (name=java.lang.reflect.Constructor, trace=300000)
	super		50000120
	constant pool entry 172	50000132
	constant pool entry 170	500000a8
	constant pool entry 160	50000095
	constant pool entry 159	50000120
	constant pool entry 147	500000c0
	constant pool entry 143	500000c1
CLS 50000096 (name=java.lang.reflect.Constructor[], trace=300000)
	super		500000f9
CLS 50000098 (name=java.lang.Thread[], trace=300000)
	super		500000f9
CLS 50000099 (name=java.lang.ClassNotFoundException, trace=300000)
	super		5000008c
	constant pool entry 18	5000008c
CLS 5000009b (name=java.lang.Throwable[], trace=300000)
	super		500000f9
CLS 5000009c (name=java.util.Locale, trace=300000)
	super		500000f9
	static LOCALECACHE	50001276
	static ENGLISH	50001275
	static FRENCH	50001274
	static GERMAN	50001273
	static ITALIAN	50001272
	static JAPANESE	50001271
	static KOREAN	50001270
	static CHINESE	5000126f
	static SIMPLIFIED_CHINESE	5000126a
	static TRADITIONAL_CHINESE	50001269
	static FRANCE	5000126e
	static GERMANY	50001263
	static ITALY	5000126d
	static JAPAN	5000126c
	static KOREA	5000126b
	static CHINA	5000126a
	static PRC	5000126a
	static TAIWAN	50001269
	static UK	50001268
	static US	50001267
	static CANADA	50001266
	static CANADA_FRENCH	50001265
	static ROOT	50001264
	static defaultLocale	50001263
	static defaultFormatLocale	50001263
	static serialPersistentFields	50001262
	constant pool entry 833	5000013a
	constant pool entry 425	50000149
	constant pool entry 423	50000092
	constant pool entry 420	50000114
	constant pool entry 419	500000be
	constant pool entry 416	500000c6
	constant pool entry 410	500000c3
	constant pool entry 409	500008c5
	constant pool entry 408	5000005b
	constant pool entry 406	500008ca
	constant pool entry 405	5000009c
	constant pool entry 399	5000003d
	constant pool entry 397	50000123
	constant pool entry 395	500000b2
	constant pool entry 393	500000f9
	constant pool entry 390	50000068
	constant pool entry 384	500000c0
	constant pool entry 380	5000004d
	constant pool entry 371	50001261
	constant pool entry 58	50001260
	constant pool entry 57	5000125f
	constant pool entry 54	5000125e
	constant pool entry 53	5000125d
	constant pool entry 52	5000125c
	constant pool entry 51	5000125b
	constant pool entry 50	5000125a
	constant pool entry 49	50001259
	constant pool entry 48	50001258
	constant pool entry 47	50001257
	constant pool entry 46	50001256
	constant pool entry 45	50001255
	constant pool entry 43	50001254
	constant pool entry 41	50001253
	constant pool entry 39	50001252
	constant pool entry 38	50001251
	constant pool entry 37	50001250
	constant pool entry 36	5000124f
	constant pool entry 35	5000124e
	constant pool entry 34	5000124d
	constant pool entry 33	5000124c
	constant pool entry 32	5000124b
	constant pool entry 27	5000124a
	constant pool entry 26	50001249
	constant pool entry 25	50001248
	constant pool entry 20	50001247
	constant pool entry 19	50001246
	constant pool entry 16	50001245
	constant pool entry 15	50001244
	constant pool entry 13	50001243
	constant pool entry 11	50001242
	constant pool entry 6	50001241
	constant pool entry 1	50000f07
CLS 5000009d (name=sun.misc.VM, trace=300000)
	super		500000f9
	static savedProps	50000f4a
	constant pool entry 131	5000009d
	constant pool entry 130	500000af
	constant pool entry 129	50000107
	constant pool entry 125	500000b2
	constant pool entry 124	50000124
	constant pool entry 10	50000f49
	constant pool entry 9	50000f42
	constant pool entry 8	50000f48
	constant pool entry 7	50000f47
	constant pool entry 6	50000f46
	constant pool entry 5	50000f45
	constant pool entry 4	50000f44
	constant pool entry 1	50000f43
CLS 5000009e (name=java.util.concurrent.ConcurrentHashMap$HashEntry, trace=300000)
	super		500000f9
	constant pool entry 40	5000013a
	constant pool entry 20	5000009e
	constant pool entry 18	500000f9
CLS 5000009f (name=java.util.concurrent.ConcurrentHashMap$HashEntry[], trace=300000)
	super		500000f9
CLS 500000a0 (name=java.util.Hashtable, trace=300000)
	super		50000009
	constant pool entry 332	5000013a
	constant pool entry 166	50000032
	constant pool entry 165	5000007c
	constant pool entry 164	50000061
	constant pool entry 163	5000003a
	constant pool entry 160	50000038
	constant pool entry 159	50000136
	constant pool entry 158	5000014c
	constant pool entry 156	500000a0
	constant pool entry 155	50000009
	constant pool entry 154	5000014f
	constant pool entry 150	500000f9
	constant pool entry 145	50000131
CLS 500000a1 (name=java.lang.Appendable, trace=300000)
CLS 500000a3 (name=sun.util.locale.BaseLocale$Key, trace=300000)
	super		500000f9
	constant pool entry 53	500000a3
	constant pool entry 51	500000be
	constant pool entry 50	500000b2
	constant pool entry 49	500000f9
	constant pool entry 1	50000f07
CLS 500000a4 (name=java.lang.Long, trace=300000)
	super		50000077
	static TYPE	50000ede
	constant pool entry 165	500000a4
	constant pool entry 161	500000c0
	constant pool entry 14	500011bb
CLS 500000a5 (name=java.lang.ref.SoftReference, trace=300000)
	super		5000001f
	constant pool entry 17	500000a5
	constant pool entry 16	5000001f
CLS 500000a7 (name=java.net.Parts, trace=300000)
	super		500000f9
	constant pool entry 25	500000a7
	constant pool entry 24	500000b2
	constant pool entry 23	500000f9
CLS 500000a8 (name=sun.reflect.ConstructorAccessor, trace=300000)
CLS 500000aa (name=java.lang.ref.Reference$ReferenceHandler, trace=300000)
	super		50000097
	constant pool entry 29	5000001f
	constant pool entry 27	50000097
	constant pool entry 26	500000f9
CLS 500000ab (name=java.util.StringTokenizer, trace=300000)
	super		500000f9
	constant pool entry 62	500000ab
	constant pool entry 59	500000b2
	constant pool entry 58	500000f9
	constant pool entry 56	50000078
CLS 500000ac (name=java.lang.ArithmeticException, trace=300000)
	super		500000a2
CLS 500000d1 (name=java.nio.CharBuffer, trace=300000)
	super		500000b6
	constant pool entry 96	500000ad
	constant pool entry 95	500000d1
	constant pool entry 92	500000b6
CLS 500000ad (name=java.nio.HeapCharBuffer, trace=300000)
	super		500000d1
	constant pool entry 135	5000013a
	constant pool entry 65	500000ad
	constant pool entry 64	500000d1
	constant pool entry 58	500000b2
CLS 500000ae (name=java.lang.AbstractStringBuilder, trace=300000)
	super		500000f9
	constant pool entry 302	5000013a
	constant pool entry 146	5000000a
	constant pool entry 145	5000007f
	constant pool entry 141	500000b2
	constant pool entry 139	500000f9
	constant pool entry 131	500000ae
CLS 500000af (name=sun.misc.OSEnvironment, trace=300000)
	super		500000f9
	constant pool entry 9	5000002f
CLS 500000b0 (name=sun.util.locale.LocaleObjectCache$CacheEntry, trace=300000)
	super		500000a5
	constant pool entry 15	500000b0
	constant pool entry 13	500000a5
CLS 500000b1 (name=java.util.ArrayList, trace=300000)
	super		50000072
	constant pool entry 270	5000013a
	constant pool entry 146	5000004c
	constant pool entry 145	5000000a
	constant pool entry 142	50000ada
	constant pool entry 140	500000b1
	constant pool entry 139	50000072
	constant pool entry 134	500000f9
	constant pool entry 123	500000fa
CLS 500000b2 (name=java.lang.String, trace=300000)
	super		500000f9
	static serialPersistentFields	50000efa
	static CASE_INSENSITIVE_ORDER	50000ef9
	constant pool entry 504	5000013a
	constant pool entry 241	5000009c
	constant pool entry 238	5000001a
	constant pool entry 237	5000000a
	constant pool entry 233	5000007f
	constant pool entry 228	50000130
	constant pool entry 226	500000b2
	constant pool entry 225	500000f9
	constant pool entry 223	50000126
	constant pool entry 214	50000078
	constant pool entry 209	5000004d
	constant pool entry 12	50000ef8
	constant pool entry 10	50000ef7
	constant pool entry 6	50000ef6
CLS 500000b3 (name=java.lang.String[], trace=300000)
	super		500000f9
CLS 50000113 (name=java.lang.ref.ReferenceQueue, trace=300000)
	super		500000f9
	static NULL	500012b9
	static ENQUEUED	500012b8
	constant pool entry 50	500000b4
	constant pool entry 49	50000087
	constant pool entry 47	50000113
	constant pool entry 43	500000f9
CLS 500000b4 (name=java.lang.ref.ReferenceQueue$Null, trace=300000)
	super		50000113
	constant pool entry 12	500000b4
	constant pool entry 10	50000113
CLS 500000b5 (name=java.io.FilterOutputStream, trace=300000)
	super		50000062
	constant pool entry 19	50000062
	constant pool entry 17	500000b5
CLS 500000b7 (name=java.util.RandomAccess, trace=300000)
CLS 500000b9 (name=java.util.HashMap$EntrySet, trace=300000)
	super		500000f7
	constant pool entry 33	500000b9
	constant pool entry 30	50000008
	constant pool entry 29	500000f7
CLS 500000ba (name=sun.nio.cs.ArrayDecoder, trace=300000)
CLS 500000bc (name=sun.nio.cs.StreamDecoder, trace=300000)
	super		5000013f
	constant pool entry 139	500000bc
	constant pool entry 136	50000089
	constant pool entry 135	50000056
	constant pool entry 134	5000011a
	constant pool entry 133	5000003c
	constant pool entry 130	500000d1
	constant pool entry 129	50000090
	constant pool entry 122	500000c0
	constant pool entry 119	5000013f
	constant pool entry 118	50000094
CLS 500000bd (name=java.lang.ThreadLocal, trace=300000)
	super		500000f9
	static nextHashCode	50001872
	constant pool entry 54	5000002c
	constant pool entry 52	5000026a
	constant pool entry 51	50000268
	constant pool entry 49	500000bd
	constant pool entry 48	50000097
	constant pool entry 47	500000f9
CLS 500000be (name=sun.util.locale.AsciiUtil, trace=300000)
	super		500000f9
	constant pool entry 43	500000be
	constant pool entry 41	500000b2
CLS 500000bf (name=java.lang.RuntimePermission, trace=300000)
	super		5000011c
	constant pool entry 13	5000011c
CLS 500000c0 (name=java.lang.Class, trace=300000)
	super		500000f9
	static serialPersistentFields	50000efd
	static reflectionFactory	50000efc
	constant pool entry 983	5000013a
	constant pool entry 430	500000c9
	constant pool entry 429	50000132
	constant pool entry 428	50000017
	constant pool entry 415	5000003d
	constant pool entry 407	500000fc
	constant pool entry 406	50000095
	constant pool entry 403	500000a5
	constant pool entry 400	5000007f
	constant pool entry 398	500000b2
	constant pool entry 383	50000071
	constant pool entry 378	50000012
	constant pool entry 376	5000013d
	constant pool entry 375	500000c0
	constant pool entry 373	5000004d
	constant pool entry 369	500000fd
CLS 500000c1 (name=java.lang.Class[], trace=300000)
	super		500000f9
CLS 500000c2 (name=java.util.concurrent.locks.ReentrantLock$Sync, trace=300000)
	super		5000006c
	constant pool entry 55	500000c2
	constant pool entry 52	5000006c
	constant pool entry 51	50000097
CLS 500000c3 (name=java.util.Locale$LocaleKey, trace=300000)
	super		500000f9
	constant pool entry 25	50000092
	constant pool entry 24	50000114
	constant pool entry 23	500000c3
	constant pool entry 20	500000f9
CLS 500000c4 (name=java.util.Collections$EmptySet, trace=300000)
	super		500000f7
	constant pool entry 37	500000c4
	constant pool entry 33	500000f7
CLS 500000c5 (name=java.io.FileDescriptor, trace=300000)
	super		500000f9
	static in	50000f12
	static out	50000f2a
	static err	50000f29
	constant pool entry 46	500000cd
	constant pool entry 45	5000002c
	constant pool entry 44	500000f9
	constant pool entry 42	500000e7
	constant pool entry 41	500000c5
CLS 500000c6 (name=sun.security.action.GetPropertyAction, trace=300000)
	super		500000f9
	constant pool entry 24	500000c6
	constant pool entry 22	5000007f
	constant pool entry 20	500000f9
CLS 500000c7 (name=java.security.ProtectionDomain$Key, trace=300000)
	super		500000f9
	constant pool entry 12	500000c7
	constant pool entry 10	500000f9
CLS 500000c9 (name=sun.reflect.ReflectionFactory$GetReflectionFactoryAction, trace=300000)
	super		500000f9
	constant pool entry 15	500000c9
	constant pool entry 14	50000132
	constant pool entry 12	500000f9
CLS 500000ca (name=sun.util.locale.BaseLocale$Cache, trace=300000)
	super		500000a9
	constant pool entry 23	500000a9
	constant pool entry 22	500000a3
	constant pool entry 21	500000ca
	constant pool entry 19	50000114
CLS 500000cb (name=java.security.Principal, trace=300000)
CLS 500000cc (name=java.security.Principal[], trace=300000)
	super		500000f9
CLS 500000cd (name=sun.misc.SharedSecrets, trace=300000)
	super		500000f9
	static unsafe	50000f15
	static javaUtilJarAccess	50000414
	static javaLangAccess	50000f31
	static javaNetAccess	50000f30
	static javaNioAccess	50000f2f
	static javaIOFileDescriptorAccess	50000f2e
	static javaSecurityProtectionDomainAccess	50000f2d
	constant pool entry 44	50000143
	constant pool entry 43	500000cd
CLS 500000ce (name=java.lang.reflect.Type, trace=300000)
CLS 500000cf (name=java.lang.reflect.Type[], trace=300000)
	super		500000f9
CLS 500000d0 (name=java.nio.HeapByteBuffer, trace=300000)
	super		50000090
	constant pool entry 257	5000013a
	constant pool entry 120	500000d0
	constant pool entry 104	50000090
	constant pool entry 100	5000007f
CLS 500000d2 (name=java.nio.Bits$1, trace=300000)
	super		500000f9
	constant pool entry 14	500000f9
CLS 50000102 (name=sun.nio.cs.FastCharsetProvider, trace=300000)
	super		50000073
	constant pool entry 133	5000013a
	constant pool entry 67	50000102
	constant pool entry 66	50000061
	constant pool entry 65	50000073
	constant pool entry 64	5000003c
	constant pool entry 62	50000123
	constant pool entry 61	500000b2
	constant pool entry 60	500000f9
	constant pool entry 56	500000c0
	constant pool entry 2	500014b9
	constant pool entry 1	50001116
CLS 500000d3 (name=sun.nio.cs.StandardCharsets, trace=300000)
	super		50000102
	static aliases_US_ASCII	50001824
	static aliases_UTF_8	500017ae
	static aliases_UTF_16	50001823
	static aliases_UTF_16BE	50001822
	static aliases_UTF_16LE	50001821
	static aliases_UTF_16LE_BOM	50001820
	static aliases_UTF_32	5000181f
	static aliases_UTF_32LE	5000181e
	static aliases_UTF_32BE	5000181d
	static aliases_UTF_32LE_BOM	5000181c
	static aliases_UTF_32BE_BOM	5000181b
	static aliases_ISO_8859_1	5000181a
	static aliases_ISO_8859_2	50001819
	static aliases_ISO_8859_4	50001818
	static aliases_ISO_8859_5	50001817
	static aliases_ISO_8859_7	50001816
	static aliases_ISO_8859_9	50001815
	static aliases_ISO_8859_13	50001814
	static aliases_ISO_8859_15	50001813
	static aliases_KOI8_R	50001812
	static aliases_KOI8_U	50001811
	static aliases_MS1250	50001810
	static aliases_MS1251	5000180f
	static aliases_MS1252	5000180e
	static aliases_MS1253	5000180d
	static aliases_MS1254	5000180c
	static aliases_MS1257	5000180b
	static aliases_IBM437	5000180a
	static aliases_IBM737	50001809
	static aliases_IBM775	50001808
	static aliases_IBM850	50001807
	static aliases_IBM852	50001806
	static aliases_IBM855	50001805
	static aliases_IBM857	50001804
	static aliases_IBM858	50001803
	static aliases_IBM862	50001802
	static aliases_IBM866	50001801
	static aliases_IBM874	50001800
	constant pool entry 567	5000013a
	constant pool entry 478	50000080
	constant pool entry 477	50000118
	constant pool entry 476	50000007
	constant pool entry 474	500000d3
	constant pool entry 473	50000102
	constant pool entry 472	500000b2
	constant pool entry 210	5000160b
	constant pool entry 209	50001689
	constant pool entry 208	5000164b
	constant pool entry 207	5000175a
	constant pool entry 206	5000163b
	constant pool entry 205	5000161a
	constant pool entry 204	50001469
	constant pool entry 203	500016a9
	constant pool entry 202	500016ab
	constant pool entry 201	500016ad
	constant pool entry 200	500016af
	constant pool entry 199	500016e1
	constant pool entry 198	500016e5
	constant pool entry 197	500016ee
	constant pool entry 196	500016f2
	constant pool entry 195	50001752
	constant pool entry 194	50001754
	constant pool entry 193	500016d1
	constant pool entry 192	50001704
	constant pool entry 191	50001605
	constant pool entry 190	5000170c
	constant pool entry 189	5000170e
	constant pool entry 188	50001710
	constant pool entry 187	50001712
	constant pool entry 186	50001714
	constant pool entry 185	5000165a
	constant pool entry 184	5000162b
	constant pool entry 183	5000162f
	constant pool entry 182	50001731
	constant pool entry 181	50001685
	constant pool entry 180	50001687
	constant pool entry 179	5000169d
	constant pool entry 178	500016a7
	constant pool entry 177	500016b5
	constant pool entry 176	500016b7
	constant pool entry 175	500016f6
	constant pool entry 174	50001706
	constant pool entry 173	50001708
	constant pool entry 172	5000170a
	constant pool entry 171	5000167f
	constant pool entry 170	5000151a
	constant pool entry 169	50001528
	constant pool entry 168	5000149c
	constant pool entry 167	500014a7
	constant pool entry 166	500014be
	constant pool entry 165	500014c7
	constant pool entry 164	500016c7
	constant pool entry 163	500014c1
	constant pool entry 162	5000169b
	constant pool entry 161	500014aa
	constant pool entry 160	500016cb
	constant pool entry 159	500016f4
	constant pool entry 158	500016f8
	constant pool entry 157	500016fb
	constant pool entry 156	5000167b
	constant pool entry 155	50001681
	constant pool entry 154	50001683
	constant pool entry 153	50001691
	constant pool entry 152	50001693
	constant pool entry 151	50001695
	constant pool entry 150	50001697
	constant pool entry 149	500016bd
	constant pool entry 148	50001651
	constant pool entry 147	5000168f
	constant pool entry 146	50001643
	constant pool entry 145	500016fd
	constant pool entry 144	50001639
	constant pool entry 143	50001677
	constant pool entry 142	500016e8
	constant pool entry 141	5000160d
	constant pool entry 140	5000173f
	constant pool entry 139	50001625
	constant pool entry 138	500015f1
	constant pool entry 137	50001631
	constant pool entry 136	500017ff
	constant pool entry 135	500017fe
	constant pool entry 134	500017fd
	constant pool entry 133	500017fc
	constant pool entry 132	500017fb
	constant pool entry 131	500017fa
	constant pool entry 130	500017f9
	constant pool entry 129	500017f8
	constant pool entry 128	500017f7
	constant pool entry 127	500017f6
	constant pool entry 126	500017f5
	constant pool entry 125	500017f4
	constant pool entry 124	500017f3
	constant pool entry 123	50001748
	constant pool entry 122	5000174a
	constant pool entry 121	5000174c
	constant pool entry 120	5000174e
	constant pool entry 119	50001750
	constant pool entry 118	500016b9
	constant pool entry 117	500016c3
	constant pool entry 116	500016c5
	constant pool entry 115	500016d5
	constant pool entry 114	500016da
	constant pool entry 113	500016df
	constant pool entry 112	500016e3
	constant pool entry 111	500016ea
	constant pool entry 110	5000173a
	constant pool entry 109	5000173d
	constant pool entry 108	5000169f
	constant pool entry 107	500016d7
	constant pool entry 106	500015f7
	constant pool entry 105	500015f9
	constant pool entry 104	500015fd
	constant pool entry 103	500015ff
	constant pool entry 102	50001601
	constant pool entry 101	50001603
	constant pool entry 100	5000168b
	constant pool entry 99	50001647
	constant pool entry 98	50001660
	constant pool entry 97	50001663
	constant pool entry 96	50001665
	constant pool entry 95	50001667
	constant pool entry 94	50001669
	constant pool entry 93	5000166b
	constant pool entry 92	5000164f
	constant pool entry 91	50001627
	constant pool entry 90	50001637
	constant pool entry 89	50001741
	constant pool entry 88	500017f2
	constant pool entry 87	500017f1
	constant pool entry 86	500017f0
	constant pool entry 85	500017ef
	constant pool entry 84	500017ee
	constant pool entry 83	500017ed
	constant pool entry 82	500017ec
	constant pool entry 81	500017eb
	constant pool entry 80	500014a0
	constant pool entry 79	50001486
	constant pool entry 78	50001492
	constant pool entry 77	5000150a
	constant pool entry 76	5000151e
	constant pool entry 75	50001521
	constant pool entry 74	500014f3
	constant pool entry 73	500014fe
	constant pool entry 72	500017b0
	constant pool entry 71	500017ea
	constant pool entry 70	500017e9
	constant pool entry 69	500017e8
	constant pool entry 68	500017e7
	constant pool entry 67	500017e6
	constant pool entry 66	500017e5
	constant pool entry 65	500017e4
	constant pool entry 64	500014ed
	constant pool entry 63	500017e3
	constant pool entry 62	500017e2
	constant pool entry 61	500017e1
	constant pool entry 60	500017e0
	constant pool entry 59	500017df
	constant pool entry 58	500017de
	constant pool entry 57	500017dd
	constant pool entry 56	500017dc
	constant pool entry 55	500017db
	constant pool entry 54	500017da
	constant pool entry 53	500017d9
	constant pool entry 52	500017d8
	constant pool entry 51	500017d7
	constant pool entry 50	500017d6
	constant pool entry 49	500017d5
	constant pool entry 48	500017d4
	constant pool entry 47	500017d3
	constant pool entry 46	500017d2
	constant pool entry 45	500017d1
	constant pool entry 44	500017d0
	constant pool entry 43	500017cf
	constant pool entry 42	500017ce
	constant pool entry 41	500017cd
	constant pool entry 40	500017cc
	constant pool entry 39	500017cb
	constant pool entry 38	500017ca
	constant pool entry 37	500017c9
	constant pool entry 36	500017c8
	constant pool entry 35	500017c7
	constant pool entry 34	500017c6
	constant pool entry 33	500017c5
	constant pool entry 32	500017c4
	constant pool entry 31	500017c3
	constant pool entry 30	500017c2
	constant pool entry 29	500017c1
	constant pool entry 28	500017c0
	constant pool entry 27	50001772
	constant pool entry 26	50001774
	constant pool entry 25	50001776
	constant pool entry 24	50001778
	constant pool entry 23	5000177a
	constant pool entry 22	50001760
	constant pool entry 21	50001762
	constant pool entry 20	50001766
	constant pool entry 19	50001769
	constant pool entry 18	5000176b
	constant pool entry 17	50001649
	constant pool entry 16	5000164d
	constant pool entry 15	5000176f
	constant pool entry 14	5000171a
	constant pool entry 13	50001724
	constant pool entry 12	50001726
	constant pool entry 11	5000172a
	constant pool entry 10	5000172f
	constant pool entry 9	50001734
	constant pool entry 8	50001736
	constant pool entry 7	50001738
	constant pool entry 6	5000175c
	constant pool entry 5	50001764
	constant pool entry 4	500016cf
	constant pool entry 3	5000172c
	constant pool entry 2	500016ff
	constant pool entry 1	500016b3
CLS 500000e0 (name=java.util.concurrent.locks.ReentrantLock, trace=300000)
	super		500000f9
	constant pool entry 89	500000c2
	constant pool entry 88	50000112
	constant pool entry 86	500000e0
	constant pool entry 78	500000f9
CLS 500000d4 (name=java.util.concurrent.ConcurrentHashMap$Segment, trace=300000)
	super		500000e0
	constant pool entry 122	5000013a
	constant pool entry 60	500000e0
	constant pool entry 59	500000d4
	constant pool entry 58	5000009e
	constant pool entry 55	500000f9
CLS 500000d5 (name=java.util.concurrent.ConcurrentHashMap$Segment[], trace=300000)
	super		500000f9
CLS 5000014b (name=java.lang.ref.FinalReference, trace=300000)
	super		5000001f
	constant pool entry 7	5000001f
CLS 500000d6 (name=java.lang.ref.Finalizer, trace=300000)
	super		5000014b
	static queue	50000ef1
	static unfinalized	50000bdf
	static lock	50001a11
	constant pool entry 66	50000113
	constant pool entry 65	5000006e
	constant pool entry 61	500000d6
	constant pool entry 60	5000014b
	constant pool entry 58	5000011d
	constant pool entry 57	50000097
	constant pool entry 56	500000f9
CLS 500000d7 (name=sun.nio.cs.StreamEncoder, trace=300000)
	super		50000069
	constant pool entry 122	500000d7
	constant pool entry 119	50000089
	constant pool entry 118	50000056
	constant pool entry 117	50000049
	constant pool entry 116	5000003c
	constant pool entry 114	500000d1
	constant pool entry 113	50000090
	constant pool entry 108	500000c0
	constant pool entry 106	50000069
	constant pool entry 104	50000062
CLS 500000d8 (name=sun.reflect.LangReflectAccess, trace=300000)
CLS 500000d9 (name=java.nio.charset.CoderResult$1, trace=300000)
	super		50000115
	constant pool entry 12	50000115
CLS 500000da (name=java.security.Guard, trace=300000)
CLS 500000db (name=java.io.ExpiringCache$1, trace=300000)
	super		5000007a
	constant pool entry 21	5000007a
	constant pool entry 20	500000db
	constant pool entry 19	50000093
CLS 500000dc (name=java.util.SortedMap, trace=300000)
CLS 500000dd (name=java.lang.Terminator$1, trace=300000)
	super		500000f9
	constant pool entry 18	500000f9
CLS 500000e1 (name=java.util.concurrent.locks.ReentrantLock[], trace=300000)
	super		500000f9
CLS 500000e3 (name=java.util.NavigableSet, trace=300000)
CLS 500000e4 (name=java.lang.StringBuffer, trace=300000)
	super		500000ae
	static serialPersistentFields	500011b2
	constant pool entry 363	5000013a
	constant pool entry 109	500000e4
	constant pool entry 108	500000b2
	constant pool entry 107	50000068
	constant pool entry 104	500000e5
	constant pool entry 103	500000ae
	constant pool entry 101	5000004d
	constant pool entry 95	50000155
	constant pool entry 4	50000f14
	constant pool entry 3	500011b1
	constant pool entry 1	500011b0
CLS 500000e5 (name=java.lang.Boolean, trace=300000)
	super		500000f9
	static TRUE	50001053
	static FALSE	50001052
	static TYPE	50000edc
	constant pool entry 64	500000f9
	constant pool entry 60	500000c0
	constant pool entry 59	500000e5
	constant pool entry 1	50001051
CLS 500000e7 (name=java.io.FileDescriptor$1, trace=300000)
	super		500000f9
	constant pool entry 20	500000f9
CLS 500000e8 (name=sun.nio.cs.HistoricallyNamedCharset, trace=300000)
CLS 500000e9 (name=java.lang.ref.Reference$Lock, trace=300000)
	super		500000f9
	constant pool entry 12	500000e9
	constant pool entry 9	500000f9
CLS 500000eb (name=java.io.ExpiringCache$Entry, trace=300000)
	super		500000f9
	constant pool entry 21	500000f9
	constant pool entry 20	500000eb
CLS 500000ec (name=java.lang.reflect.Member, trace=300000)
CLS 500000ed (name=java.lang.reflect.Member[], trace=300000)
	super		500000f9
CLS 500000ee (name=java.lang.CharSequence, trace=300000)
CLS 500000ef (name=java.lang.CharSequence[], trace=300000)
	super		500000f9
CLS 500000f0 (name=sun.misc.NativeSignalHandler, trace=300000)
	super		500000f9
	constant pool entry 19	500000f0
	constant pool entry 18	500000f9
CLS 500000f1 (name=sun.reflect.misc.ReflectUtil, trace=300000)
	super		500000f9
	constant pool entry 55	500000f1
	constant pool entry 54	50000017
	constant pool entry 53	50000016
	constant pool entry 52	5000007f
	constant pool entry 44	500000c0
CLS 500000f2 (name=java.util.BitSet, trace=300000)
	super		500000f9
	static serialPersistentFields	50001889
	constant pool entry 338	5000013a
	constant pool entry 181	500000f2
	constant pool entry 174	500000f9
	constant pool entry 165	500000c0
	constant pool entry 162	5000004d
	constant pool entry 156	50000158
	constant pool entry 4	50001888
CLS 500000f3 (name=java.lang.NoClassDefFoundError, trace=300000)
	super		50000058
CLS 500000f4 (name=java.util.TreeMap$Entry, trace=300000)
	super		500000f9
	constant pool entry 46	500000f4
	constant pool entry 41	500000f9
CLS 500000f5 (name=sun.misc.Launcher$ExtClassLoader$1, trace=300000)
	super		500000f9
	constant pool entry 29	50000076
	constant pool entry 28	500000f5
	constant pool entry 27	5000006a
	constant pool entry 24	500000f9
CLS 500000f6 (name=java.io.InputStreamReader, trace=300000)
	super		5000013f
	constant pool entry 46	500000bc
	constant pool entry 39	5000013f
	constant pool entry 38	500000f6
CLS 500000f8 (name=java.util.HashSet, trace=300000)
	super		500000f7
	static PRESENT	500010f9
	constant pool entry 86	5000007a
	constant pool entry 84	500000f8
	constant pool entry 83	50000008
	constant pool entry 81	500000f7
	constant pool entry 80	500000f9
CLS 500000fa (name=java.lang.Object[], trace=300000)
	super		500000f9
CLS 500000fc (name=java.lang.reflect.Field, trace=300000)
	super		50000120
	constant pool entry 137	500000fc
	constant pool entry 136	50000120
CLS 500000fd (name=java.lang.reflect.Field[], trace=300000)
	super		500000f9
CLS 500000fe (name=java.lang.ThreadDeath, trace=300000)
	super		50000140
CLS 50000100 (name=java.util.concurrent.locks.Lock, trace=300000)
CLS 50000101 (name=java.util.concurrent.locks.Lock[], trace=300000)
	super		500000f9
CLS 50000103 (name=java.lang.Terminator, trace=300000)
	super		500000f9
	static handler	500019e6
	constant pool entry 26	50000023
	constant pool entry 25	500000dd
	constant pool entry 24	50000103
	constant pool entry 2	500019e5
	constant pool entry 1	500019e4
CLS 50000105 (name=java.io.Flushable, trace=300000)
CLS 50000106 (name=sun.reflect.ConstantPool, trace=300000)
	super		500000f9
CLS 50000107 (name=java.util.Properties, trace=300000)
	super		500000a0
	static hexDigit	5000104d
	constant pool entry 255	5000013a
	constant pool entry 121	50000107
	constant pool entry 119	500000a0
	constant pool entry 113	500000b2
CLS 50000108 (name=java.security.ProtectionDomain$2, trace=300000)
	super		500000f9
	constant pool entry 13	500000f9
CLS 50000109 (name=java.lang.IllegalMonitorStateException, trace=300000)
	super		500000a2
CLS 5000010b (name=sun.reflect.UnsafeStaticFieldAccessorImpl, trace=300000)
	super		50000060
CLS 5000010c (name=sun.misc.SignalHandler, trace=300000)
	static SIG_DFL	500019e8
	static SIG_IGN	500019e7
	constant pool entry 14	5000010c
	constant pool entry 13	500000f0
CLS 5000010d (name=sun.misc.JavaSecurityProtectionDomainAccess, trace=300000)
CLS 5000010e (name=java.io.File, trace=300000)
	super		500000f9
	static fs	500011d5
	static separator	500011d4
	static pathSeparator	500011d3
	constant pool entry 244	5000007f
	constant pool entry 243	50000123
	constant pool entry 242	500000b2
	constant pool entry 238	500000f9
	constant pool entry 232	500000c0
	constant pool entry 224	50000015
	constant pool entry 221	5000010e
	constant pool entry 1	50000f07
CLS 5000010f (name=java.io.File[], trace=300000)
	super		500000f9
CLS 50000139 (name=java.io.FilterInputStream, trace=300000)
	super		50000094
	constant pool entry 24	50000094
	constant pool entry 22	50000139
CLS 50000111 (name=java.io.BufferedInputStream, trace=300000)
	super		50000139
	static bufUpdater	50001982
	constant pool entry 121	5000013a
	constant pool entry 63	500000e6
	constant pool entry 62	5000007f
	constant pool entry 59	50000094
	constant pool entry 57	50000139
	constant pool entry 56	50000111
	constant pool entry 55	50000154
	constant pool entry 5	50001981
	constant pool entry 4	50001877
CLS 50000112 (name=java.util.concurrent.locks.ReentrantLock$NonfairSync, trace=300000)
	super		500000c2
	constant pool entry 28	500000c2
	constant pool entry 27	50000112
	constant pool entry 25	50000097
CLS 50000114 (name=sun.util.locale.BaseLocale, trace=300000)
	super		500000f9
	static SEP	50001293
	static CACHE	50001295
	static ROOT	50001294
	constant pool entry 82	500000a3
	constant pool entry 81	500000ca
	constant pool entry 79	50000114
	constant pool entry 78	500000be
	constant pool entry 76	500000b2
	constant pool entry 75	500000f9
	constant pool entry 74	50001293
	constant pool entry 12	5000125f
	constant pool entry 4	50001252
	constant pool entry 3	50001251
	constant pool entry 1	50000f07
CLS 50000116 (name=java.io.PrintStream, trace=300000)
	super		500000b5
	constant pool entry 113	500000b2
	constant pool entry 106	50000116
	constant pool entry 105	50000082
	constant pool entry 104	50000062
	constant pool entry 101	500000b5
	constant pool entry 97	5000007b
	constant pool entry 1	50001992
CLS 50000117 (name=sun.misc.JavaNetAccess, trace=300000)
CLS 50000118 (name=sun.nio.cs.StandardCharsets$Cache, trace=300000)
	super		500000a6
	constant pool entry 113	5000013a
	constant pool entry 103	500000a6
	constant pool entry 102	50000118
	constant pool entry 99	500000f9
	constant pool entry 38	5000149f
	constant pool entry 37	50001491
	constant pool entry 36	50001495
	constant pool entry 35	500014d3
	constant pool entry 34	500014cb
	constant pool entry 33	500014f6
	constant pool entry 32	500014fa
	constant pool entry 31	50001503
	constant pool entry 30	50001506
	constant pool entry 29	50001511
	constant pool entry 28	50001514
	constant pool entry 27	500014e3
	constant pool entry 26	50001485
	constant pool entry 25	50001509
	constant pool entry 24	5000151d
	constant pool entry 23	50001520
	constant pool entry 22	500014f2
	constant pool entry 21	500014fd
	constant pool entry 20	500014b8
	constant pool entry 19	50001489
	constant pool entry 18	5000148d
	constant pool entry 17	500014cf
	constant pool entry 16	500014d6
	constant pool entry 15	500014dc
	constant pool entry 14	500014e0
	constant pool entry 13	500014e9
	constant pool entry 12	500014ad
	constant pool entry 11	500014b5
	constant pool entry 10	500014ec
	constant pool entry 9	5000151a
	constant pool entry 8	50001528
	constant pool entry 7	5000149c
	constant pool entry 6	500014a7
	constant pool entry 5	500014be
	constant pool entry 4	500014c7
	constant pool entry 3	500014c1
	constant pool entry 2	500014aa
	constant pool entry 1	50001499
CLS 50000119 (name=java.nio.ByteOrder, trace=300000)
	super		500000f9
	static BIG_ENDIAN	500017b7
	static LITTLE_ENDIAN	500017b6
	constant pool entry 21	50000119
	constant pool entry 20	50000084
	constant pool entry 19	500000f9
	constant pool entry 2	500017b5
	constant pool entry 1	500017b4
CLS 5000011a (name=java.nio.charset.CharsetDecoder, trace=300000)
	super		500000f9
	static stateNames	5000145d
	constant pool entry 273	5000013a
	constant pool entry 141	50000089
	constant pool entry 140	50000056
	constant pool entry 138	5000011a
	constant pool entry 137	5000003c
	constant pool entry 134	50000090
	constant pool entry 129	500000b2
	constant pool entry 128	500000f9
	constant pool entry 125	500000c0
	constant pool entry 15	5000145c
	constant pool entry 12	5000145b
	constant pool entry 7	5000145a
	constant pool entry 4	50001459
	constant pool entry 3	50001458
	constant pool entry 2	50001457
CLS 5000011b (name=sun.misc.Launcher$AppClassLoader, trace=300000)
	super		500000bb
	constant pool entry 86	5000002e
	constant pool entry 85	5000011b
	constant pool entry 84	50000070
	constant pool entry 80	5000003d
	constant pool entry 78	500000bb
	constant pool entry 75	5000007f
	constant pool entry 74	500000b2
	constant pool entry 70	50000071
	constant pool entry 69	500000c0
	constant pool entry 2	500018bd
CLS 5000011d (name=java.lang.ThreadGroup, trace=300000)
	super		500000f9
	constant pool entry 266	5000013a
	constant pool entry 122	5000011d
	constant pool entry 119	50000097
	constant pool entry 118	5000007f
	constant pool entry 115	500000f9
	constant pool entry 7	500012bd
CLS 5000011e (name=java.lang.ThreadGroup[], trace=300000)
	super		500000f9
CLS 5000011f (name=java.io.BufferedOutputStream, trace=300000)
	super		500000b5
	constant pool entry 57	5000013a
	constant pool entry 31	5000007f
	constant pool entry 29	50000062
	constant pool entry 27	500000b5
	constant pool entry 26	5000011f
CLS 50000121 (name=java.lang.reflect.AccessibleObject[], trace=300000)
	super		500000f9
CLS 50000122 (name=sun.misc.Launcher$Factory, trace=300000)
	super		500000f9
	static PREFIX	5000111a
	constant pool entry 53	50000122
	constant pool entry 49	5000014e
	constant pool entry 48	50000123
	constant pool entry 46	500000f9
	constant pool entry 41	500000c0
	constant pool entry 4	5000111a
	constant pool entry 2	50001117
	constant pool entry 1	50001116
CLS 50000123 (name=java.lang.StringBuilder, trace=300000)
	super		500000ae
	constant pool entry 88	50000123
	constant pool entry 86	500000b2
	constant pool entry 83	500000ae
CLS 50000124 (name=java.lang.Runtime, trace=300000)
	super		500000f9
	static currentRuntime	50001057
	constant pool entry 104	5000007f
	constant pool entry 102	500000b2
	constant pool entry 97	50000124
	constant pool entry 95	500000f9
	constant pool entry 93	50000071
	constant pool entry 90	5000010e
CLS 50000125 (name=java.util.WeakHashMap$KeySet, trace=300000)
	super		500000f7
	constant pool entry 25	50000125
	constant pool entry 21	500000f7
CLS 50000126 (name=java.lang.Math, trace=300000)
	super		500000f9
	constant pool entry 92	50000126
	constant pool entry 91	50000131
	constant pool entry 90	50000013
CLS 50000127 (name=sun.reflect.FieldAccessor, trace=300000)
CLS 50000128 (name=java.io.Serializable, trace=300000)
CLS 50000129 (name=java.io.Serializable[], trace=300000)
	super		500000f9
CLS 5000012a (name=java.security.CodeSource, trace=300000)
	super		500000f9
	constant pool entry 148	5000012a
	constant pool entry 141	500000f9
CLS 5000012c (name=java.util.HashMap$Entry[], trace=300000)
	super		500000f9
CLS 5000012d (name=java.security.PrivilegedAction, trace=300000)
CLS 5000012e (name=java.util.HashMap$EntryIterator, trace=300000)
	super		5000000c
	constant pool entry 20	5000000c
	constant pool entry 19	5000012e
CLS 5000012f (name=sun.nio.cs.MS1252, trace=300000)
	super		5000003c
	static b2cTable	5000186a
	static b2c	5000186d
	static c2b	5000186c
	static c2bIndex	5000186b
	constant pool entry 86	5000013a
	constant pool entry 54	500000d3
	constant pool entry 53	50000144
	constant pool entry 52	50000142
	constant pool entry 51	50000047
	constant pool entry 50	5000012f
	constant pool entry 48	5000003c
	constant pool entry 47	500000b2
	constant pool entry 4	5000186a
	constant pool entry 3	50001506
CLS 50000130 (name=java.lang.String$CaseInsensitiveComparator, trace=300000)
	super		500000f9
	constant pool entry 36	50000130
	constant pool entry 34	500000b2
	constant pool entry 33	500000f9
	constant pool entry 32	50000126
CLS 50000131 (name=java.lang.Float, trace=300000)
	super		50000077
	static TYPE	50000ed9
	constant pool entry 104	50000131
	constant pool entry 101	500000c0
	constant pool entry 7	50000efb
CLS 50000132 (name=sun.reflect.ReflectionFactory, trace=300000)
	super		500000f9
	static reflectionFactoryAccessPerm	50000f00
	static soleInstance	50000efc
	static langReflectAccess	50000eff
	constant pool entry 109	5000001c
	constant pool entry 108	50000132
	constant pool entry 107	50000017
	constant pool entry 105	50000050
	constant pool entry 103	500000d8
	constant pool entry 100	5000013c
	constant pool entry 99	50000039
	constant pool entry 97	5000003d
	constant pool entry 96	50000016
	constant pool entry 94	50000095
	constant pool entry 93	5000007f
	constant pool entry 91	500000bf
	constant pool entry 90	500000f9
	constant pool entry 89	500000c0
	constant pool entry 2	50000efe
CLS 50000133 (name=sun.misc.Version, trace=300000)
	super		500000f9
	static launcher_name	500019e2
	static java_version	50001899
	static java_runtime_name	500019c8
	static java_runtime_version	500019d3
	constant pool entry 126	50000133
	constant pool entry 125	5000007f
	constant pool entry 115	500019e2
	constant pool entry 12	50001896
	constant pool entry 11	500019d4
	constant pool entry 10	500019c9
	constant pool entry 7	500019c8
	constant pool entry 6	500019d3
	constant pool entry 5	50001899
CLS 50000135 (name=java.lang.VirtualMachineError[], trace=300000)
	super		500000f9
CLS 50000136 (name=java.util.Hashtable$EntrySet, trace=300000)
	super		500000f7
	constant pool entry 46	50000136
	constant pool entry 43	500000a0
	constant pool entry 42	500000f7
CLS 50000137 (name=java.lang.reflect.GenericDeclaration, trace=300000)
CLS 50000138 (name=java.lang.reflect.GenericDeclaration[], trace=300000)
	super		500000f9
CLS 5000013a (name=com.sun.demo.jvmti.hprof.Tracker, trace=300000)
	super		500000f9
	constant pool entry 34	50000097
	constant pool entry 8	5000013a
CLS 5000013b (name=java.io.FileReader, trace=300000)
	super		500000f6
	constant pool entry 12	500000f6
	constant pool entry 9	50000055
CLS 5000013c (name=sun.reflect.DelegatingConstructorAccessorImpl, trace=300000)
	super		50000039
	constant pool entry 18	5000013c
	constant pool entry 17	50000039
CLS 5000013d (name=java.lang.Class$1, trace=300000)
	super		500000f9
	constant pool entry 22	50000095
	constant pool entry 21	500000f9
	constant pool entry 20	5000013d
CLS 5000013e (name=sun.net.www.protocol.jar.Handler, trace=300000)
	super		5000014e
	static separator	500013e8
	constant pool entry 76	5000014e
	constant pool entry 69	500013e8
CLS 50000141 (name=java.lang.Error[], trace=300000)
	super		500000f9
CLS 50000142 (name=sun.nio.cs.SingleByte$Decoder, trace=300000)
	super		5000011a
	constant pool entry 56	50000142
	constant pool entry 55	50000047
	constant pool entry 53	50000056
	constant pool entry 52	5000011a
	constant pool entry 51	500000d1
	constant pool entry 50	50000090
	constant pool entry 48	500000b2
CLS 50000143 (name=sun.misc.Unsafe, trace=300000)
	super		500000f9
	static theUnsafe	50000f15
	constant pool entry 345	5000013a
	constant pool entry 175	50000017
	constant pool entry 174	50000143
	constant pool entry 171	500000b2
	constant pool entry 169	500000f9
	constant pool entry 167	500000c0
	constant pool entry 166	50000153
	constant pool entry 165	50000157
	constant pool entry 163	500000fa
	constant pool entry 162	50000158
	constant pool entry 161	50000156
	constant pool entry 160	50000159
	constant pool entry 159	5000015a
	constant pool entry 158	50000155
	constant pool entry 157	50000154
	constant pool entry 2	50000f16
CLS 50000144 (name=sun.nio.cs.SingleByte$Encoder, trace=300000)
	super		50000049
	constant pool entry 75	50000144
	constant pool entry 74	50000047
	constant pool entry 72	50000056
	constant pool entry 71	50000049
	constant pool entry 70	500000d1
	constant pool entry 69	50000090
CLS 50000145 (name=java.lang.CharacterDataLatin1, trace=300000)
	super		5000006f
	static sharpsMap	50001126
	static instance	50001125
	static A	50001124
	static A_DATA	50001123
	constant pool entry 82	5000013a
	constant pool entry 59	500000b2
	constant pool entry 58	500000c0
	constant pool entry 57	50000145
	constant pool entry 56	5000006f
	constant pool entry 6	50001123
CLS 50000146 (name=sun.misc.JavaNioAccess, trace=300000)
CLS 50000147 (name=java.lang.Comparable, trace=300000)
CLS 50000148 (name=java.lang.Comparable[], trace=300000)
	super		500000f9
CLS 50000149 (name=sun.util.locale.UnicodeLocaleExtension, trace=300000)
	super		5000008d
	static EMPTY_SORTED_SET	5000133a
	static EMPTY_SORTED_MAP	50001348
	static CA_JAPANESE	50001338
	static NU_THAI	50001347
	constant pool entry 93	50000149
	constant pool entry 92	5000008d
	constant pool entry 91	500000be
	constant pool entry 90	50000018
	constant pool entry 89	5000004f
	constant pool entry 87	500000dc
	constant pool entry 80	500000b2
	constant pool entry 7	50001346
	constant pool entry 6	50001345
	constant pool entry 5	50001344
	constant pool entry 4	50001340
	constant pool entry 3	5000133b
	constant pool entry 2	50001341
CLS 5000014a (name=java.lang.AutoCloseable, trace=300000)
CLS 5000014c (name=java.util.Hashtable$Entry, trace=300000)
	super		500000f9
	constant pool entry 43	5000014c
	constant pool entry 40	500000f9
CLS 5000014d (name=java.util.Hashtable$Entry[], trace=300000)
	super		500000f9
CLS 5000014f (name=java.util.Collections, trace=300000)
	super		500000f9
	static EMPTY_SET	50001050
	static EMPTY_LIST	5000104f
	static EMPTY_MAP	5000104e
	constant pool entry 239	500000b7
	constant pool entry 231	5000005e
	constant pool entry 229	50000048
	constant pool entry 223	50000057
	constant pool entry 215	50000031
	constant pool entry 211	500000c4
	constant pool entry 210	50000034
	constant pool entry 208	5000002b
	constant pool entry 194	5000014f
CLS 50000150 (name=java.lang.Short, trace=300000)
	super		50000077
	static TYPE	50000edf
	constant pool entry 85	50000150
	constant pool entry 80	500000c0
	constant pool entry 6	500011b9
CLS 50000151 (name=java.lang.reflect.AnnotatedElement, trace=300000)
CLS 50000152 (name=java.lang.reflect.AnnotatedElement[], trace=300000)
	super		500000f9
CLS 50000153 (name=boolean[], trace=300000)
	super		500000f9
CLS 50000154 (name=byte[], trace=300000)
	super		500000f9
CLS 50000155 (name=char[], trace=300000)
	super		500000f9
CLS 50000156 (name=int[], trace=300000)
	super		500000f9
CLS 50000157 (name=short[], trace=300000)
	super		500000f9
CLS 50000158 (name=long[], trace=300000)
	super		500000f9
CLS 50000159 (name=float[], trace=300000)
	super		500000f9
CLS 5000015a (name=double[], trace=300000)
	super		500000f9
CLS 50000163 (name=java.lang.Enum, trace=300000)
	super		500000f9
	constant pool entry 68	500000f9
	constant pool entry 65	50000163
CLS 50000164 (name=sun.launcher.LauncherHelper, trace=300000)
	super		50000163
	static INSTANCE	50000165
	static MAIN_CLASS	50001b5b
	static outBuf	50000168
	static INDENT	50001b57
	static VM_SETTINGS	50001b5d
	static PROP_SETTINGS	50001b5c
	static LOCALE_SETTINGS	50001b5a
	static diagprop	50000f45
	static defaultBundleName	5000109d
	static $VALUES	50000167
	constant pool entry 529	5000013a
	constant pool entry 320	5000016b
	constant pool entry 319	50000164
	constant pool entry 313	5000016c
	constant pool entry 305	500008bb
	constant pool entry 299	5000007f
	constant pool entry 298	50000123
	constant pool entry 295	500000f9
	constant pool entry 292	50000068
	constant pool entry 291	50000163
	constant pool entry 287	50000116
	constant pool entry 285	5000010e
	constant pool entry 279	5000109d
	constant pool entry 57	50000f45
	constant pool entry 48	50001a4d
	constant pool entry 47	50001a4c
	constant pool entry 46	50001a4b
	constant pool entry 45	50001a4a
	constant pool entry 44	50001a49
	constant pool entry 39	50001a47
	constant pool entry 28	50001b5d
	constant pool entry 27	50001b5c
	constant pool entry 26	50001b5b
	constant pool entry 25	50001b5a
	constant pool entry 24	50001b59
	constant pool entry 18	50001b58
	constant pool entry 3	50001b57
CLS 50000166 (name=sun.launcher.LauncherHelper[], trace=300005)
	super		500000f9
CLS 5000016b (name=sun.launcher.LauncherHelper$ResourceBundleHolder, trace=300009)
	super		500000f9
	static RB	50000230
	constant pool entry 18	5000016b
	constant pool entry 16	5000016c
	constant pool entry 1	5000109d
CLS 5000016c (name=java.util.ResourceBundle, trace=300010)
	super		500000f9
	static NONEXISTENT_BUNDLE	5000016e
	static cacheList	5000016f
	static referenceQueue	500001a1
	constant pool entry 200	50000041
	constant pool entry 199	50000086
	constant pool entry 197	50000ace
	constant pool entry 196	500001a3
	constant pool entry 193	500001b6
	constant pool entry 191	500001f8
	constant pool entry 190	5000021d
	constant pool entry 189	5000016d
	constant pool entry 188	5000016c
	constant pool entry 186	5000009c
	constant pool entry 185	5000005f
	constant pool entry 181	50000113
	constant pool entry 178	5000007f
	constant pool entry 176	500000b2
	constant pool entry 175	500000f9
	constant pool entry 168	500000c0
	constant pool entry 166	500000b3
CLS 5000016d (name=java.util.ResourceBundle$1, trace=300011)
	super		5000016c
	constant pool entry 16	5000016c
CLS 500001a3 (name=java.util.ResourceBundle$RBClassLoader, trace=300020)
	super		50000071
	static INSTANCE	500001a6
	static loader	50000ed0
	constant pool entry 36	500001a4
	constant pool entry 35	500001a3
	constant pool entry 32	5000003d
	constant pool entry 30	50000071
CLS 500001a4 (name=java.util.ResourceBundle$RBClassLoader$1, trace=300021)
	super		500000f9
	constant pool entry 19	500001a4
	constant pool entry 18	500001a3
	constant pool entry 14	500000f9
CLS 500001b6 (name=java.util.ResourceBundle$Control, trace=300038)
	super		500000f9
	static FORMAT_DEFAULT	500001ba
	static FORMAT_CLASS	500001bd
	static FORMAT_PROPERTIES	500001c0
	static INSTANCE	500001c1
	static CANDIDATES_CACHE	500001c3
	constant pool entry 306	5000013a
	constant pool entry 156	500001c2
	constant pool entry 155	500004b0
	constant pool entry 154	500001b6
	constant pool entry 152	5000016c
	constant pool entry 150	5000009c
	constant pool entry 148	5000014f
	constant pool entry 147	5000004c
	constant pool entry 146	5000000a
	constant pool entry 145	500000b1
	constant pool entry 143	5000003d
	constant pool entry 138	50000123
	constant pool entry 137	500000b2
	constant pool entry 136	500000f9
	constant pool entry 130	50000099
	constant pool entry 129	50000071
	constant pool entry 127	500000c0
	constant pool entry 5	50001b04
	constant pool entry 4	50001b03
	constant pool entry 3	50001a4f
	constant pool entry 1	50000f07
CLS 500001b8 (name=java.util.Arrays$ArrayList, trace=300040)
	super		50000072
	constant pool entry 47	500001b8
	constant pool entry 45	50000072
CLS 500001c2 (name=java.util.ResourceBundle$Control$CandidateListCache, trace=300046)
	super		500000a9
	constant pool entry 85	500000a9
	constant pool entry 84	50000092
	constant pool entry 83	50000114
	constant pool entry 82	500001c2
	constant pool entry 78	5000009c
	constant pool entry 76	50000200
	constant pool entry 74	500000b2
	constant pool entry 14	50001260
	constant pool entry 13	50001b08
	constant pool entry 12	50001b07
	constant pool entry 11	50001b06
	constant pool entry 1	50000f07
CLS 500001f8 (name=java.util.ResourceBundle$CacheKey, trace=300054)
	super		500000f9
	constant pool entry 89	500001fb
	constant pool entry 88	500001f8
	constant pool entry 87	5000016c
	constant pool entry 86	5000009c
	constant pool entry 84	500000b2
	constant pool entry 83	500000f9
	constant pool entry 77	50000071
CLS 500001fa (name=java.util.ResourceBundle$CacheKeyReference, trace=300056)
CLS 500001fb (name=java.util.ResourceBundle$LoaderReference, trace=300056)
	super		50000044
	constant pool entry 16	500001fb
	constant pool entry 12	50000044
CLS 500001fd (name=java.util.Queue, trace=300058)
CLS 500001fe (name=java.util.Deque, trace=300058)
CLS 500001ff (name=java.util.AbstractSequentialList, trace=300058)
	super		50000072
	constant pool entry 36	50000072
CLS 50000200 (name=java.util.LinkedList, trace=300058)
	super		500001ff
	constant pool entry 290	5000013a
	constant pool entry 145	50000204
	constant pool entry 141	50000200
	constant pool entry 138	500001ff
	constant pool entry 135	500000f9
CLS 50000204 (name=java.util.LinkedList$Node, trace=300062)
	super		500000f9
	constant pool entry 17	50000204
	constant pool entry 15	500000f9
CLS 50000213 (name=java.util.ListResourceBundle, trace=300075)
	super		5000016c
	constant pool entry 37	5000016c
	constant pool entry 36	50000061
	constant pool entry 35	50000213
	constant pool entry 34	50000008
	constant pool entry 32	500000b2
CLS 50000214 (name=sun.launcher.resources.launcher, trace=300075)
	super		50000213
	constant pool entry 71	50000213
CLS 5000021d (name=java.util.ResourceBundle$BundleReference, trace=300083)
	super		500000a5
	constant pool entry 14	5000021d
	constant pool entry 12	500000a5
CLS 50000229 (name=sun.launcher.resources.launcher_de, trace=300075)
	super		50000213
	constant pool entry 65	5000013a
	constant pool entry 59	50000213
	constant pool entry 58	500000f9
	constant pool entry 57	500000fa
	constant pool entry 24	50001a4d
	constant pool entry 23	50001a4c
	constant pool entry 22	50001a4b
	constant pool entry 21	50001a4a
	constant pool entry 20	50001a49
	constant pool entry 19	50001a48
	constant pool entry 18	50001a47
	constant pool entry 17	50001a46
	constant pool entry 16	50001a45
	constant pool entry 15	50001a44
	constant pool entry 14	50001a43
	constant pool entry 13	50001a42
	constant pool entry 12	50001a41
	constant pool entry 11	50001a40
	constant pool entry 10	50001a3f
	constant pool entry 9	50001a3e
	constant pool entry 8	50001a3d
	constant pool entry 7	50001a3c
	constant pool entry 6	50001a3b
	constant pool entry 5	50001a3a
	constant pool entry 4	50001a39
	constant pool entry 3	50001a38
	constant pool entry 2	50001a37
	constant pool entry 1	50001a36
CLS 5000023d (name=java.net.URLClassLoader$1, trace=300091)
	super		500000f9
	constant pool entry 43	50000022
	constant pool entry 40	5000023d
	constant pool entry 39	500000bb
	constant pool entry 38	500000b2
	constant pool entry 37	500000f9
	constant pool entry 35	50000099
	constant pool entry 1	500013f0
CLS 50000243 (name=sun.net.util.URLUtil, trace=300097)
	super		500000f9
	constant pool entry 28	50000010
	constant pool entry 27	50000123
	constant pool entry 26	500000b2
	constant pool entry 2	5000189c
CLS 50000249 (name=sun.misc.URLClassPath$3, trace=300103)
	super		500000f9
	constant pool entry 46	5000024c
	constant pool entry 45	50000396
	constant pool entry 44	50000249
	constant pool entry 43	50000022
	constant pool entry 41	50000010
	constant pool entry 40	500000b2
	constant pool entry 39	500000f9
	constant pool entry 2	5000110c
	constant pool entry 1	50001118
CLS 5000024b (name=sun.misc.URLClassPath$Loader, trace=300105)
	super		500000f9
	constant pool entry 60	5000024b
	constant pool entry 51	500000f9
CLS 5000024c (name=sun.misc.URLClassPath$JarLoader, trace=300105)
	super		5000024b
	constant pool entry 193	50000065
	constant pool entry 191	5000024b
	constant pool entry 188	500003f6
	constant pool entry 187	5000024c
	constant pool entry 185	500000cd
	constant pool entry 183	50000076
	constant pool entry 182	50000412
	constant pool entry 179	500003f8
	constant pool entry 178	5000044d
	constant pool entry 175	50000411
	constant pool entry 165	50000389
	constant pool entry 164	5000003d
	constant pool entry 160	50000010
	constant pool entry 157	50000123
	constant pool entry 156	500000b2
	constant pool entry 154	50000776
	constant pool entry 153	50000777
	constant pool entry 152	5000010e
	constant pool entry 7	500013e6
	constant pool entry 6	5000110c
	constant pool entry 2	500013e8
	constant pool entry 1	50000f07
CLS 50000260 (name=sun.nio.cs.ThreadLocalCoders, trace=300123)
	super		500000f9
	static decoderCache	50000263
	static encoderCache	50000266
	constant pool entry 30	50000261
	constant pool entry 29	50000265
	constant pool entry 28	50000262
	constant pool entry 27	50000260
	constant pool entry 25	5000011a
CLS 50000261 (name=sun.nio.cs.ThreadLocalCoders$Cache, trace=300124)
	super		500000f9
	constant pool entry 51	5000013a
	constant pool entry 27	50000261
	constant pool entry 25	500000bd
	constant pool entry 24	500000f9
	constant pool entry 23	500000fa
CLS 50000262 (name=sun.nio.cs.ThreadLocalCoders$1, trace=300124)
	super		50000261
	constant pool entry 38	50000261
	constant pool entry 37	50000262
	constant pool entry 36	50000260
	constant pool entry 35	5000011a
	constant pool entry 34	5000003c
	constant pool entry 33	500000b2
	constant pool entry 32	500000c0
CLS 50000265 (name=sun.nio.cs.ThreadLocalCoders$2, trace=300127)
	super		50000261
	constant pool entry 38	50000261
	constant pool entry 37	50000265
	constant pool entry 36	50000260
	constant pool entry 32	500000c0
CLS 50000268 (name=java.lang.ThreadLocal$ThreadLocalMap, trace=300130)
	super		500000f9
	constant pool entry 115	5000013a
	constant pool entry 51	5000026a
	constant pool entry 50	50000268
	constant pool entry 48	500000bd
	constant pool entry 47	500000f9
CLS 5000026a (name=java.lang.ThreadLocal$ThreadLocalMap$Entry, trace=300132)
	super		50000044
	constant pool entry 16	50000044
	constant pool entry 15	5000026a
CLS 5000026b (name=java.lang.ThreadLocal$ThreadLocalMap$Entry[], trace=300133)
	super		500000f9
CLS 50000276 (name=sun.nio.cs.Unicode, trace=300143)
	super		5000003c
	constant pool entry 109	5000003c
CLS 50000277 (name=sun.nio.cs.UTF_8, trace=300143)
	super		50000276
	constant pool entry 32	50000276
	constant pool entry 31	50000445
	constant pool entry 30	50000280
	constant pool entry 27	500000d3
	constant pool entry 26	500000b6
	constant pool entry 1	50000f41
CLS 50000280 (name=sun.nio.cs.UTF_8$Decoder, trace=300148)
	super		5000011a
	constant pool entry 76	50000280
	constant pool entry 74	50000277
	constant pool entry 73	50000056
	constant pool entry 72	5000011a
	constant pool entry 71	500000d1
	constant pool entry 70	50000090
	constant pool entry 68	50000126
	constant pool entry 67	500000c0
CLS 50000389 (name=java.security.PrivilegedActionException, trace=300164)
	super		500000b8
	constant pool entry 34	50000389
	constant pool entry 29	500000b8
CLS 50000396 (name=sun.misc.URLClassPath$FileLoader, trace=300167)
	super		5000024b
	constant pool entry 63	50000065
	constant pool entry 62	5000024b
	constant pool entry 60	50000396
	constant pool entry 59	50000022
	constant pool entry 57	50000010
	constant pool entry 56	500000b2
	constant pool entry 52	5000010e
	constant pool entry 3	5000110c
	constant pool entry 2	5000189e
	constant pool entry 1	50001116
CLS 500003f6 (name=sun.misc.URLClassPath$JarLoader$1, trace=300204)
	super		500000f9
	constant pool entry 70	500003f6
	constant pool entry 69	5000024c
	constant pool entry 68	50000022
	constant pool entry 67	50000444
	constant pool entry 59	500000f9
CLS 500003f8 (name=sun.misc.FileURLMapper, trace=300206)
	super		500000f9
	constant pool entry 43	50000065
	constant pool entry 42	500003f8
	constant pool entry 41	50000010
	constant pool entry 39	500000b2
	constant pool entry 38	500000f9
	constant pool entry 37	5000010e
	constant pool entry 1	50000f07
CLS 5000040f (name=java.util.zip.ZipConstants, trace=300216)
CLS 50000410 (name=java.util.zip.ZipFile, trace=300216)
	super		500000f9
	constant pool entry 223	5000009d
	constant pool entry 222	50000426
	constant pool entry 221	5000048b
	constant pool entry 219	5000048e
	constant pool entry 218	50000410
	constant pool entry 216	5000047e
	constant pool entry 214	50000424
	constant pool entry 213	5000048f
	constant pool entry 212	50000067
	constant pool entry 211	50000032
	constant pool entry 209	500000f8
	constant pool entry 208	5000003c
	constant pool entry 206	5000007f
	constant pool entry 202	500000f9
	constant pool entry 195	5000010e
	constant pool entry 9	50000f42
	constant pool entry 3	50000f41
CLS 50000411 (name=java.util.jar.JarFile, trace=300216)
	super		50000410
	static MANIFEST_NAME	50000f32
	static lastOcc	50000416
	static optoSft	50000417
	static src	50000415
	static javaHome	50000f3e
	static jarNames	5000044f
	constant pool entry 403	5000013a
	constant pool entry 193	500000c6
	constant pool entry 192	500000cd
	constant pool entry 191	50000410
	constant pool entry 188	50000413
	constant pool entry 185	50000481
	constant pool entry 180	50000411
	constant pool entry 179	50000480
	constant pool entry 174	5000003d
	constant pool entry 171	50000123
	constant pool entry 170	500000b2
	constant pool entry 168	50000126
	constant pool entry 166	5000010e
	constant pool entry 165	50000485
	constant pool entry 18	50000f3d
	constant pool entry 17	50000f3c
	constant pool entry 16	50000f3b
	constant pool entry 15	50000f3a
	constant pool entry 13	50000f39
	constant pool entry 12	50000f38
	constant pool entry 11	50000f37
	constant pool entry 10	50000f36
	constant pool entry 9	50000f35
	constant pool entry 7	50000f34
	constant pool entry 6	50000f33
	constant pool entry 5	50000f32
CLS 50000412 (name=sun.misc.JavaUtilJarAccess, trace=300217)
CLS 50000413 (name=java.util.jar.JavaUtilJarAccessImpl, trace=300217)
	super		500000f9
	constant pool entry 23	50000411
	constant pool entry 22	500000f9
CLS 50000424 (name=java.util.zip.ZipCoder, trace=300229)
	super		500000f9
	constant pool entry 182	5000013a
	constant pool entry 77	50000424
	constant pool entry 76	5000000a
	constant pool entry 75	50000089
	constant pool entry 74	50000056
	constant pool entry 73	50000049
	constant pool entry 71	5000003c
	constant pool entry 70	500000d1
	constant pool entry 69	50000090
	constant pool entry 68	500000b2
	constant pool entry 67	500000f9
	constant pool entry 1	50000f41
CLS 50000426 (name=sun.misc.PerfCounter, trace=300231)
	super		500000f9
	static perf	5000042a
	constant pool entry 78	5000042b
	constant pool entry 77	50000426
	constant pool entry 76	50000427
	constant pool entry 75	50000429
	constant pool entry 74	5000003d
	constant pool entry 73	50000432
	constant pool entry 72	50000119
	constant pool entry 71	50000090
	constant pool entry 70	5000007f
	constant pool entry 68	500000f9
CLS 50000427 (name=sun.misc.Perf$GetPerfAction, trace=300232)
	super		500000f9
	constant pool entry 15	50000427
	constant pool entry 14	50000429
	constant pool entry 12	500000f9
CLS 50000429 (name=sun.misc.Perf, trace=300234)
	super		500000f9
	static instance	5000042a
	constant pool entry 76	50000429
	constant pool entry 73	5000007f
	constant pool entry 69	500000f9
CLS 5000042b (name=sun.misc.PerfCounter$CoreCounters, trace=300236)
	super		500000f9
	static pdt	5000042c
	static lc	50000435
	static lct	50000438
	static rcbt	5000043b
	static zfc	5000043e
	static zfot	50000441
	constant pool entry 30	5000042b
	constant pool entry 29	50000426
	constant pool entry 6	5000196f
	constant pool entry 5	5000196e
	constant pool entry 4	5000196d
	constant pool entry 3	5000196c
	constant pool entry 2	5000196b
	constant pool entry 1	5000196a
CLS 5000042d (name=sun.nio.ch.DirectBuffer, trace=300238)
CLS 5000042e (name=java.nio.MappedByteBuffer, trace=300238)
	super		50000090
	constant pool entry 40	5000042e
	constant pool entry 39	50000090
CLS 5000042f (name=java.nio.DirectByteBuffer, trace=300238)
	super		5000042e
	static unsafe	50000f15
	constant pool entry 235	50000143
	constant pool entry 232	5000042e
	constant pool entry 225	50000433
	constant pool entry 212	5000042f
	constant pool entry 195	50000084
	constant pool entry 189	500000c0
	constant pool entry 187	50000154
CLS 50000432 (name=java.nio.LongBuffer, trace=300241)
	super		500000b6
	constant pool entry 92	50000432
	constant pool entry 88	500000b6
CLS 50000433 (name=java.nio.DirectLongBufferU, trace=300241)
	super		50000432
	static unsafe	50000f15
	constant pool entry 84	5000042d
	constant pool entry 83	50000143
	constant pool entry 82	50000432
	constant pool entry 81	50000433
	constant pool entry 76	50000084
	constant pool entry 74	500000c0
	constant pool entry 72	50000158
CLS 50000444 (name=sun.misc.JarIndex, trace=300248)
	super		500000f9
	static INDEX_NAME	500018af
	constant pool entry 143	50000444
	constant pool entry 140	50000411
	constant pool entry 130	5000007f
	constant pool entry 128	500000b2
	constant pool entry 10	50000f49
	constant pool entry 9	500018b0
	constant pool entry 6	500018af
CLS 50000445 (name=sun.nio.cs.UTF_8$Encoder, trace=300249)
	super		50000049
	constant pool entry 65	50000445
	constant pool entry 63	50000277
	constant pool entry 60	50000056
	constant pool entry 59	50000049
	constant pool entry 58	500000d1
	constant pool entry 57	50000090
	constant pool entry 56	50000126
CLS 5000044d (name=sun.misc.ExtensionDependency, trace=300257)
	super		500000f9
	constant pool entry 205	5000044d
CLS 5000047e (name=java.util.zip.ZipEntry, trace=300300)
	super		500000f9
	constant pool entry 115	5000047e
	constant pool entry 111	500000f9
CLS 50000480 (name=java.util.jar.JarEntry, trace=300302)
	super		5000047e
	constant pool entry 22	5000047e
CLS 50000481 (name=java.util.jar.JarFile$JarFileEntry, trace=300302)
	super		50000480
	constant pool entry 35	50000481
	constant pool entry 33	50000480
CLS 50000484 (name=java.io.DataInput, trace=300305)
CLS 50000485 (name=java.io.DataInputStream, trace=300305)
	super		50000139
	constant pool entry 155	5000013a
	constant pool entry 89	500000b2
	constant pool entry 83	50000094
	constant pool entry 81	50000139
	constant pool entry 79	50000485
	constant pool entry 78	50000484
CLS 5000048b (name=java.util.zip.ZipFile$ZipFileInputStream, trace=300309)
	super		50000094
	constant pool entry 50	5000048b
	constant pool entry 49	50000410
	constant pool entry 48	50000032
	constant pool entry 45	50000094
CLS 5000048d (name=java.util.zip.InflaterInputStream, trace=300311)
	super		50000139
	constant pool entry 149	5000013a
	constant pool entry 83	5000048d
	constant pool entry 82	5000048f
	constant pool entry 75	50000094
	constant pool entry 73	50000139
CLS 5000048e (name=java.util.zip.ZipFile$1, trace=300311)
	super		5000048d
	constant pool entry 52	5000048e
	constant pool entry 51	50000410
	constant pool entry 50	5000048d
	constant pool entry 49	5000048f
	constant pool entry 48	50000094
CLS 5000048f (name=java.util.zip.Inflater, trace=300312)
	super		500000f9
	static defaultBuf	50000490
	constant pool entry 149	5000013a
	constant pool entry 79	50000493
	constant pool entry 78	5000048f
	constant pool entry 74	500000f9
	constant pool entry 72	500000c0
CLS 50000493 (name=java.util.zip.ZStreamRef, trace=300315)
	super		500000f9
	constant pool entry 12	50000493
	constant pool entry 11	500000f9
CLS 500004b0 (name=java.util.ResourceBundle$Control$1, trace=300332)
	super		500000f9
	constant pool entry 45	500004b0
	constant pool entry 39	500000f9
	constant pool entry 37	50000071
CLS 500004b2 (name=sun.misc.Launcher$BootClassPathHolder, trace=300334)
	super		500000f9
	static bcp	500006d6
	constant pool entry 27	50000022
	constant pool entry 26	500004b3
	constant pool entry 25	500004b2
	constant pool entry 24	50000070
	constant pool entry 23	5000003d
	constant pool entry 20	50000011
CLS 500004b3 (name=sun.misc.Launcher$BootClassPathHolder$1, trace=300335)
	super		500000f9
	constant pool entry 38	50000076
	constant pool entry 37	500004b3
	constant pool entry 35	50000070
	constant pool entry 34	50000032
	constant pool entry 33	500000f8
	constant pool entry 31	500000f9
	constant pool entry 30	5000010e
CLS 50000776 (name=java.io.IOException, trace=300419)
	super		500000b8
	constant pool entry 14	500000b8
CLS 50000777 (name=java.io.FileNotFoundException, trace=300419)
	super		50000776
	constant pool entry 26	50000776
CLS 5000087a (name=java.net.URLClassLoader$2, trace=300422)
	super		500000f9
	constant pool entry 22	50000022
	constant pool entry 20	5000087a
	constant pool entry 19	500000bb
	constant pool entry 18	500000f9
CLS 5000089e (name=java.lang.Object[][], trace=300434)
	super		500000f9
CLS 500008ba (name=java.text.Format, trace=300450)
	super		500000f9
	constant pool entry 54	500008ba
	constant pool entry 53	500008ec
	constant pool entry 49	500000e4
	constant pool entry 48	500000f9
CLS 500008bb (name=java.text.MessageFormat, trace=300450)
	super		500008ba
	static TYPE_KEYWORDS	500008bc
	static NUMBER_MODIFIER_KEYWORDS	500008bd
	static DATE_TIME_MODIFIER_KEYWORDS	500008be
	static DATE_TIME_MODIFIERS	500008bf
	constant pool entry 506	5000013a
	constant pool entry 278	500008c5
	constant pool entry 277	5000009c
	constant pool entry 275	500008ef
	constant pool entry 269	50000a25
	constant pool entry 268	500008f2
	constant pool entry 267	500008bb
	constant pool entry 265	500008ba
	constant pool entry 264	500008ec
	constant pool entry 255	50000123
	constant pool entry 254	500000e4
	constant pool entry 253	500000b2
	constant pool entry 250	50000077
	constant pool entry 248	50000068
	constant pool entry 237	500000fa
	constant pool entry 31	50001b69
	constant pool entry 30	500011b9
	constant pool entry 29	50001b37
	constant pool entry 28	50001b68
	constant pool entry 25	50001b67
	constant pool entry 24	500011bb
	constant pool entry 23	50001b35
	constant pool entry 22	50001b66
	constant pool entry 20	50001b65
	constant pool entry 19	50001b2e
	constant pool entry 18	50001b64
	constant pool entry 2	50000f07
CLS 500008c1 (name=java.text.Format[], trace=300456)
	super		500000f9
CLS 500008c5 (name=java.util.Locale$Category, trace=300459)
	super		50000163
	static DISPLAY	500008c6
	static FORMAT	500008c7
	static $VALUES	500008c9
	constant pool entry 77	5000013a
	constant pool entry 43	500008c5
	constant pool entry 41	50000163
	constant pool entry 40	500008c8
	constant pool entry 10	500013be
	constant pool entry 9	500013bd
	constant pool entry 8	500013bc
	constant pool entry 7	500013bb
	constant pool entry 6	500013ba
	constant pool entry 5	500013b9
	constant pool entry 4	500013b8
	constant pool entry 3	500013b7
	constant pool entry 2	500013b6
	constant pool entry 1	500013b5
CLS 500008c8 (name=java.util.Locale$Category[], trace=300462)
	super		500000f9
CLS 500008ca (name=java.util.Locale$1, trace=300463)
	super		500000f9
	static $SwitchMap$java$util$Locale$Category	500008cb
	constant pool entry 38	5000013a
	constant pool entry 23	500008c5
	constant pool entry 22	500008ca
CLS 500008d2 (name=java.lang.StringBuilder[], trace=300470)
	super		500000f9
CLS 500008ec (name=java.text.FieldPosition, trace=300482)
	super		500000f9
	constant pool entry 54	50000d5f
	constant pool entry 52	500008ec
	constant pool entry 50	500000f9
CLS 500008ef (name=java.util.Date, trace=300485)
	super		500000f9
CLS 500008f0 (name=java.text.AttributedCharacterIterator$Attribute, trace=300486)
	super		500000f9
	static instanceMap	500008f3
	static LANGUAGE	500008f5
	static READING	500008f7
	static INPUT_METHOD_SEGMENT	500008f9
	constant pool entry 67	50000061
	constant pool entry 66	50000008
	constant pool entry 65	500008f0
	constant pool entry 61	500000f9
	constant pool entry 5	50001a33
	constant pool entry 4	50001256
	constant pool entry 3	50001a32
CLS 500008f1 (name=java.text.Format$Field, trace=300486)
	super		500008f0
	constant pool entry 16	500008f0
CLS 500008f2 (name=java.text.MessageFormat$Field, trace=300486)
	super		500008f1
	static ARGUMENT	500008fb
	constant pool entry 32	500008f2
	constant pool entry 30	500008f1
	constant pool entry 1	50001b70
CLS 50000905 (name=java.lang.Integer$IntegerCache, trace=300498)
	super		500000f9
	static cache	50000907
	constant pool entry 55	5000013a
	constant pool entry 36	5000009d
	constant pool entry 32	50000905
	constant pool entry 31	50000068
	constant pool entry 2	50000f44
CLS 50000906 (name=java.lang.Integer[], trace=300499)
	super		500000f9
CLS 50000a25 (name=java.text.NumberFormat, trace=300504)
	super		500008ba
	static cachedLocaleData	50000a26
	constant pool entry 193	50000ac7
	constant pool entry 191	50000a2a
	constant pool entry 188	5000016c
	constant pool entry 185	500000a0
	constant pool entry 184	50000a29
	constant pool entry 179	50000a25
	constant pool entry 178	500008ba
	constant pool entry 176	50000b30
	constant pool entry 175	50000cfc
	constant pool entry 167	50000126
	constant pool entry 157	500000b3
	constant pool entry 4	50001afb
CLS 50000a28 (name=java.util.spi.LocaleServiceProvider, trace=300507)
	super		500000f9
CLS 50000a29 (name=java.text.spi.NumberFormatProvider, trace=300507)
	super		50000a28
CLS 50000a2a (name=sun.util.LocaleServiceProviderPool, trace=300508)
	super		500000f9
	static poolOfPools	50000a2b
	static locale_ja_JP_JP	50000a5d
	static locale_th_TH_TH	50000a64
	constant pool entry 143	50000aa3
	constant pool entry 142	50000a2a
	constant pool entry 140	50000086
	constant pool entry 139	50000032
	constant pool entry 138	50000061
	constant pool entry 136	5000009c
	constant pool entry 134	50000a6c
	constant pool entry 128	5000003d
	constant pool entry 124	500000f9
	constant pool entry 10	50001258
	constant pool entry 8	50001254
	constant pool entry 7	50001248
	constant pool entry 6	50001246
CLS 50000a6c (name=java.util.LinkedHashSet, trace=300521)
	super		500000f8
	constant pool entry 30	500000f8
CLS 50000aa3 (name=sun.util.LocaleServiceProviderPool$1, trace=300528)
	super		500000f9
	constant pool entry 35	50000aa3
	constant pool entry 31	50000aa5
	constant pool entry 30	5000003a
	constant pool entry 28	500000f9
CLS 50000aa5 (name=java.util.ServiceLoader, trace=300530)
	super		500000f9
	static PREFIX	50001b0d
	constant pool entry 118	50000aaa
	constant pool entry 117	50000aac
	constant pool entry 116	50000aa5
	constant pool entry 113	5000007a
	constant pool entry 106	500000f9
	constant pool entry 104	50000071
	constant pool entry 97	50001b0d
CLS 50000aaa (name=java.util.ServiceLoader$LazyIterator, trace=300535)
	super		500000f9
	constant pool entry 81	50000aaa
	constant pool entry 75	50000085
	constant pool entry 71	50000123
	constant pool entry 69	500000f9
	constant pool entry 66	50000071
	constant pool entry 65	500000c0
	constant pool entry 4	50001b0d
CLS 50000aac (name=java.util.ServiceLoader$1, trace=300537)
	super		500000f9
	constant pool entry 40	50000032
	constant pool entry 39	50000aaa
	constant pool entry 38	50000aac
	constant pool entry 37	50000aa5
	constant pool entry 34	5000007a
	constant pool entry 33	5000003a
	constant pool entry 31	500000f9
CLS 50000aaf (name=java.util.LinkedHashMap$LinkedHashIterator, trace=300540)
	super		500000f9
	constant pool entry 37	50000aaf
	constant pool entry 36	50000064
	constant pool entry 34	5000007a
	constant pool entry 31	500000f9
CLS 50000ab0 (name=java.util.LinkedHashMap$EntryIterator, trace=300540)
	super		50000aaf
	constant pool entry 20	50000aaf
	constant pool entry 19	50000ab0
CLS 50000ab8 (name=java.util.Enumeration[], trace=300546)
	super		500000f9
CLS 50000aba (name=sun.misc.URLClassPath$2, trace=300547)
	super		500000f9
	constant pool entry 34	5000024b
	constant pool entry 33	50000aba
	constant pool entry 32	50000022
	constant pool entry 29	500000f9
CLS 50000abc (name=java.lang.ClassLoader$2, trace=300549)
	super		500000f9
	constant pool entry 21	50000085
	constant pool entry 20	500000f9
	constant pool entry 19	50000abc
CLS 50000abe (name=sun.misc.URLClassPath$1, trace=300551)
	super		500000f9
	constant pool entry 34	5000024b
	constant pool entry 33	50000abe
	constant pool entry 32	50000022
	constant pool entry 29	500000f9
CLS 50000ac0 (name=java.net.URLClassLoader$3, trace=300553)
	super		500000f9
	constant pool entry 34	5000003d
	constant pool entry 33	50000ac4
	constant pool entry 32	50000ac0
	constant pool entry 31	500000bb
	constant pool entry 29	500000f9
CLS 50000ac2 (name=sun.misc.CompoundEnumeration, trace=300555)
	super		500000f9
	constant pool entry 22	50000ac2
	constant pool entry 20	50000085
	constant pool entry 19	500000f9
CLS 50000ac4 (name=java.net.URLClassLoader$3$1, trace=300557)
	super		500000f9
	constant pool entry 26	50000085
	constant pool entry 24	50000ac4
	constant pool entry 23	50000ac0
	constant pool entry 21	500000f9
CLS 50000ac7 (name=sun.util.resources.LocaleData, trace=300560)
	super		500000f9
	static localeDataJarName	50000f39
	constant pool entry 103	50000cbc
	constant pool entry 99	50000ac8
	constant pool entry 98	50000ac7
	constant pool entry 94	5000016c
	constant pool entry 92	5000003d
	constant pool entry 9	500010ae
	constant pool entry 7	500010b0
	constant pool entry 5	50000f39
CLS 50000ac8 (name=sun.util.resources.LocaleData$1, trace=300561)
	super		500000f9
	constant pool entry 27	50000aca
	constant pool entry 26	50000ac8
	constant pool entry 23	5000016c
	constant pool entry 21	500000f9
CLS 50000aca (name=sun.util.resources.LocaleData$LocaleDataResourceBundleControl, trace=300563)
	super		500001b6
	static rbControlInstance	50000acb
	constant pool entry 54	50000aca
	constant pool entry 52	50000ad1
	constant pool entry 51	500001b6
	constant pool entry 49	5000009c
	constant pool entry 48	5000005f
	constant pool entry 47	5000003a
	constant pool entry 46	50000123
	constant pool entry 45	500000b2
	constant pool entry 2	50001b10
	constant pool entry 1	50001b0f
CLS 50000ace (name=java.util.ResourceBundle$SingleFormatControl, trace=300566)
	super		500001b6
CLS 50000ad1 (name=sun.util.LocaleDataMetaInfo, trace=300568)
	super		500000f9
	static resourceNameToLocales	50000ad2
	constant pool entry 43	50000ad1
	constant pool entry 42	50000008
	constant pool entry 41	500000b2
	constant pool entry 12	50001b1a
	constant pool entry 11	50001b19
	constant pool entry 10	500010ae
	constant pool entry 9	50001b18
	constant pool entry 8	500010b0
	constant pool entry 7	50001b17
	constant pool entry 6	50001b16
	constant pool entry 5	50001b15
	constant pool entry 4	50001b14
	constant pool entry 3	50001b13
	constant pool entry 2	50001b12
	constant pool entry 1	50001b11
CLS 50000ada (name=java.util.ArrayList$Itr, trace=300577)
	super		500000f9
	constant pool entry 37	50000ada
	constant pool entry 35	500000b1
	constant pool entry 34	500000f9
CLS 50000af5 (name=sun.text.resources.FormatData, trace=300075)
	super		50000213
	constant pool entry 219	50000213
CLS 50000b09 (name=sun.text.resources.FormatData_de, trace=300075)
	super		50000213
	constant pool entry 157	5000013a
	constant pool entry 151	50000213
	constant pool entry 150	500000b2
	constant pool entry 149	500000f9
	constant pool entry 148	500000fa
	constant pool entry 69	5000145c
	constant pool entry 68	50001ac9
	constant pool entry 67	50001ac8
	constant pool entry 66	50001ab6
	constant pool entry 65	50001aa8
	constant pool entry 64	50001aa9
	constant pool entry 63	50001ab4
	constant pool entry 62	50001ab5
	constant pool entry 61	50001ab3
	constant pool entry 60	50001ad4
	constant pool entry 59	50001a98
	constant pool entry 58	50001a82
	constant pool entry 57	50001aeb
	constant pool entry 56	50001ada
	constant pool entry 55	50001a9e
	constant pool entry 54	50001a83
	constant pool entry 53	50001aec
	constant pool entry 52	50001ac0
	constant pool entry 51	50001a84
	constant pool entry 50	50001aed
	constant pool entry 49	50001a7c
	constant pool entry 48	50001ae6
	constant pool entry 47	50001a78
	constant pool entry 46	50001ae2
	constant pool entry 45	50001ad5
	constant pool entry 44	50001a99
	constant pool entry 43	50001ad7
	constant pool entry 42	50001a9b
	constant pool entry 41	50001a7e
	constant pool entry 40	50001a7f
	constant pool entry 39	50001ae8
	constant pool entry 38	50001a80
	constant pool entry 37	50001ae9
	constant pool entry 36	50001a7a
	constant pool entry 35	50001ae4
	constant pool entry 34	50001aaf
	constant pool entry 33	50001ab0
	constant pool entry 32	50001aae
	constant pool entry 31	50001ab1
	constant pool entry 30	50001a92
	constant pool entry 29	50001ad9
	constant pool entry 28	50001a9d
	constant pool entry 27	50001a7b
	constant pool entry 26	50001ae5
	constant pool entry 25	50001aa6
	constant pool entry 24	50001ab2
	constant pool entry 23	50001ac7
	constant pool entry 22	50001ad8
	constant pool entry 21	50001a9c
	constant pool entry 20	50001ad6
	constant pool entry 19	50001a9a
	constant pool entry 18	50001a85
	constant pool entry 17	50001aee
	constant pool entry 16	50001ad2
	constant pool entry 15	50001a96
	constant pool entry 14	50001aac
	constant pool entry 13	50001a93
	constant pool entry 12	50001a81
	constant pool entry 11	50001aea
	constant pool entry 10	50001a7d
	constant pool entry 9	50001ae7
	constant pool entry 8	50001ac3
	constant pool entry 7	50001ac5
	constant pool entry 6	50001116
	constant pool entry 5	5000187e
	constant pool entry 4	50001ac2
	constant pool entry 3	50001ac4
	constant pool entry 2	50001ac6
	constant pool entry 1	50000f07
CLS 50000b1d (name=sun.text.resources.FormatData_de_DE, trace=300075)
	super		50000213
	constant pool entry 27	5000013a
	constant pool entry 21	50000213
	constant pool entry 20	500000b2
	constant pool entry 19	500000f9
	constant pool entry 18	500000fa
	constant pool entry 4	50001afb
	constant pool entry 3	50001afe
	constant pool entry 2	50001afd
	constant pool entry 1	50001aff
CLS 50000b30 (name=java.text.DecimalFormatSymbols, trace=300595)
	super		500000f9
	static cachedLocaleData	50000b31
	constant pool entry 306	5000013a
	constant pool entry 174	50000ac7
	constant pool entry 172	50000a2a
	constant pool entry 171	50000086
	constant pool entry 170	5000016c
	constant pool entry 168	5000009c
	constant pool entry 167	50000bd2
	constant pool entry 166	50000b63
	constant pool entry 164	50000b30
	constant pool entry 163	500000b2
	constant pool entry 162	500000f9
	constant pool entry 151	500000b3
	constant pool entry 150	500000fa
	constant pool entry 5	50001344
	constant pool entry 2	50001ac0
	constant pool entry 1	50000f07
CLS 50000b63 (name=java.text.spi.DecimalFormatSymbolsProvider, trace=300598)
	super		50000a28
CLS 50000bd2 (name=java.util.Currency, trace=300620)
	super		500000f9
	static instances	50000bd3
	static mainTable	50000be9
	static scCutOverTimes	50000bea
	static scOldCurrencies	50000beb
	static scNewCurrencies	50000c12
	static scOldCurrenciesDFD	50000c39
	static scNewCurrenciesDFD	50000c3a
	static scOldCurrenciesNumericCode	50000c3b
	static scNewCurrenciesNumericCode	50000c3c
	static otherCurrencies	50000c3f
	static otherCurrenciesDFD	50000c41
	static otherCurrenciesNumericCode	50000c42
	constant pool entry 403	5000013a
	constant pool entry 215	50000ac7
	constant pool entry 212	50000a2a
	constant pool entry 211	50000c4c
	constant pool entry 206	5000016c
	constant pool entry 203	5000009c
	constant pool entry 201	50000008
	constant pool entry 199	50000bd5
	constant pool entry 198	50000bd2
	constant pool entry 197	5000003d
	constant pool entry 192	500000b2
	constant pool entry 191	500000f9
	constant pool entry 185	50000485
CLS 50000bd5 (name=java.util.Currency$1, trace=300623)
	super		500000f9
	constant pool entry 106	50000bd2
	constant pool entry 103	5000007f
	constant pool entry 102	50000123
	constant pool entry 100	500000f9
	constant pool entry 96	50000055
	constant pool entry 95	5000010e
	constant pool entry 94	50000485
	constant pool entry 93	50000111
	constant pool entry 9	50001b29
	constant pool entry 8	50000f35
	constant pool entry 6	50001b28
	constant pool entry 5	50001b27
CLS 50000c4c (name=java.util.spi.CurrencyNameProvider, trace=300661)
	super		50000a28
CLS 50000cbc (name=sun.util.resources.OpenListResourceBundle, trace=300075)
	super		5000016c
	constant pool entry 42	50000cbc
	constant pool entry 39	5000016c
	constant pool entry 38	50000061
	constant pool entry 37	50000008
	constant pool entry 35	500000b2
CLS 50000cbd (name=sun.util.resources.LocaleNamesBundle, trace=300075)
	super		50000cbc
	constant pool entry 7	50000cbc
CLS 50000cbe (name=sun.util.resources.CurrencyNames, trace=300075)
	super		50000cbd
	constant pool entry 1270	50000cbd
CLS 50000cd2 (name=sun.util.resources.CurrencyNames_de, trace=300075)
	super		50000cbd
	constant pool entry 792	50000cbd
CLS 50000ce8 (name=sun.util.resources.CurrencyNames_de_DE, trace=300075)
	super		50000cbd
	constant pool entry 25	5000013a
	constant pool entry 20	50000cbd
	constant pool entry 18	500000f9
	constant pool entry 17	500000fa
	constant pool entry 4	50001a6e
	constant pool entry 3	50001a6f
	constant pool entry 2	50001a72
	constant pool entry 1	50001a73
CLS 50000cfc (name=java.text.DecimalFormat, trace=300676)
	super		50000a25
	static PATTERN_EXPONENT	50001ac7
	static EmptyFieldPositionArray	50000cfe
	static cachedLocaleData	50000cff
	constant pool entry 851	5000013a
	constant pool entry 399	50000086
	constant pool entry 392	50000d61
	constant pool entry 391	50000a25
	constant pool entry 390	50000d5e
	constant pool entry 387	500008ec
	constant pool entry 386	50000d32
	constant pool entry 385	50000b30
	constant pool entry 384	50000cfc
	constant pool entry 382	50000d36
	constant pool entry 377	500000e4
	constant pool entry 376	500000b2
	constant pool entry 373	50000077
	constant pool entry 371	50000126
	constant pool entry 370	500000a4
	constant pool entry 368	50000068
	constant pool entry 362	500000c0
	constant pool entry 12	50001ac7
	constant pool entry 10	5000187e
	constant pool entry 6	50001b2d
	constant pool entry 2	50000f07
CLS 50000cfd (name=java.text.FieldPosition[], trace=300677)
	super		500000f9
CLS 50000d32 (name=java.text.DigitList, trace=300681)
	super		500000f9
	static LONG_MIN_REP	50000d33
	constant pool entry 252	5000013a
	constant pool entry 133	50000d32
	constant pool entry 132	50000d36
	constant pool entry 129	5000007f
	constant pool entry 126	500000b2
	constant pool entry 125	500000f9
	constant pool entry 119	500000c0
	constant pool entry 4	50001b44
CLS 50000d36 (name=java.math.RoundingMode, trace=300685)
	super		50000163
	static UP	50000d37
	static DOWN	50000d38
	static CEILING	50000d39
	static FLOOR	50000d3a
	static HALF_UP	50000d3b
	static HALF_DOWN	50000d3c
	static HALF_EVEN	50000d3d
	static UNNECESSARY	50000d3e
	static $VALUES	50000d40
	constant pool entry 81	5000013a
	constant pool entry 40	50000d36
	constant pool entry 38	50000163
	constant pool entry 8	50001b4c
	constant pool entry 7	50001b4b
	constant pool entry 6	50001b4a
	constant pool entry 5	50001b49
	constant pool entry 4	50001b48
	constant pool entry 3	50001b47
	constant pool entry 2	50001b46
	constant pool entry 1	50001b45
CLS 50000d3f (name=java.math.RoundingMode[], trace=300694)
	super		500000f9
CLS 50000d5e (name=java.text.Format$FieldDelegate, trace=300717)
CLS 50000d5f (name=java.text.FieldPosition$Delegate, trace=300717)
	super		500000f9
	constant pool entry 28	50000d5f
	constant pool entry 26	500008ec
	constant pool entry 24	500000f9
CLS 50000d61 (name=java.text.NumberFormat$Field, trace=300719)
	super		500008f1
	static instanceMap	50000d62
	static INTEGER	50000d64
	static FRACTION	50000d66
	static EXPONENT	50000d68
	static DECIMAL_SEPARATOR	50000d6a
	static SIGN	50000d6c
	static GROUPING_SEPARATOR	50000d6e
	static EXPONENT_SYMBOL	50000d70
	static PERCENT	50000d72
	static PERMILLE	50000d74
	static CURRENCY	50000d76
	static EXPONENT_SIGN	50000d78
	constant pool entry 76	50000061
	constant pool entry 75	50000008
	constant pool entry 74	50000d61
	constant pool entry 72	500008f1
	constant pool entry 69	500000f9
	constant pool entry 11	50001b38
	constant pool entry 10	50001b37
	constant pool entry 9	50001b36
	constant pool entry 8	50001b35
	constant pool entry 7	50001b34
	constant pool entry 6	50001b33
	constant pool entry 5	50001b32
	constant pool entry 4	50001b31
	constant pool entry 3	50001b30
	constant pool entry 2	50001b2f
	constant pool entry 1	50001b2e
CLS 50000ec4 (name=java.lang.Shutdown, trace=300000)
	super		500000f9
	static hooks	50000ec5
	static lock	50000ec7
	static haltLock	50000ec8
	constant pool entry 112	5000013a
	constant pool entry 64	50000ec6
	constant pool entry 62	50000ec4
	constant pool entry 61	50000051
CLS 50000ec6 (name=java.lang.Shutdown$Lock, trace=300758)
	super		500000f9
	constant pool entry 12	50000ec6
	constant pool entry 9	500000f9
CLS 50000ec9 (name=java.lang.Cloneable[], trace=300000)
	super		500000f9
CLS 50000eca (name=java.lang.Number[], trace=300000)
	super		500000f9
CLS 50000ecb (name=java.lang.Appendable[], trace=300000)
	super		500000f9
CLS 50000ecc (name=java.lang.AbstractStringBuilder[], trace=300000)
	super		500000f9
CLS 50000ecd (name=java.lang.Enum[], trace=300000)
	super		500000f9
