HEAP DUMP BEGIN (2350 objects, 280440 bytes) Mon Mar 21 14:39:24 2011
ROOT 0 (kind=<thread>, id=200000, trace=300000)
ROOT 500000b2 (kind=<JNI global ref>, id=1, trace=300000)
ROOT 50000001 (kind=<JNI global ref>, id=2, trace=300000)
ROOT 500000f9 (kind=<JNI global ref>, id=3, trace=300000)
ROOT 50000002 (kind=<JNI global ref>, id=4, trace=300000)
ROOT 50000003 (kind=<JNI global ref>, id=5, trace=300000)
ROOT 50000004 (kind=<JNI global ref>, id=6, trace=300000)
ROOT 5000001f (kind=<JNI global ref>, id=7, trace=300000)
ROOT 50000005 (kind=<JNI global ref>, id=8, trace=300000)
ROOT 50000006 (kind=<JNI global ref>, id=9, trace=300000)
ROOT 500000ff (kind=<JNI global ref>, id=a, trace=300000)
ROOT 50000007 (kind=<JNI global ref>, id=b, trace=300000)
ROOT 500000a6 (kind=<JNI global ref>, id=c, trace=300000)
ROOT 50000008 (kind=<JNI global ref>, id=d, trace=300000)
ROOT 5000000f (kind=<JNI global ref>, id=e, trace=300000)
ROOT 50000009 (kind=<JNI global ref>, id=f, trace=300000)
ROOT 5000000a (kind=<JNI global ref>, id=10, trace=300000)
ROOT 5000000b (kind=<JNI global ref>, id=11, trace=300000)
ROOT 50000134 (kind=<JNI global ref>, id=12, trace=300000)
ROOT 5000000c (kind=<JNI global ref>, id=13, trace=300000)
ROOT 5000000d (kind=<JNI global ref>, id=14, trace=300000)
ROOT 5000000e (kind=<JNI global ref>, id=15, trace=300000)
ROOT 50000010 (kind=<JNI global ref>, id=16, trace=300000)
ROOT 50000011 (kind=<JNI global ref>, id=17, trace=300000)
ROOT 50000012 (kind=<JNI global ref>, id=18, trace=300000)
ROOT 50000013 (kind=<JNI global ref>, id=19, trace=300000)
ROOT 50000077 (kind=<JNI global ref>, id=1a, trace=300000)
ROOT 50000014 (kind=<JNI global ref>, id=1b, trace=300000)
ROOT 50000062 (kind=<JNI global ref>, id=1c, trace=300000)
ROOT 50000015 (kind=<JNI global ref>, id=1d, trace=300000)
ROOT 50000016 (kind=<JNI global ref>, id=1e, trace=300000)
ROOT 50000017 (kind=<JNI global ref>, id=1f, trace=300000)
ROOT 50000018 (kind=<JNI global ref>, id=20, trace=300000)
ROOT 500000f7 (kind=<JNI global ref>, id=21, trace=300000)
ROOT 50000019 (kind=<JNI global ref>, id=22, trace=300000)
ROOT 500000e6 (kind=<JNI global ref>, id=23, trace=300000)
ROOT 5000001a (kind=<JNI global ref>, id=24, trace=300000)
ROOT 5000001b (kind=<JNI global ref>, id=25, trace=300000)
ROOT 5000001c (kind=<JNI global ref>, id=26, trace=300000)
ROOT 5000001d (kind=<JNI global ref>, id=27, trace=300000)
ROOT 50000044 (kind=<JNI global ref>, id=28, trace=300000)
ROOT 5000001e (kind=<JNI global ref>, id=29, trace=300000)
ROOT 50000020 (kind=<JNI global ref>, id=2a, trace=300000)
ROOT 50000021 (kind=<JNI global ref>, id=2b, trace=300000)
ROOT 50000071 (kind=<JNI global ref>, id=2c, trace=300000)
ROOT 50000022 (kind=<JNI global ref>, id=2d, trace=300000)
ROOT 50000023 (kind=<JNI global ref>, id=2e, trace=300000)
ROOT 50000024 (kind=<JNI global ref>, id=2f, trace=300000)
ROOT 50000025 (kind=<JNI global ref>, id=30, trace=300000)
ROOT 50000026 (kind=<JNI global ref>, id=31, trace=300000)
ROOT 50000027 (kind=<JNI global ref>, id=32, trace=300000)
ROOT 50000028 (kind=<JNI global ref>, id=33, trace=300000)
ROOT 50000029 (kind=<JNI global ref>, id=34, trace=300000)
ROOT 5000002a (kind=<JNI global ref>, id=35, trace=300000)
ROOT 5000002b (kind=<JNI global ref>, id=36, trace=300000)
ROOT 50000072 (kind=<JNI global ref>, id=37, trace=300000)
ROOT 5000002c (kind=<JNI global ref>, id=38, trace=300000)
ROOT 5000002d (kind=<JNI global ref>, id=39, trace=300000)
ROOT 5000002e (kind=<JNI global ref>, id=3a, trace=300000)
ROOT 5000002f (kind=<JNI global ref>, id=3b, trace=300000)
ROOT 50000030 (kind=<JNI global ref>, id=3c, trace=300000)
ROOT 50000031 (kind=<JNI global ref>, id=3d, trace=300000)
ROOT 50000032 (kind=<JNI global ref>, id=3e, trace=300000)
ROOT 50000033 (kind=<JNI global ref>, id=3f, trace=300000)
ROOT 50000034 (kind=<JNI global ref>, id=40, trace=300000)
ROOT 50000035 (kind=<JNI global ref>, id=41, trace=300000)
ROOT 50000036 (kind=<JNI global ref>, id=42, trace=300000)
ROOT 50000115 (kind=<JNI global ref>, id=43, trace=300000)
ROOT 50000037 (kind=<JNI global ref>, id=44, trace=300000)
ROOT 50000038 (kind=<JNI global ref>, id=45, trace=300000)
ROOT 50000039 (kind=<JNI global ref>, id=46, trace=300000)
ROOT 5000003a (kind=<JNI global ref>, id=47, trace=300000)
ROOT 5000003b (kind=<JNI global ref>, id=48, trace=300000)
ROOT 5000014e (kind=<JNI global ref>, id=49, trace=300000)
ROOT 5000003c (kind=<JNI global ref>, id=4a, trace=300000)
ROOT 5000003d (kind=<JNI global ref>, id=4b, trace=300000)
ROOT 5000003e (kind=<JNI global ref>, id=4c, trace=300000)
ROOT 5000003f (kind=<JNI global ref>, id=4d, trace=300000)
ROOT 50000040 (kind=<JNI global ref>, id=4e, trace=300000)
ROOT 500000a2 (kind=<JNI global ref>, id=4f, trace=300000)
ROOT 50000041 (kind=<JNI global ref>, id=50, trace=300000)
ROOT 50000042 (kind=<JNI global ref>, id=51, trace=300000)
ROOT 50000043 (kind=<JNI global ref>, id=52, trace=300000)
ROOT 5000011c (kind=<JNI global ref>, id=53, trace=300000)
ROOT 50000045 (kind=<JNI global ref>, id=54, trace=300000)
ROOT 50000046 (kind=<JNI global ref>, id=55, trace=300000)
ROOT 50000047 (kind=<JNI global ref>, id=56, trace=300000)
ROOT 50000048 (kind=<JNI global ref>, id=57, trace=300000)
ROOT 50000110 (kind=<JNI global ref>, id=58, trace=300000)
ROOT 50000049 (kind=<JNI global ref>, id=59, trace=300000)
ROOT 5000004a (kind=<JNI global ref>, id=5a, trace=300000)
ROOT 5000013f (kind=<JNI global ref>, id=5b, trace=300000)
ROOT 5000004b (kind=<JNI global ref>, id=5c, trace=300000)
ROOT 500000e2 (kind=<JNI global ref>, id=5d, trace=300000)
ROOT 5000004c (kind=<JNI global ref>, id=5e, trace=300000)
ROOT 5000004d (kind=<JNI global ref>, id=5f, trace=300000)
ROOT 5000004e (kind=<JNI global ref>, id=60, trace=300000)
ROOT 5000004f (kind=<JNI global ref>, id=61, trace=300000)
ROOT 50000050 (kind=<JNI global ref>, id=62, trace=300000)
ROOT 50000051 (kind=<JNI global ref>, id=63, trace=300000)
ROOT 50000052 (kind=<JNI global ref>, id=64, trace=300000)
ROOT 50000053 (kind=<JNI global ref>, id=65, trace=300000)
ROOT 50000054 (kind=<JNI global ref>, id=66, trace=300000)
ROOT 50000055 (kind=<JNI global ref>, id=67, trace=300000)
ROOT 50000094 (kind=<JNI global ref>, id=68, trace=300000)
ROOT 50000056 (kind=<JNI global ref>, id=69, trace=300000)
ROOT 50000057 (kind=<JNI global ref>, id=6a, trace=300000)
ROOT 500000fb (kind=<JNI global ref>, id=6b, trace=300000)
ROOT 50000058 (kind=<JNI global ref>, id=6c, trace=300000)
ROOT 50000140 (kind=<JNI global ref>, id=6d, trace=300000)
ROOT 50000059 (kind=<JNI global ref>, id=6e, trace=300000)
ROOT 5000005a (kind=<JNI global ref>, id=6f, trace=300000)
ROOT 5000005b (kind=<JNI global ref>, id=70, trace=300000)
ROOT 500000a9 (kind=<JNI global ref>, id=71, trace=300000)
ROOT 5000005c (kind=<JNI global ref>, id=72, trace=300000)
ROOT 5000005d (kind=<JNI global ref>, id=73, trace=300000)
ROOT 5000005e (kind=<JNI global ref>, id=74, trace=300000)
ROOT 50000104 (kind=<JNI global ref>, id=75, trace=300000)
ROOT 5000005f (kind=<JNI global ref>, id=76, trace=300000)
ROOT 50000060 (kind=<JNI global ref>, id=77, trace=300000)
ROOT 5000010a (kind=<JNI global ref>, id=78, trace=300000)
ROOT 50000061 (kind=<JNI global ref>, id=79, trace=300000)
ROOT 50000063 (kind=<JNI global ref>, id=7a, trace=300000)
ROOT 50000064 (kind=<JNI global ref>, id=7b, trace=300000)
ROOT 5000012b (kind=<JNI global ref>, id=7c, trace=300000)
ROOT 50000065 (kind=<JNI global ref>, id=7d, trace=300000)
ROOT 50000066 (kind=<JNI global ref>, id=7e, trace=300000)
ROOT 500000de (kind=<JNI global ref>, id=7f, trace=300000)
ROOT 50000067 (kind=<JNI global ref>, id=80, trace=300000)
ROOT 50000068 (kind=<JNI global ref>, id=81, trace=300000)
ROOT 50000069 (kind=<JNI global ref>, id=82, trace=300000)
ROOT 5000006a (kind=<JNI global ref>, id=83, trace=300000)
ROOT 500000bb (kind=<JNI global ref>, id=84, trace=300000)
ROOT 5000006b (kind=<JNI global ref>, id=85, trace=300000)
ROOT 50000120 (kind=<JNI global ref>, id=86, trace=300000)
ROOT 5000006c (kind=<JNI global ref>, id=87, trace=300000)
ROOT 500000df (kind=<JNI global ref>, id=88, trace=300000)
ROOT 5000006d (kind=<JNI global ref>, id=89, trace=300000)
ROOT 5000006e (kind=<JNI global ref>, id=8a, trace=300000)
ROOT 50000097 (kind=<JNI global ref>, id=8b, trace=300000)
ROOT 5000006f (kind=<JNI global ref>, id=8c, trace=300000)
ROOT 50000070 (kind=<JNI global ref>, id=8d, trace=300000)
ROOT 50000073 (kind=<JNI global ref>, id=8e, trace=300000)
ROOT 50000074 (kind=<JNI global ref>, id=8f, trace=300000)
ROOT 50000075 (kind=<JNI global ref>, id=90, trace=300000)
ROOT 50000076 (kind=<JNI global ref>, id=91, trace=300000)
ROOT 50000078 (kind=<JNI global ref>, id=92, trace=300000)
ROOT 50000079 (kind=<JNI global ref>, id=93, trace=300000)
ROOT 5000007a (kind=<JNI global ref>, id=94, trace=300000)
ROOT 5000007b (kind=<JNI global ref>, id=95, trace=300000)
ROOT 5000007c (kind=<JNI global ref>, id=96, trace=300000)
ROOT 5000007d (kind=<JNI global ref>, id=97, trace=300000)
ROOT 5000007e (kind=<JNI global ref>, id=98, trace=300000)
ROOT 5000007f (kind=<JNI global ref>, id=99, trace=300000)
ROOT 50000080 (kind=<JNI global ref>, id=9a, trace=300000)
ROOT 50000081 (kind=<JNI global ref>, id=9b, trace=300000)
ROOT 50000082 (kind=<JNI global ref>, id=9c, trace=300000)
ROOT 50000083 (kind=<JNI global ref>, id=9d, trace=300000)
ROOT 50000084 (kind=<JNI global ref>, id=9e, trace=300000)
ROOT 50000085 (kind=<JNI global ref>, id=9f, trace=300000)
ROOT 50000086 (kind=<JNI global ref>, id=a0, trace=300000)
ROOT 50000087 (kind=<JNI global ref>, id=a1, trace=300000)
ROOT 50000088 (kind=<JNI global ref>, id=a2, trace=300000)
ROOT 50000089 (kind=<JNI global ref>, id=a3, trace=300000)
ROOT 5000008a (kind=<JNI global ref>, id=a4, trace=300000)
ROOT 5000008b (kind=<JNI global ref>, id=a5, trace=300000)
ROOT 5000008c (kind=<JNI global ref>, id=a6, trace=300000)
ROOT 500000b8 (kind=<JNI global ref>, id=a7, trace=300000)
ROOT 5000008d (kind=<JNI global ref>, id=a8, trace=300000)
ROOT 5000008e (kind=<JNI global ref>, id=a9, trace=300000)
ROOT 5000008f (kind=<JNI global ref>, id=aa, trace=300000)
ROOT 50000090 (kind=<JNI global ref>, id=ab, trace=300000)
ROOT 500000b6 (kind=<JNI global ref>, id=ac, trace=300000)
ROOT 50000091 (kind=<JNI global ref>, id=ad, trace=300000)
ROOT 50000092 (kind=<JNI global ref>, id=ae, trace=300000)
ROOT 50000093 (kind=<JNI global ref>, id=af, trace=300000)
ROOT 50000095 (kind=<JNI global ref>, id=b0, trace=300000)
ROOT 50000096 (kind=<JNI global ref>, id=b1, trace=300000)
ROOT 50000098 (kind=<JNI global ref>, id=b2, trace=300000)
ROOT 50000099 (kind=<JNI global ref>, id=b3, trace=300000)
ROOT 5000009a (kind=<JNI global ref>, id=b4, trace=300000)
ROOT 5000009b (kind=<JNI global ref>, id=b5, trace=300000)
ROOT 5000009c (kind=<JNI global ref>, id=b6, trace=300000)
ROOT 5000009d (kind=<JNI global ref>, id=b7, trace=300000)
ROOT 5000009e (kind=<JNI global ref>, id=b8, trace=300000)
ROOT 5000009f (kind=<JNI global ref>, id=b9, trace=300000)
ROOT 500000a0 (kind=<JNI global ref>, id=ba, trace=300000)
ROOT 500000a1 (kind=<JNI global ref>, id=bb, trace=300000)
ROOT 500000a3 (kind=<JNI global ref>, id=bc, trace=300000)
ROOT 500000a4 (kind=<JNI global ref>, id=bd, trace=300000)
ROOT 500000a5 (kind=<JNI global ref>, id=be, trace=300000)
ROOT 500000a7 (kind=<JNI global ref>, id=bf, trace=300000)
ROOT 500000a8 (kind=<JNI global ref>, id=c0, trace=300000)
ROOT 500000aa (kind=<JNI global ref>, id=c1, trace=300000)
ROOT 500000ab (kind=<JNI global ref>, id=c2, trace=300000)
ROOT 500000ac (kind=<JNI global ref>, id=c3, trace=300000)
ROOT 500000ad (kind=<JNI global ref>, id=c4, trace=300000)
ROOT 500000d1 (kind=<JNI global ref>, id=c5, trace=300000)
ROOT 500000ae (kind=<JNI global ref>, id=c6, trace=300000)
ROOT 500000af (kind=<JNI global ref>, id=c7, trace=300000)
ROOT 500000b0 (kind=<JNI global ref>, id=c8, trace=300000)
ROOT 500000b1 (kind=<JNI global ref>, id=c9, trace=300000)
ROOT 500000b2 (kind=<JNI global ref>, id=ca, trace=300000)
ROOT 500000b3 (kind=<JNI global ref>, id=cb, trace=300000)
ROOT 500000b4 (kind=<JNI global ref>, id=cc, trace=300000)
ROOT 50000113 (kind=<JNI global ref>, id=cd, trace=300000)
ROOT 500000b5 (kind=<JNI global ref>, id=ce, trace=300000)
ROOT 500000b7 (kind=<JNI global ref>, id=cf, trace=300000)
ROOT 500000b9 (kind=<JNI global ref>, id=d0, trace=300000)
ROOT 500000ba (kind=<JNI global ref>, id=d1, trace=300000)
ROOT 500000ea (kind=<JNI global ref>, id=d2, trace=300000)
ROOT 500000bc (kind=<JNI global ref>, id=d3, trace=300000)
ROOT 500000bd (kind=<JNI global ref>, id=d4, trace=300000)
ROOT 500000be (kind=<JNI global ref>, id=d5, trace=300000)
ROOT 500000bf (kind=<JNI global ref>, id=d6, trace=300000)
ROOT 500000c0 (kind=<JNI global ref>, id=d7, trace=300000)
ROOT 500000c1 (kind=<JNI global ref>, id=d8, trace=300000)
ROOT 500000c2 (kind=<JNI global ref>, id=d9, trace=300000)
ROOT 500000c3 (kind=<JNI global ref>, id=da, trace=300000)
ROOT 500000c4 (kind=<JNI global ref>, id=db, trace=300000)
ROOT 500000c5 (kind=<JNI global ref>, id=dc, trace=300000)
ROOT 500000c6 (kind=<JNI global ref>, id=dd, trace=300000)
ROOT 500000c7 (kind=<JNI global ref>, id=de, trace=300000)
ROOT 500000c8 (kind=<JNI global ref>, id=df, trace=300000)
ROOT 500000c9 (kind=<JNI global ref>, id=e0, trace=300000)
ROOT 500000ca (kind=<JNI global ref>, id=e1, trace=300000)
ROOT 500000cb (kind=<JNI global ref>, id=e2, trace=300000)
ROOT 500000cc (kind=<JNI global ref>, id=e3, trace=300000)
ROOT 500000cd (kind=<JNI global ref>, id=e4, trace=300000)
ROOT 500000ce (kind=<JNI global ref>, id=e5, trace=300000)
ROOT 500000cf (kind=<JNI global ref>, id=e6, trace=300000)
ROOT 500000d0 (kind=<JNI global ref>, id=e7, trace=300000)
ROOT 500000d2 (kind=<JNI global ref>, id=e8, trace=300000)
ROOT 500000d3 (kind=<JNI global ref>, id=e9, trace=300000)
ROOT 50000102 (kind=<JNI global ref>, id=ea, trace=300000)
ROOT 500000d4 (kind=<JNI global ref>, id=eb, trace=300000)
ROOT 500000e0 (kind=<JNI global ref>, id=ec, trace=300000)
ROOT 500000d5 (kind=<JNI global ref>, id=ed, trace=300000)
ROOT 500000d6 (kind=<JNI global ref>, id=ee, trace=300000)
ROOT 5000014b (kind=<JNI global ref>, id=ef, trace=300000)
ROOT 500000d7 (kind=<JNI global ref>, id=f0, trace=300000)
ROOT 500000d8 (kind=<JNI global ref>, id=f1, trace=300000)
ROOT 500000d9 (kind=<JNI global ref>, id=f2, trace=300000)
ROOT 500000da (kind=<JNI global ref>, id=f3, trace=300000)
ROOT 500000db (kind=<JNI global ref>, id=f4, trace=300000)
ROOT 500000dc (kind=<JNI global ref>, id=f5, trace=300000)
ROOT 500000dd (kind=<JNI global ref>, id=f6, trace=300000)
ROOT 500000e1 (kind=<JNI global ref>, id=f7, trace=300000)
ROOT 500000e3 (kind=<JNI global ref>, id=f8, trace=300000)
ROOT 500000e4 (kind=<JNI global ref>, id=f9, trace=300000)
ROOT 500000e5 (kind=<JNI global ref>, id=fa, trace=300000)
ROOT 500000e7 (kind=<JNI global ref>, id=fb, trace=300000)
ROOT 500000e8 (kind=<JNI global ref>, id=fc, trace=300000)
ROOT 500000e9 (kind=<JNI global ref>, id=fd, trace=300000)
ROOT 500000eb (kind=<JNI global ref>, id=fe, trace=300000)
ROOT 500000ec (kind=<JNI global ref>, id=ff, trace=300000)
ROOT 500000ed (kind=<JNI global ref>, id=100, trace=300000)
ROOT 500000ee (kind=<JNI global ref>, id=101, trace=300000)
ROOT 500000ef (kind=<JNI global ref>, id=102, trace=300000)
ROOT 500000f0 (kind=<JNI global ref>, id=103, trace=300000)
ROOT 500000f1 (kind=<JNI global ref>, id=104, trace=300000)
ROOT 500000f2 (kind=<JNI global ref>, id=105, trace=300000)
ROOT 500000f3 (kind=<JNI global ref>, id=106, trace=300000)
ROOT 500000f4 (kind=<JNI global ref>, id=107, trace=300000)
ROOT 500000f5 (kind=<JNI global ref>, id=108, trace=300000)
ROOT 500000f6 (kind=<JNI global ref>, id=109, trace=300000)
ROOT 500000f8 (kind=<JNI global ref>, id=10a, trace=300000)
ROOT 500000fa (kind=<JNI global ref>, id=10b, trace=300000)
ROOT 500000fc (kind=<JNI global ref>, id=10c, trace=300000)
ROOT 500000fd (kind=<JNI global ref>, id=10d, trace=300000)
ROOT 500000fe (kind=<JNI global ref>, id=10e, trace=300000)
ROOT 50000100 (kind=<JNI global ref>, id=10f, trace=300000)
ROOT 50000101 (kind=<JNI global ref>, id=110, trace=300000)
ROOT 50000103 (kind=<JNI global ref>, id=111, trace=300000)
ROOT 50000105 (kind=<JNI global ref>, id=112, trace=300000)
ROOT 50000106 (kind=<JNI global ref>, id=113, trace=300000)
ROOT 50000107 (kind=<JNI global ref>, id=114, trace=300000)
ROOT 50000108 (kind=<JNI global ref>, id=115, trace=300000)
ROOT 50000109 (kind=<JNI global ref>, id=116, trace=300000)
ROOT 5000010b (kind=<JNI global ref>, id=117, trace=300000)
ROOT 5000010c (kind=<JNI global ref>, id=118, trace=300000)
ROOT 5000010d (kind=<JNI global ref>, id=119, trace=300000)
ROOT 5000010e (kind=<JNI global ref>, id=11a, trace=300000)
ROOT 5000010f (kind=<JNI global ref>, id=11b, trace=300000)
ROOT 50000111 (kind=<JNI global ref>, id=11c, trace=300000)
ROOT 50000139 (kind=<JNI global ref>, id=11d, trace=300000)
ROOT 50000112 (kind=<JNI global ref>, id=11e, trace=300000)
ROOT 50000114 (kind=<JNI global ref>, id=11f, trace=300000)
ROOT 50000116 (kind=<JNI global ref>, id=120, trace=300000)
ROOT 50000117 (kind=<JNI global ref>, id=121, trace=300000)
ROOT 50000118 (kind=<JNI global ref>, id=122, trace=300000)
ROOT 50000119 (kind=<JNI global ref>, id=123, trace=300000)
ROOT 5000011a (kind=<JNI global ref>, id=124, trace=300000)
ROOT 5000011b (kind=<JNI global ref>, id=125, trace=300000)
ROOT 5000011d (kind=<JNI global ref>, id=126, trace=300000)
ROOT 5000011e (kind=<JNI global ref>, id=127, trace=300000)
ROOT 5000011f (kind=<JNI global ref>, id=128, trace=300000)
ROOT 50000121 (kind=<JNI global ref>, id=129, trace=300000)
ROOT 50000122 (kind=<JNI global ref>, id=12a, trace=300000)
ROOT 50000123 (kind=<JNI global ref>, id=12b, trace=300000)
ROOT 50000124 (kind=<JNI global ref>, id=12c, trace=300000)
ROOT 50000125 (kind=<JNI global ref>, id=12d, trace=300000)
ROOT 50000126 (kind=<JNI global ref>, id=12e, trace=300000)
ROOT 50000127 (kind=<JNI global ref>, id=12f, trace=300000)
ROOT 50000128 (kind=<JNI global ref>, id=130, trace=300000)
ROOT 50000129 (kind=<JNI global ref>, id=131, trace=300000)
ROOT 5000012a (kind=<JNI global ref>, id=132, trace=300000)
ROOT 5000012c (kind=<JNI global ref>, id=133, trace=300000)
ROOT 5000012d (kind=<JNI global ref>, id=134, trace=300000)
ROOT 5000012e (kind=<JNI global ref>, id=135, trace=300000)
ROOT 5000012f (kind=<JNI global ref>, id=136, trace=300000)
ROOT 50000130 (kind=<JNI global ref>, id=137, trace=300000)
ROOT 50000131 (kind=<JNI global ref>, id=138, trace=300000)
ROOT 50000132 (kind=<JNI global ref>, id=139, trace=300000)
ROOT 50000133 (kind=<JNI global ref>, id=13a, trace=300000)
ROOT 50000135 (kind=<JNI global ref>, id=13b, trace=300000)
ROOT 50000136 (kind=<JNI global ref>, id=13c, trace=300000)
ROOT 50000137 (kind=<JNI global ref>, id=13d, trace=300000)
ROOT 50000138 (kind=<JNI global ref>, id=13e, trace=300000)
ROOT 5000013a (kind=<JNI global ref>, id=13f, trace=300000)
ROOT 5000013b (kind=<JNI global ref>, id=140, trace=300000)
ROOT 5000013c (kind=<JNI global ref>, id=141, trace=300000)
ROOT 5000013d (kind=<JNI global ref>, id=142, trace=300000)
ROOT 5000013e (kind=<JNI global ref>, id=143, trace=300000)
ROOT 50000141 (kind=<JNI global ref>, id=144, trace=300000)
ROOT 50000142 (kind=<JNI global ref>, id=145, trace=300000)
ROOT 50000143 (kind=<JNI global ref>, id=146, trace=300000)
ROOT 50000144 (kind=<JNI global ref>, id=147, trace=300000)
ROOT 50000145 (kind=<JNI global ref>, id=148, trace=300000)
ROOT 50000146 (kind=<JNI global ref>, id=149, trace=300000)
ROOT 50000147 (kind=<JNI global ref>, id=14a, trace=300000)
ROOT 50000148 (kind=<JNI global ref>, id=14b, trace=300000)
ROOT 50000149 (kind=<JNI global ref>, id=14c, trace=300000)
ROOT 5000014a (kind=<JNI global ref>, id=14d, trace=300000)
ROOT 5000014c (kind=<JNI global ref>, id=14e, trace=300000)
ROOT 5000014d (kind=<JNI global ref>, id=14f, trace=300000)
ROOT 5000014f (kind=<JNI global ref>, id=150, trace=300000)
ROOT 50000150 (kind=<JNI global ref>, id=151, trace=300000)
ROOT 50000151 (kind=<JNI global ref>, id=152, trace=300000)
ROOT 50000152 (kind=<JNI global ref>, id=153, trace=300000)
ROOT 50000153 (kind=<JNI global ref>, id=154, trace=300000)
ROOT 50000154 (kind=<JNI global ref>, id=155, trace=300000)
ROOT 50000155 (kind=<JNI global ref>, id=156, trace=300000)
ROOT 50000156 (kind=<JNI global ref>, id=157, trace=300000)
ROOT 50000157 (kind=<JNI global ref>, id=158, trace=300000)
ROOT 50000158 (kind=<JNI global ref>, id=159, trace=300000)
ROOT 50000159 (kind=<JNI global ref>, id=15a, trace=300000)
ROOT 5000015a (kind=<JNI global ref>, id=15b, trace=300000)
ROOT 5000092f (kind=<JNI global ref>, id=15c, trace=300000)
ROOT 50000930 (kind=<JNI global ref>, id=15d, trace=300000)
ROOT 500000f9 (kind=<JNI global ref>, id=15e, trace=300000)
ROOT 500000f9 (kind=<JNI global ref>, id=15f, trace=300000)
ROOT 500000b2 (kind=<JNI global ref>, id=160, trace=300000)
ROOT 500000b2 (kind=<JNI global ref>, id=161, trace=300000)
ROOT 500000c0 (kind=<JNI global ref>, id=162, trace=300000)
ROOT 500000c0 (kind=<JNI global ref>, id=163, trace=300000)
ROOT 5000002d (kind=<JNI global ref>, id=164, trace=300000)
ROOT 5000002d (kind=<JNI global ref>, id=165, trace=300000)
ROOT 50000071 (kind=<JNI global ref>, id=166, trace=300000)
ROOT 50000071 (kind=<JNI global ref>, id=167, trace=300000)
ROOT 50000128 (kind=<JNI global ref>, id=168, trace=300000)
ROOT 50000128 (kind=<JNI global ref>, id=169, trace=300000)
ROOT 5000007f (kind=<JNI global ref>, id=16a, trace=300000)
ROOT 5000007f (kind=<JNI global ref>, id=16b, trace=300000)
ROOT 5000009a (kind=<JNI global ref>, id=16c, trace=300000)
ROOT 5000009a (kind=<JNI global ref>, id=16d, trace=300000)
ROOT 50000140 (kind=<JNI global ref>, id=16e, trace=300000)
ROOT 50000140 (kind=<JNI global ref>, id=16f, trace=300000)
ROOT 500000fe (kind=<JNI global ref>, id=170, trace=300000)
ROOT 500000fe (kind=<JNI global ref>, id=171, trace=300000)
ROOT 500000b8 (kind=<JNI global ref>, id=172, trace=300000)
ROOT 500000b8 (kind=<JNI global ref>, id=173, trace=300000)
ROOT 500000a2 (kind=<JNI global ref>, id=174, trace=300000)
ROOT 500000a2 (kind=<JNI global ref>, id=175, trace=300000)
ROOT 50000033 (kind=<JNI global ref>, id=176, trace=300000)
ROOT 50000033 (kind=<JNI global ref>, id=177, trace=300000)
ROOT 5000005a (kind=<JNI global ref>, id=178, trace=300000)
ROOT 5000005a (kind=<JNI global ref>, id=179, trace=300000)
ROOT 50000099 (kind=<JNI global ref>, id=17a, trace=300000)
ROOT 5000008c (kind=<JNI global ref>, id=17b, trace=300000)
ROOT 5000008c (kind=<JNI global ref>, id=17c, trace=300000)
ROOT 50000099 (kind=<JNI global ref>, id=17d, trace=300000)
ROOT 500000f3 (kind=<JNI global ref>, id=17e, trace=300000)
ROOT 50000058 (kind=<JNI global ref>, id=17f, trace=300000)
ROOT 50000058 (kind=<JNI global ref>, id=180, trace=300000)
ROOT 500000f3 (kind=<JNI global ref>, id=181, trace=300000)
ROOT 5000006d (kind=<JNI global ref>, id=182, trace=300000)
ROOT 5000006d (kind=<JNI global ref>, id=183, trace=300000)
ROOT 50000040 (kind=<JNI global ref>, id=184, trace=300000)
ROOT 50000040 (kind=<JNI global ref>, id=185, trace=300000)
ROOT 50000134 (kind=<JNI global ref>, id=186, trace=300000)
ROOT 50000134 (kind=<JNI global ref>, id=187, trace=300000)
ROOT 50000053 (kind=<JNI global ref>, id=188, trace=300000)
ROOT 50000053 (kind=<JNI global ref>, id=189, trace=300000)
ROOT 5000000b (kind=<JNI global ref>, id=18a, trace=300000)
ROOT 5000000b (kind=<JNI global ref>, id=18b, trace=300000)
ROOT 50000109 (kind=<JNI global ref>, id=18c, trace=300000)
ROOT 50000109 (kind=<JNI global ref>, id=18d, trace=300000)
ROOT 5000001f (kind=<JNI global ref>, id=18e, trace=300000)
ROOT 5000001f (kind=<JNI global ref>, id=18f, trace=300000)
ROOT 500000a5 (kind=<JNI global ref>, id=190, trace=300000)
ROOT 500000a5 (kind=<JNI global ref>, id=191, trace=300000)
ROOT 50000044 (kind=<JNI global ref>, id=192, trace=300000)
ROOT 50000044 (kind=<JNI global ref>, id=193, trace=300000)
ROOT 5000014b (kind=<JNI global ref>, id=194, trace=300000)
ROOT 5000014b (kind=<JNI global ref>, id=195, trace=300000)
ROOT 50000004 (kind=<JNI global ref>, id=196, trace=300000)
ROOT 50000004 (kind=<JNI global ref>, id=197, trace=300000)
ROOT 500000d6 (kind=<JNI global ref>, id=198, trace=300000)
ROOT 500000d6 (kind=<JNI global ref>, id=199, trace=300000)
ROOT 50000097 (kind=<JNI global ref>, id=19a, trace=300000)
ROOT 50000097 (kind=<JNI global ref>, id=19b, trace=300000)
ROOT 5000011d (kind=<JNI global ref>, id=19c, trace=300000)
ROOT 5000011d (kind=<JNI global ref>, id=19d, trace=300000)
ROOT 50000107 (kind=<JNI global ref>, id=19e, trace=300000)
ROOT 500000a0 (kind=<JNI global ref>, id=19f, trace=300000)
ROOT 50000009 (kind=<JNI global ref>, id=1a0, trace=300000)
ROOT 50000009 (kind=<JNI global ref>, id=1a1, trace=300000)
ROOT 500000a0 (kind=<JNI global ref>, id=1a2, trace=300000)
ROOT 50000107 (kind=<JNI global ref>, id=1a3, trace=300000)
ROOT 50000120 (kind=<JNI global ref>, id=1a4, trace=300000)
ROOT 50000120 (kind=<JNI global ref>, id=1a5, trace=300000)
ROOT 500000fc (kind=<JNI global ref>, id=1a6, trace=300000)
ROOT 500000fc (kind=<JNI global ref>, id=1a7, trace=300000)
ROOT 5000006b (kind=<JNI global ref>, id=1a8, trace=300000)
ROOT 5000006b (kind=<JNI global ref>, id=1a9, trace=300000)
ROOT 50000095 (kind=<JNI global ref>, id=1aa, trace=300000)
ROOT 50000095 (kind=<JNI global ref>, id=1ab, trace=300000)
ROOT 500000ff (kind=<JNI global ref>, id=1ac, trace=300000)
ROOT 500000ff (kind=<JNI global ref>, id=1ad, trace=300000)
ROOT 50000006 (kind=<JNI global ref>, id=1ae, trace=300000)
ROOT 50000006 (kind=<JNI global ref>, id=1af, trace=300000)
ROOT 50000039 (kind=<JNI global ref>, id=1b0, trace=300000)
ROOT 50000039 (kind=<JNI global ref>, id=1b1, trace=300000)
ROOT 50000021 (kind=<JNI global ref>, id=1b2, trace=300000)
ROOT 50000021 (kind=<JNI global ref>, id=1b3, trace=300000)
ROOT 50000106 (kind=<JNI global ref>, id=1b4, trace=300000)
ROOT 50000106 (kind=<JNI global ref>, id=1b5, trace=300000)
ROOT 5000010b (kind=<JNI global ref>, id=1b6, trace=300000)
ROOT 50000060 (kind=<JNI global ref>, id=1b7, trace=300000)
ROOT 5000010a (kind=<JNI global ref>, id=1b8, trace=300000)
ROOT 5000010a (kind=<JNI global ref>, id=1b9, trace=300000)
ROOT 50000060 (kind=<JNI global ref>, id=1ba, trace=300000)
ROOT 5000010b (kind=<JNI global ref>, id=1bb, trace=300000)
ROOT 500000e4 (kind=<JNI global ref>, id=1bc, trace=300000)
ROOT 500000ae (kind=<JNI global ref>, id=1bd, trace=300000)
ROOT 500000ae (kind=<JNI global ref>, id=1be, trace=300000)
ROOT 500000e4 (kind=<JNI global ref>, id=1bf, trace=300000)
ROOT 50000123 (kind=<JNI global ref>, id=1c0, trace=300000)
ROOT 50000123 (kind=<JNI global ref>, id=1c1, trace=300000)
ROOT 5000003e (kind=<JNI global ref>, id=1c2, trace=300000)
ROOT 5000003e (kind=<JNI global ref>, id=1c3, trace=300000)
ROOT 500000b6 (kind=<JNI global ref>, id=1c4, trace=300000)
ROOT 500000b6 (kind=<JNI global ref>, id=1c5, trace=300000)
ROOT 500000e5 (kind=<JNI global ref>, id=1c6, trace=300000)
ROOT 500000e5 (kind=<JNI global ref>, id=1c7, trace=300000)
ROOT 50000078 (kind=<JNI global ref>, id=1c8, trace=300000)
ROOT 50000078 (kind=<JNI global ref>, id=1c9, trace=300000)
ROOT 50000131 (kind=<JNI global ref>, id=1ca, trace=300000)
ROOT 50000077 (kind=<JNI global ref>, id=1cb, trace=300000)
ROOT 50000077 (kind=<JNI global ref>, id=1cc, trace=300000)
ROOT 50000131 (kind=<JNI global ref>, id=1cd, trace=300000)
ROOT 50000013 (kind=<JNI global ref>, id=1ce, trace=300000)
ROOT 50000013 (kind=<JNI global ref>, id=1cf, trace=300000)
ROOT 50000037 (kind=<JNI global ref>, id=1d0, trace=300000)
ROOT 50000037 (kind=<JNI global ref>, id=1d1, trace=300000)
ROOT 50000150 (kind=<JNI global ref>, id=1d2, trace=300000)
ROOT 50000150 (kind=<JNI global ref>, id=1d3, trace=300000)
ROOT 50000068 (kind=<JNI global ref>, id=1d4, trace=300000)
ROOT 50000068 (kind=<JNI global ref>, id=1d5, trace=300000)
ROOT 500000a4 (kind=<JNI global ref>, id=1d6, trace=300000)
ROOT 500000a4 (kind=<JNI global ref>, id=1d7, trace=300000)
ROOT 50000153 (kind=<JNI global ref>, id=1d8, trace=300000)
ROOT 50000155 (kind=<JNI global ref>, id=1d9, trace=300000)
ROOT 50000159 (kind=<JNI global ref>, id=1da, trace=300000)
ROOT 5000015a (kind=<JNI global ref>, id=1db, trace=300000)
ROOT 50000154 (kind=<JNI global ref>, id=1dc, trace=300000)
ROOT 50000157 (kind=<JNI global ref>, id=1dd, trace=300000)
ROOT 50000156 (kind=<JNI global ref>, id=1de, trace=300000)
ROOT 50000158 (kind=<JNI global ref>, id=1df, trace=300000)
ROOT 50000163 (kind=<JNI global ref>, id=1e0, trace=300000)
ROOT 50000164 (kind=<JNI global ref>, id=1e1, trace=300000)
ROOT 50000166 (kind=<JNI global ref>, id=1e2, trace=300005)
ROOT 5000034f (kind=<JNI global ref>, id=1e3, trace=300150)
ROOT 5000016e (kind=<JNI global ref>, id=1e4, trace=300011)
ROOT 50000172 (kind=<JNI global ref>, id=1e5, trace=300015)
ROOT 50000178 (kind=<JNI global ref>, id=1e6, trace=300021)
ROOT 5000017a (kind=<JNI global ref>, id=1e7, trace=300023)
ROOT 5000017b (kind=<JNI global ref>, id=1e8, trace=300023)
ROOT 5000018f (kind=<JNI global ref>, id=1e9, trace=300041)
ROOT 50000190 (kind=<JNI global ref>, id=1ea, trace=300042)
ROOT 50000191 (kind=<JNI global ref>, id=1eb, trace=300042)
ROOT 50000194 (kind=<JNI global ref>, id=1ec, trace=300045)
ROOT 50000197 (kind=<JNI global ref>, id=1ed, trace=300048)
ROOT 50000199 (kind=<JNI global ref>, id=1ee, trace=300050)
ROOT 5000019a (kind=<JNI global ref>, id=1ef, trace=300051)
ROOT 500001a5 (kind=<JNI global ref>, id=1f0, trace=300061)
ROOT 500001a6 (kind=<JNI global ref>, id=1f1, trace=300061)
ROOT 500001af (kind=<JNI global ref>, id=1f2, trace=300070)
ROOT 5000033e (kind=<JNI global ref>, id=1f3, trace=300137)
ROOT 500002b8 (kind=<JNI global ref>, id=1f4, trace=300086)
ROOT 500002c3 (kind=<JNI global ref>, id=1f5, trace=300089)
ROOT 50000321 (kind=<JNI global ref>, id=1f6, trace=300124)
ROOT 50000323 (kind=<JNI global ref>, id=1f7, trace=300126)
ROOT 5000033a (kind=<JNI global ref>, id=1f8, trace=300136)
ROOT 5000033b (kind=<JNI global ref>, id=1f9, trace=300136)
ROOT 5000033c (kind=<JNI global ref>, id=1fa, trace=300136)
ROOT 5000033d (kind=<JNI global ref>, id=1fb, trace=300137)
ROOT 50000351 (kind=<JNI global ref>, id=1fc, trace=300152)
ROOT 50000352 (kind=<JNI global ref>, id=1fd, trace=300153)
ROOT 50000354 (kind=<JNI global ref>, id=1fe, trace=300155)
ROOT 50000356 (kind=<JNI global ref>, id=1ff, trace=300157)
ROOT 50000358 (kind=<JNI global ref>, id=200, trace=300159)
ROOT 50000359 (kind=<JNI global ref>, id=201, trace=300159)
ROOT 5000035a (kind=<JNI global ref>, id=202, trace=300159)
ROOT 500000b6 (kind=<JNI global ref>, id=203, trace=300000)
ROOT 50000358 (kind=<JNI global ref>, id=204, trace=300159)
ROOT 5000035a (kind=<JNI global ref>, id=205, trace=300159)
ROOT 5000035d (kind=<JNI global ref>, id=206, trace=300162)
ROOT 5000035e (kind=<JNI global ref>, id=207, trace=300162)
ROOT 5000036f (kind=<JNI global ref>, id=208, trace=300169)
ROOT 50000370 (kind=<JNI global ref>, id=209, trace=300170)
ROOT 50000378 (kind=<JNI global ref>, id=20a, trace=300178)
ROOT 500003a9 (kind=<JNI global ref>, id=20b, trace=300221)
ROOT 500003ab (kind=<JNI global ref>, id=20c, trace=300223)
ROOT 500003ac (kind=<JNI global ref>, id=20d, trace=300223)
ROOT 500003af (kind=<JNI global ref>, id=20e, trace=300226)
ROOT 500003b0 (kind=<JNI global ref>, id=20f, trace=300226)
ROOT 500003b6 (kind=<JNI global ref>, id=210, trace=300230)
ROOT 500003b8 (kind=<JNI global ref>, id=211, trace=300232)
ROOT 500003b9 (kind=<JNI global ref>, id=212, trace=300232)
ROOT 500003ba (kind=<JNI global ref>, id=213, trace=300233)
ROOT 500003be (kind=<JNI global ref>, id=214, trace=300236)
ROOT 500003d2 (kind=<JNI global ref>, id=215, trace=300248)
ROOT 500003d3 (kind=<JNI global ref>, id=216, trace=300249)
ROOT 500003d4 (kind=<JNI global ref>, id=217, trace=300250)
ROOT 5000040a (kind=<JNI global ref>, id=218, trace=300259)
ROOT 5000040b (kind=<JNI global ref>, id=219, trace=300260)
ROOT 5000041d (kind=<JNI global ref>, id=21a, trace=300276)
ROOT 5000041f (kind=<JNI global ref>, id=21b, trace=300278)
ROOT 50000429 (kind=<JNI global ref>, id=21c, trace=300284)
ROOT 5000045f (kind=<JNI global ref>, id=21d, trace=300292)
ROOT 50000461 (kind=<JNI global ref>, id=21e, trace=300294)
ROOT 50000462 (kind=<JNI global ref>, id=21f, trace=300294)
ROOT 50000464 (kind=<JNI global ref>, id=220, trace=300296)
ROOT 50000465 (kind=<JNI global ref>, id=221, trace=300296)
ROOT 50000466 (kind=<JNI global ref>, id=222, trace=300296)
ROOT 50000467 (kind=<JNI global ref>, id=223, trace=300296)
ROOT 5000046b (kind=<JNI global ref>, id=224, trace=300300)
ROOT 5000047c (kind=<JNI global ref>, id=225, trace=300311)
ROOT 5000047d (kind=<JNI global ref>, id=226, trace=300311)
ROOT 50000486 (kind=<JNI global ref>, id=227, trace=300315)
ROOT 50000492 (kind=<JNI global ref>, id=228, trace=300311)
ROOT 500004dc (kind=<JNI global ref>, id=229, trace=300333)
ROOT 500004de (kind=<JNI global ref>, id=22a, trace=300335)
ROOT 500004df (kind=<JNI global ref>, id=22b, trace=300336)
ROOT 500007a2 (kind=<JNI global ref>, id=22c, trace=300420)
ROOT 500007a3 (kind=<JNI global ref>, id=22d, trace=300420)
ROOT 500008a6 (kind=<JNI global ref>, id=22e, trace=300423)
ROOT 500008ca (kind=<JNI global ref>, id=22f, trace=300435)
ROOT 500008e6 (kind=<JNI global ref>, id=230, trace=300451)
ROOT 500008e7 (kind=<JNI global ref>, id=231, trace=300451)
ROOT 500008ed (kind=<JNI global ref>, id=232, trace=300457)
ROOT 500008f1 (kind=<JNI global ref>, id=233, trace=300460)
ROOT 500008f4 (kind=<JNI global ref>, id=234, trace=300463)
ROOT 500008f6 (kind=<JNI global ref>, id=235, trace=300464)
ROOT 500008fe (kind=<JNI global ref>, id=236, trace=300471)
ROOT 5000090f (kind=<JNI global ref>, id=237, trace=300483)
ROOT 50000913 (kind=<JNI global ref>, id=238, trace=300486)
ROOT 50000914 (kind=<JNI global ref>, id=239, trace=300487)
ROOT 50000915 (kind=<JNI global ref>, id=23a, trace=300487)
ROOT 50000916 (kind=<JNI global ref>, id=23b, trace=300487)
ROOT 50000926 (kind=<JNI global ref>, id=23c, trace=300498)
ROOT 50000928 (kind=<JNI global ref>, id=23d, trace=300500)
ROOT 5000092b (kind=<JNI global ref>, id=23e, trace=300000)
ROOT 5000092c (kind=<JNI global ref>, id=23f, trace=300000)
ROOT 5000092d (kind=<JNI global ref>, id=240, trace=300000)
ROOT 5000092e (kind=<JNI global ref>, id=241, trace=300000)
ROOT 50000931 (kind=<unknown>)
ROOT 500000f9 (kind=<system class>, name=java.lang.Object)
ROOT 500000b2 (kind=<system class>, name=java.lang.String)
ROOT 500000c0 (kind=<system class>, name=java.lang.Class)
ROOT 5000002d (kind=<system class>, name=java.lang.Cloneable)
ROOT 50000071 (kind=<system class>, name=java.lang.ClassLoader)
ROOT 50000128 (kind=<system class>, name=java.io.Serializable)
ROOT 5000007f (kind=<system class>, name=java.lang.System)
ROOT 5000009a (kind=<system class>, name=java.lang.Throwable)
ROOT 50000140 (kind=<system class>, name=java.lang.Error)
ROOT 500000fe (kind=<system class>, name=java.lang.ThreadDeath)
ROOT 500000b8 (kind=<system class>, name=java.lang.Exception)
ROOT 500000a2 (kind=<system class>, name=java.lang.RuntimeException)
ROOT 50000033 (kind=<system class>, name=java.security.ProtectionDomain)
ROOT 5000005a (kind=<system class>, name=java.security.AccessControlContext)
ROOT 50000099 (kind=<system class>, name=java.lang.ClassNotFoundException)
ROOT 500000f3 (kind=<system class>, name=java.lang.NoClassDefFoundError)
ROOT 50000058 (kind=<system class>, name=java.lang.LinkageError)
ROOT 5000006d (kind=<system class>, name=java.lang.ClassCastException)
ROOT 50000040 (kind=<system class>, name=java.lang.ArrayStoreException)
ROOT 50000134 (kind=<system class>, name=java.lang.VirtualMachineError)
ROOT 50000053 (kind=<system class>, name=java.lang.OutOfMemoryError)
ROOT 5000000b (kind=<system class>, name=java.lang.StackOverflowError)
ROOT 50000109 (kind=<system class>, name=java.lang.IllegalMonitorStateException)
ROOT 5000001f (kind=<system class>, name=java.lang.ref.Reference)
ROOT 500000a5 (kind=<system class>, name=java.lang.ref.SoftReference)
ROOT 50000044 (kind=<system class>, name=java.lang.ref.WeakReference)
ROOT 5000014b (kind=<system class>, name=java.lang.ref.FinalReference)
ROOT 50000004 (kind=<system class>, name=java.lang.ref.PhantomReference)
ROOT 500000d6 (kind=<system class>, name=java.lang.ref.Finalizer)
ROOT 50000097 (kind=<system class>, name=java.lang.Thread)
ROOT 5000011d (kind=<system class>, name=java.lang.ThreadGroup)
ROOT 50000107 (kind=<system class>, name=java.util.Properties)
ROOT 50000120 (kind=<system class>, name=java.lang.reflect.AccessibleObject)
ROOT 500000fc (kind=<system class>, name=java.lang.reflect.Field)
ROOT 5000006b (kind=<system class>, name=java.lang.reflect.Method)
ROOT 50000095 (kind=<system class>, name=java.lang.reflect.Constructor)
ROOT 500000ff (kind=<system class>, name=sun.reflect.MagicAccessorImpl)
ROOT 50000006 (kind=<system class>, name=sun.reflect.MethodAccessorImpl)
ROOT 50000039 (kind=<system class>, name=sun.reflect.ConstructorAccessorImpl)
ROOT 50000021 (kind=<system class>, name=sun.reflect.DelegatingClassLoader)
ROOT 50000106 (kind=<system class>, name=sun.reflect.ConstantPool)
ROOT 5000010b (kind=<system class>, name=sun.reflect.UnsafeStaticFieldAccessorImpl)
ROOT 500000e4 (kind=<system class>, name=java.lang.StringBuffer)
ROOT 50000123 (kind=<system class>, name=java.lang.StringBuilder)
ROOT 5000003e (kind=<system class>, name=java.lang.StackTraceElement)
ROOT 500000b6 (kind=<system class>, name=java.nio.Buffer)
ROOT 500000e5 (kind=<system class>, name=java.lang.Boolean)
ROOT 50000078 (kind=<system class>, name=java.lang.Character)
ROOT 50000131 (kind=<system class>, name=java.lang.Float)
ROOT 50000013 (kind=<system class>, name=java.lang.Double)
ROOT 50000037 (kind=<system class>, name=java.lang.Byte)
ROOT 50000150 (kind=<system class>, name=java.lang.Short)
ROOT 50000068 (kind=<system class>, name=java.lang.Integer)
ROOT 500000a4 (kind=<system class>, name=java.lang.Long)
ROOT 500000e5 (kind=<system class>, name=java.lang.Boolean)
ROOT 50000078 (kind=<system class>, name=java.lang.Character)
ROOT 50000131 (kind=<system class>, name=java.lang.Float)
ROOT 50000013 (kind=<system class>, name=java.lang.Double)
ROOT 50000037 (kind=<system class>, name=java.lang.Byte)
ROOT 50000150 (kind=<system class>, name=java.lang.Short)
ROOT 50000068 (kind=<system class>, name=java.lang.Integer)
ROOT 500000a4 (kind=<system class>, name=java.lang.Long)
ROOT 5000009a (kind=<system class>, name=java.lang.Throwable)
ROOT 50000106 (kind=<system class>, name=sun.reflect.ConstantPool)
ROOT 5000010b (kind=<system class>, name=sun.reflect.UnsafeStaticFieldAccessorImpl)
ROOT 5000047c (kind=<system class>, name=java.util.ListResourceBundle)
ROOT 50000001 (kind=<system class>, name=java.lang.Character$CharacterCache)
ROOT 50000002 (kind=<system class>, name=java.lang.ClassLoader$3)
ROOT 50000003 (kind=<system class>, name=java.lang.Iterable)
ROOT 50000004 (kind=<system class>, name=java.lang.ref.PhantomReference)
ROOT 50000005 (kind=<system class>, name=java.util.AbstractCollection)
ROOT 50000006 (kind=<system class>, name=sun.reflect.MethodAccessorImpl)
ROOT 50000007 (kind=<system class>, name=sun.nio.cs.StandardCharsets$Aliases)
ROOT 5000033d (kind=<system class>, name=sun.misc.JavaUtilJarAccess)
ROOT 50000008 (kind=<system class>, name=java.util.HashMap)
ROOT 50000009 (kind=<system class>, name=java.util.Dictionary)
ROOT 5000033b (kind=<system class>, name=java.util.zip.ZipFile)
ROOT 5000000a (kind=<system class>, name=java.util.Arrays)
ROOT 5000000b (kind=<system class>, name=java.lang.StackOverflowError)
ROOT 5000000c (kind=<system class>, name=java.util.HashMap$HashIterator)
ROOT 500004de (kind=<system class>, name=sun.misc.Launcher$BootClassPathHolder)
ROOT 5000000d (kind=<system class>, name=java.lang.Compiler)
ROOT 5000000e (kind=<system class>, name=java.io.Closeable)
ROOT 5000000f (kind=<system class>, name=java.util.AbstractMap)
ROOT 50000010 (kind=<system class>, name=java.net.URL)
ROOT 500008e7 (kind=<system class>, name=java.text.MessageFormat)
ROOT 50000012 (kind=<system class>, name=java.lang.Class$3)
ROOT 50000013 (kind=<system class>, name=java.lang.Double)
ROOT 50000014 (kind=<system class>, name=java.io.FileOutputStream)
ROOT 50000323 (kind=<system class>, name=sun.misc.FileURLMapper)
ROOT 50000015 (kind=<system class>, name=java.io.FileSystem)
ROOT 50000016 (kind=<system class>, name=java.lang.reflect.Modifier)
ROOT 50000017 (kind=<system class>, name=sun.reflect.Reflection)
ROOT 50000018 (kind=<system class>, name=java.util.TreeSet)
ROOT 50000019 (kind=<system class>, name=java.util.concurrent.atomic.AtomicReferenceFieldUpdater$AtomicReferenceFieldUpdaterImpl)
ROOT 5000001a (kind=<system class>, name=java.util.Comparator)
ROOT 500007a3 (kind=<system class>, name=java.io.FileNotFoundException)
ROOT 50000378 (kind=<system class>, name=sun.misc.ExtensionDependency)
ROOT 5000001b (kind=<system class>, name=java.lang.ClassLoader$ParallelLoaders)
ROOT 5000001c (kind=<system class>, name=sun.reflect.ReflectionFactory$1)
ROOT 5000001d (kind=<system class>, name=java.util.WeakHashMap$Entry)
ROOT 500003af (kind=<system class>, name=java.io.DataInput)
ROOT 50000178 (kind=<system class>, name=sun.misc.URLClassPath$3)
ROOT 5000001f (kind=<system class>, name=java.lang.ref.Reference)
ROOT 50000021 (kind=<system class>, name=sun.reflect.DelegatingClassLoader)
ROOT 50000022 (kind=<system class>, name=sun.misc.URLClassPath)
ROOT 50000023 (kind=<system class>, name=sun.misc.Signal)
ROOT 50000024 (kind=<system class>, name=java.net.URLClassLoader$7)
ROOT 50000025 (kind=<system class>, name=java.util.NavigableMap)
ROOT 50000026 (kind=<system class>, name=sun.security.util.Debug)
ROOT 50000027 (kind=<system class>, name=java.lang.Readable)
ROOT 50000928 (kind=<system class>, name=java.lang.Shutdown$Lock)
ROOT 50000028 (kind=<system class>, name=java.lang.SystemClassLoaderAction)
ROOT 50000029 (kind=<system class>, name=java.util.SortedSet)
ROOT 500003ab (kind=<system class>, name=java.util.jar.JarEntry)
ROOT 5000002a (kind=<system class>, name=sun.misc.JavaLangAccess)
ROOT 5000002b (kind=<system class>, name=java.util.Collections$EmptyList)
ROOT 5000002c (kind=<system class>, name=java.util.concurrent.atomic.AtomicInteger)
ROOT 5000002d (kind=<system class>, name=java.lang.Cloneable)
ROOT 5000002e (kind=<system class>, name=sun.misc.Launcher$AppClassLoader$1)
ROOT 5000002f (kind=<system class>, name=sun.io.Win32ErrorMode)
ROOT 50000461 (kind=<system class>, name=java.util.ResourceBundle$CacheKeyReference)
ROOT 5000047d (kind=<system class>, name=sun.launcher.resources.launcher)
ROOT 50000030 (kind=<system class>, name=java.lang.Compiler$1)
ROOT 50000031 (kind=<system class>, name=java.util.Collections$SetFromMap)
ROOT 50000032 (kind=<system class>, name=java.util.Set)
ROOT 50000033 (kind=<system class>, name=java.security.ProtectionDomain)
ROOT 50000034 (kind=<system class>, name=java.util.Collections$EmptyMap)
ROOT 50000035 (kind=<system class>, name=java.net.URLStreamHandlerFactory)
ROOT 50000036 (kind=<system class>, name=java.nio.charset.CoderResult$2)
ROOT 50000037 (kind=<system class>, name=java.lang.Byte)
ROOT 50000038 (kind=<system class>, name=java.util.Hashtable$Enumerator)
ROOT 50000039 (kind=<system class>, name=sun.reflect.ConstructorAccessorImpl)
ROOT 5000003a (kind=<system class>, name=java.util.Iterator)
ROOT 5000003b (kind=<system class>, name=sun.net.www.protocol.file.Handler)
ROOT 5000035d (kind=<system class>, name=java.nio.LongBuffer)
ROOT 5000003c (kind=<system class>, name=java.nio.charset.Charset)
ROOT 5000003d (kind=<system class>, name=java.security.AccessController)
ROOT 5000003e (kind=<system class>, name=java.lang.StackTraceElement)
ROOT 50000040 (kind=<system class>, name=java.lang.ArrayStoreException)
ROOT 50000041 (kind=<system class>, name=java.util.concurrent.ConcurrentMap)
ROOT 50000042 (kind=<system class>, name=java.lang.System$2)
ROOT 50000043 (kind=<system class>, name=java.lang.reflect.ReflectPermission)
ROOT 50000044 (kind=<system class>, name=java.lang.ref.WeakReference)
ROOT 500002c3 (kind=<system class>, name=sun.misc.URLClassPath$FileLoader)
ROOT 500003d4 (kind=<system class>, name=java.util.ResourceBundle$1)
ROOT 50000046 (kind=<system class>, name=sun.reflect.MethodAccessor)
ROOT 50000047 (kind=<system class>, name=sun.nio.cs.SingleByte)
ROOT 50000048 (kind=<system class>, name=java.util.Collections$UnmodifiableRandomAccessList)
ROOT 500003d2 (kind=<system class>, name=sun.launcher.LauncherHelper$ResourceBundleHolder)
ROOT 50000049 (kind=<system class>, name=java.nio.charset.CharsetEncoder)
ROOT 5000004a (kind=<system class>, name=java.io.BufferedReader)
ROOT 5000004b (kind=<system class>, name=java.io.WinNTFileSystem)
ROOT 5000004c (kind=<system class>, name=java.util.Collection)
ROOT 5000004d (kind=<system class>, name=java.io.ObjectStreamField)
ROOT 5000004f (kind=<system class>, name=java.util.TreeMap)
ROOT 50000050 (kind=<system class>, name=sun.reflect.NativeConstructorAccessorImpl)
ROOT 50000051 (kind=<system class>, name=java.lang.Runnable)
ROOT 500008a6 (kind=<system class>, name=java.net.URLClassLoader$2)
ROOT 50000053 (kind=<system class>, name=java.lang.OutOfMemoryError)
ROOT 50000055 (kind=<system class>, name=java.io.FileInputStream)
ROOT 50000056 (kind=<system class>, name=java.nio.charset.CoderResult)
ROOT 50000057 (kind=<system class>, name=java.util.Collections$SynchronizedSet)
ROOT 50000172 (kind=<system class>, name=sun.net.util.URLUtil)
ROOT 50000058 (kind=<system class>, name=java.lang.LinkageError)
ROOT 50000059 (kind=<system class>, name=java.security.Permission)
ROOT 5000005a (kind=<system class>, name=java.security.AccessControlContext)
ROOT 5000005b (kind=<system class>, name=java.util.Locale$Cache)
ROOT 5000005c (kind=<system class>, name=java.lang.Thread$UncaughtExceptionHandler)
ROOT 5000005e (kind=<system class>, name=java.util.Collections$UnmodifiableSortedMap)
ROOT 500003ba (kind=<system class>, name=java.util.zip.Inflater)
ROOT 5000005f (kind=<system class>, name=java.util.List)
ROOT 5000036f (kind=<system class>, name=sun.misc.JarIndex)
ROOT 50000060 (kind=<system class>, name=sun.reflect.UnsafeFieldAccessorImpl)
ROOT 50000061 (kind=<system class>, name=java.util.Map)
ROOT 50000062 (kind=<system class>, name=java.io.OutputStream)
ROOT 50000063 (kind=<system class>, name=java.util.WeakHashMap)
ROOT 50000064 (kind=<system class>, name=java.util.LinkedHashMap$Entry)
ROOT 50000065 (kind=<system class>, name=sun.net.www.ParseUtil)
ROOT 50000066 (kind=<system class>, name=java.lang.NoSuchMethodError)
ROOT 50000067 (kind=<system class>, name=java.util.Vector)
ROOT 50000068 (kind=<system class>, name=java.lang.Integer)
ROOT 50000069 (kind=<system class>, name=java.io.Writer)
ROOT 5000006a (kind=<system class>, name=sun.misc.Launcher$ExtClassLoader)
ROOT 5000006b (kind=<system class>, name=java.lang.reflect.Method)
ROOT 5000006c (kind=<system class>, name=java.util.concurrent.locks.AbstractQueuedSynchronizer)
ROOT 5000006d (kind=<system class>, name=java.lang.ClassCastException)
ROOT 5000006e (kind=<system class>, name=java.lang.ref.Finalizer$FinalizerThread)
ROOT 500003b8 (kind=<system class>, name=java.util.zip.InflaterInputStream)
ROOT 5000006f (kind=<system class>, name=java.lang.CharacterData)
ROOT 50000070 (kind=<system class>, name=sun.misc.Launcher)
ROOT 50000071 (kind=<system class>, name=java.lang.ClassLoader)
ROOT 5000035e (kind=<system class>, name=java.nio.DirectLongBufferU)
ROOT 50000072 (kind=<system class>, name=java.util.AbstractList)
ROOT 50000073 (kind=<system class>, name=java.nio.charset.spi.CharsetProvider)
ROOT 50000370 (kind=<system class>, name=sun.nio.cs.UTF_8$Encoder)
ROOT 50000074 (kind=<system class>, name=java.util.concurrent.locks.AbstractQueuedSynchronizer$Node)
ROOT 50000075 (kind=<system class>, name=sun.nio.cs.ArrayEncoder)
ROOT 50000076 (kind=<system class>, name=sun.misc.MetaIndex)
ROOT 50000321 (kind=<system class>, name=sun.misc.URLClassPath$JarLoader$1)
ROOT 50000077 (kind=<system class>, name=java.lang.Number)
ROOT 50000078 (kind=<system class>, name=java.lang.Character)
ROOT 5000007a (kind=<system class>, name=java.util.LinkedHashMap)
ROOT 5000007b (kind=<system class>, name=java.io.BufferedWriter)
ROOT 5000007c (kind=<system class>, name=java.util.Map$Entry)
ROOT 5000007e (kind=<system class>, name=java.lang.reflect.Array)
ROOT 5000007f (kind=<system class>, name=java.lang.System)
ROOT 50000080 (kind=<system class>, name=sun.nio.cs.StandardCharsets$Classes)
ROOT 50000081 (kind=<system class>, name=sun.misc.JavaIOFileDescriptorAccess)
ROOT 50000082 (kind=<system class>, name=java.io.OutputStreamWriter)
ROOT 50000083 (kind=<system class>, name=java.lang.NullPointerException)
ROOT 50000084 (kind=<system class>, name=java.nio.Bits)
ROOT 50000085 (kind=<system class>, name=java.util.Enumeration)
ROOT 50000086 (kind=<system class>, name=java.util.concurrent.ConcurrentHashMap)
ROOT 5000041d (kind=<system class>, name=java.util.ResourceBundle$Control)
ROOT 50000465 (kind=<system class>, name=java.util.Deque)
ROOT 50000087 (kind=<system class>, name=java.lang.ref.ReferenceQueue$Lock)
ROOT 500001af (kind=<system class>, name=sun.nio.cs.UTF_8$Decoder)
ROOT 50000088 (kind=<system class>, name=java.security.PrivilegedExceptionAction)
ROOT 50000089 (kind=<system class>, name=java.nio.charset.CodingErrorAction)
ROOT 5000008a (kind=<system class>, name=java.security.cert.Certificate)
ROOT 5000040b (kind=<system class>, name=java.util.ResourceBundle$RBClassLoader$1)
ROOT 5000008c (kind=<system class>, name=java.lang.ReflectiveOperationException)
ROOT 5000090f (kind=<system class>, name=java.text.FieldPosition)
ROOT 5000008d (kind=<system class>, name=sun.util.locale.Extension)
ROOT 5000008e (kind=<system class>, name=java.util.Stack)
ROOT 5000033c (kind=<system class>, name=java.util.jar.JarFile)
ROOT 5000008f (kind=<system class>, name=java.lang.ClassLoader$NativeLibrary)
ROOT 50000090 (kind=<system class>, name=java.nio.ByteBuffer)
ROOT 50000091 (kind=<system class>, name=java.lang.reflect.ReflectAccess)
ROOT 50000464 (kind=<system class>, name=java.util.Queue)
ROOT 50000092 (kind=<system class>, name=sun.util.locale.LocaleExtensions)
ROOT 50000429 (kind=<system class>, name=java.util.ResourceBundle$Control$CandidateListCache)
ROOT 50000093 (kind=<system class>, name=java.io.ExpiringCache)
ROOT 50000094 (kind=<system class>, name=java.io.InputStream)
ROOT 50000095 (kind=<system class>, name=java.lang.reflect.Constructor)
ROOT 50000097 (kind=<system class>, name=java.lang.Thread)
ROOT 5000018f (kind=<system class>, name=sun.nio.cs.ThreadLocalCoders)
ROOT 50000099 (kind=<system class>, name=java.lang.ClassNotFoundException)
ROOT 5000009a (kind=<system class>, name=java.lang.Throwable)
ROOT 5000009c (kind=<system class>, name=java.util.Locale)
ROOT 5000009d (kind=<system class>, name=sun.misc.VM)
ROOT 50000486 (kind=<system class>, name=java.util.ResourceBundle$BundleReference)
ROOT 5000009e (kind=<system class>, name=java.util.concurrent.ConcurrentHashMap$HashEntry)
ROOT 500000a0 (kind=<system class>, name=java.util.Hashtable)
ROOT 500004dc (kind=<system class>, name=java.util.ResourceBundle$Control$1)
ROOT 500000a1 (kind=<system class>, name=java.lang.Appendable)
ROOT 500000a2 (kind=<system class>, name=java.lang.RuntimeException)
ROOT 500000a3 (kind=<system class>, name=sun.util.locale.BaseLocale$Key)
ROOT 500000a4 (kind=<system class>, name=java.lang.Long)
ROOT 500000a5 (kind=<system class>, name=java.lang.ref.SoftReference)
ROOT 500000a6 (kind=<system class>, name=sun.util.PreHashedMap)
ROOT 500000a7 (kind=<system class>, name=java.net.Parts)
ROOT 500000a8 (kind=<system class>, name=sun.reflect.ConstructorAccessor)
ROOT 500000a9 (kind=<system class>, name=sun.util.locale.LocaleObjectCache)
ROOT 500000aa (kind=<system class>, name=java.lang.ref.Reference$ReferenceHandler)
ROOT 500000ab (kind=<system class>, name=java.util.StringTokenizer)
ROOT 500003b0 (kind=<system class>, name=java.io.DataInputStream)
ROOT 500000ac (kind=<system class>, name=java.lang.ArithmeticException)
ROOT 500000ad (kind=<system class>, name=java.nio.HeapCharBuffer)
ROOT 50000915 (kind=<system class>, name=java.text.Format$Field)
ROOT 500000ae (kind=<system class>, name=java.lang.AbstractStringBuilder)
ROOT 500000af (kind=<system class>, name=sun.misc.OSEnvironment)
ROOT 500002b8 (kind=<system class>, name=java.security.PrivilegedActionException)
ROOT 500000b0 (kind=<system class>, name=sun.util.locale.LocaleObjectCache$CacheEntry)
ROOT 500000b1 (kind=<system class>, name=java.util.ArrayList)
ROOT 500000b2 (kind=<system class>, name=java.lang.String)
ROOT 50000356 (kind=<system class>, name=sun.misc.PerfCounter$CoreCounters)
ROOT 500000b4 (kind=<system class>, name=java.lang.ref.ReferenceQueue$Null)
ROOT 500000b5 (kind=<system class>, name=java.io.FilterOutputStream)
ROOT 500000b6 (kind=<system class>, name=java.nio.Buffer)
ROOT 5000033a (kind=<system class>, name=java.util.zip.ZipConstants)
ROOT 50000913 (kind=<system class>, name=java.util.Date)
ROOT 500000b7 (kind=<system class>, name=java.util.RandomAccess)
ROOT 5000040a (kind=<system class>, name=java.util.ResourceBundle$RBClassLoader)
ROOT 500000b8 (kind=<system class>, name=java.lang.Exception)
ROOT 500001a6 (kind=<system class>, name=sun.nio.cs.UTF_8)
ROOT 500000b9 (kind=<system class>, name=java.util.HashMap$EntrySet)
ROOT 500000ba (kind=<system class>, name=sun.nio.cs.ArrayDecoder)
ROOT 50000164 (kind=<system class>, name=sun.launcher.LauncherHelper)
ROOT 500001a5 (kind=<system class>, name=sun.nio.cs.Unicode)
ROOT 500000bb (kind=<system class>, name=java.net.URLClassLoader)
ROOT 500000bc (kind=<system class>, name=sun.nio.cs.StreamDecoder)
ROOT 500000bd (kind=<system class>, name=java.lang.ThreadLocal)
ROOT 50000199 (kind=<system class>, name=java.lang.ThreadLocal$ThreadLocalMap$Entry)
ROOT 500000be (kind=<system class>, name=sun.util.locale.AsciiUtil)
ROOT 500003ac (kind=<system class>, name=java.util.jar.JarFile$JarFileEntry)
ROOT 500000bf (kind=<system class>, name=java.lang.RuntimePermission)
ROOT 500008f6 (kind=<system class>, name=java.util.Locale$1)
ROOT 5000041f (kind=<system class>, name=java.util.Arrays$ArrayList)
ROOT 500000c0 (kind=<system class>, name=java.lang.Class)
ROOT 500000c2 (kind=<system class>, name=java.util.concurrent.locks.ReentrantLock$Sync)
ROOT 500000c3 (kind=<system class>, name=java.util.Locale$LocaleKey)
ROOT 500000c4 (kind=<system class>, name=java.util.Collections$EmptySet)
ROOT 50000190 (kind=<system class>, name=sun.nio.cs.ThreadLocalCoders$Cache)
ROOT 500000c5 (kind=<system class>, name=java.io.FileDescriptor)
ROOT 500003d3 (kind=<system class>, name=java.util.ResourceBundle)
ROOT 500000c6 (kind=<system class>, name=sun.security.action.GetPropertyAction)
ROOT 500000c7 (kind=<system class>, name=java.security.ProtectionDomain$Key)
ROOT 500000c8 (kind=<system class>, name=java.util.Collections$UnmodifiableCollection)
ROOT 500000c9 (kind=<system class>, name=sun.reflect.ReflectionFactory$GetReflectionFactoryAction)
ROOT 500000ca (kind=<system class>, name=sun.util.locale.BaseLocale$Cache)
ROOT 500000cb (kind=<system class>, name=java.security.Principal)
ROOT 500000cd (kind=<system class>, name=sun.misc.SharedSecrets)
ROOT 500000ce (kind=<system class>, name=java.lang.reflect.Type)
ROOT 500000d0 (kind=<system class>, name=java.nio.HeapByteBuffer)
ROOT 50000351 (kind=<system class>, name=sun.misc.PerfCounter)
ROOT 500000d1 (kind=<system class>, name=java.nio.CharBuffer)
ROOT 500000d2 (kind=<system class>, name=java.nio.Bits$1)
ROOT 500000d3 (kind=<system class>, name=sun.nio.cs.StandardCharsets)
ROOT 500000d4 (kind=<system class>, name=java.util.concurrent.ConcurrentHashMap$Segment)
ROOT 50000354 (kind=<system class>, name=sun.misc.Perf)
ROOT 5000035a (kind=<system class>, name=java.nio.DirectByteBuffer)
ROOT 500000d6 (kind=<system class>, name=java.lang.ref.Finalizer)
ROOT 500000d7 (kind=<system class>, name=sun.nio.cs.StreamEncoder)
ROOT 500000d8 (kind=<system class>, name=sun.reflect.LangReflectAccess)
ROOT 500000d9 (kind=<system class>, name=java.nio.charset.CoderResult$1)
ROOT 5000034f (kind=<system class>, name=java.util.zip.ZipCoder)
ROOT 500000da (kind=<system class>, name=java.security.Guard)
ROOT 5000017b (kind=<system class>, name=sun.misc.URLClassPath$JarLoader)
ROOT 500000db (kind=<system class>, name=java.io.ExpiringCache$1)
ROOT 500000dc (kind=<system class>, name=java.util.SortedMap)
ROOT 500003b9 (kind=<system class>, name=java.util.zip.ZipFile$1)
ROOT 500000dd (kind=<system class>, name=java.lang.Terminator$1)
ROOT 500000de (kind=<system class>, name=java.lang.IncompatibleClassChangeError)
ROOT 500000df (kind=<system class>, name=java.util.concurrent.locks.AbstractOwnableSynchronizer)
ROOT 500000e0 (kind=<system class>, name=java.util.concurrent.locks.ReentrantLock)
ROOT 500000e2 (kind=<system class>, name=java.io.Win32FileSystem)
ROOT 500000e3 (kind=<system class>, name=java.util.NavigableSet)
ROOT 500000e4 (kind=<system class>, name=java.lang.StringBuffer)
ROOT 500000e5 (kind=<system class>, name=java.lang.Boolean)
ROOT 500000e6 (kind=<system class>, name=java.util.concurrent.atomic.AtomicReferenceFieldUpdater)
ROOT 500000e7 (kind=<system class>, name=java.io.FileDescriptor$1)
ROOT 500000e8 (kind=<system class>, name=sun.nio.cs.HistoricallyNamedCharset)
ROOT 500000e9 (kind=<system class>, name=java.lang.ref.Reference$Lock)
ROOT 500000ea (kind=<system class>, name=java.security.SecureClassLoader)
ROOT 500000eb (kind=<system class>, name=java.io.ExpiringCache$Entry)
ROOT 500000ec (kind=<system class>, name=java.lang.reflect.Member)
ROOT 500000ee (kind=<system class>, name=java.lang.CharSequence)
ROOT 500000f0 (kind=<system class>, name=sun.misc.NativeSignalHandler)
ROOT 5000046b (kind=<system class>, name=java.util.LinkedList$Node)
ROOT 500000f1 (kind=<system class>, name=sun.reflect.misc.ReflectUtil)
ROOT 500000f2 (kind=<system class>, name=java.util.BitSet)
ROOT 500000f3 (kind=<system class>, name=java.lang.NoClassDefFoundError)
ROOT 500000f4 (kind=<system class>, name=java.util.TreeMap$Entry)
ROOT 500003b6 (kind=<system class>, name=java.util.zip.ZipFile$ZipFileInputStream)
ROOT 500000f5 (kind=<system class>, name=sun.misc.Launcher$ExtClassLoader$1)
ROOT 500000f6 (kind=<system class>, name=java.io.InputStreamReader)
ROOT 500000f7 (kind=<system class>, name=java.util.AbstractSet)
ROOT 500000f8 (kind=<system class>, name=java.util.HashSet)
ROOT 500000f9 (kind=<system class>, name=java.lang.Object)
ROOT 500000fb (kind=<system class>, name=java.util.Collections$SynchronizedCollection)
ROOT 500000fc (kind=<system class>, name=java.lang.reflect.Field)
ROOT 50000359 (kind=<system class>, name=java.nio.MappedByteBuffer)
ROOT 50000352 (kind=<system class>, name=sun.misc.Perf$GetPerfAction)
ROOT 500000fe (kind=<system class>, name=java.lang.ThreadDeath)
ROOT 500000ff (kind=<system class>, name=sun.reflect.MagicAccessorImpl)
ROOT 500008f1 (kind=<system class>, name=java.util.Locale$Category)
ROOT 50000100 (kind=<system class>, name=java.util.concurrent.locks.Lock)
ROOT 50000102 (kind=<system class>, name=sun.nio.cs.FastCharsetProvider)
ROOT 50000103 (kind=<system class>, name=java.lang.Terminator)
ROOT 50000104 (kind=<system class>, name=java.util.Collections$UnmodifiableMap)
ROOT 50000105 (kind=<system class>, name=java.io.Flushable)
ROOT 50000106 (kind=<system class>, name=sun.reflect.ConstantPool)
ROOT 50000914 (kind=<system class>, name=java.text.AttributedCharacterIterator$Attribute)
ROOT 50000107 (kind=<system class>, name=java.util.Properties)
ROOT 50000108 (kind=<system class>, name=java.security.ProtectionDomain$2)
ROOT 50000109 (kind=<system class>, name=java.lang.IllegalMonitorStateException)
ROOT 5000010a (kind=<system class>, name=sun.reflect.FieldAccessorImpl)
ROOT 5000010b (kind=<system class>, name=sun.reflect.UnsafeStaticFieldAccessorImpl)
ROOT 50000467 (kind=<system class>, name=java.util.LinkedList)
ROOT 5000010c (kind=<system class>, name=sun.misc.SignalHandler)
ROOT 500003a9 (kind=<system class>, name=java.util.zip.ZipEntry)
ROOT 5000010d (kind=<system class>, name=sun.misc.JavaSecurityProtectionDomainAccess)
ROOT 5000010e (kind=<system class>, name=java.io.File)
ROOT 50000926 (kind=<system class>, name=java.lang.Shutdown)
ROOT 500003be (kind=<system class>, name=java.util.zip.ZStreamRef)
ROOT 50000110 (kind=<system class>, name=java.util.Collections$UnmodifiableList)
ROOT 50000111 (kind=<system class>, name=java.io.BufferedInputStream)
ROOT 50000112 (kind=<system class>, name=java.util.concurrent.locks.ReentrantLock$NonfairSync)
ROOT 50000113 (kind=<system class>, name=java.lang.ref.ReferenceQueue)
ROOT 50000114 (kind=<system class>, name=sun.util.locale.BaseLocale)
ROOT 50000115 (kind=<system class>, name=java.nio.charset.CoderResult$Cache)
ROOT 50000116 (kind=<system class>, name=java.io.PrintStream)
ROOT 50000117 (kind=<system class>, name=sun.misc.JavaNetAccess)
ROOT 50000118 (kind=<system class>, name=sun.nio.cs.StandardCharsets$Cache)
ROOT 50000119 (kind=<system class>, name=java.nio.ByteOrder)
ROOT 5000011a (kind=<system class>, name=java.nio.charset.CharsetDecoder)
ROOT 5000011b (kind=<system class>, name=sun.misc.Launcher$AppClassLoader)
ROOT 5000011c (kind=<system class>, name=java.security.BasicPermission)
ROOT 5000011d (kind=<system class>, name=java.lang.ThreadGroup)
ROOT 5000011f (kind=<system class>, name=java.io.BufferedOutputStream)
ROOT 50000120 (kind=<system class>, name=java.lang.reflect.AccessibleObject)
ROOT 50000122 (kind=<system class>, name=sun.misc.Launcher$Factory)
ROOT 500004df (kind=<system class>, name=sun.misc.Launcher$BootClassPathHolder$1)
ROOT 500007a2 (kind=<system class>, name=java.io.IOException)
ROOT 50000492 (kind=<system class>, name=sun.launcher.resources.launcher_de)
ROOT 50000123 (kind=<system class>, name=java.lang.StringBuilder)
ROOT 50000124 (kind=<system class>, name=java.lang.Runtime)
ROOT 50000125 (kind=<system class>, name=java.util.WeakHashMap$KeySet)
ROOT 50000126 (kind=<system class>, name=java.lang.Math)
ROOT 50000127 (kind=<system class>, name=sun.reflect.FieldAccessor)
ROOT 50000128 (kind=<system class>, name=java.io.Serializable)
ROOT 5000012a (kind=<system class>, name=java.security.CodeSource)
ROOT 5000045f (kind=<system class>, name=java.util.ResourceBundle$CacheKey)
ROOT 50000163 (kind=<system class>, name=java.lang.Enum)
ROOT 5000012b (kind=<system class>, name=java.util.HashMap$Entry)
ROOT 50000916 (kind=<system class>, name=java.text.MessageFormat$Field)
ROOT 50000197 (kind=<system class>, name=java.lang.ThreadLocal$ThreadLocalMap)
ROOT 5000012d (kind=<system class>, name=java.security.PrivilegedAction)
ROOT 5000012e (kind=<system class>, name=java.util.HashMap$EntryIterator)
ROOT 5000012f (kind=<system class>, name=sun.nio.cs.MS1252)
ROOT 50000130 (kind=<system class>, name=java.lang.String$CaseInsensitiveComparator)
ROOT 50000131 (kind=<system class>, name=java.lang.Float)
ROOT 50000462 (kind=<system class>, name=java.util.ResourceBundle$LoaderReference)
ROOT 50000132 (kind=<system class>, name=sun.reflect.ReflectionFactory)
ROOT 50000133 (kind=<system class>, name=sun.misc.Version)
ROOT 50000134 (kind=<system class>, name=java.lang.VirtualMachineError)
ROOT 50000136 (kind=<system class>, name=java.util.Hashtable$EntrySet)
ROOT 50000358 (kind=<system class>, name=sun.nio.ch.DirectBuffer)
ROOT 50000137 (kind=<system class>, name=java.lang.reflect.GenericDeclaration)
ROOT 500008e6 (kind=<system class>, name=java.text.Format)
ROOT 50000139 (kind=<system class>, name=java.io.FilterInputStream)
ROOT 50000194 (kind=<system class>, name=sun.nio.cs.ThreadLocalCoders$2)
ROOT 5000013a (kind=<system class>, name=com.sun.demo.jvmti.hprof.Tracker)
ROOT 5000013b (kind=<system class>, name=java.io.FileReader)
ROOT 50000191 (kind=<system class>, name=sun.nio.cs.ThreadLocalCoders$1)
ROOT 5000013c (kind=<system class>, name=sun.reflect.DelegatingConstructorAccessorImpl)
ROOT 5000013d (kind=<system class>, name=java.lang.Class$1)
ROOT 5000013e (kind=<system class>, name=sun.net.www.protocol.jar.Handler)
ROOT 5000013f (kind=<system class>, name=java.io.Reader)
ROOT 50000140 (kind=<system class>, name=java.lang.Error)
ROOT 5000033e (kind=<system class>, name=java.util.jar.JavaUtilJarAccessImpl)
ROOT 50000142 (kind=<system class>, name=sun.nio.cs.SingleByte$Decoder)
ROOT 50000143 (kind=<system class>, name=sun.misc.Unsafe)
ROOT 5000016e (kind=<system class>, name=java.net.URLClassLoader$1)
ROOT 50000144 (kind=<system class>, name=sun.nio.cs.SingleByte$Encoder)
ROOT 50000145 (kind=<system class>, name=java.lang.CharacterDataLatin1)
ROOT 50000146 (kind=<system class>, name=sun.misc.JavaNioAccess)
ROOT 50000147 (kind=<system class>, name=java.lang.Comparable)
ROOT 50000149 (kind=<system class>, name=sun.util.locale.UnicodeLocaleExtension)
ROOT 5000017a (kind=<system class>, name=sun.misc.URLClassPath$Loader)
ROOT 5000014a (kind=<system class>, name=java.lang.AutoCloseable)
ROOT 5000014b (kind=<system class>, name=java.lang.ref.FinalReference)
ROOT 5000014c (kind=<system class>, name=java.util.Hashtable$Entry)
ROOT 5000014e (kind=<system class>, name=java.net.URLStreamHandler)
ROOT 5000014f (kind=<system class>, name=java.util.Collections)
ROOT 50000466 (kind=<system class>, name=java.util.AbstractSequentialList)
ROOT 50000150 (kind=<system class>, name=java.lang.Short)
ROOT 50000151 (kind=<system class>, name=java.lang.reflect.AnnotatedElement)
ROOT 50000932 (kind=<busy monitor>)
ROOT 50000933 (kind=<busy monitor>)
ROOT 50000934 (kind=<thread>, id=200003, trace=300000)
ROOT 50000934 (kind=<thread block>, thread=200003)
ROOT 50000935 (kind=<thread>, id=200004, trace=300000)
ROOT 50000935 (kind=<thread block>, thread=200004)
ROOT 50000936 (kind=<thread>, id=200005, trace=300000)
ROOT 50000936 (kind=<thread block>, thread=200005)
ROOT 50000937 (kind=<thread>, id=200006, trace=300000)
ROOT 50000937 (kind=<thread block>, thread=200006)
ROOT 50000938 (kind=<thread>, id=200007, trace=300000)
ROOT 50000938 (kind=<thread block>, thread=200007)
ROOT 50000939 (kind=<thread>, id=200008, trace=300000)
ROOT 50000939 (kind=<thread block>, thread=200008)
ROOT 5000093a (kind=<unknown>)
ROOT 5000093b (kind=<unknown>)
ROOT 5000093c (kind=<unknown>)
ROOT 5000093d (kind=<unknown>)
ROOT 5000093e (kind=<unknown>)
ROOT 5000093f (kind=<unknown>)
ROOT 50000940 (kind=<unknown>)
ROOT 50000941 (kind=<unknown>)
ROOT 50000942 (kind=<unknown>)
ROOT 5000093e (kind=<unknown>)
ROOT 5000093f (kind=<unknown>)
ROOT 5000093b (kind=<unknown>)
ROOT 5000093c (kind=<unknown>)
ROOT 5000093d (kind=<unknown>)
ROOT 50000941 (kind=<unknown>)
ROOT 5000093a (kind=<unknown>)
ROOT 50000940 (kind=<unknown>)
ROOT 50000942 (kind=<unknown>)
ROOT 50000153 (kind=<unknown>)
ROOT 50000154 (kind=<unknown>)
ROOT 50000155 (kind=<unknown>)
ROOT 50000156 (kind=<unknown>)
ROOT 50000157 (kind=<unknown>)
ROOT 50000158 (kind=<unknown>)
ROOT 50000159 (kind=<unknown>)
ROOT 5000015a (kind=<unknown>)
ROOT 500000fa (kind=<unknown>)
ROOT 50000153 (kind=<unknown>)
ROOT 50000155 (kind=<unknown>)
ROOT 50000159 (kind=<unknown>)
ROOT 5000015a (kind=<unknown>)
ROOT 50000154 (kind=<unknown>)
ROOT 50000157 (kind=<unknown>)
ROOT 50000156 (kind=<unknown>)
ROOT 50000158 (kind=<unknown>)
ROOT 50000943 (kind=<unknown>)
ROOT 50000944 (kind=<unknown>)
ROOT 50000945 (kind=<unknown>)
ROOT 50000946 (kind=<unknown>)
ROOT 50000947 (kind=<unknown>)
ROOT 50000948 (kind=<unknown>)
ROOT 50000949 (kind=<unknown>)
ROOT 500000d6 (kind=<unknown>)
ROOT 50000071 (kind=<unknown>)
ROOT 5000006b (kind=<unknown>)
ROOT 5000094a (kind=<unknown>)
ROOT 5000094b (kind=<unknown>)
ROOT 5000094c (kind=<unknown>)
ROOT 5000094d (kind=<unknown>)
ROOT 5000094e (kind=<unknown>)
ROOT 5000092f (kind=<unknown>)
ROOT 50000930 (kind=<unknown>)
ROOT 5000094f (kind=<unknown>)
ROOT 50000950 (kind=<unknown>)
ROOT 50000951 (kind=<unknown>)
ROOT 50000952 (kind=<unknown>)
ROOT 50000934 (kind=<JNI local ref>, thread=200000, frame=0)
ROOT 50000953 (kind=<Java stack>, thread=200000, frame=1)
ROOT 50000933 (kind=<Java stack>, thread=200000, frame=1)
ROOT 50000953 (kind=<Java stack>, thread=200000, frame=2)
ROOT 50000937 (kind=<Java stack>, thread=200000, frame=3)
ROOT 50000932 (kind=<Java stack>, thread=200000, frame=1)
ROOT 50000938 (kind=<Java stack>, thread=200000, frame=2)
ROOT 50000932 (kind=<Java stack>, thread=200000, frame=2)
ROOT 5000092a (kind=<Java stack>, thread=200000, frame=1)
ROOT 50000926 (kind=<Java stack>, thread=200000, frame=2)
ROOT 50000954 (kind=<Java stack>, thread=200000, frame=3)
ROOT 50000955 (kind=<Java stack>, thread=200000, frame=5)
ROOT 500003cf (kind=<Java stack>, thread=200000, frame=5)
ROOT 50000956 (kind=<Java stack>, thread=200000, frame=5)
ROOT 500003d1 (kind=<Java stack>, thread=200000, frame=5)
ROOT 50000957 (kind=<Java stack>, thread=200000, frame=6)
ROOT 50000955 (kind=<Java stack>, thread=200000, frame=6)
ROOT 50000931 (kind=<Java stack>, thread=200000, frame=6)
ROOT 50000957 (kind=<Java stack>, thread=200000, frame=6)
ROOT 500003cf (kind=<Java stack>, thread=200000, frame=6)
OBJ 5000015b (sz=104, trace=300000, class=java.lang.Thread@50000097)
OBJ 5000015c (sz=104, trace=300001, class=java.lang.Thread@50000097)
OBJ 5000015d (sz=8, trace=300002, class=java.lang.Object@500000f9)
ARR 5000015e (sz=48, trace=300003, nelems=0, elem type=char[])
OBJ 5000015f (sz=104, trace=300001, class=java.lang.Thread@50000097)
OBJ 50000160 (sz=8, trace=300002, class=java.lang.Object@500000f9)
ARR 50000161 (sz=40, trace=300003, nelems=0, elem type=char[])
OBJ 50000162 (sz=104, trace=300000, class=java.lang.Thread@50000097)
OBJ 50000165 (sz=16, trace=300004, class=sun.launcher.LauncherHelper@50000164)
	name		500014e2
ARR 50000167 (sz=16, trace=300005, nelems=1, elem type=sun.launcher.LauncherHelper[]@50000166)
	[0]		50000165
OBJ 50000168 (sz=16, trace=300006, class=java.lang.StringBuilder@50000123)
	value		50000169
ARR 50000169 (sz=32, trace=300007, nelems=16, elem type=char[])
OBJ 5000016a (sz=8, trace=300008, class=java.lang.Object@500000f9)
OBJ 5000016b (sz=24, trace=300009, class=java.util.concurrent.ConcurrentHashMap$HashEntry@5000009e)
	key		50000957
	value		5000016a
OBJ 5000016c (sz=8, trace=300010, class=java.lang.Object@500000f9)
OBJ 5000016d (sz=24, trace=300009, class=java.util.concurrent.ConcurrentHashMap$HashEntry@5000009e)
	key		50000957
	value		5000016c
OBJ 5000016f (sz=16, trace=300012, class=java.net.URLClassLoader$1@5000016e)
ARR 50000170 (sz=32, trace=300013, nelems=0, elem type=char[])
OBJ 50000171 (sz=24, trace=300014, class=java.lang.String@500000b2)
OBJ 50000173 (sz=16, trace=300016, class=java.lang.StringBuilder@50000123)
ARR 50000174 (sz=48, trace=300017, nelems=0, elem type=char[])
ARR 50000175 (sz=136, trace=300018, nelems=0, elem type=char[])
OBJ 50000176 (sz=24, trace=300019, class=java.lang.String@500000b2)
	value		50000177
ARR 50000177 (sz=124, trace=300020, nelems=62, elem type=char[])
OBJ 50000179 (sz=16, trace=300022, class=sun.misc.URLClassPath$3@50000178)
OBJ 5000017c (sz=16, trace=300024, class=java.lang.StringBuilder@50000123)
ARR 5000017d (sz=48, trace=300025, nelems=0, elem type=char[])
OBJ 5000017e (sz=16, trace=300026, class=java.lang.StringBuffer@500000e4)
ARR 5000017f (sz=136, trace=300027, nelems=0, elem type=char[])
OBJ 50000180 (sz=24, trace=300028, class=java.lang.String@500000b2)
ARR 50000181 (sz=136, trace=300029, nelems=0, elem type=char[])
ARR 50000182 (sz=136, trace=300018, nelems=0, elem type=char[])
ARR 50000183 (sz=256, trace=300018, nelems=0, elem type=char[])
OBJ 50000184 (sz=24, trace=300030, class=java.lang.String@500000b2)
	value		50000185
ARR 50000185 (sz=124, trace=300031, nelems=62, elem type=char[])
OBJ 50000186 (sz=56, trace=300032, class=java.net.URL@50000010)
	protocol	5000129c
	host		50000966
	file		50000184
	authority	50000966
	path		50000184
	handler		5000125f
OBJ 50000187 (sz=24, trace=300033, class=java.net.Parts@500000a7)
OBJ 50000188 (sz=48, trace=300034, class=sun.misc.URLClassPath$JarLoader@5000017b)
	base		50000186
	csu		50001265
	metaIndex	500012ed
	handler		5000125f
	lmap		50001260
OBJ 50000189 (sz=16, trace=300035, class=java.lang.StringBuilder@50000123)
ARR 5000018a (sz=128, trace=300036, nelems=0, elem type=char[])
ARR 5000018b (sz=72, trace=300037, nelems=0, elem type=byte[])
OBJ 5000018c (sz=48, trace=300038, class=java.nio.HeapByteBuffer@500000d0)
ARR 5000018d (sz=128, trace=300039, nelems=0, elem type=char[])
OBJ 5000018e (sz=48, trace=300040, class=java.nio.HeapCharBuffer@500000ad)
OBJ 50000192 (sz=16, trace=300043, class=sun.nio.cs.ThreadLocalCoders$1@50000191)
	cache		50000193
OBJ 50000193 (sz=16, trace=300044, class=java.lang.ThreadLocal@500000bd)
OBJ 50000195 (sz=16, trace=300046, class=sun.nio.cs.ThreadLocalCoders$2@50000194)
	cache		50000196
OBJ 50000196 (sz=16, trace=300047, class=java.lang.ThreadLocal@500000bd)
OBJ 50000198 (sz=24, trace=300049, class=java.lang.ThreadLocal$ThreadLocalMap@50000197)
	table		5000019b
ARR 5000019b (sz=80, trace=300051, nelems=6, elem type=java.lang.ThreadLocal$ThreadLocalMap$Entry[]@5000019a)
	[5]		5000019c
OBJ 5000019c (sz=32, trace=300052, class=java.lang.ThreadLocal$ThreadLocalMap$Entry@50000199)
	referent	50000193
	queue		50000992
	value		5000019d
ARR 5000019d (sz=24, trace=300053, nelems=1, elem type=java.lang.Object[]@500000fa)
	[0]		500001b0
ARR 5000019e (sz=24, trace=300054, nelems=0, elem type=char[])
OBJ 5000019f (sz=24, trace=300055, class=java.lang.String@500000b2)
ARR 500001a0 (sz=24, trace=300056, nelems=0, elem type=char[])
OBJ 500001a1 (sz=16, trace=300057, class=java.lang.StringBuilder@50000123)
ARR 500001a2 (sz=48, trace=300058, nelems=0, elem type=char[])
OBJ 500001a3 (sz=24, trace=300059, class=java.lang.String@500000b2)
ARR 500001a4 (sz=48, trace=300060, nelems=0, elem type=char[])
ARR 500001a7 (sz=16, trace=300062, nelems=0, elem type=java.lang.Class[]@500000c1)
OBJ 500001a8 (sz=32, trace=300063, class=java.lang.ref.SoftReference@500000a5)
OBJ 500001a9 (sz=64, trace=300064, class=java.lang.reflect.Constructor@50000095)
OBJ 500001aa (sz=16, trace=300065, class=java.lang.Class$1@5000013d)
OBJ 500001ab (sz=24, trace=300066, class=sun.reflect.NativeConstructorAccessorImpl@50000050)
OBJ 500001ac (sz=16, trace=300067, class=sun.reflect.DelegatingConstructorAccessorImpl@5000013c)
OBJ 500001ad (sz=24, trace=300068, class=sun.nio.cs.UTF_8@500001a6)
	name		50000a44
	aliases		5000118d
ARR 500001ae (sz=24, trace=300069, nelems=2, elem type=java.lang.Object[]@500000fa)
	[0]		50000a44
	[1]		500001ad
OBJ 500001b0 (sz=40, trace=300071, class=sun.nio.cs.UTF_8$Decoder@500001af)
	charset		500001ad
	replacement	50001191
	malformedInputAction	50000e24
	unmappableCharacterAction	50000e24
OBJ 500001b1 (sz=24, trace=300072, class=java.lang.String@500000b2)
OBJ 500001b2 (sz=24, trace=300073, class=java.lang.String@500000b2)
ARR 500001b3 (sz=16, trace=300074, nelems=0, elem type=char[])
OBJ 500001b4 (sz=24, trace=300072, class=java.lang.String@500000b2)
OBJ 500001b5 (sz=24, trace=300073, class=java.lang.String@500000b2)
ARR 500001b6 (sz=16, trace=300074, nelems=0, elem type=char[])
OBJ 500001b7 (sz=24, trace=300075, class=java.lang.String@500000b2)
ARR 500001b8 (sz=120, trace=300076, nelems=0, elem type=char[])
OBJ 500001b9 (sz=24, trace=300077, class=java.io.File@5000010e)
OBJ 500001ba (sz=16, trace=300078, class=java.lang.StringBuffer@500000e4)
ARR 500001bb (sz=120, trace=300079, nelems=0, elem type=char[])
OBJ 500001bc (sz=24, trace=300080, class=java.lang.String@500000b2)
ARR 500001bd (sz=112, trace=300081, nelems=0, elem type=char[])
ARR 500001be (sz=112, trace=300082, nelems=0, elem type=char[])
OBJ 500001bf (sz=24, trace=300083, class=java.lang.String@500000b2)
OBJ 500001c0 (sz=24, trace=300084, class=java.util.HashMap$Entry@5000012b)
	key		50000176
	value		50000188
OBJ 500001c1 (sz=16, trace=300016, class=java.lang.StringBuilder@50000123)
ARR 500001c2 (sz=48, trace=300017, nelems=0, elem type=char[])
ARR 500001c3 (sz=152, trace=300018, nelems=0, elem type=char[])
OBJ 500001c4 (sz=24, trace=300019, class=java.lang.String@500000b2)
	value		500001c5
ARR 500001c5 (sz=134, trace=300020, nelems=67, elem type=char[])
OBJ 500001c6 (sz=16, trace=300022, class=sun.misc.URLClassPath$3@50000178)
OBJ 500001c7 (sz=16, trace=300024, class=java.lang.StringBuilder@50000123)
ARR 500001c8 (sz=48, trace=300025, nelems=0, elem type=char[])
OBJ 500001c9 (sz=16, trace=300026, class=java.lang.StringBuffer@500000e4)
ARR 500001ca (sz=144, trace=300027, nelems=0, elem type=char[])
OBJ 500001cb (sz=24, trace=300028, class=java.lang.String@500000b2)
ARR 500001cc (sz=144, trace=300029, nelems=0, elem type=char[])
ARR 500001cd (sz=144, trace=300018, nelems=0, elem type=char[])
ARR 500001ce (sz=280, trace=300018, nelems=0, elem type=char[])
OBJ 500001cf (sz=24, trace=300030, class=java.lang.String@500000b2)
	value		500001d0
ARR 500001d0 (sz=134, trace=300031, nelems=67, elem type=char[])
OBJ 500001d1 (sz=56, trace=300032, class=java.net.URL@50000010)
	protocol	5000129c
	host		50000966
	file		500001cf
	authority	50000966
	path		500001cf
	handler		5000125f
OBJ 500001d2 (sz=24, trace=300033, class=java.net.Parts@500000a7)
OBJ 500001d3 (sz=48, trace=300034, class=sun.misc.URLClassPath$JarLoader@5000017b)
	base		500001d1
	csu		50001266
	metaIndex	500012e4
	handler		5000125f
	lmap		50001260
OBJ 500001d4 (sz=16, trace=300035, class=java.lang.StringBuilder@50000123)
ARR 500001d5 (sz=136, trace=300036, nelems=0, elem type=char[])
ARR 500001d6 (sz=72, trace=300037, nelems=0, elem type=byte[])
OBJ 500001d7 (sz=48, trace=300038, class=java.nio.HeapByteBuffer@500000d0)
ARR 500001d8 (sz=136, trace=300039, nelems=0, elem type=char[])
OBJ 500001d9 (sz=48, trace=300040, class=java.nio.HeapCharBuffer@500000ad)
OBJ 500001da (sz=24, trace=300072, class=java.lang.String@500000b2)
OBJ 500001db (sz=24, trace=300073, class=java.lang.String@500000b2)
ARR 500001dc (sz=16, trace=300074, nelems=0, elem type=char[])
OBJ 500001dd (sz=24, trace=300072, class=java.lang.String@500000b2)
OBJ 500001de (sz=24, trace=300073, class=java.lang.String@500000b2)
ARR 500001df (sz=16, trace=300074, nelems=0, elem type=char[])
OBJ 500001e0 (sz=24, trace=300075, class=java.lang.String@500000b2)
ARR 500001e1 (sz=128, trace=300076, nelems=0, elem type=char[])
OBJ 500001e2 (sz=24, trace=300077, class=java.io.File@5000010e)
OBJ 500001e3 (sz=16, trace=300078, class=java.lang.StringBuffer@500000e4)
ARR 500001e4 (sz=128, trace=300079, nelems=0, elem type=char[])
OBJ 500001e5 (sz=24, trace=300080, class=java.lang.String@500000b2)
ARR 500001e6 (sz=128, trace=300081, nelems=0, elem type=char[])
ARR 500001e7 (sz=128, trace=300082, nelems=0, elem type=char[])
OBJ 500001e8 (sz=24, trace=300083, class=java.lang.String@500000b2)
OBJ 500001e9 (sz=24, trace=300084, class=java.util.HashMap$Entry@5000012b)
	key		500001c4
	value		500001d3
OBJ 500001ea (sz=16, trace=300016, class=java.lang.StringBuilder@50000123)
ARR 500001eb (sz=48, trace=300017, nelems=0, elem type=char[])
ARR 500001ec (sz=136, trace=300018, nelems=0, elem type=char[])
OBJ 500001ed (sz=24, trace=300019, class=java.lang.String@500000b2)
	value		500001ee
ARR 500001ee (sz=124, trace=300020, nelems=62, elem type=char[])
OBJ 500001ef (sz=16, trace=300022, class=sun.misc.URLClassPath$3@50000178)
OBJ 500001f0 (sz=16, trace=300024, class=java.lang.StringBuilder@50000123)
ARR 500001f1 (sz=48, trace=300025, nelems=0, elem type=char[])
OBJ 500001f2 (sz=16, trace=300026, class=java.lang.StringBuffer@500000e4)
ARR 500001f3 (sz=136, trace=300027, nelems=0, elem type=char[])
OBJ 500001f4 (sz=24, trace=300028, class=java.lang.String@500000b2)
ARR 500001f5 (sz=136, trace=300029, nelems=0, elem type=char[])
ARR 500001f6 (sz=136, trace=300018, nelems=0, elem type=char[])
ARR 500001f7 (sz=256, trace=300018, nelems=0, elem type=char[])
OBJ 500001f8 (sz=24, trace=300030, class=java.lang.String@500000b2)
	value		500001f9
ARR 500001f9 (sz=124, trace=300031, nelems=62, elem type=char[])
OBJ 500001fa (sz=56, trace=300032, class=java.net.URL@50000010)
	protocol	5000129c
	host		50000966
	file		500001f8
	authority	50000966
	path		500001f8
	handler		5000125f
OBJ 500001fb (sz=24, trace=300033, class=java.net.Parts@500000a7)
OBJ 500001fc (sz=48, trace=300034, class=sun.misc.URLClassPath$JarLoader@5000017b)
	base		500001fa
	csu		50001267
	metaIndex	500012d4
	handler		5000125f
	lmap		50001260
OBJ 500001fd (sz=16, trace=300035, class=java.lang.StringBuilder@50000123)
ARR 500001fe (sz=128, trace=300036, nelems=0, elem type=char[])
ARR 500001ff (sz=72, trace=300037, nelems=0, elem type=byte[])
OBJ 50000200 (sz=48, trace=300038, class=java.nio.HeapByteBuffer@500000d0)
ARR 50000201 (sz=128, trace=300039, nelems=0, elem type=char[])
OBJ 50000202 (sz=48, trace=300040, class=java.nio.HeapCharBuffer@500000ad)
OBJ 50000203 (sz=24, trace=300072, class=java.lang.String@500000b2)
OBJ 50000204 (sz=24, trace=300073, class=java.lang.String@500000b2)
ARR 50000205 (sz=16, trace=300074, nelems=0, elem type=char[])
OBJ 50000206 (sz=24, trace=300072, class=java.lang.String@500000b2)
OBJ 50000207 (sz=24, trace=300073, class=java.lang.String@500000b2)
ARR 50000208 (sz=16, trace=300074, nelems=0, elem type=char[])
OBJ 50000209 (sz=24, trace=300075, class=java.lang.String@500000b2)
ARR 5000020a (sz=120, trace=300076, nelems=0, elem type=char[])
OBJ 5000020b (sz=24, trace=300077, class=java.io.File@5000010e)
OBJ 5000020c (sz=16, trace=300078, class=java.lang.StringBuffer@500000e4)
ARR 5000020d (sz=120, trace=300079, nelems=0, elem type=char[])
OBJ 5000020e (sz=24, trace=300080, class=java.lang.String@500000b2)
ARR 5000020f (sz=112, trace=300081, nelems=0, elem type=char[])
ARR 50000210 (sz=112, trace=300082, nelems=0, elem type=char[])
OBJ 50000211 (sz=24, trace=300083, class=java.lang.String@500000b2)
OBJ 50000212 (sz=24, trace=300084, class=java.util.HashMap$Entry@5000012b)
	key		500001ed
	value		500001fc
OBJ 50000213 (sz=16, trace=300016, class=java.lang.StringBuilder@50000123)
ARR 50000214 (sz=48, trace=300017, nelems=0, elem type=char[])
ARR 50000215 (sz=160, trace=300018, nelems=0, elem type=char[])
OBJ 50000216 (sz=24, trace=300019, class=java.lang.String@500000b2)
	value		50000217
ARR 50000217 (sz=144, trace=300020, nelems=72, elem type=char[])
OBJ 50000218 (sz=16, trace=300022, class=sun.misc.URLClassPath$3@50000178)
OBJ 50000219 (sz=16, trace=300024, class=java.lang.StringBuilder@50000123)
ARR 5000021a (sz=48, trace=300025, nelems=0, elem type=char[])
OBJ 5000021b (sz=16, trace=300026, class=java.lang.StringBuffer@500000e4)
ARR 5000021c (sz=152, trace=300027, nelems=0, elem type=char[])
OBJ 5000021d (sz=24, trace=300028, class=java.lang.String@500000b2)
ARR 5000021e (sz=152, trace=300029, nelems=0, elem type=char[])
ARR 5000021f (sz=152, trace=300018, nelems=0, elem type=char[])
ARR 50000220 (sz=296, trace=300018, nelems=0, elem type=char[])
OBJ 50000221 (sz=24, trace=300030, class=java.lang.String@500000b2)
	value		50000222
ARR 50000222 (sz=144, trace=300031, nelems=72, elem type=char[])
OBJ 50000223 (sz=56, trace=300032, class=java.net.URL@50000010)
	protocol	5000129c
	host		50000966
	file		50000221
	authority	50000966
	path		50000221
	handler		5000125f
OBJ 50000224 (sz=24, trace=300033, class=java.net.Parts@500000a7)
OBJ 50000225 (sz=48, trace=300034, class=sun.misc.URLClassPath$JarLoader@5000017b)
	base		50000223
	csu		50001268
	metaIndex	500012c5
	handler		5000125f
	lmap		50001260
OBJ 50000226 (sz=16, trace=300035, class=java.lang.StringBuilder@50000123)
ARR 50000227 (sz=144, trace=300036, nelems=0, elem type=char[])
ARR 50000228 (sz=80, trace=300037, nelems=0, elem type=byte[])
OBJ 50000229 (sz=48, trace=300038, class=java.nio.HeapByteBuffer@500000d0)
ARR 5000022a (sz=144, trace=300039, nelems=0, elem type=char[])
OBJ 5000022b (sz=48, trace=300040, class=java.nio.HeapCharBuffer@500000ad)
OBJ 5000022c (sz=24, trace=300072, class=java.lang.String@500000b2)
OBJ 5000022d (sz=24, trace=300073, class=java.lang.String@500000b2)
ARR 5000022e (sz=16, trace=300074, nelems=0, elem type=char[])
OBJ 5000022f (sz=24, trace=300072, class=java.lang.String@500000b2)
OBJ 50000230 (sz=24, trace=300073, class=java.lang.String@500000b2)
ARR 50000231 (sz=16, trace=300074, nelems=0, elem type=char[])
OBJ 50000232 (sz=24, trace=300075, class=java.lang.String@500000b2)
ARR 50000233 (sz=136, trace=300076, nelems=0, elem type=char[])
OBJ 50000234 (sz=24, trace=300077, class=java.io.File@5000010e)
OBJ 50000235 (sz=16, trace=300078, class=java.lang.StringBuffer@500000e4)
ARR 50000236 (sz=136, trace=300079, nelems=0, elem type=char[])
OBJ 50000237 (sz=24, trace=300080, class=java.lang.String@500000b2)
ARR 50000238 (sz=136, trace=300081, nelems=0, elem type=char[])
ARR 50000239 (sz=136, trace=300082, nelems=0, elem type=char[])
OBJ 5000023a (sz=24, trace=300083, class=java.lang.String@500000b2)
OBJ 5000023b (sz=24, trace=300084, class=java.util.HashMap$Entry@5000012b)
	key		50000216
	value		50000225
OBJ 5000023c (sz=16, trace=300016, class=java.lang.StringBuilder@50000123)
ARR 5000023d (sz=48, trace=300017, nelems=0, elem type=char[])
ARR 5000023e (sz=144, trace=300018, nelems=0, elem type=char[])
OBJ 5000023f (sz=24, trace=300019, class=java.lang.String@500000b2)
	value		50000240
ARR 50000240 (sz=132, trace=300020, nelems=66, elem type=char[])
OBJ 50000241 (sz=16, trace=300022, class=sun.misc.URLClassPath$3@50000178)
OBJ 50000242 (sz=16, trace=300024, class=java.lang.StringBuilder@50000123)
ARR 50000243 (sz=48, trace=300025, nelems=0, elem type=char[])
OBJ 50000244 (sz=16, trace=300026, class=java.lang.StringBuffer@500000e4)
ARR 50000245 (sz=144, trace=300027, nelems=0, elem type=char[])
OBJ 50000246 (sz=24, trace=300028, class=java.lang.String@500000b2)
ARR 50000247 (sz=144, trace=300029, nelems=0, elem type=char[])
ARR 50000248 (sz=144, trace=300018, nelems=0, elem type=char[])
ARR 50000249 (sz=272, trace=300018, nelems=0, elem type=char[])
OBJ 5000024a (sz=24, trace=300030, class=java.lang.String@500000b2)
	value		5000024b
ARR 5000024b (sz=132, trace=300031, nelems=66, elem type=char[])
OBJ 5000024c (sz=56, trace=300032, class=java.net.URL@50000010)
	protocol	5000129c
	host		50000966
	file		5000024a
	authority	50000966
	path		5000024a
	handler		5000125f
OBJ 5000024d (sz=24, trace=300033, class=java.net.Parts@500000a7)
OBJ 5000024e (sz=48, trace=300034, class=sun.misc.URLClassPath$JarLoader@5000017b)
	base		5000024c
	csu		50001269
	metaIndex	500012af
	handler		5000125f
	lmap		50001260
OBJ 5000024f (sz=16, trace=300035, class=java.lang.StringBuilder@50000123)
ARR 50000250 (sz=136, trace=300036, nelems=0, elem type=char[])
ARR 50000251 (sz=72, trace=300037, nelems=0, elem type=byte[])
OBJ 50000252 (sz=48, trace=300038, class=java.nio.HeapByteBuffer@500000d0)
ARR 50000253 (sz=136, trace=300039, nelems=0, elem type=char[])
OBJ 50000254 (sz=48, trace=300040, class=java.nio.HeapCharBuffer@500000ad)
OBJ 50000255 (sz=24, trace=300072, class=java.lang.String@500000b2)
OBJ 50000256 (sz=24, trace=300073, class=java.lang.String@500000b2)
ARR 50000257 (sz=16, trace=300074, nelems=0, elem type=char[])
OBJ 50000258 (sz=24, trace=300072, class=java.lang.String@500000b2)
OBJ 50000259 (sz=24, trace=300073, class=java.lang.String@500000b2)
ARR 5000025a (sz=16, trace=300074, nelems=0, elem type=char[])
OBJ 5000025b (sz=24, trace=300075, class=java.lang.String@500000b2)
ARR 5000025c (sz=128, trace=300076, nelems=0, elem type=char[])
OBJ 5000025d (sz=24, trace=300077, class=java.io.File@5000010e)
OBJ 5000025e (sz=16, trace=300078, class=java.lang.StringBuffer@500000e4)
ARR 5000025f (sz=128, trace=300079, nelems=0, elem type=char[])
OBJ 50000260 (sz=24, trace=300080, class=java.lang.String@500000b2)
ARR 50000261 (sz=120, trace=300081, nelems=0, elem type=char[])
ARR 50000262 (sz=120, trace=300082, nelems=0, elem type=char[])
OBJ 50000263 (sz=24, trace=300083, class=java.lang.String@500000b2)
OBJ 50000264 (sz=24, trace=300084, class=java.util.HashMap$Entry@5000012b)
	key		5000023f
	value		5000024e
OBJ 50000265 (sz=16, trace=300016, class=java.lang.StringBuilder@50000123)
ARR 50000266 (sz=48, trace=300017, nelems=0, elem type=char[])
ARR 50000267 (sz=144, trace=300018, nelems=0, elem type=char[])
OBJ 50000268 (sz=24, trace=300019, class=java.lang.String@500000b2)
	value		50000269
ARR 50000269 (sz=132, trace=300020, nelems=66, elem type=char[])
OBJ 5000026a (sz=16, trace=300022, class=sun.misc.URLClassPath$3@50000178)
OBJ 5000026b (sz=16, trace=300024, class=java.lang.StringBuilder@50000123)
ARR 5000026c (sz=48, trace=300025, nelems=0, elem type=char[])
OBJ 5000026d (sz=16, trace=300026, class=java.lang.StringBuffer@500000e4)
ARR 5000026e (sz=144, trace=300027, nelems=0, elem type=char[])
OBJ 5000026f (sz=24, trace=300028, class=java.lang.String@500000b2)
ARR 50000270 (sz=144, trace=300029, nelems=0, elem type=char[])
ARR 50000271 (sz=144, trace=300018, nelems=0, elem type=char[])
ARR 50000272 (sz=272, trace=300018, nelems=0, elem type=char[])
OBJ 50000273 (sz=24, trace=300030, class=java.lang.String@500000b2)
	value		50000274
ARR 50000274 (sz=132, trace=300031, nelems=66, elem type=char[])
OBJ 50000275 (sz=56, trace=300032, class=java.net.URL@50000010)
	protocol	5000129c
	host		50000966
	file		50000273
	authority	50000966
	path		50000273
	handler		5000125f
OBJ 50000276 (sz=24, trace=300033, class=java.net.Parts@500000a7)
OBJ 50000277 (sz=48, trace=300034, class=sun.misc.URLClassPath$JarLoader@5000017b)
	base		50000275
	csu		5000126a
	metaIndex	500012ba
	handler		5000125f
	lmap		50001260
OBJ 50000278 (sz=16, trace=300035, class=java.lang.StringBuilder@50000123)
ARR 50000279 (sz=136, trace=300036, nelems=0, elem type=char[])
ARR 5000027a (sz=72, trace=300037, nelems=0, elem type=byte[])
OBJ 5000027b (sz=48, trace=300038, class=java.nio.HeapByteBuffer@500000d0)
ARR 5000027c (sz=136, trace=300039, nelems=0, elem type=char[])
OBJ 5000027d (sz=48, trace=300040, class=java.nio.HeapCharBuffer@500000ad)
OBJ 5000027e (sz=24, trace=300072, class=java.lang.String@500000b2)
OBJ 5000027f (sz=24, trace=300073, class=java.lang.String@500000b2)
ARR 50000280 (sz=16, trace=300074, nelems=0, elem type=char[])
OBJ 50000281 (sz=24, trace=300072, class=java.lang.String@500000b2)
OBJ 50000282 (sz=24, trace=300073, class=java.lang.String@500000b2)
ARR 50000283 (sz=16, trace=300074, nelems=0, elem type=char[])
OBJ 50000284 (sz=24, trace=300075, class=java.lang.String@500000b2)
ARR 50000285 (sz=128, trace=300076, nelems=0, elem type=char[])
OBJ 50000286 (sz=24, trace=300077, class=java.io.File@5000010e)
OBJ 50000287 (sz=16, trace=300078, class=java.lang.StringBuffer@500000e4)
ARR 50000288 (sz=128, trace=300079, nelems=0, elem type=char[])
OBJ 50000289 (sz=24, trace=300080, class=java.lang.String@500000b2)
ARR 5000028a (sz=120, trace=300081, nelems=0, elem type=char[])
ARR 5000028b (sz=120, trace=300082, nelems=0, elem type=char[])
OBJ 5000028c (sz=24, trace=300083, class=java.lang.String@500000b2)
OBJ 5000028d (sz=24, trace=300084, class=java.util.HashMap$Entry@5000012b)
	key		50000268
	value		50000277
OBJ 5000028e (sz=16, trace=300016, class=java.lang.StringBuilder@50000123)
ARR 5000028f (sz=48, trace=300017, nelems=0, elem type=char[])
ARR 50000290 (sz=136, trace=300018, nelems=0, elem type=char[])
OBJ 50000291 (sz=24, trace=300019, class=java.lang.String@500000b2)
	value		50000292
ARR 50000292 (sz=124, trace=300020, nelems=62, elem type=char[])
OBJ 50000293 (sz=16, trace=300022, class=sun.misc.URLClassPath$3@50000178)
OBJ 50000294 (sz=16, trace=300024, class=java.lang.StringBuilder@50000123)
ARR 50000295 (sz=48, trace=300025, nelems=0, elem type=char[])
OBJ 50000296 (sz=16, trace=300026, class=java.lang.StringBuffer@500000e4)
ARR 50000297 (sz=136, trace=300027, nelems=0, elem type=char[])
OBJ 50000298 (sz=24, trace=300028, class=java.lang.String@500000b2)
ARR 50000299 (sz=136, trace=300029, nelems=0, elem type=char[])
ARR 5000029a (sz=136, trace=300018, nelems=0, elem type=char[])
ARR 5000029b (sz=256, trace=300018, nelems=0, elem type=char[])
OBJ 5000029c (sz=24, trace=300030, class=java.lang.String@500000b2)
	value		5000029d
ARR 5000029d (sz=124, trace=300031, nelems=62, elem type=char[])
OBJ 5000029e (sz=56, trace=300032, class=java.net.URL@50000010)
	protocol	5000129c
	host		50000966
	file		5000029c
	authority	50000966
	path		5000029c
	handler		5000125f
OBJ 5000029f (sz=24, trace=300033, class=java.net.Parts@500000a7)
OBJ 500002a0 (sz=48, trace=300034, class=sun.misc.URLClassPath$JarLoader@5000017b)
	base		5000029e
	csu		5000126b
	metaIndex	5000129b
	handler		5000125f
	lmap		50001260
OBJ 500002a1 (sz=16, trace=300035, class=java.lang.StringBuilder@50000123)
ARR 500002a2 (sz=128, trace=300036, nelems=0, elem type=char[])
ARR 500002a3 (sz=72, trace=300037, nelems=0, elem type=byte[])
OBJ 500002a4 (sz=48, trace=300038, class=java.nio.HeapByteBuffer@500000d0)
ARR 500002a5 (sz=128, trace=300039, nelems=0, elem type=char[])
OBJ 500002a6 (sz=48, trace=300040, class=java.nio.HeapCharBuffer@500000ad)
OBJ 500002a7 (sz=24, trace=300072, class=java.lang.String@500000b2)
OBJ 500002a8 (sz=24, trace=300073, class=java.lang.String@500000b2)
ARR 500002a9 (sz=16, trace=300074, nelems=0, elem type=char[])
OBJ 500002aa (sz=24, trace=300072, class=java.lang.String@500000b2)
OBJ 500002ab (sz=24, trace=300073, class=java.lang.String@500000b2)
ARR 500002ac (sz=16, trace=300074, nelems=0, elem type=char[])
OBJ 500002ad (sz=24, trace=300075, class=java.lang.String@500000b2)
ARR 500002ae (sz=120, trace=300076, nelems=0, elem type=char[])
OBJ 500002af (sz=24, trace=300077, class=java.io.File@5000010e)
OBJ 500002b0 (sz=16, trace=300078, class=java.lang.StringBuffer@500000e4)
ARR 500002b1 (sz=120, trace=300079, nelems=0, elem type=char[])
OBJ 500002b2 (sz=24, trace=300080, class=java.lang.String@500000b2)
ARR 500002b3 (sz=112, trace=300081, nelems=0, elem type=char[])
ARR 500002b4 (sz=112, trace=300082, nelems=0, elem type=char[])
OBJ 500002b5 (sz=24, trace=300083, class=java.lang.String@500000b2)
OBJ 500002b6 (sz=24, trace=300084, class=java.util.HashMap$Entry@5000012b)
	key		50000291
	value		500002a0
OBJ 500002b7 (sz=32, trace=300085, class=java.lang.ClassNotFoundException@50000099)
OBJ 500002b9 (sz=32, trace=300087, class=java.security.PrivilegedActionException@500002b8)
OBJ 500002ba (sz=16, trace=300088, class=java.net.URLClassLoader$1@5000016e)
ARR 500002bb (sz=32, trace=300013, nelems=0, elem type=char[])
OBJ 500002bc (sz=24, trace=300014, class=java.lang.String@500000b2)
OBJ 500002bd (sz=16, trace=300016, class=java.lang.StringBuilder@50000123)
ARR 500002be (sz=48, trace=300017, nelems=0, elem type=char[])
ARR 500002bf (sz=112, trace=300018, nelems=0, elem type=char[])
OBJ 500002c0 (sz=24, trace=300019, class=java.lang.String@500000b2)
	value		500002c1
ARR 500002c1 (sz=98, trace=300020, nelems=49, elem type=char[])
OBJ 500002c2 (sz=16, trace=300022, class=sun.misc.URLClassPath$3@50000178)
OBJ 500002c4 (sz=24, trace=300090, class=sun.misc.URLClassPath$FileLoader@500002c3)
	base		500013b8
	dir		500002e0
ARR 500002c5 (sz=96, trace=300091, nelems=0, elem type=char[])
OBJ 500002c6 (sz=24, trace=300092, class=java.lang.String@500000b2)
OBJ 500002c7 (sz=16, trace=300093, class=java.lang.StringBuilder@50000123)
ARR 500002c8 (sz=96, trace=300094, nelems=0, elem type=char[])
ARR 500002c9 (sz=56, trace=300095, nelems=0, elem type=byte[])
OBJ 500002ca (sz=48, trace=300038, class=java.nio.HeapByteBuffer@500000d0)
ARR 500002cb (sz=96, trace=300096, nelems=0, elem type=char[])
OBJ 500002cc (sz=48, trace=300040, class=java.nio.HeapCharBuffer@500000ad)
OBJ 500002cd (sz=24, trace=300072, class=java.lang.String@500000b2)
OBJ 500002ce (sz=24, trace=300073, class=java.lang.String@500000b2)
ARR 500002cf (sz=16, trace=300074, nelems=0, elem type=char[])
OBJ 500002d0 (sz=24, trace=300072, class=java.lang.String@500000b2)
OBJ 500002d1 (sz=24, trace=300073, class=java.lang.String@500000b2)
ARR 500002d2 (sz=16, trace=300074, nelems=0, elem type=char[])
OBJ 500002d3 (sz=24, trace=300097, class=java.lang.String@500000b2)
ARR 500002d4 (sz=88, trace=300076, nelems=0, elem type=char[])
OBJ 500002d5 (sz=24, trace=300098, class=java.io.File@5000010e)
OBJ 500002d6 (sz=16, trace=300099, class=java.lang.StringBuffer@500000e4)
ARR 500002d7 (sz=88, trace=300100, nelems=0, elem type=char[])
OBJ 500002d8 (sz=24, trace=300101, class=java.lang.String@500000b2)
	value		500002d9
ARR 500002d9 (sz=72, trace=300081, nelems=36, elem type=char[])
OBJ 500002da (sz=24, trace=300102, class=java.lang.String@500000b2)
OBJ 500002db (sz=24, trace=300103, class=java.io.ExpiringCache$Entry@500000eb)
	val		50000bb2
OBJ 500002dc (sz=32, trace=300104, class=java.util.LinkedHashMap$Entry@50000064)
	key		500002d8
	value		500002db
	before		50000b6e
	after		5000050e
ARR 500002dd (sz=144, trace=300105, nelems=32, elem type=java.util.HashMap$Entry[]@5000012c)
	[0]		500006f3
	[2]		500006b7
	[3]		50000b66
	[4]		50000b67
	[7]		50000b68
	[9]		500006e2
	[12]		500002dc
	[13]		50000643
	[15]		5000069b
	[16]		50000b69
	[17]		50000b6a
	[19]		50000b6b
	[22]		500006d3
	[25]		50000b6c
	[27]		50000b6d
	[30]		50000663
	[31]		5000067f
OBJ 500002de (sz=24, trace=300106, class=java.lang.String@500000b2)
OBJ 500002df (sz=24, trace=300107, class=java.io.File@5000010e)
OBJ 500002e0 (sz=24, trace=300108, class=java.io.File@5000010e)
	path		50000bb2
OBJ 500002e1 (sz=24, trace=300084, class=java.util.HashMap$Entry@5000012b)
	key		500002c0
	value		500002c4
OBJ 500002e2 (sz=56, trace=300109, class=java.net.URL@50000010)
OBJ 500002e3 (sz=16, trace=300110, class=java.lang.StringBuilder@50000123)
ARR 500002e4 (sz=48, trace=300111, nelems=0, elem type=char[])
ARR 500002e5 (sz=96, trace=300018, nelems=0, elem type=char[])
ARR 500002e6 (sz=184, trace=300018, nelems=0, elem type=char[])
OBJ 500002e7 (sz=24, trace=300112, class=java.lang.String@500000b2)
ARR 500002e8 (sz=104, trace=300113, nelems=0, elem type=char[])
OBJ 500002e9 (sz=24, trace=300114, class=java.lang.String@500000b2)
ARR 500002ea (sz=88, trace=300115, nelems=0, elem type=char[])
ARR 500002eb (sz=32, trace=300116, nelems=0, elem type=char[])
OBJ 500002ec (sz=24, trace=300117, class=java.lang.String@500000b2)
ARR 500002ed (sz=32, trace=300118, nelems=0, elem type=char[])
OBJ 500002ee (sz=56, trace=300119, class=java.net.URL@50000010)
OBJ 500002ef (sz=16, trace=300110, class=java.lang.StringBuilder@50000123)
ARR 500002f0 (sz=48, trace=300111, nelems=0, elem type=char[])
ARR 500002f1 (sz=96, trace=300018, nelems=0, elem type=char[])
ARR 500002f2 (sz=184, trace=300018, nelems=0, elem type=char[])
OBJ 500002f3 (sz=24, trace=300112, class=java.lang.String@500000b2)
ARR 500002f4 (sz=120, trace=300113, nelems=0, elem type=char[])
OBJ 500002f5 (sz=24, trace=300120, class=java.io.File@5000010e)
ARR 500002f6 (sz=112, trace=300121, nelems=0, elem type=char[])
OBJ 500002f7 (sz=24, trace=300122, class=java.lang.String@500000b2)
ARR 500002f8 (sz=112, trace=300123, nelems=0, elem type=char[])
OBJ 500002f9 (sz=16, trace=300016, class=java.lang.StringBuilder@50000123)
ARR 500002fa (sz=48, trace=300017, nelems=0, elem type=char[])
ARR 500002fb (sz=144, trace=300018, nelems=0, elem type=char[])
OBJ 500002fc (sz=24, trace=300019, class=java.lang.String@500000b2)
	value		500002fd
ARR 500002fd (sz=126, trace=300020, nelems=63, elem type=char[])
OBJ 500002fe (sz=16, trace=300022, class=sun.misc.URLClassPath$3@50000178)
OBJ 500002ff (sz=16, trace=300024, class=java.lang.StringBuilder@50000123)
ARR 50000300 (sz=48, trace=300025, nelems=0, elem type=char[])
OBJ 50000301 (sz=16, trace=300026, class=java.lang.StringBuffer@500000e4)
ARR 50000302 (sz=136, trace=300027, nelems=0, elem type=char[])
OBJ 50000303 (sz=24, trace=300028, class=java.lang.String@500000b2)
ARR 50000304 (sz=136, trace=300029, nelems=0, elem type=char[])
ARR 50000305 (sz=136, trace=300018, nelems=0, elem type=char[])
ARR 50000306 (sz=264, trace=300018, nelems=0, elem type=char[])
OBJ 50000307 (sz=24, trace=300030, class=java.lang.String@500000b2)
	value		50000308
ARR 50000308 (sz=126, trace=300031, nelems=63, elem type=char[])
OBJ 50000309 (sz=56, trace=300032, class=java.net.URL@50000010)
	protocol	5000129c
	host		50000966
	file		50000307
	authority	50000966
	path		50000307
	handler		500013b2
OBJ 5000030a (sz=24, trace=300033, class=java.net.Parts@500000a7)
OBJ 5000030b (sz=48, trace=300034, class=sun.misc.URLClassPath$JarLoader@5000017b)
	base		50000309
	jar		50000348
	csu		500013b9
	handler		500013b2
	lmap		500013b3
OBJ 5000030c (sz=16, trace=300035, class=java.lang.StringBuilder@50000123)
ARR 5000030d (sz=128, trace=300036, nelems=0, elem type=char[])
ARR 5000030e (sz=72, trace=300037, nelems=0, elem type=byte[])
OBJ 5000030f (sz=48, trace=300038, class=java.nio.HeapByteBuffer@500000d0)
ARR 50000310 (sz=128, trace=300039, nelems=0, elem type=char[])
OBJ 50000311 (sz=48, trace=300040, class=java.nio.HeapCharBuffer@500000ad)
OBJ 50000312 (sz=24, trace=300072, class=java.lang.String@500000b2)
OBJ 50000313 (sz=24, trace=300073, class=java.lang.String@500000b2)
ARR 50000314 (sz=16, trace=300074, nelems=0, elem type=char[])
OBJ 50000315 (sz=24, trace=300072, class=java.lang.String@500000b2)
OBJ 50000316 (sz=24, trace=300073, class=java.lang.String@500000b2)
ARR 50000317 (sz=16, trace=300074, nelems=0, elem type=char[])
OBJ 50000318 (sz=24, trace=300075, class=java.lang.String@500000b2)
ARR 50000319 (sz=120, trace=300076, nelems=0, elem type=char[])
OBJ 5000031a (sz=24, trace=300077, class=java.io.File@5000010e)
OBJ 5000031b (sz=16, trace=300078, class=java.lang.StringBuffer@500000e4)
ARR 5000031c (sz=120, trace=300079, nelems=0, elem type=char[])
OBJ 5000031d (sz=24, trace=300080, class=java.lang.String@500000b2)
ARR 5000031e (sz=120, trace=300081, nelems=0, elem type=char[])
ARR 5000031f (sz=120, trace=300082, nelems=0, elem type=char[])
OBJ 50000320 (sz=24, trace=300083, class=java.lang.String@500000b2)
OBJ 50000322 (sz=16, trace=300125, class=sun.misc.URLClassPath$JarLoader$1@50000321)
OBJ 50000324 (sz=16, trace=300127, class=sun.misc.FileURLMapper@50000323)
ARR 50000325 (sz=128, trace=300128, nelems=0, elem type=char[])
OBJ 50000326 (sz=24, trace=300129, class=java.lang.String@500000b2)
OBJ 50000327 (sz=16, trace=300130, class=java.lang.StringBuilder@50000123)
ARR 50000328 (sz=128, trace=300131, nelems=0, elem type=char[])
ARR 50000329 (sz=72, trace=300132, nelems=0, elem type=byte[])
OBJ 5000032a (sz=48, trace=300038, class=java.nio.HeapByteBuffer@500000d0)
ARR 5000032b (sz=128, trace=300133, nelems=0, elem type=char[])
OBJ 5000032c (sz=48, trace=300040, class=java.nio.HeapCharBuffer@500000ad)
OBJ 5000032d (sz=24, trace=300072, class=java.lang.String@500000b2)
OBJ 5000032e (sz=24, trace=300073, class=java.lang.String@500000b2)
ARR 5000032f (sz=16, trace=300074, nelems=0, elem type=char[])
OBJ 50000330 (sz=24, trace=300072, class=java.lang.String@500000b2)
OBJ 50000331 (sz=24, trace=300073, class=java.lang.String@500000b2)
ARR 50000332 (sz=16, trace=300074, nelems=0, elem type=char[])
OBJ 50000333 (sz=24, trace=300134, class=java.lang.String@500000b2)
ARR 50000334 (sz=120, trace=300076, nelems=0, elem type=char[])
OBJ 50000335 (sz=24, trace=300135, class=java.io.File@5000010e)
OBJ 50000336 (sz=16, trace=300099, class=java.lang.StringBuffer@500000e4)
ARR 50000337 (sz=120, trace=300100, nelems=0, elem type=char[])
OBJ 50000338 (sz=24, trace=300101, class=java.lang.String@500000b2)
ARR 50000339 (sz=120, trace=300081, nelems=0, elem type=char[])
OBJ 5000033f (sz=8, trace=300138, class=java.util.jar.JavaUtilJarAccessImpl@5000033e)
ARR 50000340 (sz=20, trace=300139, nelems=10, elem type=char[])
ARR 50000341 (sz=512, trace=300140, nelems=128, elem type=int[])
ARR 50000342 (sz=40, trace=300141, nelems=10, elem type=int[])
OBJ 50000343 (sz=24, trace=300142, class=java.io.File@5000010e)
OBJ 50000344 (sz=16, trace=300099, class=java.lang.StringBuffer@500000e4)
ARR 50000345 (sz=120, trace=300100, nelems=0, elem type=char[])
OBJ 50000346 (sz=24, trace=300101, class=java.lang.String@500000b2)
	value		50000347
ARR 50000347 (sz=102, trace=300081, nelems=51, elem type=char[])
OBJ 50000348 (sz=56, trace=300143, class=java.util.jar.JarFile@5000033c)
	name		50000346
	zc		50000350
	streams		5000034a
	inflaters	5000034d
	manEntry	500003ad
OBJ 50000349 (sz=32, trace=300144, class=java.lang.ref.Finalizer@500000d6)
	referent	50000348
	queue		50000953
	next		5000147c
	prev		500003bd
OBJ 5000034a (sz=16, trace=300145, class=java.util.HashSet@500000f8)
	map		5000034b
OBJ 5000034b (sz=40, trace=300146, class=java.util.HashMap@50000008)
	table		5000034c
ARR 5000034c (sz=80, trace=300147, nelems=3, elem type=java.util.HashMap$Entry[]@5000012c)
	[2]		500003c4
OBJ 5000034d (sz=24, trace=300148, class=java.util.Vector@50000067)
	elementData	5000034e
ARR 5000034e (sz=56, trace=300149, nelems=1, elem type=java.lang.Object[]@500000fa)
	[0]		500003bc
OBJ 50000350 (sz=32, trace=300151, class=java.util.zip.ZipCoder@5000034f)
	cs		500001ad
	enc		50000372
OBJ 50000353 (sz=8, trace=300154, class=sun.misc.Perf$GetPerfAction@50000352)
OBJ 50000355 (sz=8, trace=300156, class=sun.misc.Perf@50000354)
OBJ 50000357 (sz=16, trace=300158, class=sun.misc.PerfCounter@50000351)
	name		50000e0b
	lb		5000035f
OBJ 5000035b (sz=16, trace=300160, class=sun.security.action.GetPropertyAction@500000c6)
OBJ 5000035c (sz=56, trace=300161, class=java.nio.DirectByteBuffer@5000035a)
OBJ 5000035f (sz=48, trace=300163, class=java.nio.DirectLongBufferU@5000035e)
	viewedBuffer	5000035c
OBJ 50000360 (sz=16, trace=300164, class=sun.misc.PerfCounter@50000351)
	name		50000e0a
	lb		50000362
OBJ 50000361 (sz=56, trace=300161, class=java.nio.DirectByteBuffer@5000035a)
OBJ 50000362 (sz=48, trace=300163, class=java.nio.DirectLongBufferU@5000035e)
	viewedBuffer	50000361
OBJ 50000363 (sz=16, trace=300165, class=sun.misc.PerfCounter@50000351)
	name		50000e09
	lb		50000365
OBJ 50000364 (sz=56, trace=300161, class=java.nio.DirectByteBuffer@5000035a)
OBJ 50000365 (sz=48, trace=300163, class=java.nio.DirectLongBufferU@5000035e)
	viewedBuffer	50000364
OBJ 50000366 (sz=16, trace=300166, class=sun.misc.PerfCounter@50000351)
	name		50000e0c
	lb		50000368
OBJ 50000367 (sz=56, trace=300161, class=java.nio.DirectByteBuffer@5000035a)
OBJ 50000368 (sz=48, trace=300163, class=java.nio.DirectLongBufferU@5000035e)
	viewedBuffer	50000367
OBJ 50000369 (sz=16, trace=300167, class=sun.misc.PerfCounter@50000351)
	name		50000e0e
	lb		5000036b
OBJ 5000036a (sz=56, trace=300161, class=java.nio.DirectByteBuffer@5000035a)
OBJ 5000036b (sz=48, trace=300163, class=java.nio.DirectLongBufferU@5000035e)
	viewedBuffer	5000036a
OBJ 5000036c (sz=16, trace=300168, class=sun.misc.PerfCounter@50000351)
	name		50000e0d
	lb		5000036e
OBJ 5000036d (sz=56, trace=300161, class=java.nio.DirectByteBuffer@5000035a)
OBJ 5000036e (sz=48, trace=300163, class=java.nio.DirectLongBufferU@5000035e)
	viewedBuffer	5000036d
ARR 50000371 (sz=1, trace=300171, nelems=1, elem type=byte[])
OBJ 50000372 (sz=48, trace=300172, class=sun.nio.cs.UTF_8$Encoder@50000370)
	charset		500001ad
	replacement	50000371
	malformedInputAction	50000e24
	unmappableCharacterAction	50000e24
ARR 50000373 (sz=56, trace=300173, nelems=0, elem type=char[])
ARR 50000374 (sz=72, trace=300174, nelems=0, elem type=byte[])
OBJ 50000375 (sz=48, trace=300175, class=java.nio.HeapByteBuffer@500000d0)
OBJ 50000376 (sz=48, trace=300176, class=java.nio.HeapCharBuffer@500000ad)
ARR 50000377 (sz=32, trace=300177, nelems=0, elem type=byte[])
OBJ 50000379 (sz=16, trace=300179, class=sun.security.action.GetPropertyAction@500000c6)
ARR 5000037a (sz=56, trace=300180, nelems=10, elem type=java.lang.String[]@500000b3)
	[0]		5000037d
	[1]		50000381
	[2]		50000385
	[3]		50000389
	[4]		5000038d
	[5]		50000391
	[6]		50000395
	[7]		50000399
	[8]		5000039e
	[9]		500003a2
OBJ 5000037b (sz=16, trace=300181, class=java.lang.StringBuilder@50000123)
ARR 5000037c (sz=48, trace=300182, nelems=0, elem type=char[])
OBJ 5000037d (sz=24, trace=300183, class=java.lang.String@500000b2)
	value		5000037e
ARR 5000037e (sz=14, trace=300184, nelems=7, elem type=char[])
OBJ 5000037f (sz=16, trace=300185, class=java.lang.StringBuilder@50000123)
ARR 50000380 (sz=48, trace=300186, nelems=0, elem type=char[])
OBJ 50000381 (sz=24, trace=300187, class=java.lang.String@500000b2)
	value		50000382
ARR 50000382 (sz=30, trace=300188, nelems=15, elem type=char[])
OBJ 50000383 (sz=16, trace=300189, class=java.lang.StringBuilder@50000123)
ARR 50000384 (sz=48, trace=300190, nelems=0, elem type=char[])
OBJ 50000385 (sz=24, trace=300191, class=java.lang.String@500000b2)
	value		50000386
ARR 50000386 (sz=18, trace=300192, nelems=9, elem type=char[])
OBJ 50000387 (sz=16, trace=300193, class=java.lang.StringBuilder@50000123)
ARR 50000388 (sz=48, trace=300194, nelems=0, elem type=char[])
OBJ 50000389 (sz=24, trace=300195, class=java.lang.String@500000b2)
	value		5000038a
ARR 5000038a (sz=16, trace=300196, nelems=8, elem type=char[])
OBJ 5000038b (sz=16, trace=300197, class=java.lang.StringBuilder@50000123)
ARR 5000038c (sz=48, trace=300198, nelems=0, elem type=char[])
OBJ 5000038d (sz=24, trace=300199, class=java.lang.String@500000b2)
	value		5000038e
ARR 5000038e (sz=26, trace=300200, nelems=13, elem type=char[])
OBJ 5000038f (sz=16, trace=300201, class=java.lang.StringBuilder@50000123)
ARR 50000390 (sz=48, trace=300202, nelems=0, elem type=char[])
OBJ 50000391 (sz=24, trace=300203, class=java.lang.String@500000b2)
	value		50000392
ARR 50000392 (sz=20, trace=300204, nelems=10, elem type=char[])
OBJ 50000393 (sz=16, trace=300205, class=java.lang.StringBuilder@50000123)
ARR 50000394 (sz=48, trace=300206, nelems=0, elem type=char[])
OBJ 50000395 (sz=24, trace=300207, class=java.lang.String@500000b2)
	value		50000396
ARR 50000396 (sz=24, trace=300208, nelems=12, elem type=char[])
OBJ 50000397 (sz=16, trace=300209, class=java.lang.StringBuilder@50000123)
ARR 50000398 (sz=48, trace=300210, nelems=0, elem type=char[])
OBJ 50000399 (sz=24, trace=300211, class=java.lang.String@500000b2)
	value		5000039a
ARR 5000039a (sz=30, trace=300212, nelems=15, elem type=char[])
OBJ 5000039b (sz=16, trace=300213, class=java.lang.StringBuilder@50000123)
ARR 5000039c (sz=48, trace=300214, nelems=0, elem type=char[])
ARR 5000039d (sz=80, trace=300018, nelems=0, elem type=char[])
OBJ 5000039e (sz=24, trace=300215, class=java.lang.String@500000b2)
	value		5000039f
ARR 5000039f (sz=40, trace=300216, nelems=20, elem type=char[])
OBJ 500003a0 (sz=16, trace=300217, class=java.lang.StringBuilder@50000123)
ARR 500003a1 (sz=48, trace=300218, nelems=0, elem type=char[])
OBJ 500003a2 (sz=24, trace=300219, class=java.lang.String@500000b2)
	value		500003a3
ARR 500003a3 (sz=28, trace=300220, nelems=14, elem type=char[])
ARR 500003a4 (sz=56, trace=300173, nelems=0, elem type=char[])
ARR 500003a5 (sz=72, trace=300174, nelems=0, elem type=byte[])
OBJ 500003a6 (sz=48, trace=300175, class=java.nio.HeapByteBuffer@500000d0)
OBJ 500003a7 (sz=48, trace=300176, class=java.nio.HeapCharBuffer@500000ad)
ARR 500003a8 (sz=32, trace=300177, nelems=0, elem type=byte[])
OBJ 500003aa (sz=64, trace=300222, class=java.util.zip.ZipEntry@500003a9)
OBJ 500003ad (sz=80, trace=300224, class=java.util.jar.JarFile$JarFileEntry@500003ac)
	name		50000a35
	this$0		50000348
ARR 500003ae (sz=96, trace=300225, nelems=0, elem type=byte[])
ARR 500003b1 (sz=56, trace=300227, nelems=0, elem type=char[])
ARR 500003b2 (sz=72, trace=300228, nelems=0, elem type=byte[])
OBJ 500003b3 (sz=48, trace=300175, class=java.nio.HeapByteBuffer@500000d0)
OBJ 500003b4 (sz=48, trace=300176, class=java.nio.HeapCharBuffer@500000ad)
ARR 500003b5 (sz=32, trace=300229, nelems=0, elem type=byte[])
OBJ 500003b7 (sz=48, trace=300231, class=java.util.zip.ZipFile$ZipFileInputStream@500003b6)
	this$0		50000348
ARR 500003bb (sz=0, trace=300234, nelems=0, elem type=byte[])
OBJ 500003bc (sz=32, trace=300235, class=java.util.zip.Inflater@500003ba)
	zsRef		500003bf
	buf		500003bb
OBJ 500003bd (sz=32, trace=300144, class=java.lang.ref.Finalizer@500000d6)
	referent	500003bc
	queue		50000953
	next		50000349
	prev		500004ff
OBJ 500003bf (sz=16, trace=300237, class=java.util.zip.ZStreamRef@500003be)
OBJ 500003c0 (sz=48, trace=300238, class=java.util.zip.ZipFile$1@500003b9)
	in		500003b7
	inf		500003bc
	buf		500003c3
	singleByteBuf	500003c1
	b		500003c2
	val$zfin	500003b7
	this$0		50000348
ARR 500003c1 (sz=1, trace=300239, nelems=1, elem type=byte[])
ARR 500003c2 (sz=512, trace=300240, nelems=512, elem type=byte[])
ARR 500003c3 (sz=86, trace=300241, nelems=86, elem type=byte[])
OBJ 500003c4 (sz=24, trace=300242, class=java.util.HashMap$Entry@5000012b)
	key		500003c0
	value		5000124c
OBJ 500003c5 (sz=32, trace=300243, class=java.io.DataInputStream@500003b0)
ARR 500003c6 (sz=96, trace=300244, nelems=0, elem type=byte[])
ARR 500003c7 (sz=176, trace=300245, nelems=0, elem type=char[])
ARR 500003c8 (sz=24, trace=300246, nelems=0, elem type=byte[])
OBJ 500003c9 (sz=24, trace=300084, class=java.util.HashMap$Entry@5000012b)
	key		500002fc
	value		5000030b
ARR 500003ca (sz=32, trace=300173, nelems=0, elem type=char[])
ARR 500003cb (sz=48, trace=300174, nelems=0, elem type=byte[])
OBJ 500003cc (sz=48, trace=300175, class=java.nio.HeapByteBuffer@500000d0)
OBJ 500003cd (sz=48, trace=300176, class=java.nio.HeapCharBuffer@500000ad)
ARR 500003ce (sz=24, trace=300177, nelems=0, elem type=byte[])
OBJ 500003cf (sz=32, trace=300085, class=java.lang.ClassNotFoundException@50000099)
	detailMessage	50000957
	suppressedExceptions	50000958
OBJ 500003d0 (sz=32, trace=300087, class=java.security.PrivilegedActionException@500002b8)
ARR 500003d1 (sz=16, trace=300247, nelems=1, elem type=java.lang.Object[]@500000fa)
	[0]		50000957
OBJ 500003d5 (sz=32, trace=300251, class=java.util.ResourceBundle$1@500003d4)
	cacheKey	500014a4
OBJ 500003d6 (sz=40, trace=300252, class=java.util.concurrent.ConcurrentHashMap@50000086)
	segments	500003d7
ARR 500003d7 (sz=80, trace=300253, nelems=16, elem type=java.util.concurrent.ConcurrentHashMap$Segment[]@500000d5)
	[0]		500003d8
	[1]		500003db
	[2]		500003de
	[3]		500003e1
	[4]		500003e4
	[5]		500003e7
	[6]		500003ea
	[7]		500003ed
	[8]		500003f0
	[9]		500003f3
	[10]		500003f6
	[11]		500003f9
	[12]		500003fc
	[13]		500003ff
	[14]		50000402
	[15]		50000405
OBJ 500003d8 (sz=32, trace=300254, class=java.util.concurrent.ConcurrentHashMap$Segment@500000d4)
	sync		500003d9
	table		500003da
OBJ 500003d9 (sz=24, trace=300255, class=java.util.concurrent.locks.ReentrantLock$NonfairSync@50000112)
ARR 500003da (sz=24, trace=300256, nelems=0, elem type=java.util.concurrent.ConcurrentHashMap$HashEntry[]@5000009f)
OBJ 500003db (sz=32, trace=300254, class=java.util.concurrent.ConcurrentHashMap$Segment@500000d4)
	sync		500003dc
	table		500003dd
OBJ 500003dc (sz=24, trace=300255, class=java.util.concurrent.locks.ReentrantLock$NonfairSync@50000112)
ARR 500003dd (sz=24, trace=300256, nelems=0, elem type=java.util.concurrent.ConcurrentHashMap$HashEntry[]@5000009f)
OBJ 500003de (sz=32, trace=300254, class=java.util.concurrent.ConcurrentHashMap$Segment@500000d4)
	sync		500003df
	table		500003e0
OBJ 500003df (sz=24, trace=300255, class=java.util.concurrent.locks.ReentrantLock$NonfairSync@50000112)
ARR 500003e0 (sz=24, trace=300256, nelems=2, elem type=java.util.concurrent.ConcurrentHashMap$HashEntry[]@5000009f)
	[1]		5000049c
OBJ 500003e1 (sz=32, trace=300254, class=java.util.concurrent.ConcurrentHashMap$Segment@500000d4)
	sync		500003e2
	table		500003e3
OBJ 500003e2 (sz=24, trace=300255, class=java.util.concurrent.locks.ReentrantLock$NonfairSync@50000112)
ARR 500003e3 (sz=24, trace=300256, nelems=0, elem type=java.util.concurrent.ConcurrentHashMap$HashEntry[]@5000009f)
OBJ 500003e4 (sz=32, trace=300254, class=java.util.concurrent.ConcurrentHashMap$Segment@500000d4)
	sync		500003e5
	table		500003e6
OBJ 500003e5 (sz=24, trace=300255, class=java.util.concurrent.locks.ReentrantLock$NonfairSync@50000112)
ARR 500003e6 (sz=24, trace=300256, nelems=0, elem type=java.util.concurrent.ConcurrentHashMap$HashEntry[]@5000009f)
OBJ 500003e7 (sz=32, trace=300254, class=java.util.concurrent.ConcurrentHashMap$Segment@500000d4)
	sync		500003e8
	table		500003e9
OBJ 500003e8 (sz=24, trace=300255, class=java.util.concurrent.locks.ReentrantLock$NonfairSync@50000112)
ARR 500003e9 (sz=24, trace=300256, nelems=0, elem type=java.util.concurrent.ConcurrentHashMap$HashEntry[]@5000009f)
OBJ 500003ea (sz=32, trace=300254, class=java.util.concurrent.ConcurrentHashMap$Segment@500000d4)
	sync		500003eb
	table		500003ec
OBJ 500003eb (sz=24, trace=300255, class=java.util.concurrent.locks.ReentrantLock$NonfairSync@50000112)
ARR 500003ec (sz=24, trace=300256, nelems=1, elem type=java.util.concurrent.ConcurrentHashMap$HashEntry[]@5000009f)
	[0]		500008c9
OBJ 500003ed (sz=32, trace=300254, class=java.util.concurrent.ConcurrentHashMap$Segment@500000d4)
	sync		500003ee
	table		500003ef
OBJ 500003ee (sz=24, trace=300255, class=java.util.concurrent.locks.ReentrantLock$NonfairSync@50000112)
ARR 500003ef (sz=24, trace=300256, nelems=0, elem type=java.util.concurrent.ConcurrentHashMap$HashEntry[]@5000009f)
OBJ 500003f0 (sz=32, trace=300254, class=java.util.concurrent.ConcurrentHashMap$Segment@500000d4)
	sync		500003f1
	table		500003f2
OBJ 500003f1 (sz=24, trace=300255, class=java.util.concurrent.locks.ReentrantLock$NonfairSync@50000112)
ARR 500003f2 (sz=24, trace=300256, nelems=0, elem type=java.util.concurrent.ConcurrentHashMap$HashEntry[]@5000009f)
OBJ 500003f3 (sz=32, trace=300254, class=java.util.concurrent.ConcurrentHashMap$Segment@500000d4)
	sync		500003f4
	table		500003f5
OBJ 500003f4 (sz=24, trace=300255, class=java.util.concurrent.locks.ReentrantLock$NonfairSync@50000112)
ARR 500003f5 (sz=24, trace=300256, nelems=0, elem type=java.util.concurrent.ConcurrentHashMap$HashEntry[]@5000009f)
OBJ 500003f6 (sz=32, trace=300254, class=java.util.concurrent.ConcurrentHashMap$Segment@500000d4)
	sync		500003f7
	table		500003f8
OBJ 500003f7 (sz=24, trace=300255, class=java.util.concurrent.locks.ReentrantLock$NonfairSync@50000112)
ARR 500003f8 (sz=24, trace=300256, nelems=0, elem type=java.util.concurrent.ConcurrentHashMap$HashEntry[]@5000009f)
OBJ 500003f9 (sz=32, trace=300254, class=java.util.concurrent.ConcurrentHashMap$Segment@500000d4)
	sync		500003fa
	table		500003fb
OBJ 500003fa (sz=24, trace=300255, class=java.util.concurrent.locks.ReentrantLock$NonfairSync@50000112)
ARR 500003fb (sz=24, trace=300256, nelems=0, elem type=java.util.concurrent.ConcurrentHashMap$HashEntry[]@5000009f)
OBJ 500003fc (sz=32, trace=300254, class=java.util.concurrent.ConcurrentHashMap$Segment@500000d4)
	sync		500003fd
	table		500003fe
OBJ 500003fd (sz=24, trace=300255, class=java.util.concurrent.locks.ReentrantLock$NonfairSync@50000112)
ARR 500003fe (sz=24, trace=300256, nelems=0, elem type=java.util.concurrent.ConcurrentHashMap$HashEntry[]@5000009f)
OBJ 500003ff (sz=32, trace=300254, class=java.util.concurrent.ConcurrentHashMap$Segment@500000d4)
	sync		50000400
	table		50000401
OBJ 50000400 (sz=24, trace=300255, class=java.util.concurrent.locks.ReentrantLock$NonfairSync@50000112)
ARR 50000401 (sz=24, trace=300256, nelems=0, elem type=java.util.concurrent.ConcurrentHashMap$HashEntry[]@5000009f)
OBJ 50000402 (sz=32, trace=300254, class=java.util.concurrent.ConcurrentHashMap$Segment@500000d4)
	sync		50000403
	table		50000404
OBJ 50000403 (sz=24, trace=300255, class=java.util.concurrent.locks.ReentrantLock$NonfairSync@50000112)
ARR 50000404 (sz=24, trace=300256, nelems=0, elem type=java.util.concurrent.ConcurrentHashMap$HashEntry[]@5000009f)
OBJ 50000405 (sz=32, trace=300254, class=java.util.concurrent.ConcurrentHashMap$Segment@500000d4)
	sync		50000406
	table		50000407
OBJ 50000406 (sz=24, trace=300255, class=java.util.concurrent.locks.ReentrantLock$NonfairSync@50000112)
ARR 50000407 (sz=24, trace=300256, nelems=0, elem type=java.util.concurrent.ConcurrentHashMap$HashEntry[]@5000009f)
OBJ 50000408 (sz=24, trace=300257, class=java.lang.ref.ReferenceQueue@50000113)
	lock		50000409
OBJ 50000409 (sz=8, trace=300258, class=java.lang.ref.ReferenceQueue$Lock@50000087)
OBJ 5000040c (sz=8, trace=300261, class=java.util.ResourceBundle$RBClassLoader$1@5000040b)
OBJ 5000040d (sz=56, trace=300262, class=java.util.ResourceBundle$RBClassLoader@5000040a)
	parent		50000931
	package2certs	50000418
	classes		5000040e
	defaultDomain	50000411
	domains		5000041a
	packages	50000414
	nativeLibraries	50000416
	assertionLock	5000040d
OBJ 5000040e (sz=24, trace=300148, class=java.util.Vector@50000067)
	elementData	5000040f
ARR 5000040f (sz=56, trace=300263, nelems=0, elem type=java.lang.Object[]@500000fa)
OBJ 50000410 (sz=32, trace=300264, class=java.security.CodeSource@5000012a)
OBJ 50000411 (sz=32, trace=300265, class=java.security.ProtectionDomain@50000033)
	codesource	50000410
	classloader	5000040d
	principals	50000413
	key		50000412
OBJ 50000412 (sz=16, trace=300266, class=java.security.ProtectionDomain$Key@500000c7)
	this$0		50000411
ARR 50000413 (sz=16, trace=300267, nelems=0, elem type=java.security.Principal[]@500000cc)
OBJ 50000414 (sz=40, trace=300268, class=java.util.HashMap@50000008)
	table		50000415
ARR 50000415 (sz=80, trace=300269, nelems=0, elem type=java.util.HashMap$Entry[]@5000012c)
OBJ 50000416 (sz=24, trace=300148, class=java.util.Vector@50000067)
	elementData	50000417
ARR 50000417 (sz=56, trace=300270, nelems=0, elem type=java.lang.Object[]@500000fa)
OBJ 50000418 (sz=40, trace=300271, class=java.util.Hashtable@500000a0)
	table		50000419
ARR 50000419 (sz=56, trace=300272, nelems=0, elem type=java.util.Hashtable$Entry[]@5000014d)
OBJ 5000041a (sz=16, trace=300273, class=java.util.HashSet@500000f8)
	map		5000041b
OBJ 5000041b (sz=40, trace=300274, class=java.util.HashMap@50000008)
	table		5000041c
ARR 5000041c (sz=80, trace=300275, nelems=0, elem type=java.util.HashMap$Entry[]@5000012c)
ARR 5000041e (sz=24, trace=300277, nelems=2, elem type=java.lang.String[]@500000b3)
	[0]		500014a5
	[1]		500014d7
OBJ 50000420 (sz=16, trace=300279, class=java.util.Arrays$ArrayList@5000041f)
	a		5000041e
OBJ 50000421 (sz=16, trace=300280, class=java.util.Collections$UnmodifiableRandomAccessList@50000048)
	c		50000420
	list		50000420
ARR 50000422 (sz=16, trace=300281, nelems=1, elem type=java.lang.String[]@500000b3)
	[0]		500014a5
OBJ 50000423 (sz=16, trace=300279, class=java.util.Arrays$ArrayList@5000041f)
	a		50000422
OBJ 50000424 (sz=16, trace=300280, class=java.util.Collections$UnmodifiableRandomAccessList@50000048)
	c		50000423
	list		50000423
ARR 50000425 (sz=16, trace=300282, nelems=1, elem type=java.lang.String[]@500000b3)
	[0]		500014d7
OBJ 50000426 (sz=16, trace=300279, class=java.util.Arrays$ArrayList@5000041f)
	a		50000425
OBJ 50000427 (sz=16, trace=300280, class=java.util.Collections$UnmodifiableRandomAccessList@50000048)
	c		50000426
	list		50000426
OBJ 50000428 (sz=8, trace=300283, class=java.util.ResourceBundle$Control@5000041d)
OBJ 5000042a (sz=16, trace=300285, class=java.util.ResourceBundle$Control$CandidateListCache@50000429)
	_map		5000042d
	_queue		5000042b
OBJ 5000042b (sz=24, trace=300286, class=java.lang.ref.ReferenceQueue@50000113)
	lock		5000042c
OBJ 5000042c (sz=8, trace=300287, class=java.lang.ref.ReferenceQueue$Lock@50000087)
OBJ 5000042d (sz=40, trace=300288, class=java.util.concurrent.ConcurrentHashMap@50000086)
	segments	5000042e
ARR 5000042e (sz=80, trace=300289, nelems=16, elem type=java.util.concurrent.ConcurrentHashMap$Segment[]@500000d5)
	[0]		5000042f
	[1]		50000432
	[2]		50000435
	[3]		50000438
	[4]		5000043b
	[5]		5000043e
	[6]		50000441
	[7]		50000444
	[8]		50000447
	[9]		5000044a
	[10]		5000044d
	[11]		50000450
	[12]		50000453
	[13]		50000456
	[14]		50000459
	[15]		5000045c
OBJ 5000042f (sz=32, trace=300290, class=java.util.concurrent.ConcurrentHashMap$Segment@500000d4)
	sync		50000430
	table		50000431
OBJ 50000430 (sz=24, trace=300255, class=java.util.concurrent.locks.ReentrantLock$NonfairSync@50000112)
ARR 50000431 (sz=16, trace=300291, nelems=1, elem type=java.util.concurrent.ConcurrentHashMap$HashEntry[]@5000009f)
	[0]		50000472
OBJ 50000432 (sz=32, trace=300290, class=java.util.concurrent.ConcurrentHashMap$Segment@500000d4)
	sync		50000433
	table		50000434
OBJ 50000433 (sz=24, trace=300255, class=java.util.concurrent.locks.ReentrantLock$NonfairSync@50000112)
ARR 50000434 (sz=16, trace=300291, nelems=0, elem type=java.util.concurrent.ConcurrentHashMap$HashEntry[]@5000009f)
OBJ 50000435 (sz=32, trace=300290, class=java.util.concurrent.ConcurrentHashMap$Segment@500000d4)
	sync		50000436
	table		50000437
OBJ 50000436 (sz=24, trace=300255, class=java.util.concurrent.locks.ReentrantLock$NonfairSync@50000112)
ARR 50000437 (sz=16, trace=300291, nelems=0, elem type=java.util.concurrent.ConcurrentHashMap$HashEntry[]@5000009f)
OBJ 50000438 (sz=32, trace=300290, class=java.util.concurrent.ConcurrentHashMap$Segment@500000d4)
	sync		50000439
	table		5000043a
OBJ 50000439 (sz=24, trace=300255, class=java.util.concurrent.locks.ReentrantLock$NonfairSync@50000112)
ARR 5000043a (sz=16, trace=300291, nelems=0, elem type=java.util.concurrent.ConcurrentHashMap$HashEntry[]@5000009f)
OBJ 5000043b (sz=32, trace=300290, class=java.util.concurrent.ConcurrentHashMap$Segment@500000d4)
	sync		5000043c
	table		5000043d
OBJ 5000043c (sz=24, trace=300255, class=java.util.concurrent.locks.ReentrantLock$NonfairSync@50000112)
ARR 5000043d (sz=16, trace=300291, nelems=0, elem type=java.util.concurrent.ConcurrentHashMap$HashEntry[]@5000009f)
OBJ 5000043e (sz=32, trace=300290, class=java.util.concurrent.ConcurrentHashMap$Segment@500000d4)
	sync		5000043f
	table		50000440
OBJ 5000043f (sz=24, trace=300255, class=java.util.concurrent.locks.ReentrantLock$NonfairSync@50000112)
ARR 50000440 (sz=16, trace=300291, nelems=0, elem type=java.util.concurrent.ConcurrentHashMap$HashEntry[]@5000009f)
OBJ 50000441 (sz=32, trace=300290, class=java.util.concurrent.ConcurrentHashMap$Segment@500000d4)
	sync		50000442
	table		50000443
OBJ 50000442 (sz=24, trace=300255, class=java.util.concurrent.locks.ReentrantLock$NonfairSync@50000112)
ARR 50000443 (sz=16, trace=300291, nelems=0, elem type=java.util.concurrent.ConcurrentHashMap$HashEntry[]@5000009f)
OBJ 50000444 (sz=32, trace=300290, class=java.util.concurrent.ConcurrentHashMap$Segment@500000d4)
	sync		50000445
	table		50000446
OBJ 50000445 (sz=24, trace=300255, class=java.util.concurrent.locks.ReentrantLock$NonfairSync@50000112)
ARR 50000446 (sz=16, trace=300291, nelems=0, elem type=java.util.concurrent.ConcurrentHashMap$HashEntry[]@5000009f)
OBJ 50000447 (sz=32, trace=300290, class=java.util.concurrent.ConcurrentHashMap$Segment@500000d4)
	sync		50000448
	table		50000449
OBJ 50000448 (sz=24, trace=300255, class=java.util.concurrent.locks.ReentrantLock$NonfairSync@50000112)
ARR 50000449 (sz=16, trace=300291, nelems=0, elem type=java.util.concurrent.ConcurrentHashMap$HashEntry[]@5000009f)
OBJ 5000044a (sz=32, trace=300290, class=java.util.concurrent.ConcurrentHashMap$Segment@500000d4)
	sync		5000044b
	table		5000044c
OBJ 5000044b (sz=24, trace=300255, class=java.util.concurrent.locks.ReentrantLock$NonfairSync@50000112)
ARR 5000044c (sz=16, trace=300291, nelems=0, elem type=java.util.concurrent.ConcurrentHashMap$HashEntry[]@5000009f)
OBJ 5000044d (sz=32, trace=300290, class=java.util.concurrent.ConcurrentHashMap$Segment@500000d4)
	sync		5000044e
	table		5000044f
OBJ 5000044e (sz=24, trace=300255, class=java.util.concurrent.locks.ReentrantLock$NonfairSync@50000112)
ARR 5000044f (sz=16, trace=300291, nelems=0, elem type=java.util.concurrent.ConcurrentHashMap$HashEntry[]@5000009f)
OBJ 50000450 (sz=32, trace=300290, class=java.util.concurrent.ConcurrentHashMap$Segment@500000d4)
	sync		50000451
	table		50000452
OBJ 50000451 (sz=24, trace=300255, class=java.util.concurrent.locks.ReentrantLock$NonfairSync@50000112)
ARR 50000452 (sz=16, trace=300291, nelems=0, elem type=java.util.concurrent.ConcurrentHashMap$HashEntry[]@5000009f)
OBJ 50000453 (sz=32, trace=300290, class=java.util.concurrent.ConcurrentHashMap$Segment@500000d4)
	sync		50000454
	table		50000455
OBJ 50000454 (sz=24, trace=300255, class=java.util.concurrent.locks.ReentrantLock$NonfairSync@50000112)
ARR 50000455 (sz=16, trace=300291, nelems=0, elem type=java.util.concurrent.ConcurrentHashMap$HashEntry[]@5000009f)
OBJ 50000456 (sz=32, trace=300290, class=java.util.concurrent.ConcurrentHashMap$Segment@500000d4)
	sync		50000457
	table		50000458
OBJ 50000457 (sz=24, trace=300255, class=java.util.concurrent.locks.ReentrantLock$NonfairSync@50000112)
ARR 50000458 (sz=16, trace=300291, nelems=0, elem type=java.util.concurrent.ConcurrentHashMap$HashEntry[]@5000009f)
OBJ 50000459 (sz=32, trace=300290, class=java.util.concurrent.ConcurrentHashMap$Segment@500000d4)
	sync		5000045a
	table		5000045b
OBJ 5000045a (sz=24, trace=300255, class=java.util.concurrent.locks.ReentrantLock$NonfairSync@50000112)
ARR 5000045b (sz=16, trace=300291, nelems=0, elem type=java.util.concurrent.ConcurrentHashMap$HashEntry[]@5000009f)
OBJ 5000045c (sz=32, trace=300290, class=java.util.concurrent.ConcurrentHashMap$Segment@500000d4)
	sync		5000045d
	table		5000045e
OBJ 5000045d (sz=24, trace=300255, class=java.util.concurrent.locks.ReentrantLock$NonfairSync@50000112)
ARR 5000045e (sz=16, trace=300291, nelems=0, elem type=java.util.concurrent.ConcurrentHashMap$HashEntry[]@5000009f)
OBJ 50000460 (sz=48, trace=300293, class=java.util.ResourceBundle$CacheKey@5000045f)
OBJ 50000463 (sz=32, trace=300295, class=java.util.ResourceBundle$LoaderReference@50000462)
OBJ 50000468 (sz=24, trace=300297, class=java.util.LinkedList@50000467)
	first		5000046c
	last		50000470
OBJ 50000469 (sz=32, trace=300298, class=sun.util.locale.BaseLocale$Key@500000a3)
OBJ 5000046a (sz=16, trace=300299, class=java.util.Locale$LocaleKey@500000c3)
OBJ 5000046c (sz=24, trace=300301, class=java.util.LinkedList$Node@5000046b)
	item		50000beb
	next		5000046f
OBJ 5000046d (sz=32, trace=300302, class=sun.util.locale.BaseLocale$Key@500000a3)
OBJ 5000046e (sz=16, trace=300299, class=java.util.Locale$LocaleKey@500000c3)
OBJ 5000046f (sz=24, trace=300303, class=java.util.LinkedList$Node@5000046b)
	item		50000bfb
	next		50000470
	prev		5000046c
OBJ 50000470 (sz=24, trace=300304, class=java.util.LinkedList$Node@5000046b)
	item		50000bec
	prev		5000046f
OBJ 50000471 (sz=40, trace=300305, class=sun.util.locale.LocaleObjectCache$CacheEntry@500000b0)
	referent	50000468
	queue		5000042b
	_key		50000c6a
OBJ 50000472 (sz=24, trace=300306, class=java.util.concurrent.ConcurrentHashMap$HashEntry@5000009e)
	key		50000c6a
	value		50000471
OBJ 50000473 (sz=24, trace=300307, class=java.util.ArrayList@500000b1)
ARR 50000474 (sz=24, trace=300308, nelems=0, elem type=java.lang.Object[]@500000fa)
OBJ 50000475 (sz=32, trace=300309, class=java.util.ResourceBundle$LoaderReference@50000462)
OBJ 50000476 (sz=8, trace=300008, class=java.lang.Object@500000f9)
ARR 50000477 (sz=24, trace=300310, nelems=2, elem type=java.util.concurrent.ConcurrentHashMap$HashEntry[]@5000009f)
	[0]		5000016b
	[1]		50000478
OBJ 50000478 (sz=24, trace=300009, class=java.util.concurrent.ConcurrentHashMap$HashEntry@5000009e)
	key		500009db
	value		50000476
OBJ 50000479 (sz=8, trace=300010, class=java.lang.Object@500000f9)
ARR 5000047a (sz=24, trace=300310, nelems=2, elem type=java.util.concurrent.ConcurrentHashMap$HashEntry[]@5000009f)
	[0]		5000016d
	[1]		5000047b
OBJ 5000047b (sz=24, trace=300009, class=java.util.concurrent.ConcurrentHashMap$HashEntry@5000009e)
	key		500009db
	value		50000479
ARR 5000047e (sz=16, trace=300312, nelems=0, elem type=java.lang.Class[]@500000c1)
OBJ 5000047f (sz=32, trace=300063, class=java.lang.ref.SoftReference@500000a5)
OBJ 50000480 (sz=64, trace=300064, class=java.lang.reflect.Constructor@50000095)
OBJ 50000481 (sz=16, trace=300313, class=java.lang.Class$1@5000013d)
OBJ 50000482 (sz=24, trace=300066, class=sun.reflect.NativeConstructorAccessorImpl@50000050)
OBJ 50000483 (sz=16, trace=300067, class=sun.reflect.DelegatingConstructorAccessorImpl@5000013c)
OBJ 50000484 (sz=40, trace=300314, class=sun.launcher.resources.launcher@5000047d)
	locale		50000bec
	name		500009db
	cacheKey	500014a8
OBJ 50000485 (sz=32, trace=300309, class=java.util.ResourceBundle$LoaderReference@50000462)
	referent	5000040d
	queue		50000408
	cacheKey	500014a8
OBJ 50000487 (sz=40, trace=300316, class=java.util.ResourceBundle$BundleReference@50000486)
	referent	50000484
	queue		50000408
	cacheKey	500014a8
OBJ 50000488 (sz=24, trace=300317, class=java.util.concurrent.ConcurrentHashMap$HashEntry@5000009e)
	key		500014a8
	value		50000487
OBJ 50000489 (sz=32, trace=300309, class=java.util.ResourceBundle$LoaderReference@50000462)
OBJ 5000048a (sz=16, trace=300318, class=java.lang.StringBuilder@50000123)
ARR 5000048b (sz=112, trace=300319, nelems=0, elem type=char[])
OBJ 5000048c (sz=24, trace=300320, class=java.lang.String@500000b2)
	value		5000048d
ARR 5000048d (sz=68, trace=300321, nelems=34, elem type=char[])
OBJ 5000048e (sz=8, trace=300008, class=java.lang.Object@500000f9)
OBJ 5000048f (sz=24, trace=300009, class=java.util.concurrent.ConcurrentHashMap$HashEntry@5000009e)
	key		5000048c
	value		5000048e
OBJ 50000490 (sz=8, trace=300010, class=java.lang.Object@500000f9)
OBJ 50000491 (sz=24, trace=300009, class=java.util.concurrent.ConcurrentHashMap$HashEntry@5000009e)
	key		5000048c
	value		50000490
ARR 50000493 (sz=16, trace=300312, nelems=0, elem type=java.lang.Class[]@500000c1)
OBJ 50000494 (sz=32, trace=300063, class=java.lang.ref.SoftReference@500000a5)
OBJ 50000495 (sz=64, trace=300064, class=java.lang.reflect.Constructor@50000095)
OBJ 50000496 (sz=16, trace=300313, class=java.lang.Class$1@5000013d)
OBJ 50000497 (sz=24, trace=300066, class=sun.reflect.NativeConstructorAccessorImpl@50000050)
OBJ 50000498 (sz=16, trace=300067, class=sun.reflect.DelegatingConstructorAccessorImpl@5000013c)
OBJ 50000499 (sz=40, trace=300322, class=sun.launcher.resources.launcher_de@50000492)
	parent		50000484
	locale		50000bfb
	name		500009db
	cacheKey	500014a7
	lookup		500008d8
OBJ 5000049a (sz=32, trace=300309, class=java.util.ResourceBundle$LoaderReference@50000462)
	referent	5000040d
	queue		50000408
	cacheKey	500014a7
OBJ 5000049b (sz=40, trace=300316, class=java.util.ResourceBundle$BundleReference@50000486)
	referent	50000499
	queue		50000408
	cacheKey	500014a7
OBJ 5000049c (sz=24, trace=300317, class=java.util.concurrent.ConcurrentHashMap$HashEntry@5000009e)
	key		500014a7
	value		5000049b
	next		50000488
OBJ 5000049d (sz=32, trace=300309, class=java.util.ResourceBundle$LoaderReference@50000462)
OBJ 5000049e (sz=16, trace=300318, class=java.lang.StringBuilder@50000123)
ARR 5000049f (sz=112, trace=300319, nelems=0, elem type=char[])
OBJ 500004a0 (sz=24, trace=300320, class=java.lang.String@500000b2)
	value		500004a1
ARR 500004a1 (sz=74, trace=300321, nelems=37, elem type=char[])
OBJ 500004a2 (sz=8, trace=300008, class=java.lang.Object@500000f9)
OBJ 500004a3 (sz=24, trace=300009, class=java.util.concurrent.ConcurrentHashMap$HashEntry@5000009e)
	key		500004a0
	value		500004a2
OBJ 500004a4 (sz=8, trace=300010, class=java.lang.Object@500000f9)
OBJ 500004a5 (sz=24, trace=300009, class=java.util.concurrent.ConcurrentHashMap$HashEntry@5000009e)
	key		500004a0
	value		500004a4
OBJ 500004a6 (sz=16, trace=300012, class=java.net.URLClassLoader$1@5000016e)
ARR 500004a7 (sz=88, trace=300323, nelems=0, elem type=char[])
OBJ 500004a8 (sz=24, trace=300324, class=java.lang.String@500000b2)
ARR 500004a9 (sz=104, trace=300013, nelems=0, elem type=char[])
OBJ 500004aa (sz=24, trace=300014, class=java.lang.String@500000b2)
OBJ 500004ab (sz=32, trace=300085, class=java.lang.ClassNotFoundException@50000099)
OBJ 500004ac (sz=32, trace=300087, class=java.security.PrivilegedActionException@500002b8)
OBJ 500004ad (sz=16, trace=300088, class=java.net.URLClassLoader$1@5000016e)
ARR 500004ae (sz=88, trace=300323, nelems=0, elem type=char[])
OBJ 500004af (sz=24, trace=300324, class=java.lang.String@500000b2)
ARR 500004b0 (sz=104, trace=300013, nelems=0, elem type=char[])
OBJ 500004b1 (sz=24, trace=300014, class=java.lang.String@500000b2)
OBJ 500004b2 (sz=56, trace=300109, class=java.net.URL@50000010)
OBJ 500004b3 (sz=16, trace=300110, class=java.lang.StringBuilder@50000123)
ARR 500004b4 (sz=48, trace=300111, nelems=0, elem type=char[])
ARR 500004b5 (sz=96, trace=300018, nelems=0, elem type=char[])
ARR 500004b6 (sz=184, trace=300018, nelems=0, elem type=char[])
OBJ 500004b7 (sz=24, trace=300112, class=java.lang.String@500000b2)
ARR 500004b8 (sz=104, trace=300113, nelems=0, elem type=char[])
OBJ 500004b9 (sz=24, trace=300114, class=java.lang.String@500000b2)
ARR 500004ba (sz=216, trace=300115, nelems=0, elem type=char[])
ARR 500004bb (sz=104, trace=300116, nelems=0, elem type=char[])
OBJ 500004bc (sz=24, trace=300117, class=java.lang.String@500000b2)
ARR 500004bd (sz=104, trace=300118, nelems=0, elem type=char[])
OBJ 500004be (sz=56, trace=300119, class=java.net.URL@50000010)
OBJ 500004bf (sz=16, trace=300110, class=java.lang.StringBuilder@50000123)
ARR 500004c0 (sz=48, trace=300111, nelems=0, elem type=char[])
ARR 500004c1 (sz=96, trace=300018, nelems=0, elem type=char[])
ARR 500004c2 (sz=184, trace=300018, nelems=0, elem type=char[])
OBJ 500004c3 (sz=24, trace=300112, class=java.lang.String@500000b2)
ARR 500004c4 (sz=184, trace=300113, nelems=0, elem type=char[])
ARR 500004c5 (sz=104, trace=300325, nelems=0, elem type=char[])
OBJ 500004c6 (sz=24, trace=300326, class=java.lang.String@500000b2)
OBJ 500004c7 (sz=24, trace=300120, class=java.io.File@5000010e)
ARR 500004c8 (sz=176, trace=300121, nelems=0, elem type=char[])
OBJ 500004c9 (sz=24, trace=300122, class=java.lang.String@500000b2)
ARR 500004ca (sz=176, trace=300123, nelems=0, elem type=char[])
ARR 500004cb (sz=104, trace=300173, nelems=0, elem type=char[])
ARR 500004cc (sz=144, trace=300174, nelems=0, elem type=byte[])
OBJ 500004cd (sz=48, trace=300175, class=java.nio.HeapByteBuffer@500000d0)
OBJ 500004ce (sz=48, trace=300176, class=java.nio.HeapCharBuffer@500000ad)
ARR 500004cf (sz=56, trace=300177, nelems=0, elem type=byte[])
OBJ 500004d0 (sz=32, trace=300085, class=java.lang.ClassNotFoundException@50000099)
OBJ 500004d1 (sz=32, trace=300087, class=java.security.PrivilegedActionException@500002b8)
OBJ 500004d2 (sz=16, trace=300318, class=java.lang.StringBuilder@50000123)
ARR 500004d3 (sz=112, trace=300319, nelems=0, elem type=char[])
OBJ 500004d4 (sz=24, trace=300320, class=java.lang.String@500000b2)
ARR 500004d5 (sz=88, trace=300321, nelems=0, elem type=char[])
OBJ 500004d6 (sz=16, trace=300327, class=java.lang.StringBuilder@50000123)
ARR 500004d7 (sz=112, trace=300328, nelems=0, elem type=char[])
ARR 500004d8 (sz=88, trace=300329, nelems=0, elem type=char[])
OBJ 500004d9 (sz=24, trace=300330, class=java.lang.String@500000b2)
OBJ 500004da (sz=24, trace=300331, class=java.lang.String@500000b2)
ARR 500004db (sz=112, trace=300332, nelems=0, elem type=char[])
OBJ 500004dd (sz=24, trace=300334, class=java.util.ResourceBundle$Control$1@500004dc)
OBJ 500004e0 (sz=8, trace=300337, class=sun.misc.Launcher$BootClassPathHolder$1@500004df)
ARR 500004e1 (sz=48, trace=300338, nelems=0, elem type=java.io.File[]@5000010f)
OBJ 500004e2 (sz=24, trace=300339, class=java.lang.String@500000b2)
	value		50000b37
OBJ 500004e3 (sz=24, trace=300340, class=java.io.File@5000010e)
OBJ 500004e4 (sz=24, trace=300339, class=java.lang.String@500000b2)
OBJ 500004e5 (sz=24, trace=300340, class=java.io.File@5000010e)
OBJ 500004e6 (sz=24, trace=300339, class=java.lang.String@500000b2)
OBJ 500004e7 (sz=24, trace=300340, class=java.io.File@5000010e)
OBJ 500004e8 (sz=24, trace=300339, class=java.lang.String@500000b2)
OBJ 500004e9 (sz=24, trace=300340, class=java.io.File@5000010e)
OBJ 500004ea (sz=24, trace=300339, class=java.lang.String@500000b2)
OBJ 500004eb (sz=24, trace=300340, class=java.io.File@5000010e)
OBJ 500004ec (sz=24, trace=300339, class=java.lang.String@500000b2)
OBJ 500004ed (sz=24, trace=300340, class=java.io.File@5000010e)
OBJ 500004ee (sz=24, trace=300339, class=java.lang.String@500000b2)
	value		50000b37
OBJ 500004ef (sz=24, trace=300340, class=java.io.File@5000010e)
OBJ 500004f0 (sz=24, trace=300341, class=java.lang.String@500000b2)
	value		50000b37
OBJ 500004f1 (sz=24, trace=300342, class=java.io.File@5000010e)
OBJ 500004f2 (sz=16, trace=300343, class=java.util.HashSet@500000f8)
OBJ 500004f3 (sz=40, trace=300344, class=java.util.HashMap@50000008)
ARR 500004f4 (sz=80, trace=300345, nelems=0, elem type=java.util.HashMap$Entry[]@5000012c)
OBJ 500004f5 (sz=24, trace=300346, class=java.lang.String@500000b2)
	value		50000b37
OBJ 500004f6 (sz=24, trace=300347, class=java.io.File@5000010e)
ARR 500004f7 (sz=88, trace=300348, nelems=0, elem type=char[])
OBJ 500004f8 (sz=24, trace=300083, class=java.lang.String@500000b2)
OBJ 500004f9 (sz=24, trace=300242, class=java.util.HashMap$Entry@5000012b)
OBJ 500004fa (sz=24, trace=300349, class=java.io.File@5000010e)
ARR 500004fb (sz=112, trace=300350, nelems=0, elem type=char[])
OBJ 500004fc (sz=24, trace=300351, class=java.lang.String@500000b2)
ARR 500004fd (sz=112, trace=300123, nelems=0, elem type=char[])
OBJ 500004fe (sz=24, trace=300352, class=java.io.FileInputStream@50000055)
	fd		50000501
	closeLock	50000500
OBJ 500004ff (sz=32, trace=300144, class=java.lang.ref.Finalizer@500000d6)
	referent	500004fe
	queue		50000953
	next		500003bd
OBJ 50000500 (sz=8, trace=300353, class=java.lang.Object@500000f9)
OBJ 50000501 (sz=24, trace=300354, class=java.io.FileDescriptor@500000c5)
	useCount	50000502
OBJ 50000502 (sz=16, trace=300355, class=java.util.concurrent.atomic.AtomicInteger@5000002c)
OBJ 50000503 (sz=24, trace=300356, class=java.io.FileReader@5000013b)
OBJ 50000504 (sz=48, trace=300357, class=sun.nio.cs.SingleByte$Decoder@50000142)
OBJ 50000505 (sz=40, trace=300358, class=sun.nio.cs.StreamDecoder@500000bc)
ARR 50000506 (sz=8208, trace=300359, nelems=0, elem type=byte[])
OBJ 50000507 (sz=48, trace=300038, class=java.nio.HeapByteBuffer@500000d0)
OBJ 50000508 (sz=48, trace=300360, class=java.io.BufferedReader@5000004a)
ARR 50000509 (sz=16400, trace=300361, nelems=0, elem type=char[])
OBJ 5000050a (sz=24, trace=300362, class=java.util.ArrayList@500000b1)
ARR 5000050b (sz=56, trace=300363, nelems=0, elem type=java.lang.Object[]@500000fa)
OBJ 5000050c (sz=24, trace=300102, class=java.lang.String@500000b2)
OBJ 5000050d (sz=24, trace=300103, class=java.io.ExpiringCache$Entry@500000eb)
	val		50000bb0
OBJ 5000050e (sz=32, trace=300104, class=java.util.LinkedHashMap$Entry@50000064)
	key		500004f5
	value		5000050d
	before		500002dc
	after		50000643
OBJ 5000050f (sz=24, trace=300106, class=java.lang.String@500000b2)
OBJ 50000510 (sz=24, trace=300107, class=java.io.File@5000010e)
OBJ 50000511 (sz=24, trace=300364, class=java.io.File@5000010e)
OBJ 50000512 (sz=48, trace=300176, class=java.nio.HeapCharBuffer@500000ad)
OBJ 50000513 (sz=24, trace=300365, class=java.lang.String@500000b2)
ARR 50000514 (sz=40, trace=300366, nelems=0, elem type=char[])
OBJ 50000515 (sz=24, trace=300367, class=java.lang.String@500000b2)
ARR 50000516 (sz=120, trace=300366, nelems=0, elem type=char[])
OBJ 50000517 (sz=24, trace=300367, class=java.lang.String@500000b2)
ARR 50000518 (sz=128, trace=300366, nelems=0, elem type=char[])
OBJ 50000519 (sz=24, trace=300367, class=java.lang.String@500000b2)
ARR 5000051a (sz=88, trace=300366, nelems=0, elem type=char[])
OBJ 5000051b (sz=24, trace=300367, class=java.lang.String@500000b2)
ARR 5000051c (sz=40, trace=300366, nelems=0, elem type=char[])
OBJ 5000051d (sz=24, trace=300368, class=java.lang.String@500000b2)
OBJ 5000051e (sz=24, trace=300367, class=java.lang.String@500000b2)
	value		5000051f
ARR 5000051f (sz=18, trace=300366, nelems=9, elem type=char[])
OBJ 50000520 (sz=24, trace=300367, class=java.lang.String@500000b2)
ARR 50000521 (sz=40, trace=300366, nelems=0, elem type=char[])
OBJ 50000522 (sz=24, trace=300369, class=java.io.File@5000010e)
	path		50000524
ARR 50000523 (sz=112, trace=300370, nelems=0, elem type=char[])
OBJ 50000524 (sz=24, trace=300371, class=java.lang.String@500000b2)
	value		50000525
ARR 50000525 (sz=94, trace=300123, nelems=47, elem type=char[])
OBJ 50000526 (sz=16, trace=300372, class=sun.misc.MetaIndex@50000076)
	contents	500012d0
ARR 50000527 (sz=16, trace=300373, nelems=0, elem type=java.lang.String[]@500000b3)
ARR 50000528 (sz=112, trace=300348, nelems=0, elem type=char[])
OBJ 50000529 (sz=24, trace=300083, class=java.lang.String@500000b2)
OBJ 5000052a (sz=24, trace=300374, class=java.util.HashMap$Entry@5000012b)
	key		50000522
	value		50000526
OBJ 5000052b (sz=24, trace=300368, class=java.lang.String@500000b2)
OBJ 5000052c (sz=24, trace=300367, class=java.lang.String@500000b2)
	value		5000052d
ARR 5000052d (sz=108, trace=300366, nelems=54, elem type=char[])
OBJ 5000052e (sz=24, trace=300367, class=java.lang.String@500000b2)
	value		5000052f
ARR 5000052f (sz=14, trace=300366, nelems=7, elem type=char[])
OBJ 50000530 (sz=24, trace=300367, class=java.lang.String@500000b2)
	value		50000531
ARR 50000531 (sz=14, trace=300366, nelems=7, elem type=char[])
OBJ 50000532 (sz=24, trace=300367, class=java.lang.String@500000b2)
	value		50000533
ARR 50000533 (sz=12, trace=300366, nelems=6, elem type=char[])
OBJ 50000534 (sz=24, trace=300367, class=java.lang.String@500000b2)
ARR 50000535 (sz=32, trace=300366, nelems=0, elem type=char[])
OBJ 50000536 (sz=24, trace=300369, class=java.io.File@5000010e)
	path		50000538
ARR 50000537 (sz=112, trace=300370, nelems=0, elem type=char[])
OBJ 50000538 (sz=24, trace=300371, class=java.lang.String@500000b2)
	value		50000539
ARR 50000539 (sz=98, trace=300123, nelems=49, elem type=char[])
OBJ 5000053a (sz=16, trace=300372, class=sun.misc.MetaIndex@50000076)
	contents	500012d1
ARR 5000053b (sz=16, trace=300373, nelems=0, elem type=java.lang.String[]@500000b3)
ARR 5000053c (sz=112, trace=300348, nelems=0, elem type=char[])
OBJ 5000053d (sz=24, trace=300083, class=java.lang.String@500000b2)
OBJ 5000053e (sz=24, trace=300374, class=java.util.HashMap$Entry@5000012b)
	key		50000536
	value		5000053a
OBJ 5000053f (sz=24, trace=300368, class=java.lang.String@500000b2)
OBJ 50000540 (sz=24, trace=300367, class=java.lang.String@500000b2)
	value		50000541
ARR 50000541 (sz=24, trace=300366, nelems=12, elem type=char[])
OBJ 50000542 (sz=24, trace=300367, class=java.lang.String@500000b2)
	value		50000543
ARR 50000543 (sz=24, trace=300366, nelems=12, elem type=char[])
OBJ 50000544 (sz=24, trace=300367, class=java.lang.String@500000b2)
	value		50000545
ARR 50000545 (sz=40, trace=300366, nelems=20, elem type=char[])
OBJ 50000546 (sz=24, trace=300367, class=java.lang.String@500000b2)
	value		50000547
ARR 50000547 (sz=38, trace=300366, nelems=19, elem type=char[])
OBJ 50000548 (sz=24, trace=300367, class=java.lang.String@500000b2)
ARR 50000549 (sz=32, trace=300366, nelems=0, elem type=char[])
OBJ 5000054a (sz=24, trace=300369, class=java.io.File@5000010e)
	path		5000054c
ARR 5000054b (sz=104, trace=300370, nelems=0, elem type=char[])
OBJ 5000054c (sz=24, trace=300371, class=java.lang.String@500000b2)
	value		5000054d
ARR 5000054d (sz=88, trace=300123, nelems=44, elem type=char[])
OBJ 5000054e (sz=16, trace=300372, class=sun.misc.MetaIndex@50000076)
	contents	500012f6
ARR 5000054f (sz=16, trace=300373, nelems=0, elem type=java.lang.String[]@500000b3)
ARR 50000550 (sz=104, trace=300348, nelems=0, elem type=char[])
OBJ 50000551 (sz=24, trace=300083, class=java.lang.String@500000b2)
OBJ 50000552 (sz=24, trace=300374, class=java.util.HashMap$Entry@5000012b)
	key		5000054a
	value		5000054e
OBJ 50000553 (sz=24, trace=300368, class=java.lang.String@500000b2)
OBJ 50000554 (sz=24, trace=300367, class=java.lang.String@500000b2)
	value		50000555
ARR 50000555 (sz=24, trace=300366, nelems=12, elem type=char[])
OBJ 50000556 (sz=24, trace=300367, class=java.lang.String@500000b2)
	value		50000557
ARR 50000557 (sz=24, trace=300366, nelems=12, elem type=char[])
OBJ 50000558 (sz=24, trace=300367, class=java.lang.String@500000b2)
ARR 50000559 (sz=56, trace=300366, nelems=0, elem type=char[])
OBJ 5000055a (sz=24, trace=300369, class=java.io.File@5000010e)
	path		5000055c
ARR 5000055b (sz=104, trace=300370, nelems=0, elem type=char[])
OBJ 5000055c (sz=24, trace=300371, class=java.lang.String@500000b2)
	value		5000055d
ARR 5000055d (sz=90, trace=300123, nelems=45, elem type=char[])
OBJ 5000055e (sz=16, trace=300372, class=sun.misc.MetaIndex@50000076)
	contents	500012e2
ARR 5000055f (sz=16, trace=300373, nelems=0, elem type=java.lang.String[]@500000b3)
ARR 50000560 (sz=104, trace=300348, nelems=0, elem type=char[])
OBJ 50000561 (sz=24, trace=300083, class=java.lang.String@500000b2)
OBJ 50000562 (sz=24, trace=300374, class=java.util.HashMap$Entry@5000012b)
	key		5000055a
	value		5000055e
OBJ 50000563 (sz=24, trace=300368, class=java.lang.String@500000b2)
OBJ 50000564 (sz=24, trace=300367, class=java.lang.String@500000b2)
ARR 50000565 (sz=48, trace=300366, nelems=0, elem type=char[])
OBJ 50000566 (sz=24, trace=300368, class=java.lang.String@500000b2)
OBJ 50000567 (sz=24, trace=300367, class=java.lang.String@500000b2)
	value		50000568
ARR 50000568 (sz=54, trace=300366, nelems=27, elem type=char[])
OBJ 50000569 (sz=24, trace=300367, class=java.lang.String@500000b2)
	value		5000056a
ARR 5000056a (sz=96, trace=300366, nelems=48, elem type=char[])
OBJ 5000056b (sz=24, trace=300367, class=java.lang.String@500000b2)
	value		5000056c
ARR 5000056c (sz=22, trace=300366, nelems=11, elem type=char[])
OBJ 5000056d (sz=24, trace=300367, class=java.lang.String@500000b2)
	value		5000056e
ARR 5000056e (sz=28, trace=300366, nelems=14, elem type=char[])
OBJ 5000056f (sz=24, trace=300367, class=java.lang.String@500000b2)
	value		50000570
ARR 50000570 (sz=108, trace=300366, nelems=54, elem type=char[])
OBJ 50000571 (sz=24, trace=300367, class=java.lang.String@500000b2)
	value		50000572
ARR 50000572 (sz=18, trace=300366, nelems=9, elem type=char[])
OBJ 50000573 (sz=24, trace=300367, class=java.lang.String@500000b2)
	value		50000574
ARR 50000574 (sz=106, trace=300366, nelems=53, elem type=char[])
OBJ 50000575 (sz=24, trace=300367, class=java.lang.String@500000b2)
	value		50000576
ARR 50000576 (sz=22, trace=300366, nelems=11, elem type=char[])
OBJ 50000577 (sz=24, trace=300367, class=java.lang.String@500000b2)
	value		50000578
ARR 50000578 (sz=114, trace=300366, nelems=57, elem type=char[])
OBJ 50000579 (sz=24, trace=300367, class=java.lang.String@500000b2)
	value		5000057a
ARR 5000057a (sz=114, trace=300366, nelems=57, elem type=char[])
OBJ 5000057b (sz=24, trace=300367, class=java.lang.String@500000b2)
	value		5000057c
ARR 5000057c (sz=14, trace=300366, nelems=7, elem type=char[])
ARR 5000057d (sz=72, trace=300375, nelems=0, elem type=java.lang.Object[]@500000fa)
OBJ 5000057e (sz=24, trace=300367, class=java.lang.String@500000b2)
	value		5000057f
ARR 5000057f (sz=114, trace=300366, nelems=57, elem type=char[])
OBJ 50000580 (sz=24, trace=300367, class=java.lang.String@500000b2)
	value		50000581
ARR 50000581 (sz=20, trace=300366, nelems=10, elem type=char[])
OBJ 50000582 (sz=24, trace=300367, class=java.lang.String@500000b2)
	value		50000583
ARR 50000583 (sz=32, trace=300366, nelems=16, elem type=char[])
OBJ 50000584 (sz=24, trace=300367, class=java.lang.String@500000b2)
	value		50000585
ARR 50000585 (sz=38, trace=300366, nelems=19, elem type=char[])
OBJ 50000586 (sz=24, trace=300367, class=java.lang.String@500000b2)
	value		50000587
ARR 50000587 (sz=98, trace=300366, nelems=49, elem type=char[])
ARR 50000588 (sz=104, trace=300375, nelems=0, elem type=java.lang.Object[]@500000fa)
OBJ 50000589 (sz=24, trace=300367, class=java.lang.String@500000b2)
	value		5000058a
ARR 5000058a (sz=66, trace=300366, nelems=33, elem type=char[])
OBJ 5000058b (sz=24, trace=300367, class=java.lang.String@500000b2)
	value		5000058c
ARR 5000058c (sz=14, trace=300366, nelems=7, elem type=char[])
OBJ 5000058d (sz=24, trace=300367, class=java.lang.String@500000b2)
	value		5000058e
ARR 5000058e (sz=106, trace=300366, nelems=53, elem type=char[])
OBJ 5000058f (sz=24, trace=300367, class=java.lang.String@500000b2)
	value		50000590
ARR 50000590 (sz=14, trace=300366, nelems=7, elem type=char[])
OBJ 50000591 (sz=24, trace=300367, class=java.lang.String@500000b2)
	value		50000592
ARR 50000592 (sz=18, trace=300366, nelems=9, elem type=char[])
OBJ 50000593 (sz=24, trace=300367, class=java.lang.String@500000b2)
	value		50000594
ARR 50000594 (sz=100, trace=300366, nelems=50, elem type=char[])
OBJ 50000595 (sz=24, trace=300367, class=java.lang.String@500000b2)
	value		50000596
ARR 50000596 (sz=30, trace=300366, nelems=15, elem type=char[])
ARR 50000597 (sz=144, trace=300375, nelems=0, elem type=java.lang.Object[]@500000fa)
OBJ 50000598 (sz=24, trace=300367, class=java.lang.String@500000b2)
	value		50000599
ARR 50000599 (sz=110, trace=300366, nelems=55, elem type=char[])
OBJ 5000059a (sz=24, trace=300367, class=java.lang.String@500000b2)
	value		5000059b
ARR 5000059b (sz=18, trace=300366, nelems=9, elem type=char[])
OBJ 5000059c (sz=24, trace=300367, class=java.lang.String@500000b2)
	value		5000059d
ARR 5000059d (sz=16, trace=300366, nelems=8, elem type=char[])
OBJ 5000059e (sz=24, trace=300367, class=java.lang.String@500000b2)
	value		5000059f
ARR 5000059f (sz=18, trace=300366, nelems=9, elem type=char[])
OBJ 500005a0 (sz=24, trace=300367, class=java.lang.String@500000b2)
	value		500005a1
ARR 500005a1 (sz=110, trace=300366, nelems=55, elem type=char[])
OBJ 500005a2 (sz=24, trace=300367, class=java.lang.String@500000b2)
	value		500005a3
ARR 500005a3 (sz=74, trace=300366, nelems=37, elem type=char[])
OBJ 500005a4 (sz=24, trace=300367, class=java.lang.String@500000b2)
	value		500005a5
ARR 500005a5 (sz=102, trace=300366, nelems=51, elem type=char[])
OBJ 500005a6 (sz=24, trace=300367, class=java.lang.String@500000b2)
	value		500005a7
ARR 500005a7 (sz=38, trace=300366, nelems=19, elem type=char[])
OBJ 500005a8 (sz=24, trace=300367, class=java.lang.String@500000b2)
	value		500005a9
ARR 500005a9 (sz=26, trace=300366, nelems=13, elem type=char[])
OBJ 500005aa (sz=24, trace=300367, class=java.lang.String@500000b2)
	value		500005ab
ARR 500005ab (sz=24, trace=300366, nelems=12, elem type=char[])
OBJ 500005ac (sz=24, trace=300367, class=java.lang.String@500000b2)
	value		500005ad
ARR 500005ad (sz=24, trace=300366, nelems=12, elem type=char[])
ARR 500005ae (sz=208, trace=300375, nelems=0, elem type=java.lang.Object[]@500000fa)
OBJ 500005af (sz=24, trace=300367, class=java.lang.String@500000b2)
	value		500005b0
ARR 500005b0 (sz=132, trace=300366, nelems=66, elem type=char[])
OBJ 500005b1 (sz=24, trace=300367, class=java.lang.String@500000b2)
ARR 500005b2 (sz=32, trace=300366, nelems=0, elem type=char[])
OBJ 500005b3 (sz=24, trace=300369, class=java.io.File@5000010e)
	path		500005b5
ARR 500005b4 (sz=112, trace=300370, nelems=0, elem type=char[])
OBJ 500005b5 (sz=24, trace=300371, class=java.lang.String@500000b2)
	value		500005b6
ARR 500005b6 (sz=100, trace=300123, nelems=50, elem type=char[])
OBJ 500005b7 (sz=16, trace=300372, class=sun.misc.MetaIndex@50000076)
	contents	500012e3
ARR 500005b8 (sz=16, trace=300373, nelems=0, elem type=java.lang.String[]@500000b3)
ARR 500005b9 (sz=112, trace=300348, nelems=0, elem type=char[])
OBJ 500005ba (sz=24, trace=300083, class=java.lang.String@500000b2)
OBJ 500005bb (sz=24, trace=300374, class=java.util.HashMap$Entry@5000012b)
	key		500005b3
	value		500005b7
OBJ 500005bc (sz=24, trace=300368, class=java.lang.String@500000b2)
OBJ 500005bd (sz=24, trace=300367, class=java.lang.String@500000b2)
	value		500005be
ARR 500005be (sz=54, trace=300366, nelems=27, elem type=char[])
OBJ 500005bf (sz=24, trace=300367, class=java.lang.String@500000b2)
	value		500005c0
ARR 500005c0 (sz=10, trace=300366, nelems=5, elem type=char[])
OBJ 500005c1 (sz=24, trace=300367, class=java.lang.String@500000b2)
	value		500005c2
ARR 500005c2 (sz=18, trace=300366, nelems=9, elem type=char[])
OBJ 500005c3 (sz=24, trace=300367, class=java.lang.String@500000b2)
	value		500005c4
ARR 500005c4 (sz=28, trace=300366, nelems=14, elem type=char[])
OBJ 500005c5 (sz=24, trace=300367, class=java.lang.String@500000b2)
	value		500005c6
ARR 500005c6 (sz=32, trace=300366, nelems=16, elem type=char[])
OBJ 500005c7 (sz=24, trace=300367, class=java.lang.String@500000b2)
	value		500005c8
ARR 500005c8 (sz=42, trace=300366, nelems=21, elem type=char[])
OBJ 500005c9 (sz=24, trace=300367, class=java.lang.String@500000b2)
	value		500005ca
ARR 500005ca (sz=28, trace=300366, nelems=14, elem type=char[])
OBJ 500005cb (sz=24, trace=300367, class=java.lang.String@500000b2)
	value		500005cc
ARR 500005cc (sz=28, trace=300366, nelems=14, elem type=char[])
OBJ 500005cd (sz=24, trace=300367, class=java.lang.String@500000b2)
	value		500005ce
ARR 500005ce (sz=24, trace=300366, nelems=12, elem type=char[])
OBJ 500005cf (sz=24, trace=300367, class=java.lang.String@500000b2)
	value		500005d0
ARR 500005d0 (sz=38, trace=300366, nelems=19, elem type=char[])
OBJ 500005d1 (sz=24, trace=300367, class=java.lang.String@500000b2)
	value		500005d2
ARR 500005d2 (sz=8, trace=300366, nelems=4, elem type=char[])
OBJ 500005d3 (sz=24, trace=300367, class=java.lang.String@500000b2)
	value		500005d4
ARR 500005d4 (sz=24, trace=300366, nelems=12, elem type=char[])
OBJ 500005d5 (sz=24, trace=300367, class=java.lang.String@500000b2)
	value		500005d6
ARR 500005d6 (sz=26, trace=300366, nelems=13, elem type=char[])
OBJ 500005d7 (sz=24, trace=300367, class=java.lang.String@500000b2)
	value		500005d8
ARR 500005d8 (sz=38, trace=300366, nelems=19, elem type=char[])
OBJ 500005d9 (sz=24, trace=300367, class=java.lang.String@500000b2)
	value		500005da
ARR 500005da (sz=32, trace=300366, nelems=16, elem type=char[])
OBJ 500005db (sz=24, trace=300367, class=java.lang.String@500000b2)
	value		500005dc
ARR 500005dc (sz=24, trace=300366, nelems=12, elem type=char[])
OBJ 500005dd (sz=24, trace=300367, class=java.lang.String@500000b2)
	value		500005de
ARR 500005de (sz=24, trace=300366, nelems=12, elem type=char[])
OBJ 500005df (sz=24, trace=300367, class=java.lang.String@500000b2)
	value		500005e0
ARR 500005e0 (sz=16, trace=300366, nelems=8, elem type=char[])
OBJ 500005e1 (sz=24, trace=300367, class=java.lang.String@500000b2)
	value		500005e2
ARR 500005e2 (sz=28, trace=300366, nelems=14, elem type=char[])
OBJ 500005e3 (sz=24, trace=300367, class=java.lang.String@500000b2)
	value		500005e4
ARR 500005e4 (sz=38, trace=300366, nelems=19, elem type=char[])
OBJ 500005e5 (sz=24, trace=300367, class=java.lang.String@500000b2)
	value		500005e6
ARR 500005e6 (sz=30, trace=300366, nelems=15, elem type=char[])
OBJ 500005e7 (sz=24, trace=300367, class=java.lang.String@500000b2)
	value		500005e8
ARR 500005e8 (sz=24, trace=300366, nelems=12, elem type=char[])
OBJ 500005e9 (sz=24, trace=300367, class=java.lang.String@500000b2)
	value		500005ea
ARR 500005ea (sz=30, trace=300366, nelems=15, elem type=char[])
OBJ 500005eb (sz=24, trace=300367, class=java.lang.String@500000b2)
	value		500005ec
ARR 500005ec (sz=16, trace=300366, nelems=8, elem type=char[])
OBJ 500005ed (sz=24, trace=300367, class=java.lang.String@500000b2)
	value		500005ee
ARR 500005ee (sz=30, trace=300366, nelems=15, elem type=char[])
OBJ 500005ef (sz=24, trace=300367, class=java.lang.String@500000b2)
	value		500005f0
ARR 500005f0 (sz=30, trace=300366, nelems=15, elem type=char[])
OBJ 500005f1 (sz=24, trace=300367, class=java.lang.String@500000b2)
	value		500005f2
ARR 500005f2 (sz=16, trace=300366, nelems=8, elem type=char[])
OBJ 500005f3 (sz=24, trace=300367, class=java.lang.String@500000b2)
	value		500005f4
ARR 500005f4 (sz=16, trace=300366, nelems=8, elem type=char[])
OBJ 500005f5 (sz=24, trace=300367, class=java.lang.String@500000b2)
	value		500005f6
ARR 500005f6 (sz=34, trace=300366, nelems=17, elem type=char[])
OBJ 500005f7 (sz=24, trace=300367, class=java.lang.String@500000b2)
	value		500005f8
ARR 500005f8 (sz=28, trace=300366, nelems=14, elem type=char[])
OBJ 500005f9 (sz=24, trace=300367, class=java.lang.String@500000b2)
	value		500005fa
ARR 500005fa (sz=20, trace=300366, nelems=10, elem type=char[])
OBJ 500005fb (sz=24, trace=300367, class=java.lang.String@500000b2)
	value		500005fc
ARR 500005fc (sz=16, trace=300366, nelems=8, elem type=char[])
OBJ 500005fd (sz=24, trace=300367, class=java.lang.String@500000b2)
	value		500005fe
ARR 500005fe (sz=24, trace=300366, nelems=12, elem type=char[])
OBJ 500005ff (sz=24, trace=300367, class=java.lang.String@500000b2)
	value		50000600
ARR 50000600 (sz=38, trace=300366, nelems=19, elem type=char[])
OBJ 50000601 (sz=24, trace=300367, class=java.lang.String@500000b2)
	value		50000602
ARR 50000602 (sz=22, trace=300366, nelems=11, elem type=char[])
OBJ 50000603 (sz=24, trace=300367, class=java.lang.String@500000b2)
	value		50000604
ARR 50000604 (sz=34, trace=300366, nelems=17, elem type=char[])
OBJ 50000605 (sz=24, trace=300367, class=java.lang.String@500000b2)
	value		50000606
ARR 50000606 (sz=26, trace=300366, nelems=13, elem type=char[])
OBJ 50000607 (sz=24, trace=300367, class=java.lang.String@500000b2)
	value		50000608
ARR 50000608 (sz=44, trace=300366, nelems=22, elem type=char[])
OBJ 50000609 (sz=24, trace=300367, class=java.lang.String@500000b2)
	value		5000060a
ARR 5000060a (sz=24, trace=300366, nelems=12, elem type=char[])
OBJ 5000060b (sz=24, trace=300367, class=java.lang.String@500000b2)
	value		5000060c
ARR 5000060c (sz=12, trace=300366, nelems=6, elem type=char[])
OBJ 5000060d (sz=16, trace=300376, class=java.lang.StringBuffer@500000e4)
ARR 5000060e (sz=176, trace=300377, nelems=0, elem type=char[])
OBJ 5000060f (sz=48, trace=300176, class=java.nio.HeapCharBuffer@500000ad)
OBJ 50000610 (sz=24, trace=300378, class=java.io.File@5000010e)
	path		50000612
ARR 50000611 (sz=104, trace=300379, nelems=0, elem type=char[])
OBJ 50000612 (sz=24, trace=300380, class=java.lang.String@500000b2)
	value		50000613
ARR 50000613 (sz=86, trace=300123, nelems=43, elem type=char[])
OBJ 50000614 (sz=16, trace=300381, class=sun.misc.MetaIndex@50000076)
	contents	500012d2
ARR 50000615 (sz=16, trace=300382, nelems=0, elem type=java.lang.String[]@500000b3)
ARR 50000616 (sz=104, trace=300348, nelems=0, elem type=char[])
OBJ 50000617 (sz=24, trace=300083, class=java.lang.String@500000b2)
OBJ 50000618 (sz=24, trace=300383, class=java.util.HashMap$Entry@5000012b)
	key		50000610
	value		50000614
ARR 50000619 (sz=144, trace=300384, nelems=28, elem type=java.util.HashMap$Entry[]@5000012c)
	[0]		500012a9
	[1]		500012aa
	[3]		500005bb
	[4]		50000562
	[5]		500012ab
	[9]		50000618
	[13]		5000053e
	[17]		500012ac
	[21]		500012ad
	[27]		500012ae
OBJ 5000061a (sz=24, trace=300346, class=java.lang.String@500000b2)
OBJ 5000061b (sz=24, trace=300347, class=java.io.File@5000010e)
ARR 5000061c (sz=88, trace=300348, nelems=0, elem type=char[])
OBJ 5000061d (sz=24, trace=300083, class=java.lang.String@500000b2)
OBJ 5000061e (sz=24, trace=300346, class=java.lang.String@500000b2)
OBJ 5000061f (sz=24, trace=300347, class=java.io.File@5000010e)
ARR 50000620 (sz=88, trace=300348, nelems=0, elem type=char[])
OBJ 50000621 (sz=24, trace=300083, class=java.lang.String@500000b2)
OBJ 50000622 (sz=24, trace=300346, class=java.lang.String@500000b2)
OBJ 50000623 (sz=24, trace=300347, class=java.io.File@5000010e)
ARR 50000624 (sz=88, trace=300348, nelems=0, elem type=char[])
OBJ 50000625 (sz=24, trace=300083, class=java.lang.String@500000b2)
OBJ 50000626 (sz=24, trace=300346, class=java.lang.String@500000b2)
OBJ 50000627 (sz=24, trace=300347, class=java.io.File@5000010e)
ARR 50000628 (sz=88, trace=300348, nelems=0, elem type=char[])
OBJ 50000629 (sz=24, trace=300083, class=java.lang.String@500000b2)
OBJ 5000062a (sz=24, trace=300346, class=java.lang.String@500000b2)
OBJ 5000062b (sz=24, trace=300347, class=java.io.File@5000010e)
ARR 5000062c (sz=88, trace=300348, nelems=0, elem type=char[])
OBJ 5000062d (sz=24, trace=300083, class=java.lang.String@500000b2)
OBJ 5000062e (sz=24, trace=300346, class=java.lang.String@500000b2)
OBJ 5000062f (sz=24, trace=300347, class=java.io.File@5000010e)
ARR 50000630 (sz=104, trace=300348, nelems=0, elem type=char[])
OBJ 50000631 (sz=24, trace=300083, class=java.lang.String@500000b2)
OBJ 50000632 (sz=24, trace=300242, class=java.util.HashMap$Entry@5000012b)
OBJ 50000633 (sz=24, trace=300349, class=java.io.File@5000010e)
ARR 50000634 (sz=128, trace=300350, nelems=0, elem type=char[])
OBJ 50000635 (sz=24, trace=300351, class=java.lang.String@500000b2)
ARR 50000636 (sz=128, trace=300123, nelems=0, elem type=char[])
OBJ 50000637 (sz=24, trace=300346, class=java.lang.String@500000b2)
OBJ 50000638 (sz=24, trace=300347, class=java.io.File@5000010e)
ARR 50000639 (sz=80, trace=300348, nelems=0, elem type=char[])
OBJ 5000063a (sz=24, trace=300083, class=java.lang.String@500000b2)
OBJ 5000063b (sz=24, trace=300242, class=java.util.HashMap$Entry@5000012b)
OBJ 5000063c (sz=24, trace=300349, class=java.io.File@5000010e)
ARR 5000063d (sz=104, trace=300350, nelems=0, elem type=char[])
OBJ 5000063e (sz=24, trace=300351, class=java.lang.String@500000b2)
ARR 5000063f (sz=104, trace=300123, nelems=0, elem type=char[])
ARR 50000640 (sz=48, trace=300385, nelems=0, elem type=java.net.URL[]@50000011)
OBJ 50000641 (sz=24, trace=300102, class=java.lang.String@500000b2)
	value		50000b37
OBJ 50000642 (sz=24, trace=300103, class=java.io.ExpiringCache$Entry@500000eb)
	val		50000bb4
OBJ 50000643 (sz=32, trace=300104, class=java.util.LinkedHashMap$Entry@50000064)
	key		500004e2
	value		50000642
	before		5000050e
	after		50000663
OBJ 50000644 (sz=24, trace=300106, class=java.lang.String@500000b2)
	value		50000bb5
OBJ 50000645 (sz=24, trace=300107, class=java.io.File@5000010e)
OBJ 50000646 (sz=24, trace=300386, class=java.io.ExpiringCache$Entry@500000eb)
	val		50000644
OBJ 50000647 (sz=32, trace=300104, class=java.util.LinkedHashMap$Entry@50000064)
	key		50000641
	value		50000646
	before		50000bbe
	after		50000bbb
OBJ 50000648 (sz=24, trace=300387, class=java.io.File@5000010e)
ARR 50000649 (sz=248, trace=300388, nelems=0, elem type=char[])
ARR 5000064a (sz=112, trace=300389, nelems=0, elem type=char[])
OBJ 5000064b (sz=24, trace=300390, class=java.lang.String@500000b2)
ARR 5000064c (sz=120, trace=300391, nelems=0, elem type=char[])
OBJ 5000064d (sz=16, trace=300392, class=java.lang.StringBuilder@50000123)
ARR 5000064e (sz=48, trace=300393, nelems=0, elem type=char[])
ARR 5000064f (sz=128, trace=300018, nelems=0, elem type=char[])
OBJ 50000650 (sz=24, trace=300394, class=java.lang.String@500000b2)
	value		50000651
ARR 50000651 (sz=110, trace=300395, nelems=55, elem type=char[])
OBJ 50000652 (sz=56, trace=300396, class=java.net.URL@50000010)
	protocol	5000126e
	host		50000966
	file		50000650
	authority	50000966
	path		50000650
	handler		5000126c
OBJ 50000653 (sz=24, trace=300397, class=java.net.Parts@500000a7)
OBJ 50000654 (sz=24, trace=300102, class=java.lang.String@500000b2)
OBJ 50000655 (sz=24, trace=300398, class=java.lang.String@500000b2)
OBJ 50000656 (sz=16, trace=300399, class=java.lang.StringBuilder@50000123)
ARR 50000657 (sz=48, trace=300400, nelems=0, elem type=char[])
ARR 50000658 (sz=88, trace=300018, nelems=0, elem type=char[])
ARR 50000659 (sz=160, trace=300401, nelems=0, elem type=char[])
OBJ 5000065a (sz=24, trace=300402, class=java.lang.String@500000b2)
ARR 5000065b (sz=104, trace=300403, nelems=0, elem type=char[])
OBJ 5000065c (sz=16, trace=300404, class=java.lang.StringBuilder@50000123)
ARR 5000065d (sz=48, trace=300405, nelems=0, elem type=char[])
ARR 5000065e (sz=88, trace=300018, nelems=0, elem type=char[])
ARR 5000065f (sz=160, trace=300401, nelems=0, elem type=char[])
OBJ 50000660 (sz=24, trace=300406, class=java.lang.String@500000b2)
	value		50000661
ARR 50000661 (sz=86, trace=300407, nelems=43, elem type=char[])
OBJ 50000662 (sz=24, trace=300408, class=java.io.ExpiringCache$Entry@500000eb)
	val		50000bb6
OBJ 50000663 (sz=32, trace=300104, class=java.util.LinkedHashMap$Entry@50000064)
	key		50000660
	value		50000662
	before		50000643
	after		5000067f
OBJ 50000664 (sz=24, trace=300387, class=java.io.File@5000010e)
ARR 50000665 (sz=216, trace=300388, nelems=0, elem type=char[])
ARR 50000666 (sz=104, trace=300389, nelems=0, elem type=char[])
OBJ 50000667 (sz=24, trace=300390, class=java.lang.String@500000b2)
ARR 50000668 (sz=112, trace=300391, nelems=0, elem type=char[])
OBJ 50000669 (sz=16, trace=300392, class=java.lang.StringBuilder@50000123)
ARR 5000066a (sz=48, trace=300393, nelems=0, elem type=char[])
ARR 5000066b (sz=112, trace=300018, nelems=0, elem type=char[])
OBJ 5000066c (sz=24, trace=300394, class=java.lang.String@500000b2)
	value		5000066d
ARR 5000066d (sz=96, trace=300395, nelems=48, elem type=char[])
OBJ 5000066e (sz=56, trace=300396, class=java.net.URL@50000010)
	protocol	5000126e
	host		50000966
	file		5000066c
	authority	50000966
	path		5000066c
	handler		5000126c
OBJ 5000066f (sz=24, trace=300397, class=java.net.Parts@500000a7)
OBJ 50000670 (sz=24, trace=300102, class=java.lang.String@500000b2)
OBJ 50000671 (sz=24, trace=300398, class=java.lang.String@500000b2)
OBJ 50000672 (sz=16, trace=300399, class=java.lang.StringBuilder@50000123)
ARR 50000673 (sz=48, trace=300400, nelems=0, elem type=char[])
ARR 50000674 (sz=88, trace=300018, nelems=0, elem type=char[])
ARR 50000675 (sz=160, trace=300401, nelems=0, elem type=char[])
OBJ 50000676 (sz=24, trace=300402, class=java.lang.String@500000b2)
ARR 50000677 (sz=120, trace=300403, nelems=0, elem type=char[])
OBJ 50000678 (sz=16, trace=300404, class=java.lang.StringBuilder@50000123)
ARR 50000679 (sz=48, trace=300405, nelems=0, elem type=char[])
ARR 5000067a (sz=88, trace=300018, nelems=0, elem type=char[])
ARR 5000067b (sz=160, trace=300401, nelems=0, elem type=char[])
OBJ 5000067c (sz=24, trace=300406, class=java.lang.String@500000b2)
	value		5000067d
ARR 5000067d (sz=102, trace=300407, nelems=51, elem type=char[])
OBJ 5000067e (sz=24, trace=300408, class=java.io.ExpiringCache$Entry@500000eb)
	val		50000b6f
OBJ 5000067f (sz=32, trace=300104, class=java.util.LinkedHashMap$Entry@50000064)
	key		5000067c
	value		5000067e
	next		50000b6e
	before		50000663
	after		5000069b
OBJ 50000680 (sz=24, trace=300387, class=java.io.File@5000010e)
ARR 50000681 (sz=248, trace=300388, nelems=0, elem type=char[])
ARR 50000682 (sz=120, trace=300389, nelems=0, elem type=char[])
OBJ 50000683 (sz=24, trace=300390, class=java.lang.String@500000b2)
ARR 50000684 (sz=128, trace=300391, nelems=0, elem type=char[])
OBJ 50000685 (sz=16, trace=300392, class=java.lang.StringBuilder@50000123)
ARR 50000686 (sz=48, trace=300393, nelems=0, elem type=char[])
ARR 50000687 (sz=128, trace=300018, nelems=0, elem type=char[])
OBJ 50000688 (sz=24, trace=300394, class=java.lang.String@500000b2)
	value		50000689
ARR 50000689 (sz=112, trace=300395, nelems=56, elem type=char[])
OBJ 5000068a (sz=56, trace=300396, class=java.net.URL@50000010)
	protocol	5000126e
	host		50000966
	file		50000688
	authority	50000966
	path		50000688
	handler		5000126c
OBJ 5000068b (sz=24, trace=300397, class=java.net.Parts@500000a7)
OBJ 5000068c (sz=24, trace=300102, class=java.lang.String@500000b2)
OBJ 5000068d (sz=24, trace=300398, class=java.lang.String@500000b2)
OBJ 5000068e (sz=16, trace=300399, class=java.lang.StringBuilder@50000123)
ARR 5000068f (sz=48, trace=300400, nelems=0, elem type=char[])
ARR 50000690 (sz=88, trace=300018, nelems=0, elem type=char[])
ARR 50000691 (sz=160, trace=300401, nelems=0, elem type=char[])
OBJ 50000692 (sz=24, trace=300402, class=java.lang.String@500000b2)
ARR 50000693 (sz=104, trace=300403, nelems=0, elem type=char[])
OBJ 50000694 (sz=16, trace=300404, class=java.lang.StringBuilder@50000123)
ARR 50000695 (sz=48, trace=300405, nelems=0, elem type=char[])
ARR 50000696 (sz=88, trace=300018, nelems=0, elem type=char[])
ARR 50000697 (sz=160, trace=300401, nelems=0, elem type=char[])
OBJ 50000698 (sz=24, trace=300406, class=java.lang.String@500000b2)
	value		50000699
ARR 50000699 (sz=90, trace=300407, nelems=45, elem type=char[])
OBJ 5000069a (sz=24, trace=300408, class=java.io.ExpiringCache$Entry@500000eb)
	val		50000bb8
OBJ 5000069b (sz=32, trace=300104, class=java.util.LinkedHashMap$Entry@50000064)
	key		50000698
	value		5000069a
	before		5000067f
	after		500006b7
OBJ 5000069c (sz=24, trace=300387, class=java.io.File@5000010e)
ARR 5000069d (sz=224, trace=300388, nelems=0, elem type=char[])
ARR 5000069e (sz=104, trace=300389, nelems=0, elem type=char[])
OBJ 5000069f (sz=24, trace=300390, class=java.lang.String@500000b2)
ARR 500006a0 (sz=112, trace=300391, nelems=0, elem type=char[])
OBJ 500006a1 (sz=16, trace=300392, class=java.lang.StringBuilder@50000123)
ARR 500006a2 (sz=48, trace=300393, nelems=0, elem type=char[])
ARR 500006a3 (sz=112, trace=300018, nelems=0, elem type=char[])
OBJ 500006a4 (sz=24, trace=300394, class=java.lang.String@500000b2)
	value		500006a5
ARR 500006a5 (sz=100, trace=300395, nelems=50, elem type=char[])
OBJ 500006a6 (sz=56, trace=300396, class=java.net.URL@50000010)
	protocol	5000126e
	host		50000966
	file		500006a4
	authority	50000966
	path		500006a4
	handler		5000126c
OBJ 500006a7 (sz=24, trace=300397, class=java.net.Parts@500000a7)
OBJ 500006a8 (sz=24, trace=300102, class=java.lang.String@500000b2)
OBJ 500006a9 (sz=24, trace=300398, class=java.lang.String@500000b2)
OBJ 500006aa (sz=16, trace=300399, class=java.lang.StringBuilder@50000123)
ARR 500006ab (sz=48, trace=300400, nelems=0, elem type=char[])
ARR 500006ac (sz=88, trace=300018, nelems=0, elem type=char[])
ARR 500006ad (sz=160, trace=300401, nelems=0, elem type=char[])
OBJ 500006ae (sz=24, trace=300402, class=java.lang.String@500000b2)
ARR 500006af (sz=104, trace=300403, nelems=0, elem type=char[])
OBJ 500006b0 (sz=16, trace=300404, class=java.lang.StringBuilder@50000123)
ARR 500006b1 (sz=48, trace=300405, nelems=0, elem type=char[])
ARR 500006b2 (sz=88, trace=300018, nelems=0, elem type=char[])
ARR 500006b3 (sz=160, trace=300401, nelems=0, elem type=char[])
OBJ 500006b4 (sz=24, trace=300406, class=java.lang.String@500000b2)
	value		500006b5
ARR 500006b5 (sz=88, trace=300407, nelems=44, elem type=char[])
OBJ 500006b6 (sz=24, trace=300408, class=java.io.ExpiringCache$Entry@500000eb)
	val		50000bae
OBJ 500006b7 (sz=32, trace=300104, class=java.util.LinkedHashMap$Entry@50000064)
	key		500006b4
	value		500006b6
	next		5000050e
	before		5000069b
	after		500006d3
OBJ 500006b8 (sz=24, trace=300387, class=java.io.File@5000010e)
ARR 500006b9 (sz=224, trace=300388, nelems=0, elem type=char[])
ARR 500006ba (sz=104, trace=300389, nelems=0, elem type=char[])
OBJ 500006bb (sz=24, trace=300390, class=java.lang.String@500000b2)
ARR 500006bc (sz=112, trace=300391, nelems=0, elem type=char[])
OBJ 500006bd (sz=16, trace=300392, class=java.lang.StringBuilder@50000123)
ARR 500006be (sz=48, trace=300393, nelems=0, elem type=char[])
ARR 500006bf (sz=112, trace=300018, nelems=0, elem type=char[])
OBJ 500006c0 (sz=24, trace=300394, class=java.lang.String@500000b2)
	value		500006c1
ARR 500006c1 (sz=98, trace=300395, nelems=49, elem type=char[])
OBJ 500006c2 (sz=56, trace=300396, class=java.net.URL@50000010)
	protocol	5000126e
	host		50000966
	file		500006c0
	authority	50000966
	path		500006c0
	handler		5000126c
OBJ 500006c3 (sz=24, trace=300397, class=java.net.Parts@500000a7)
OBJ 500006c4 (sz=24, trace=300102, class=java.lang.String@500000b2)
OBJ 500006c5 (sz=24, trace=300398, class=java.lang.String@500000b2)
OBJ 500006c6 (sz=16, trace=300399, class=java.lang.StringBuilder@50000123)
ARR 500006c7 (sz=48, trace=300400, nelems=0, elem type=char[])
ARR 500006c8 (sz=88, trace=300018, nelems=0, elem type=char[])
ARR 500006c9 (sz=160, trace=300401, nelems=0, elem type=char[])
OBJ 500006ca (sz=24, trace=300402, class=java.lang.String@500000b2)
ARR 500006cb (sz=112, trace=300403, nelems=0, elem type=char[])
OBJ 500006cc (sz=16, trace=300404, class=java.lang.StringBuilder@50000123)
ARR 500006cd (sz=48, trace=300405, nelems=0, elem type=char[])
ARR 500006ce (sz=88, trace=300018, nelems=0, elem type=char[])
ARR 500006cf (sz=160, trace=300401, nelems=0, elem type=char[])
OBJ 500006d0 (sz=24, trace=300406, class=java.lang.String@500000b2)
	value		500006d1
ARR 500006d1 (sz=98, trace=300407, nelems=49, elem type=char[])
OBJ 500006d2 (sz=24, trace=300408, class=java.io.ExpiringCache$Entry@500000eb)
	val		50000bac
OBJ 500006d3 (sz=32, trace=300104, class=java.util.LinkedHashMap$Entry@50000064)
	key		500006d0
	value		500006d2
	before		500006b7
	after		500006e2
OBJ 500006d4 (sz=24, trace=300387, class=java.io.File@5000010e)
ARR 500006d5 (sz=240, trace=300388, nelems=0, elem type=char[])
ARR 500006d6 (sz=112, trace=300389, nelems=0, elem type=char[])
OBJ 500006d7 (sz=24, trace=300390, class=java.lang.String@500000b2)
ARR 500006d8 (sz=120, trace=300391, nelems=0, elem type=char[])
OBJ 500006d9 (sz=16, trace=300392, class=java.lang.StringBuilder@50000123)
ARR 500006da (sz=48, trace=300393, nelems=0, elem type=char[])
ARR 500006db (sz=120, trace=300018, nelems=0, elem type=char[])
OBJ 500006dc (sz=24, trace=300394, class=java.lang.String@500000b2)
	value		500006dd
ARR 500006dd (sz=108, trace=300395, nelems=54, elem type=char[])
OBJ 500006de (sz=56, trace=300396, class=java.net.URL@50000010)
	protocol	5000126e
	host		50000966
	file		500006dc
	authority	50000966
	path		500006dc
	handler		5000126c
OBJ 500006df (sz=24, trace=300397, class=java.net.Parts@500000a7)
OBJ 500006e0 (sz=24, trace=300102, class=java.lang.String@500000b2)
OBJ 500006e1 (sz=24, trace=300103, class=java.io.ExpiringCache$Entry@500000eb)
	val		50000baa
OBJ 500006e2 (sz=32, trace=300104, class=java.util.LinkedHashMap$Entry@50000064)
	key		500004ee
	value		500006e1
	next		50000b9e
	before		500006d3
	after		500006f3
OBJ 500006e3 (sz=24, trace=300106, class=java.lang.String@500000b2)
OBJ 500006e4 (sz=24, trace=300107, class=java.io.File@5000010e)
OBJ 500006e5 (sz=24, trace=300387, class=java.io.File@5000010e)
ARR 500006e6 (sz=272, trace=300388, nelems=0, elem type=char[])
ARR 500006e7 (sz=128, trace=300389, nelems=0, elem type=char[])
OBJ 500006e8 (sz=24, trace=300390, class=java.lang.String@500000b2)
ARR 500006e9 (sz=136, trace=300391, nelems=0, elem type=char[])
OBJ 500006ea (sz=16, trace=300392, class=java.lang.StringBuilder@50000123)
ARR 500006eb (sz=48, trace=300393, nelems=0, elem type=char[])
ARR 500006ec (sz=136, trace=300018, nelems=0, elem type=char[])
OBJ 500006ed (sz=24, trace=300394, class=java.lang.String@500000b2)
	value		500006ee
ARR 500006ee (sz=124, trace=300395, nelems=62, elem type=char[])
OBJ 500006ef (sz=56, trace=300396, class=java.net.URL@50000010)
	protocol	5000126e
	host		50000966
	file		500006ed
	authority	50000966
	path		500006ed
	handler		5000126c
OBJ 500006f0 (sz=24, trace=300397, class=java.net.Parts@500000a7)
OBJ 500006f1 (sz=24, trace=300102, class=java.lang.String@500000b2)
OBJ 500006f2 (sz=24, trace=300103, class=java.io.ExpiringCache$Entry@500000eb)
	val		50000ba8
OBJ 500006f3 (sz=32, trace=300104, class=java.util.LinkedHashMap$Entry@50000064)
	key		500004f0
	value		500006f2
	next		50000b75
	before		500006e2
	after		50000b65
OBJ 500006f4 (sz=24, trace=300106, class=java.lang.String@500000b2)
OBJ 500006f5 (sz=24, trace=300107, class=java.io.File@5000010e)
OBJ 500006f6 (sz=24, trace=300387, class=java.io.File@5000010e)
ARR 500006f7 (sz=208, trace=300388, nelems=0, elem type=char[])
ARR 500006f8 (sz=96, trace=300389, nelems=0, elem type=char[])
OBJ 500006f9 (sz=24, trace=300390, class=java.lang.String@500000b2)
ARR 500006fa (sz=104, trace=300391, nelems=0, elem type=char[])
OBJ 500006fb (sz=16, trace=300392, class=java.lang.StringBuilder@50000123)
ARR 500006fc (sz=48, trace=300393, nelems=0, elem type=char[])
ARR 500006fd (sz=104, trace=300018, nelems=0, elem type=char[])
OBJ 500006fe (sz=24, trace=300394, class=java.lang.String@500000b2)
	value		500006ff
ARR 500006ff (sz=90, trace=300395, nelems=45, elem type=char[])
OBJ 50000700 (sz=56, trace=300396, class=java.net.URL@50000010)
	protocol	5000126e
	host		50000966
	file		500006fe
	authority	50000966
	path		500006fe
	handler		5000126c
OBJ 50000701 (sz=24, trace=300397, class=java.net.Parts@500000a7)
OBJ 50000702 (sz=32, trace=300409, class=sun.misc.URLClassPath@50000022)
	path		50000703
	urls		50000705
	loaders		50000707
	lmap		50000709
	jarHandler	50000710
OBJ 50000703 (sz=24, trace=300362, class=java.util.ArrayList@500000b1)
	elementData	50000704
ARR 50000704 (sz=56, trace=300410, nelems=8, elem type=java.lang.Object[]@500000fa)
	[0]		50000652
	[1]		5000066e
	[2]		5000068a
	[3]		500006a6
	[4]		500006c2
	[5]		500006de
	[6]		500006ef
	[7]		50000700
OBJ 50000705 (sz=24, trace=300148, class=java.util.Stack@5000008e)
	elementData	50000706
ARR 50000706 (sz=56, trace=300411, nelems=0, elem type=java.lang.Object[]@500000fa)
OBJ 50000707 (sz=24, trace=300362, class=java.util.ArrayList@500000b1)
	elementData	50000708
ARR 50000708 (sz=56, trace=300412, nelems=5, elem type=java.lang.Object[]@500000fa)
	[0]		50000723
	[1]		5000074c
	[2]		500007b9
	[3]		500007e2
	[4]		5000080b
OBJ 50000709 (sz=40, trace=300413, class=java.util.HashMap@50000008)
	table		5000070a
ARR 5000070a (sz=80, trace=300414, nelems=14, elem type=java.util.HashMap$Entry[]@5000012c)
	[1]		500007f8
	[3]		50000821
	[13]		50000762
OBJ 5000070b (sz=16, trace=300415, class=java.lang.StringBuilder@50000123)
ARR 5000070c (sz=48, trace=300416, nelems=0, elem type=char[])
ARR 5000070d (sz=80, trace=300018, nelems=0, elem type=char[])
OBJ 5000070e (sz=24, trace=300417, class=java.lang.String@500000b2)
ARR 5000070f (sz=80, trace=300418, nelems=0, elem type=char[])
OBJ 50000710 (sz=8, trace=300419, class=sun.net.www.protocol.jar.Handler@5000013e)
OBJ 50000711 (sz=16, trace=300016, class=java.lang.StringBuilder@50000123)
ARR 50000712 (sz=48, trace=300017, nelems=0, elem type=char[])
ARR 50000713 (sz=136, trace=300018, nelems=0, elem type=char[])
OBJ 50000714 (sz=24, trace=300019, class=java.lang.String@500000b2)
	value		50000715
ARR 50000715 (sz=124, trace=300020, nelems=62, elem type=char[])
OBJ 50000716 (sz=16, trace=300022, class=sun.misc.URLClassPath$3@50000178)
OBJ 50000717 (sz=16, trace=300024, class=java.lang.StringBuilder@50000123)
ARR 50000718 (sz=48, trace=300025, nelems=0, elem type=char[])
OBJ 50000719 (sz=16, trace=300026, class=java.lang.StringBuffer@500000e4)
ARR 5000071a (sz=136, trace=300027, nelems=0, elem type=char[])
OBJ 5000071b (sz=24, trace=300028, class=java.lang.String@500000b2)
ARR 5000071c (sz=136, trace=300029, nelems=0, elem type=char[])
ARR 5000071d (sz=136, trace=300018, nelems=0, elem type=char[])
ARR 5000071e (sz=256, trace=300018, nelems=0, elem type=char[])
OBJ 5000071f (sz=24, trace=300030, class=java.lang.String@500000b2)
	value		50000720
ARR 50000720 (sz=124, trace=300031, nelems=62, elem type=char[])
OBJ 50000721 (sz=56, trace=300032, class=java.net.URL@50000010)
	protocol	5000129c
	host		50000966
	file		5000071f
	authority	50000966
	path		5000071f
	handler		50000710
OBJ 50000722 (sz=24, trace=300033, class=java.net.Parts@500000a7)
OBJ 50000723 (sz=48, trace=300034, class=sun.misc.URLClassPath$JarLoader@5000017b)
	base		50000721
	csu		50000652
	metaIndex	500005b7
	handler		50000710
	lmap		50000709
OBJ 50000724 (sz=16, trace=300035, class=java.lang.StringBuilder@50000123)
ARR 50000725 (sz=128, trace=300036, nelems=0, elem type=char[])
ARR 50000726 (sz=72, trace=300037, nelems=0, elem type=byte[])
OBJ 50000727 (sz=48, trace=300038, class=java.nio.HeapByteBuffer@500000d0)
ARR 50000728 (sz=128, trace=300039, nelems=0, elem type=char[])
OBJ 50000729 (sz=48, trace=300040, class=java.nio.HeapCharBuffer@500000ad)
OBJ 5000072a (sz=24, trace=300072, class=java.lang.String@500000b2)
OBJ 5000072b (sz=24, trace=300073, class=java.lang.String@500000b2)
ARR 5000072c (sz=16, trace=300074, nelems=0, elem type=char[])
OBJ 5000072d (sz=24, trace=300072, class=java.lang.String@500000b2)
OBJ 5000072e (sz=24, trace=300073, class=java.lang.String@500000b2)
ARR 5000072f (sz=16, trace=300074, nelems=0, elem type=char[])
OBJ 50000730 (sz=24, trace=300075, class=java.lang.String@500000b2)
ARR 50000731 (sz=120, trace=300076, nelems=0, elem type=char[])
OBJ 50000732 (sz=24, trace=300077, class=java.io.File@5000010e)
OBJ 50000733 (sz=16, trace=300078, class=java.lang.StringBuffer@500000e4)
ARR 50000734 (sz=120, trace=300079, nelems=0, elem type=char[])
OBJ 50000735 (sz=24, trace=300080, class=java.lang.String@500000b2)
ARR 50000736 (sz=112, trace=300081, nelems=0, elem type=char[])
ARR 50000737 (sz=112, trace=300082, nelems=0, elem type=char[])
OBJ 50000738 (sz=24, trace=300083, class=java.lang.String@500000b2)
OBJ 50000739 (sz=24, trace=300084, class=java.util.HashMap$Entry@5000012b)
	key		50000714
	value		50000723
OBJ 5000073a (sz=16, trace=300016, class=java.lang.StringBuilder@50000123)
ARR 5000073b (sz=48, trace=300017, nelems=0, elem type=char[])
ARR 5000073c (sz=128, trace=300018, nelems=0, elem type=char[])
OBJ 5000073d (sz=24, trace=300019, class=java.lang.String@500000b2)
	value		5000073e
ARR 5000073e (sz=110, trace=300020, nelems=55, elem type=char[])
OBJ 5000073f (sz=16, trace=300022, class=sun.misc.URLClassPath$3@50000178)
OBJ 50000740 (sz=16, trace=300024, class=java.lang.StringBuilder@50000123)
ARR 50000741 (sz=48, trace=300025, nelems=0, elem type=char[])
OBJ 50000742 (sz=16, trace=300026, class=java.lang.StringBuffer@500000e4)
ARR 50000743 (sz=120, trace=300027, nelems=0, elem type=char[])
OBJ 50000744 (sz=24, trace=300028, class=java.lang.String@500000b2)
ARR 50000745 (sz=120, trace=300029, nelems=0, elem type=char[])
ARR 50000746 (sz=120, trace=300018, nelems=0, elem type=char[])
ARR 50000747 (sz=232, trace=300018, nelems=0, elem type=char[])
OBJ 50000748 (sz=24, trace=300030, class=java.lang.String@500000b2)
	value		50000749
ARR 50000749 (sz=110, trace=300031, nelems=55, elem type=char[])
OBJ 5000074a (sz=56, trace=300032, class=java.net.URL@50000010)
	protocol	5000129c
	host		50000966
	file		50000748
	authority	50000966
	path		50000748
	handler		50000710
OBJ 5000074b (sz=24, trace=300033, class=java.net.Parts@500000a7)
OBJ 5000074c (sz=48, trace=300034, class=sun.misc.URLClassPath$JarLoader@5000017b)
	base		5000074a
	csu		5000066e
	metaIndex	50000614
	handler		50000710
	lmap		50000709
OBJ 5000074d (sz=16, trace=300035, class=java.lang.StringBuilder@50000123)
ARR 5000074e (sz=112, trace=300036, nelems=0, elem type=char[])
ARR 5000074f (sz=64, trace=300037, nelems=0, elem type=byte[])
OBJ 50000750 (sz=48, trace=300038, class=java.nio.HeapByteBuffer@500000d0)
ARR 50000751 (sz=112, trace=300039, nelems=0, elem type=char[])
OBJ 50000752 (sz=48, trace=300040, class=java.nio.HeapCharBuffer@500000ad)
OBJ 50000753 (sz=24, trace=300072, class=java.lang.String@500000b2)
OBJ 50000754 (sz=24, trace=300073, class=java.lang.String@500000b2)
ARR 50000755 (sz=16, trace=300074, nelems=0, elem type=char[])
OBJ 50000756 (sz=24, trace=300072, class=java.lang.String@500000b2)
OBJ 50000757 (sz=24, trace=300073, class=java.lang.String@500000b2)
ARR 50000758 (sz=16, trace=300074, nelems=0, elem type=char[])
OBJ 50000759 (sz=24, trace=300075, class=java.lang.String@500000b2)
ARR 5000075a (sz=104, trace=300076, nelems=0, elem type=char[])
OBJ 5000075b (sz=24, trace=300077, class=java.io.File@5000010e)
OBJ 5000075c (sz=16, trace=300078, class=java.lang.StringBuffer@500000e4)
ARR 5000075d (sz=104, trace=300079, nelems=0, elem type=char[])
OBJ 5000075e (sz=24, trace=300080, class=java.lang.String@500000b2)
ARR 5000075f (sz=104, trace=300081, nelems=0, elem type=char[])
ARR 50000760 (sz=104, trace=300082, nelems=0, elem type=char[])
OBJ 50000761 (sz=24, trace=300083, class=java.lang.String@500000b2)
OBJ 50000762 (sz=24, trace=300084, class=java.util.HashMap$Entry@5000012b)
	key		5000073d
	value		5000074c
OBJ 50000763 (sz=16, trace=300016, class=java.lang.StringBuilder@50000123)
ARR 50000764 (sz=48, trace=300017, nelems=0, elem type=char[])
ARR 50000765 (sz=144, trace=300018, nelems=0, elem type=char[])
OBJ 50000766 (sz=24, trace=300019, class=java.lang.String@500000b2)
ARR 50000767 (sz=144, trace=300020, nelems=0, elem type=char[])
OBJ 50000768 (sz=16, trace=300022, class=sun.misc.URLClassPath$3@50000178)
OBJ 50000769 (sz=16, trace=300024, class=java.lang.StringBuilder@50000123)
ARR 5000076a (sz=48, trace=300025, nelems=0, elem type=char[])
OBJ 5000076b (sz=16, trace=300026, class=java.lang.StringBuffer@500000e4)
ARR 5000076c (sz=136, trace=300027, nelems=0, elem type=char[])
OBJ 5000076d (sz=24, trace=300028, class=java.lang.String@500000b2)
ARR 5000076e (sz=136, trace=300029, nelems=0, elem type=char[])
ARR 5000076f (sz=136, trace=300018, nelems=0, elem type=char[])
ARR 50000770 (sz=264, trace=300018, nelems=0, elem type=char[])
OBJ 50000771 (sz=24, trace=300030, class=java.lang.String@500000b2)
ARR 50000772 (sz=144, trace=300031, nelems=0, elem type=char[])
OBJ 50000773 (sz=56, trace=300032, class=java.net.URL@50000010)
OBJ 50000774 (sz=24, trace=300033, class=java.net.Parts@500000a7)
OBJ 50000775 (sz=48, trace=300034, class=sun.misc.URLClassPath$JarLoader@5000017b)
OBJ 50000776 (sz=16, trace=300035, class=java.lang.StringBuilder@50000123)
ARR 50000777 (sz=128, trace=300036, nelems=0, elem type=char[])
ARR 50000778 (sz=72, trace=300037, nelems=0, elem type=byte[])
OBJ 50000779 (sz=48, trace=300038, class=java.nio.HeapByteBuffer@500000d0)
ARR 5000077a (sz=128, trace=300039, nelems=0, elem type=char[])
OBJ 5000077b (sz=48, trace=300040, class=java.nio.HeapCharBuffer@500000ad)
OBJ 5000077c (sz=24, trace=300072, class=java.lang.String@500000b2)
OBJ 5000077d (sz=24, trace=300073, class=java.lang.String@500000b2)
ARR 5000077e (sz=16, trace=300074, nelems=0, elem type=char[])
OBJ 5000077f (sz=24, trace=300072, class=java.lang.String@500000b2)
OBJ 50000780 (sz=24, trace=300073, class=java.lang.String@500000b2)
ARR 50000781 (sz=16, trace=300074, nelems=0, elem type=char[])
OBJ 50000782 (sz=24, trace=300075, class=java.lang.String@500000b2)
ARR 50000783 (sz=120, trace=300076, nelems=0, elem type=char[])
OBJ 50000784 (sz=24, trace=300077, class=java.io.File@5000010e)
OBJ 50000785 (sz=16, trace=300078, class=java.lang.StringBuffer@500000e4)
ARR 50000786 (sz=120, trace=300079, nelems=0, elem type=char[])
OBJ 50000787 (sz=24, trace=300080, class=java.lang.String@500000b2)
ARR 50000788 (sz=120, trace=300081, nelems=0, elem type=char[])
ARR 50000789 (sz=120, trace=300082, nelems=0, elem type=char[])
OBJ 5000078a (sz=24, trace=300083, class=java.lang.String@500000b2)
OBJ 5000078b (sz=16, trace=300125, class=sun.misc.URLClassPath$JarLoader$1@50000321)
OBJ 5000078c (sz=16, trace=300127, class=sun.misc.FileURLMapper@50000323)
ARR 5000078d (sz=128, trace=300128, nelems=0, elem type=char[])
OBJ 5000078e (sz=24, trace=300129, class=java.lang.String@500000b2)
OBJ 5000078f (sz=16, trace=300130, class=java.lang.StringBuilder@50000123)
ARR 50000790 (sz=128, trace=300131, nelems=0, elem type=char[])
ARR 50000791 (sz=72, trace=300132, nelems=0, elem type=byte[])
OBJ 50000792 (sz=48, trace=300038, class=java.nio.HeapByteBuffer@500000d0)
ARR 50000793 (sz=128, trace=300133, nelems=0, elem type=char[])
OBJ 50000794 (sz=48, trace=300040, class=java.nio.HeapCharBuffer@500000ad)
OBJ 50000795 (sz=24, trace=300072, class=java.lang.String@500000b2)
OBJ 50000796 (sz=24, trace=300073, class=java.lang.String@500000b2)
ARR 50000797 (sz=16, trace=300074, nelems=0, elem type=char[])
OBJ 50000798 (sz=24, trace=300072, class=java.lang.String@500000b2)
OBJ 50000799 (sz=24, trace=300073, class=java.lang.String@500000b2)
ARR 5000079a (sz=16, trace=300074, nelems=0, elem type=char[])
OBJ 5000079b (sz=24, trace=300134, class=java.lang.String@500000b2)
ARR 5000079c (sz=120, trace=300076, nelems=0, elem type=char[])
OBJ 5000079d (sz=24, trace=300135, class=java.io.File@5000010e)
OBJ 5000079e (sz=16, trace=300099, class=java.lang.StringBuffer@500000e4)
ARR 5000079f (sz=120, trace=300100, nelems=0, elem type=char[])
OBJ 500007a0 (sz=24, trace=300101, class=java.lang.String@500000b2)
ARR 500007a1 (sz=120, trace=300081, nelems=0, elem type=char[])
OBJ 500007a4 (sz=32, trace=300421, class=java.io.FileNotFoundException@500007a3)
OBJ 500007a5 (sz=32, trace=300422, class=java.security.PrivilegedActionException@500002b8)
OBJ 500007a6 (sz=32, trace=300422, class=java.security.PrivilegedActionException@500002b8)
OBJ 500007a7 (sz=16, trace=300016, class=java.lang.StringBuilder@50000123)
ARR 500007a8 (sz=48, trace=300017, nelems=0, elem type=char[])
ARR 500007a9 (sz=128, trace=300018, nelems=0, elem type=char[])
OBJ 500007aa (sz=24, trace=300019, class=java.lang.String@500000b2)
	value		500007ab
ARR 500007ab (sz=114, trace=300020, nelems=57, elem type=char[])
OBJ 500007ac (sz=16, trace=300022, class=sun.misc.URLClassPath$3@50000178)
OBJ 500007ad (sz=16, trace=300024, class=java.lang.StringBuilder@50000123)
ARR 500007ae (sz=48, trace=300025, nelems=0, elem type=char[])
OBJ 500007af (sz=16, trace=300026, class=java.lang.StringBuffer@500000e4)
ARR 500007b0 (sz=128, trace=300027, nelems=0, elem type=char[])
OBJ 500007b1 (sz=24, trace=300028, class=java.lang.String@500000b2)
ARR 500007b2 (sz=128, trace=300029, nelems=0, elem type=char[])
ARR 500007b3 (sz=128, trace=300018, nelems=0, elem type=char[])
ARR 500007b4 (sz=240, trace=300018, nelems=0, elem type=char[])
OBJ 500007b5 (sz=24, trace=300030, class=java.lang.String@500000b2)
	value		500007b6
ARR 500007b6 (sz=114, trace=300031, nelems=57, elem type=char[])
OBJ 500007b7 (sz=56, trace=300032, class=java.net.URL@50000010)
	protocol	5000129c
	host		50000966
	file		500007b5
	authority	50000966
	path		500007b5
	handler		50000710
OBJ 500007b8 (sz=24, trace=300033, class=java.net.Parts@500000a7)
OBJ 500007b9 (sz=48, trace=300034, class=sun.misc.URLClassPath$JarLoader@5000017b)
	base		500007b7
	csu		500006a6
	metaIndex	5000055e
	handler		50000710
	lmap		50000709
OBJ 500007ba (sz=16, trace=300035, class=java.lang.StringBuilder@50000123)
ARR 500007bb (sz=112, trace=300036, nelems=0, elem type=char[])
ARR 500007bc (sz=64, trace=300037, nelems=0, elem type=byte[])
OBJ 500007bd (sz=48, trace=300038, class=java.nio.HeapByteBuffer@500000d0)
ARR 500007be (sz=112, trace=300039, nelems=0, elem type=char[])
OBJ 500007bf (sz=48, trace=300040, class=java.nio.HeapCharBuffer@500000ad)
OBJ 500007c0 (sz=24, trace=300072, class=java.lang.String@500000b2)
OBJ 500007c1 (sz=24, trace=300073, class=java.lang.String@500000b2)
ARR 500007c2 (sz=16, trace=300074, nelems=0, elem type=char[])
OBJ 500007c3 (sz=24, trace=300072, class=java.lang.String@500000b2)
OBJ 500007c4 (sz=24, trace=300073, class=java.lang.String@500000b2)
ARR 500007c5 (sz=16, trace=300074, nelems=0, elem type=char[])
OBJ 500007c6 (sz=24, trace=300075, class=java.lang.String@500000b2)
ARR 500007c7 (sz=104, trace=300076, nelems=0, elem type=char[])
OBJ 500007c8 (sz=24, trace=300077, class=java.io.File@5000010e)
OBJ 500007c9 (sz=16, trace=300078, class=java.lang.StringBuffer@500000e4)
ARR 500007ca (sz=104, trace=300079, nelems=0, elem type=char[])
OBJ 500007cb (sz=24, trace=300080, class=java.lang.String@500000b2)
ARR 500007cc (sz=104, trace=300081, nelems=0, elem type=char[])
ARR 500007cd (sz=104, trace=300082, nelems=0, elem type=char[])
OBJ 500007ce (sz=24, trace=300083, class=java.lang.String@500000b2)
OBJ 500007cf (sz=24, trace=300084, class=java.util.HashMap$Entry@5000012b)
	key		500007aa
	value		500007b9
OBJ 500007d0 (sz=16, trace=300016, class=java.lang.StringBuilder@50000123)
ARR 500007d1 (sz=48, trace=300017, nelems=0, elem type=char[])
ARR 500007d2 (sz=128, trace=300018, nelems=0, elem type=char[])
OBJ 500007d3 (sz=24, trace=300019, class=java.lang.String@500000b2)
	value		500007d4
ARR 500007d4 (sz=112, trace=300020, nelems=56, elem type=char[])
OBJ 500007d5 (sz=16, trace=300022, class=sun.misc.URLClassPath$3@50000178)
OBJ 500007d6 (sz=16, trace=300024, class=java.lang.StringBuilder@50000123)
ARR 500007d7 (sz=48, trace=300025, nelems=0, elem type=char[])
OBJ 500007d8 (sz=16, trace=300026, class=java.lang.StringBuffer@500000e4)
ARR 500007d9 (sz=120, trace=300027, nelems=0, elem type=char[])
OBJ 500007da (sz=24, trace=300028, class=java.lang.String@500000b2)
ARR 500007db (sz=120, trace=300029, nelems=0, elem type=char[])
ARR 500007dc (sz=120, trace=300018, nelems=0, elem type=char[])
ARR 500007dd (sz=232, trace=300018, nelems=0, elem type=char[])
OBJ 500007de (sz=24, trace=300030, class=java.lang.String@500000b2)
	value		500007df
ARR 500007df (sz=112, trace=300031, nelems=56, elem type=char[])
OBJ 500007e0 (sz=56, trace=300032, class=java.net.URL@50000010)
	protocol	5000129c
	host		50000966
	file		500007de
	authority	50000966
	path		500007de
	handler		50000710
OBJ 500007e1 (sz=24, trace=300033, class=java.net.Parts@500000a7)
OBJ 500007e2 (sz=48, trace=300034, class=sun.misc.URLClassPath$JarLoader@5000017b)
	base		500007e0
	csu		500006c2
	metaIndex	5000054e
	handler		50000710
	lmap		50000709
OBJ 500007e3 (sz=16, trace=300035, class=java.lang.StringBuilder@50000123)
ARR 500007e4 (sz=112, trace=300036, nelems=0, elem type=char[])
ARR 500007e5 (sz=64, trace=300037, nelems=0, elem type=byte[])
OBJ 500007e6 (sz=48, trace=300038, class=java.nio.HeapByteBuffer@500000d0)
ARR 500007e7 (sz=112, trace=300039, nelems=0, elem type=char[])
OBJ 500007e8 (sz=48, trace=300040, class=java.nio.HeapCharBuffer@500000ad)
OBJ 500007e9 (sz=24, trace=300072, class=java.lang.String@500000b2)
OBJ 500007ea (sz=24, trace=300073, class=java.lang.String@500000b2)
ARR 500007eb (sz=16, trace=300074, nelems=0, elem type=char[])
OBJ 500007ec (sz=24, trace=300072, class=java.lang.String@500000b2)
OBJ 500007ed (sz=24, trace=300073, class=java.lang.String@500000b2)
ARR 500007ee (sz=16, trace=300074, nelems=0, elem type=char[])
OBJ 500007ef (sz=24, trace=300075, class=java.lang.String@500000b2)
ARR 500007f0 (sz=104, trace=300076, nelems=0, elem type=char[])
OBJ 500007f1 (sz=24, trace=300077, class=java.io.File@5000010e)
OBJ 500007f2 (sz=16, trace=300078, class=java.lang.StringBuffer@500000e4)
ARR 500007f3 (sz=104, trace=300079, nelems=0, elem type=char[])
OBJ 500007f4 (sz=24, trace=300080, class=java.lang.String@500000b2)
ARR 500007f5 (sz=104, trace=300081, nelems=0, elem type=char[])
ARR 500007f6 (sz=104, trace=300082, nelems=0, elem type=char[])
OBJ 500007f7 (sz=24, trace=300083, class=java.lang.String@500000b2)
OBJ 500007f8 (sz=24, trace=300084, class=java.util.HashMap$Entry@5000012b)
	key		500007d3
	value		500007e2
	next		50000739
OBJ 500007f9 (sz=16, trace=300016, class=java.lang.StringBuilder@50000123)
ARR 500007fa (sz=48, trace=300017, nelems=0, elem type=char[])
ARR 500007fb (sz=136, trace=300018, nelems=0, elem type=char[])
OBJ 500007fc (sz=24, trace=300019, class=java.lang.String@500000b2)
	value		500007fd
ARR 500007fd (sz=122, trace=300020, nelems=61, elem type=char[])
OBJ 500007fe (sz=16, trace=300022, class=sun.misc.URLClassPath$3@50000178)
OBJ 500007ff (sz=16, trace=300024, class=java.lang.StringBuilder@50000123)
ARR 50000800 (sz=48, trace=300025, nelems=0, elem type=char[])
OBJ 50000801 (sz=16, trace=300026, class=java.lang.StringBuffer@500000e4)
ARR 50000802 (sz=136, trace=300027, nelems=0, elem type=char[])
OBJ 50000803 (sz=24, trace=300028, class=java.lang.String@500000b2)
ARR 50000804 (sz=136, trace=300029, nelems=0, elem type=char[])
ARR 50000805 (sz=136, trace=300018, nelems=0, elem type=char[])
ARR 50000806 (sz=256, trace=300018, nelems=0, elem type=char[])
OBJ 50000807 (sz=24, trace=300030, class=java.lang.String@500000b2)
	value		50000808
ARR 50000808 (sz=122, trace=300031, nelems=61, elem type=char[])
OBJ 50000809 (sz=56, trace=300032, class=java.net.URL@50000010)
	protocol	5000129c
	host		50000966
	file		50000807
	authority	50000966
	path		50000807
	handler		50000710
OBJ 5000080a (sz=24, trace=300033, class=java.net.Parts@500000a7)
OBJ 5000080b (sz=48, trace=300034, class=sun.misc.URLClassPath$JarLoader@5000017b)
	base		50000809
	csu		500006de
	metaIndex	5000053a
	handler		50000710
	lmap		50000709
OBJ 5000080c (sz=16, trace=300035, class=java.lang.StringBuilder@50000123)
ARR 5000080d (sz=120, trace=300036, nelems=0, elem type=char[])
ARR 5000080e (sz=72, trace=300037, nelems=0, elem type=byte[])
OBJ 5000080f (sz=48, trace=300038, class=java.nio.HeapByteBuffer@500000d0)
ARR 50000810 (sz=120, trace=300039, nelems=0, elem type=char[])
OBJ 50000811 (sz=48, trace=300040, class=java.nio.HeapCharBuffer@500000ad)
OBJ 50000812 (sz=24, trace=300072, class=java.lang.String@500000b2)
OBJ 50000813 (sz=24, trace=300073, class=java.lang.String@500000b2)
ARR 50000814 (sz=16, trace=300074, nelems=0, elem type=char[])
OBJ 50000815 (sz=24, trace=300072, class=java.lang.String@500000b2)
OBJ 50000816 (sz=24, trace=300073, class=java.lang.String@500000b2)
ARR 50000817 (sz=16, trace=300074, nelems=0, elem type=char[])
OBJ 50000818 (sz=24, trace=300075, class=java.lang.String@500000b2)
ARR 50000819 (sz=112, trace=300076, nelems=0, elem type=char[])
OBJ 5000081a (sz=24, trace=300077, class=java.io.File@5000010e)
OBJ 5000081b (sz=16, trace=300078, class=java.lang.StringBuffer@500000e4)
ARR 5000081c (sz=112, trace=300079, nelems=0, elem type=char[])
OBJ 5000081d (sz=24, trace=300080, class=java.lang.String@500000b2)
ARR 5000081e (sz=112, trace=300081, nelems=0, elem type=char[])
ARR 5000081f (sz=112, trace=300082, nelems=0, elem type=char[])
OBJ 50000820 (sz=24, trace=300083, class=java.lang.String@500000b2)
OBJ 50000821 (sz=24, trace=300084, class=java.util.HashMap$Entry@5000012b)
	key		500007fc
	value		5000080b
	next		500007cf
OBJ 50000822 (sz=16, trace=300016, class=java.lang.StringBuilder@50000123)
ARR 50000823 (sz=48, trace=300017, nelems=0, elem type=char[])
ARR 50000824 (sz=152, trace=300018, nelems=0, elem type=char[])
OBJ 50000825 (sz=24, trace=300019, class=java.lang.String@500000b2)
ARR 50000826 (sz=152, trace=300020, nelems=0, elem type=char[])
OBJ 50000827 (sz=16, trace=300022, class=sun.misc.URLClassPath$3@50000178)
OBJ 50000828 (sz=16, trace=300024, class=java.lang.StringBuilder@50000123)
ARR 50000829 (sz=48, trace=300025, nelems=0, elem type=char[])
OBJ 5000082a (sz=16, trace=300026, class=java.lang.StringBuffer@500000e4)
ARR 5000082b (sz=152, trace=300027, nelems=0, elem type=char[])
OBJ 5000082c (sz=24, trace=300028, class=java.lang.String@500000b2)
ARR 5000082d (sz=152, trace=300029, nelems=0, elem type=char[])
ARR 5000082e (sz=152, trace=300018, nelems=0, elem type=char[])
ARR 5000082f (sz=288, trace=300018, nelems=0, elem type=char[])
OBJ 50000830 (sz=24, trace=300030, class=java.lang.String@500000b2)
ARR 50000831 (sz=152, trace=300031, nelems=0, elem type=char[])
OBJ 50000832 (sz=56, trace=300032, class=java.net.URL@50000010)
OBJ 50000833 (sz=24, trace=300033, class=java.net.Parts@500000a7)
OBJ 50000834 (sz=48, trace=300034, class=sun.misc.URLClassPath$JarLoader@5000017b)
OBJ 50000835 (sz=16, trace=300035, class=java.lang.StringBuilder@50000123)
ARR 50000836 (sz=136, trace=300036, nelems=0, elem type=char[])
ARR 50000837 (sz=80, trace=300037, nelems=0, elem type=byte[])
OBJ 50000838 (sz=48, trace=300038, class=java.nio.HeapByteBuffer@500000d0)
ARR 50000839 (sz=136, trace=300039, nelems=0, elem type=char[])
OBJ 5000083a (sz=48, trace=300040, class=java.nio.HeapCharBuffer@500000ad)
OBJ 5000083b (sz=24, trace=300072, class=java.lang.String@500000b2)
OBJ 5000083c (sz=24, trace=300073, class=java.lang.String@500000b2)
ARR 5000083d (sz=16, trace=300074, nelems=0, elem type=char[])
OBJ 5000083e (sz=24, trace=300072, class=java.lang.String@500000b2)
OBJ 5000083f (sz=24, trace=300073, class=java.lang.String@500000b2)
ARR 50000840 (sz=16, trace=300074, nelems=0, elem type=char[])
OBJ 50000841 (sz=24, trace=300075, class=java.lang.String@500000b2)
ARR 50000842 (sz=128, trace=300076, nelems=0, elem type=char[])
OBJ 50000843 (sz=24, trace=300077, class=java.io.File@5000010e)
OBJ 50000844 (sz=16, trace=300078, class=java.lang.StringBuffer@500000e4)
ARR 50000845 (sz=128, trace=300079, nelems=0, elem type=char[])
OBJ 50000846 (sz=24, trace=300080, class=java.lang.String@500000b2)
ARR 50000847 (sz=128, trace=300081, nelems=0, elem type=char[])
ARR 50000848 (sz=128, trace=300082, nelems=0, elem type=char[])
OBJ 50000849 (sz=24, trace=300083, class=java.lang.String@500000b2)
OBJ 5000084a (sz=16, trace=300125, class=sun.misc.URLClassPath$JarLoader$1@50000321)
OBJ 5000084b (sz=16, trace=300127, class=sun.misc.FileURLMapper@50000323)
ARR 5000084c (sz=136, trace=300128, nelems=0, elem type=char[])
OBJ 5000084d (sz=24, trace=300129, class=java.lang.String@500000b2)
OBJ 5000084e (sz=16, trace=300130, class=java.lang.StringBuilder@50000123)
ARR 5000084f (sz=136, trace=300131, nelems=0, elem type=char[])
ARR 50000850 (sz=80, trace=300132, nelems=0, elem type=byte[])
OBJ 50000851 (sz=48, trace=300038, class=java.nio.HeapByteBuffer@500000d0)
ARR 50000852 (sz=136, trace=300133, nelems=0, elem type=char[])
OBJ 50000853 (sz=48, trace=300040, class=java.nio.HeapCharBuffer@500000ad)
OBJ 50000854 (sz=24, trace=300072, class=java.lang.String@500000b2)
OBJ 50000855 (sz=24, trace=300073, class=java.lang.String@500000b2)
ARR 50000856 (sz=16, trace=300074, nelems=0, elem type=char[])
OBJ 50000857 (sz=24, trace=300072, class=java.lang.String@500000b2)
OBJ 50000858 (sz=24, trace=300073, class=java.lang.String@500000b2)
ARR 50000859 (sz=16, trace=300074, nelems=0, elem type=char[])
OBJ 5000085a (sz=24, trace=300134, class=java.lang.String@500000b2)
ARR 5000085b (sz=128, trace=300076, nelems=0, elem type=char[])
OBJ 5000085c (sz=24, trace=300135, class=java.io.File@5000010e)
OBJ 5000085d (sz=16, trace=300099, class=java.lang.StringBuffer@500000e4)
ARR 5000085e (sz=128, trace=300100, nelems=0, elem type=char[])
OBJ 5000085f (sz=24, trace=300101, class=java.lang.String@500000b2)
ARR 50000860 (sz=128, trace=300081, nelems=0, elem type=char[])
OBJ 50000861 (sz=32, trace=300421, class=java.io.FileNotFoundException@500007a3)
OBJ 50000862 (sz=32, trace=300422, class=java.security.PrivilegedActionException@500002b8)
OBJ 50000863 (sz=32, trace=300422, class=java.security.PrivilegedActionException@500002b8)
OBJ 50000864 (sz=16, trace=300016, class=java.lang.StringBuilder@50000123)
ARR 50000865 (sz=48, trace=300017, nelems=0, elem type=char[])
ARR 50000866 (sz=120, trace=300018, nelems=0, elem type=char[])
OBJ 50000867 (sz=24, trace=300019, class=java.lang.String@500000b2)
ARR 50000868 (sz=120, trace=300020, nelems=0, elem type=char[])
OBJ 50000869 (sz=16, trace=300022, class=sun.misc.URLClassPath$3@50000178)
OBJ 5000086a (sz=16, trace=300024, class=java.lang.StringBuilder@50000123)
ARR 5000086b (sz=48, trace=300025, nelems=0, elem type=char[])
OBJ 5000086c (sz=16, trace=300026, class=java.lang.StringBuffer@500000e4)
ARR 5000086d (sz=112, trace=300027, nelems=0, elem type=char[])
OBJ 5000086e (sz=24, trace=300028, class=java.lang.String@500000b2)
ARR 5000086f (sz=112, trace=300029, nelems=0, elem type=char[])
ARR 50000870 (sz=112, trace=300018, nelems=0, elem type=char[])
ARR 50000871 (sz=216, trace=300018, nelems=0, elem type=char[])
OBJ 50000872 (sz=24, trace=300030, class=java.lang.String@500000b2)
ARR 50000873 (sz=120, trace=300031, nelems=0, elem type=char[])
OBJ 50000874 (sz=56, trace=300032, class=java.net.URL@50000010)
OBJ 50000875 (sz=24, trace=300033, class=java.net.Parts@500000a7)
OBJ 50000876 (sz=48, trace=300034, class=sun.misc.URLClassPath$JarLoader@5000017b)
OBJ 50000877 (sz=16, trace=300035, class=java.lang.StringBuilder@50000123)
ARR 50000878 (sz=104, trace=300036, nelems=0, elem type=char[])
ARR 50000879 (sz=64, trace=300037, nelems=0, elem type=byte[])
OBJ 5000087a (sz=48, trace=300038, class=java.nio.HeapByteBuffer@500000d0)
ARR 5000087b (sz=104, trace=300039, nelems=0, elem type=char[])
OBJ 5000087c (sz=48, trace=300040, class=java.nio.HeapCharBuffer@500000ad)
OBJ 5000087d (sz=24, trace=300072, class=java.lang.String@500000b2)
OBJ 5000087e (sz=24, trace=300073, class=java.lang.String@500000b2)
ARR 5000087f (sz=16, trace=300074, nelems=0, elem type=char[])
OBJ 50000880 (sz=24, trace=300072, class=java.lang.String@500000b2)
OBJ 50000881 (sz=24, trace=300073, class=java.lang.String@500000b2)
ARR 50000882 (sz=16, trace=300074, nelems=0, elem type=char[])
OBJ 50000883 (sz=24, trace=300075, class=java.lang.String@500000b2)
ARR 50000884 (sz=96, trace=300076, nelems=0, elem type=char[])
OBJ 50000885 (sz=24, trace=300077, class=java.io.File@5000010e)
OBJ 50000886 (sz=16, trace=300078, class=java.lang.StringBuffer@500000e4)
ARR 50000887 (sz=96, trace=300079, nelems=0, elem type=char[])
OBJ 50000888 (sz=24, trace=300080, class=java.lang.String@500000b2)
ARR 50000889 (sz=96, trace=300081, nelems=0, elem type=char[])
ARR 5000088a (sz=96, trace=300082, nelems=0, elem type=char[])
OBJ 5000088b (sz=24, trace=300083, class=java.lang.String@500000b2)
OBJ 5000088c (sz=16, trace=300125, class=sun.misc.URLClassPath$JarLoader$1@50000321)
OBJ 5000088d (sz=16, trace=300127, class=sun.misc.FileURLMapper@50000323)
ARR 5000088e (sz=104, trace=300128, nelems=0, elem type=char[])
OBJ 5000088f (sz=24, trace=300129, class=java.lang.String@500000b2)
OBJ 50000890 (sz=16, trace=300130, class=java.lang.StringBuilder@50000123)
ARR 50000891 (sz=104, trace=300131, nelems=0, elem type=char[])
ARR 50000892 (sz=64, trace=300132, nelems=0, elem type=byte[])
OBJ 50000893 (sz=48, trace=300038, class=java.nio.HeapByteBuffer@500000d0)
ARR 50000894 (sz=104, trace=300133, nelems=0, elem type=char[])
OBJ 50000895 (sz=48, trace=300040, class=java.nio.HeapCharBuffer@500000ad)
OBJ 50000896 (sz=24, trace=300072, class=java.lang.String@500000b2)
OBJ 50000897 (sz=24, trace=300073, class=java.lang.String@500000b2)
ARR 50000898 (sz=16, trace=300074, nelems=0, elem type=char[])
OBJ 50000899 (sz=24, trace=300072, class=java.lang.String@500000b2)
OBJ 5000089a (sz=24, trace=300073, class=java.lang.String@500000b2)
ARR 5000089b (sz=16, trace=300074, nelems=0, elem type=char[])
OBJ 5000089c (sz=24, trace=300134, class=java.lang.String@500000b2)
ARR 5000089d (sz=96, trace=300076, nelems=0, elem type=char[])
OBJ 5000089e (sz=24, trace=300135, class=java.io.File@5000010e)
OBJ 5000089f (sz=16, trace=300099, class=java.lang.StringBuffer@500000e4)
ARR 500008a0 (sz=96, trace=300100, nelems=0, elem type=char[])
OBJ 500008a1 (sz=24, trace=300101, class=java.lang.String@500000b2)
ARR 500008a2 (sz=96, trace=300081, nelems=0, elem type=char[])
OBJ 500008a3 (sz=32, trace=300421, class=java.io.FileNotFoundException@500007a3)
OBJ 500008a4 (sz=32, trace=300422, class=java.security.PrivilegedActionException@500002b8)
OBJ 500008a5 (sz=32, trace=300422, class=java.security.PrivilegedActionException@500002b8)
OBJ 500008a7 (sz=16, trace=300424, class=java.net.URLClassLoader$2@500008a6)
OBJ 500008a8 (sz=16, trace=300425, class=java.net.URLClassLoader$2@500008a6)
OBJ 500008a9 (sz=56, trace=300426, class=java.net.URL@50000010)
OBJ 500008aa (sz=16, trace=300110, class=java.lang.StringBuilder@50000123)
ARR 500008ab (sz=48, trace=300111, nelems=0, elem type=char[])
ARR 500008ac (sz=96, trace=300018, nelems=0, elem type=char[])
ARR 500008ad (sz=184, trace=300018, nelems=0, elem type=char[])
OBJ 500008ae (sz=24, trace=300112, class=java.lang.String@500000b2)
ARR 500008af (sz=104, trace=300113, nelems=0, elem type=char[])
OBJ 500008b0 (sz=24, trace=300114, class=java.lang.String@500000b2)
ARR 500008b1 (sz=240, trace=300427, nelems=0, elem type=char[])
ARR 500008b2 (sz=112, trace=300428, nelems=0, elem type=char[])
OBJ 500008b3 (sz=24, trace=300429, class=java.lang.String@500000b2)
ARR 500008b4 (sz=112, trace=300118, nelems=0, elem type=char[])
OBJ 500008b5 (sz=56, trace=300430, class=java.net.URL@50000010)
OBJ 500008b6 (sz=16, trace=300110, class=java.lang.StringBuilder@50000123)
ARR 500008b7 (sz=48, trace=300111, nelems=0, elem type=char[])
ARR 500008b8 (sz=96, trace=300018, nelems=0, elem type=char[])
ARR 500008b9 (sz=192, trace=300018, nelems=0, elem type=char[])
OBJ 500008ba (sz=24, trace=300112, class=java.lang.String@500000b2)
ARR 500008bb (sz=192, trace=300113, nelems=0, elem type=char[])
ARR 500008bc (sz=112, trace=300431, nelems=0, elem type=char[])
OBJ 500008bd (sz=24, trace=300432, class=java.lang.String@500000b2)
OBJ 500008be (sz=24, trace=300433, class=java.io.File@5000010e)
ARR 500008bf (sz=184, trace=300434, nelems=0, elem type=char[])
OBJ 500008c0 (sz=24, trace=300122, class=java.lang.String@500000b2)
ARR 500008c1 (sz=184, trace=300123, nelems=0, elem type=char[])
ARR 500008c2 (sz=112, trace=300173, nelems=0, elem type=char[])
ARR 500008c3 (sz=160, trace=300174, nelems=0, elem type=byte[])
OBJ 500008c4 (sz=48, trace=300175, class=java.nio.HeapByteBuffer@500000d0)
OBJ 500008c5 (sz=48, trace=300176, class=java.nio.HeapCharBuffer@500000ad)
ARR 500008c6 (sz=64, trace=300177, nelems=0, elem type=byte[])
OBJ 500008c7 (sz=32, trace=300309, class=java.util.ResourceBundle$LoaderReference@50000462)
	referent	5000040d
	queue		50000408
	cacheKey	500014a4
OBJ 500008c8 (sz=40, trace=300316, class=java.util.ResourceBundle$BundleReference@50000486)
	referent	500003d5
	queue		50000408
	cacheKey	500014a4
OBJ 500008c9 (sz=24, trace=300317, class=java.util.concurrent.ConcurrentHashMap$HashEntry@5000009e)
	key		500014a4
	value		500008c8
ARR 500008cb (sz=64, trace=300435, nelems=0, elem type=java.lang.Object[][]@500008ca)
ARR 500008cc (sz=24, trace=300436, nelems=0, elem type=java.lang.Object[]@500000fa)
ARR 500008cd (sz=24, trace=300437, nelems=0, elem type=java.lang.Object[]@500000fa)
ARR 500008ce (sz=24, trace=300438, nelems=0, elem type=java.lang.Object[]@500000fa)
ARR 500008cf (sz=24, trace=300439, nelems=0, elem type=java.lang.Object[]@500000fa)
ARR 500008d0 (sz=24, trace=300440, nelems=0, elem type=java.lang.Object[]@500000fa)
ARR 500008d1 (sz=24, trace=300441, nelems=0, elem type=java.lang.Object[]@500000fa)
ARR 500008d2 (sz=24, trace=300442, nelems=0, elem type=java.lang.Object[]@500000fa)
ARR 500008d3 (sz=24, trace=300443, nelems=0, elem type=java.lang.Object[]@500000fa)
ARR 500008d4 (sz=24, trace=300444, nelems=0, elem type=java.lang.Object[]@500000fa)
ARR 500008d5 (sz=24, trace=300445, nelems=0, elem type=java.lang.Object[]@500000fa)
ARR 500008d6 (sz=24, trace=300446, nelems=0, elem type=java.lang.Object[]@500000fa)
ARR 500008d7 (sz=24, trace=300447, nelems=0, elem type=java.lang.Object[]@500000fa)
OBJ 500008d8 (sz=40, trace=300448, class=java.util.HashMap@50000008)
	table		500008d9
ARR 500008d9 (sz=80, trace=300449, nelems=15, elem type=java.util.HashMap$Entry[]@5000012c)
	[0]		500008e5
	[1]		500008df
	[2]		500008e0
	[4]		500008dd
	[5]		500008dc
	[7]		500008de
	[8]		500008e4
	[9]		500008e3
	[11]		500008db
	[12]		500008e2
	[14]		500008e1
OBJ 500008da (sz=24, trace=300450, class=java.util.HashMap$Entry@5000012b)
	key		500014d4
	value		500014d3
OBJ 500008db (sz=24, trace=300450, class=java.util.HashMap$Entry@5000012b)
	key		50000956
	value		500014b1
OBJ 500008dc (sz=24, trace=300450, class=java.util.HashMap$Entry@5000012b)
	key		500014c0
	value		500014bf
OBJ 500008dd (sz=24, trace=300450, class=java.util.HashMap$Entry@5000012b)
	key		500014c4
	value		500014c3
OBJ 500008de (sz=24, trace=300450, class=java.util.HashMap$Entry@5000012b)
	key		500014bc
	value		500014bb
OBJ 500008df (sz=24, trace=300450, class=java.util.HashMap$Entry@5000012b)
	key		500014cc
	value		500014cb
OBJ 500008e0 (sz=24, trace=300450, class=java.util.HashMap$Entry@5000012b)
	key		500014c8
	value		500014c7
OBJ 500008e1 (sz=24, trace=300450, class=java.util.HashMap$Entry@5000012b)
	key		500014aa
	value		500014a9
OBJ 500008e2 (sz=24, trace=300450, class=java.util.HashMap$Entry@5000012b)
	key		500014ae
	value		500014ad
OBJ 500008e3 (sz=24, trace=300450, class=java.util.HashMap$Entry@5000012b)
	key		500014b4
	value		500014b3
OBJ 500008e4 (sz=24, trace=300450, class=java.util.HashMap$Entry@5000012b)
	key		500014b8
	value		500014b7
OBJ 500008e5 (sz=24, trace=300450, class=java.util.HashMap$Entry@5000012b)
	key		500014d0
	value		500014cf
	next		500008da
ARR 500008e8 (sz=32, trace=300452, nelems=5, elem type=java.lang.String[]@500000b3)
	[0]		50000966
	[1]		500014f3
	[2]		500014ef
	[3]		500014f5
	[4]		500014ed
ARR 500008e9 (sz=32, trace=300453, nelems=4, elem type=java.lang.String[]@500000b3)
	[0]		50000966
	[1]		500014ee
	[2]		500014f4
	[3]		500014f1
ARR 500008ea (sz=32, trace=300454, nelems=5, elem type=java.lang.String[]@500000b3)
	[0]		50000966
	[1]		50000dbc
	[2]		500014f2
	[3]		50000dbe
	[4]		500014f0
ARR 500008eb (sz=20, trace=300455, nelems=5, elem type=int[])
OBJ 500008ec (sz=32, trace=300456, class=java.text.MessageFormat@500008e7)
ARR 500008ee (sz=56, trace=300457, nelems=0, elem type=java.text.Format[]@500008ed)
ARR 500008ef (sz=56, trace=300458, nelems=0, elem type=int[])
ARR 500008f0 (sz=56, trace=300459, nelems=0, elem type=int[])
OBJ 500008f2 (sz=32, trace=300461, class=java.util.Locale$Category@500008f1)
	name		50000dd1
	languageKey	50000dd5
	scriptKey	50000dd7
	countryKey	50000dd3
	variantKey	50000dd9
OBJ 500008f3 (sz=32, trace=300462, class=java.util.Locale$Category@500008f1)
	name		50000dd2
	languageKey	50000dd6
	scriptKey	50000dd8
	countryKey	50000dd4
	variantKey	50000dda
ARR 500008f5 (sz=24, trace=300463, nelems=2, elem type=java.util.Locale$Category[]@500008f4)
	[0]		500008f2
	[1]		500008f3
ARR 500008f7 (sz=8, trace=300465, nelems=2, elem type=int[])
OBJ 500008f8 (sz=16, trace=300466, class=sun.security.action.GetPropertyAction@500000c6)
OBJ 500008f9 (sz=16, trace=300467, class=sun.security.action.GetPropertyAction@500000c6)
OBJ 500008fa (sz=16, trace=300468, class=sun.security.action.GetPropertyAction@500000c6)
OBJ 500008fb (sz=16, trace=300469, class=sun.security.action.GetPropertyAction@500000c6)
OBJ 500008fc (sz=32, trace=300470, class=sun.util.locale.BaseLocale$Key@500000a3)
OBJ 500008fd (sz=16, trace=300299, class=java.util.Locale$LocaleKey@500000c3)
ARR 500008ff (sz=32, trace=300471, nelems=0, elem type=java.lang.StringBuilder[]@500008fe)
OBJ 50000900 (sz=16, trace=300472, class=java.lang.StringBuilder@50000123)
ARR 50000901 (sz=48, trace=300473, nelems=0, elem type=char[])
ARR 50000902 (sz=80, trace=300401, nelems=0, elem type=char[])
OBJ 50000903 (sz=16, trace=300474, class=java.lang.StringBuilder@50000123)
ARR 50000904 (sz=48, trace=300475, nelems=0, elem type=char[])
ARR 50000905 (sz=32, trace=300476, nelems=0, elem type=java.lang.String[]@500000b3)
OBJ 50000906 (sz=24, trace=300477, class=java.lang.String@500000b2)
ARR 50000907 (sz=56, trace=300478, nelems=0, elem type=char[])
OBJ 50000908 (sz=24, trace=300477, class=java.lang.String@500000b2)
ARR 50000909 (sz=16, trace=300478, nelems=0, elem type=char[])
ARR 5000090a (sz=152, trace=300401, nelems=0, elem type=char[])
OBJ 5000090b (sz=24, trace=300479, class=java.lang.String@500000b2)
ARR 5000090c (sz=96, trace=300480, nelems=0, elem type=char[])
OBJ 5000090d (sz=16, trace=300481, class=java.lang.StringBuffer@500000e4)
ARR 5000090e (sz=48, trace=300482, nelems=0, elem type=char[])
OBJ 50000910 (sz=24, trace=300484, class=java.text.FieldPosition@5000090f)
OBJ 50000911 (sz=24, trace=300485, class=java.lang.String@500000b2)
ARR 50000912 (sz=80, trace=300018, nelems=0, elem type=char[])
OBJ 50000917 (sz=40, trace=300488, class=java.util.HashMap@50000008)
	table		50000918
ARR 50000918 (sz=48, trace=300489, nelems=4, elem type=java.util.HashMap$Entry[]@5000012c)
	[2]		5000091e
	[3]		5000091a
OBJ 50000919 (sz=16, trace=300490, class=java.text.AttributedCharacterIterator$Attribute@50000914)
	name		50000bdf
OBJ 5000091a (sz=24, trace=300491, class=java.util.HashMap$Entry@5000012b)
	key		50000bdf
	value		50000919
OBJ 5000091b (sz=16, trace=300492, class=java.text.AttributedCharacterIterator$Attribute@50000914)
	name		500014a1
OBJ 5000091c (sz=24, trace=300491, class=java.util.HashMap$Entry@5000012b)
	key		500014a1
	value		5000091b
OBJ 5000091d (sz=16, trace=300493, class=java.text.AttributedCharacterIterator$Attribute@50000914)
	name		500014a0
OBJ 5000091e (sz=24, trace=300491, class=java.util.HashMap$Entry@5000012b)
	key		500014a0
	value		5000091d
	next		5000091c
OBJ 5000091f (sz=16, trace=300494, class=java.text.MessageFormat$Field@50000916)
	name		5000149e
OBJ 50000920 (sz=24, trace=300495, class=java.lang.String@500000b2)
ARR 50000921 (sz=152, trace=300018, nelems=0, elem type=char[])
OBJ 50000922 (sz=24, trace=300496, class=java.lang.String@500000b2)
ARR 50000923 (sz=104, trace=300497, nelems=0, elem type=char[])
OBJ 50000924 (sz=48, trace=300176, class=java.nio.HeapCharBuffer@500000ad)
OBJ 50000925 (sz=48, trace=300176, class=java.nio.HeapCharBuffer@500000ad)
ARR 50000927 (sz=56, trace=300499, nelems=0, elem type=java.lang.Runnable[]@50000052)
OBJ 50000929 (sz=8, trace=300501, class=java.lang.Shutdown$Lock@50000928)
OBJ 5000092a (sz=8, trace=300502, class=java.lang.Shutdown$Lock@50000928)
OBJ 5000092f (sz=32, trace=300000, class=java.lang.NullPointerException@50000083)
OBJ 50000930 (sz=32, trace=300000, class=java.lang.ArithmeticException@500000ac)
	detailMessage	5000148e
OBJ 50000931 (sz=80, trace=300000, class=sun.misc.Launcher$AppClassLoader@5000011b)
	parent		500009aa
	parallelLockMap	500009a9
	package2certs	500009a8
	classes		500009a7
	defaultDomain	500009a6
	domains		500009a5
	packages	500009a4
	nativeLibraries	500009a3
	assertionLock	500009a2
	pdcache		500009a1
	ucp		500009a0
	acc		5000099f
	closeables	5000099e
OBJ 50000932 (sz=8, trace=300000, class=java.lang.ref.Reference$Lock@500000e9)
OBJ 50000933 (sz=8, trace=300000, class=java.lang.ref.ReferenceQueue$Lock@50000087)
OBJ 50000934 (sz=104, trace=300000, class=java.lang.Thread@50000097)
	name		5000148d
	contextClassLoader	50000931
	blockerLock	5000148c
OBJ 50000935 (sz=104, trace=300000, class=java.lang.Thread@50000097)
	name		50001473
	group		50000951
	contextClassLoader	50000931
	inheritedAccessControlContext	50001472
	blockerLock	50001471
OBJ 50000936 (sz=104, trace=300000, class=java.lang.Thread@50000097)
	name		50001476
	group		50000951
	contextClassLoader	50000931
	inheritedAccessControlContext	50001475
	blockerLock	50001474
OBJ 50000937 (sz=104, trace=300000, class=java.lang.ref.Finalizer$FinalizerThread@5000006e)
	name		50001479
	group		50000951
	inheritedAccessControlContext	50001478
	blockerLock	50001477
OBJ 50000938 (sz=104, trace=300000, class=java.lang.ref.Reference$ReferenceHandler@500000aa)
	name		5000146e
	group		50000951
	inheritedAccessControlContext	5000146d
	blockerLock	5000146c
OBJ 50000939 (sz=104, trace=300000, class=java.lang.Thread@50000097)
	name		5000148b
	group		50000950
	contextClassLoader	50000931
	inheritedAccessControlContext	5000148a
	threadLocals	50000198
	blockerLock	50001489
OBJ 5000093a (sz=96, trace=300000, class=java.lang.Class@500000c0)
OBJ 5000093b (sz=96, trace=300000, class=java.lang.Class@500000c0)
OBJ 5000093c (sz=96, trace=300000, class=java.lang.Class@500000c0)
OBJ 5000093d (sz=96, trace=300000, class=java.lang.Class@500000c0)
OBJ 5000093e (sz=96, trace=300000, class=java.lang.Class@500000c0)
OBJ 5000093f (sz=96, trace=300000, class=java.lang.Class@500000c0)
OBJ 50000940 (sz=96, trace=300000, class=java.lang.Class@500000c0)
OBJ 50000941 (sz=96, trace=300000, class=java.lang.Class@500000c0)
OBJ 50000942 (sz=96, trace=300000, class=java.lang.Class@500000c0)
OBJ 50000943 (sz=336, trace=300000, class=java.lang.Class@500000c0)
ARR 50000944 (sz=0, trace=300000, nelems=0, elem type=byte[])
ARR 50000945 (sz=0, trace=300000, nelems=0, elem type=short[])
ARR 50000946 (sz=0, trace=300000, nelems=0, elem type=int[])
ARR 50000947 (sz=16, trace=300000, nelems=0, elem type=java.lang.Class[]@500000c1)
OBJ 50000948 (sz=24, trace=300000, class=java.lang.String@500000b2)
	value		5000149d
OBJ 50000949 (sz=24, trace=300000, class=java.lang.String@500000b2)
	value		5000149c
OBJ 5000094a (sz=32, trace=300000, class=java.lang.OutOfMemoryError@50000053)
	detailMessage	5000149a
OBJ 5000094b (sz=32, trace=300000, class=java.lang.OutOfMemoryError@50000053)
	detailMessage	50001498
OBJ 5000094c (sz=32, trace=300000, class=java.lang.OutOfMemoryError@50000053)
	detailMessage	50001496
OBJ 5000094d (sz=32, trace=300000, class=java.lang.OutOfMemoryError@50000053)
	detailMessage	50001494
ARR 5000094e (sz=32, trace=300000, nelems=4, elem type=java.lang.OutOfMemoryError[]@50000054)
	[0]		50001490
	[1]		50001491
	[2]		50001492
	[3]		50001493
OBJ 5000094f (sz=32, trace=300000, class=java.lang.VirtualMachineError@50000134)
OBJ 50000950 (sz=48, trace=300000, class=java.lang.ThreadGroup@5000011d)
	parent		50000951
	name		50001487
	threads		50001486
OBJ 50000951 (sz=48, trace=300000, class=java.lang.ThreadGroup@5000011d)
	name		50000965
	threads		50001470
	groups		5000146f
OBJ 50000952 (sz=32, trace=300000, class=java.lang.VirtualMachineError@50000134)
OBJ 50000953 (sz=24, trace=300000, class=java.lang.ref.ReferenceQueue@50000113)
	lock		50000933
OBJ 50000954 (sz=8, trace=300000, class=java.lang.Runtime@50000124)
OBJ 50000955 (sz=32, trace=300000, class=java.io.PrintStream@50000116)
	out		50001404
	textOut		50001403
	charOut		50001402
OBJ 50000956 (sz=24, trace=300000, class=java.lang.String@500000b2)
	value		5000146b
OBJ 50000957 (sz=24, trace=300000, class=java.lang.String@500000b2)
	value		50000959
OBJ 50000958 (sz=16, trace=300000, class=java.util.Collections$UnmodifiableRandomAccessList@50000048)
	c		5000132b
	list		5000132b
ARR 50000959 (sz=8, trace=300000, nelems=4, elem type=char[])
OBJ 5000095a (sz=24, trace=300000, class=java.lang.String@500000b2)
	value		5000146a
OBJ 5000095b (sz=24, trace=300000, class=java.lang.String@500000b2)
	value		50001469
OBJ 5000095c (sz=24, trace=300000, class=java.lang.String@500000b2)
	value		50001468
OBJ 5000095d (sz=8, trace=300000, class=java.lang.String$CaseInsensitiveComparator@50000130)
ARR 5000095e (sz=16, trace=300000, nelems=0, elem type=java.io.ObjectStreamField[]@5000004e)
OBJ 5000095f (sz=24, trace=300000, class=java.lang.String@500000b2)
	value		50000962
OBJ 50000960 (sz=24, trace=300000, class=java.lang.RuntimePermission@500000bf)
	name		5000095f
	path		5000095f
ARR 50000961 (sz=16, trace=300000, nelems=0, elem type=java.lang.StackTraceElement[]@5000003f)
ARR 50000962 (sz=64, trace=300000, nelems=32, elem type=char[])
OBJ 50000963 (sz=24, trace=300000, class=java.lang.String@500000b2)
	value		50000964
ARR 50000964 (sz=12, trace=300000, nelems=6, elem type=char[])
OBJ 50000965 (sz=24, trace=300000, class=java.lang.String@500000b2)
	value		50001467
OBJ 50000966 (sz=24, trace=300000, class=java.lang.String@500000b2)
	value		50000c1a
OBJ 50000967 (sz=24, trace=300000, class=java.lang.String@500000b2)
	value		500013ff
OBJ 50000968 (sz=24, trace=300000, class=java.lang.String@500000b2)
	value		50001466
OBJ 50000969 (sz=24, trace=300000, class=java.lang.String@500000b2)
	value		50000ac2
OBJ 5000096a (sz=48, trace=300000, class=java.util.Properties@50000107)
	table		5000140f
	entrySet	5000140e
OBJ 5000096b (sz=32, trace=300000, class=java.io.PrintStream@50000116)
	out		500013f4
	textOut		500013f3
	charOut		500013f2
OBJ 5000096c (sz=32, trace=300000, class=java.io.BufferedInputStream@50000111)
	in		5000096e
	buf		5000096d
ARR 5000096d (sz=8192, trace=300000, nelems=8192, elem type=byte[])
OBJ 5000096e (sz=24, trace=300000, class=java.io.FileInputStream@50000055)
	fd		50000970
	closeLock	5000096f
OBJ 5000096f (sz=8, trace=300000, class=java.lang.Object@500000f9)
OBJ 50000970 (sz=24, trace=300000, class=java.io.FileDescriptor@500000c5)
	useCount	50000971
OBJ 50000971 (sz=16, trace=300000, class=java.util.concurrent.atomic.AtomicInteger@5000002c)
OBJ 50000972 (sz=24, trace=300000, class=java.lang.String@500000b2)
	value		50000df6
OBJ 50000973 (sz=8, trace=300000, class=sun.misc.Unsafe@50000143)
OBJ 50000974 (sz=24, trace=300000, class=java.lang.String@500000b2)
	value		500013ee
OBJ 50000975 (sz=24, trace=300000, class=java.lang.String@500000b2)
	value		5000097f
OBJ 50000976 (sz=24, trace=300000, class=java.lang.String@500000b2)
	value		5000097e
OBJ 50000977 (sz=24, trace=300000, class=java.lang.String@500000b2)
	value		50000981
OBJ 50000978 (sz=40, trace=300000, class=java.util.HashMap@50000008)
	table		500013eb
OBJ 50000979 (sz=40, trace=300000, class=java.util.HashMap@50000008)
	table		5000097a
ARR 5000097a (sz=80, trace=300000, nelems=13, elem type=java.util.HashMap$Entry[]@5000012c)
	[7]		5000097b
	[12]		5000097c
OBJ 5000097b (sz=24, trace=300000, class=java.util.HashMap$Entry@5000012b)
	key		5000007f
	value		50000980
OBJ 5000097c (sz=24, trace=300000, class=java.util.HashMap$Entry@5000012b)
	key		50000017
	value		5000097d
ARR 5000097d (sz=24, trace=300000, nelems=2, elem type=java.lang.String[]@500000b3)
	[0]		50000975
	[1]		50000976
ARR 5000097e (sz=30, trace=300000, nelems=15, elem type=char[])
ARR 5000097f (sz=28, trace=300000, nelems=14, elem type=char[])
ARR 50000980 (sz=16, trace=300000, nelems=1, elem type=java.lang.String[]@500000b3)
	[0]		50000977
ARR 50000981 (sz=16, trace=300000, nelems=8, elem type=char[])
OBJ 50000982 (sz=24, trace=300000, class=java.lang.String@500000b2)
	value		500013ea
OBJ 50000983 (sz=8, trace=300000, class=sun.reflect.ReflectionFactory@50000132)
ARR 50000984 (sz=16, trace=300000, nelems=0, elem type=java.io.ObjectStreamField[]@5000004e)
OBJ 50000985 (sz=24, trace=300000, class=java.lang.String@500000b2)
	value		50000988
OBJ 50000986 (sz=8, trace=300000, class=java.lang.reflect.ReflectAccess@50000091)
OBJ 50000987 (sz=24, trace=300000, class=java.lang.RuntimePermission@500000bf)
	name		50000985
	path		50000985
ARR 50000988 (sz=46, trace=300000, nelems=23, elem type=char[])
OBJ 50000989 (sz=24, trace=300000, class=java.lang.String@500000b2)
	value		5000098b
OBJ 5000098a (sz=24, trace=300000, class=java.lang.reflect.ReflectPermission@50000043)
	name		50000989
	path		50000989
ARR 5000098b (sz=40, trace=300000, nelems=20, elem type=char[])
OBJ 5000098c (sz=24, trace=300000, class=java.lang.String@500000b2)
	value		5000098f
OBJ 5000098d (sz=24, trace=300000, class=java.lang.String@500000b2)
	value		5000098e
ARR 5000098e (sz=46, trace=300000, nelems=23, elem type=char[])
ARR 5000098f (sz=60, trace=300000, nelems=30, elem type=char[])
OBJ 50000990 (sz=24, trace=300000, class=java.lang.String@500000b2)
	value		50000995
OBJ 50000991 (sz=24, trace=300000, class=java.lang.ref.ReferenceQueue$Null@500000b4)
	lock		50000994
OBJ 50000992 (sz=24, trace=300000, class=java.lang.ref.ReferenceQueue$Null@500000b4)
	lock		50000993
OBJ 50000993 (sz=8, trace=300000, class=java.lang.ref.ReferenceQueue$Lock@50000087)
OBJ 50000994 (sz=8, trace=300000, class=java.lang.ref.ReferenceQueue$Lock@50000087)
ARR 50000995 (sz=34, trace=300000, nelems=17, elem type=char[])
OBJ 50000996 (sz=24, trace=300000, class=java.lang.String@500000b2)
	value		500013e7
OBJ 50000997 (sz=24, trace=300000, class=java.lang.String@500000b2)
	value		500013e6
ARR 50000998 (sz=16, trace=300000, nelems=1, elem type=java.lang.String[]@500000b3)
	[0]		50000a74
ARR 50000999 (sz=80, trace=300000, nelems=17, elem type=java.lang.String[]@500000b3)
	[0]		500013c8
	[1]		500013c9
	[2]		500013ca
	[3]		500013cb
	[4]		500013cc
	[5]		500013cd
	[6]		500013ce
	[7]		500013cf
	[8]		500013d0
	[9]		500013d1
	[10]		500013d2
	[11]		500013d3
	[12]		500013d4
	[13]		500013d5
	[14]		500013d6
	[15]		500013d7
	[16]		500013d8
OBJ 5000099a (sz=24, trace=300000, class=java.util.Stack@5000008e)
	elementData	500013c7
OBJ 5000099b (sz=24, trace=300000, class=java.util.Vector@50000067)
	elementData	500013c5
OBJ 5000099c (sz=24, trace=300000, class=java.util.Vector@50000067)
	elementData	500013c4
ARR 5000099d (sz=16, trace=300000, nelems=0, elem type=java.security.cert.Certificate[]@5000008b)
OBJ 5000099e (sz=48, trace=300000, class=java.util.WeakHashMap@50000063)
	table		500013c2
	queue		500013c1
OBJ 5000099f (sz=24, trace=300000, class=java.security.AccessControlContext@5000005a)
OBJ 500009a0 (sz=32, trace=300000, class=sun.misc.URLClassPath@50000022)
	path		500013b6
	urls		500013b5
	loaders		500013b4
	lmap		500013b3
	jarHandler	500013b2
OBJ 500009a1 (sz=40, trace=300000, class=java.util.HashMap@50000008)
	table		500013b1
OBJ 500009a2 (sz=8, trace=300000, class=java.lang.Object@500000f9)
OBJ 500009a3 (sz=24, trace=300000, class=java.util.Vector@50000067)
	elementData	500013b0
OBJ 500009a4 (sz=40, trace=300000, class=java.util.HashMap@50000008)
	table		500013af
OBJ 500009a5 (sz=16, trace=300000, class=java.util.Collections$SynchronizedSet@50000057)
	c		500013ac
	mutex		500009a5
OBJ 500009a6 (sz=32, trace=300000, class=java.security.ProtectionDomain@50000033)
	codesource	500013ab
	classloader	50000931
	principals	500013aa
	key		500013a9
OBJ 500009a7 (sz=24, trace=300000, class=java.util.Vector@50000067)
	elementData	500013a8
OBJ 500009a8 (sz=40, trace=300000, class=java.util.concurrent.ConcurrentHashMap@50000086)
	segments	50001377
OBJ 500009a9 (sz=40, trace=300000, class=java.util.concurrent.ConcurrentHashMap@50000086)
	segments	50001347
OBJ 500009aa (sz=80, trace=300000, class=sun.misc.Launcher$ExtClassLoader@5000006a)
	parallelLockMap	500009b6
	package2certs	500009b5
	classes		500009b4
	defaultDomain	500009b3
	domains		500009b2
	packages	500009b1
	nativeLibraries	500009b0
	assertionLock	500009af
	pdcache		500009ae
	ucp		500009ad
	acc		500009ac
	closeables	500009ab
OBJ 500009ab (sz=48, trace=300000, class=java.util.WeakHashMap@50000063)
	table		50001338
	queue		50001337
OBJ 500009ac (sz=24, trace=300000, class=java.security.AccessControlContext@5000005a)
OBJ 500009ad (sz=32, trace=300000, class=sun.misc.URLClassPath@50000022)
	path		50001263
	urls		50001262
	loaders		50001261
	lmap		50001260
	jarHandler	5000125f
OBJ 500009ae (sz=40, trace=300000, class=java.util.HashMap@50000008)
	table		5000125e
OBJ 500009af (sz=8, trace=300000, class=java.lang.Object@500000f9)
OBJ 500009b0 (sz=24, trace=300000, class=java.util.Vector@50000067)
	elementData	5000125d
OBJ 500009b1 (sz=40, trace=300000, class=java.util.HashMap@50000008)
	table		5000125c
OBJ 500009b2 (sz=16, trace=300000, class=java.util.Collections$SynchronizedSet@50000057)
	c		50001259
	mutex		500009b2
OBJ 500009b3 (sz=32, trace=300000, class=java.security.ProtectionDomain@50000033)
	codesource	50000a27
	classloader	500009aa
	principals	50000a26
	key		50000a25
OBJ 500009b4 (sz=24, trace=300000, class=java.util.Vector@50000067)
	elementData	50000a24
OBJ 500009b5 (sz=40, trace=300000, class=java.util.concurrent.ConcurrentHashMap@50000086)
	segments	500009f3
OBJ 500009b6 (sz=40, trace=300000, class=java.util.concurrent.ConcurrentHashMap@50000086)
	segments	500009b7
ARR 500009b7 (sz=80, trace=300000, nelems=16, elem type=java.util.concurrent.ConcurrentHashMap$Segment[]@500000d5)
	[0]		500009b8
	[1]		500009b9
	[2]		500009ba
	[3]		500009bb
	[4]		500009bc
	[5]		500009bd
	[6]		500009be
	[7]		500009bf
	[8]		500009c0
	[9]		500009c1
	[10]		500009c2
	[11]		500009c3
	[12]		500009c4
	[13]		500009c5
	[14]		500009c6
	[15]		500009c7
OBJ 500009b8 (sz=32, trace=300000, class=java.util.concurrent.ConcurrentHashMap$Segment@500000d4)
	sync		500009f2
	table		500009f1
OBJ 500009b9 (sz=32, trace=300000, class=java.util.concurrent.ConcurrentHashMap$Segment@500000d4)
	sync		500009f0
	table		500009ef
OBJ 500009ba (sz=32, trace=300000, class=java.util.concurrent.ConcurrentHashMap$Segment@500000d4)
	sync		500009ee
	table		500009ed
OBJ 500009bb (sz=32, trace=300000, class=java.util.concurrent.ConcurrentHashMap$Segment@500000d4)
	sync		500009ec
	table		500009eb
OBJ 500009bc (sz=32, trace=300000, class=java.util.concurrent.ConcurrentHashMap$Segment@500000d4)
	sync		500009ea
	table		500009e9
OBJ 500009bd (sz=32, trace=300000, class=java.util.concurrent.ConcurrentHashMap$Segment@500000d4)
	sync		500009e8
	table		500009e7
OBJ 500009be (sz=32, trace=300000, class=java.util.concurrent.ConcurrentHashMap$Segment@500000d4)
	sync		500009e6
	table		500009e5
OBJ 500009bf (sz=32, trace=300000, class=java.util.concurrent.ConcurrentHashMap$Segment@500000d4)
	sync		500009e4
	table		500009e3
OBJ 500009c0 (sz=32, trace=300000, class=java.util.concurrent.ConcurrentHashMap$Segment@500000d4)
	sync		500009e2
	table		500009e1
OBJ 500009c1 (sz=32, trace=300000, class=java.util.concurrent.ConcurrentHashMap$Segment@500000d4)
	sync		500009e0
	table		500009df
OBJ 500009c2 (sz=32, trace=300000, class=java.util.concurrent.ConcurrentHashMap$Segment@500000d4)
	sync		500009de
	table		500009dd
OBJ 500009c3 (sz=32, trace=300000, class=java.util.concurrent.ConcurrentHashMap$Segment@500000d4)
	sync		500009da
	table		5000047a
OBJ 500009c4 (sz=32, trace=300000, class=java.util.concurrent.ConcurrentHashMap$Segment@500000d4)
	sync		500009d9
	table		500009d8
OBJ 500009c5 (sz=32, trace=300000, class=java.util.concurrent.ConcurrentHashMap$Segment@500000d4)
	sync		500009d7
	table		500009d6
OBJ 500009c6 (sz=32, trace=300000, class=java.util.concurrent.ConcurrentHashMap$Segment@500000d4)
	sync		500009d5
	table		500009d4
OBJ 500009c7 (sz=32, trace=300000, class=java.util.concurrent.ConcurrentHashMap$Segment@500000d4)
	sync		500009c9
	table		500009c8
ARR 500009c8 (sz=16, trace=300000, nelems=0, elem type=java.util.concurrent.ConcurrentHashMap$HashEntry[]@5000009f)
OBJ 500009c9 (sz=24, trace=300000, class=java.util.concurrent.locks.ReentrantLock$NonfairSync@50000112)
OBJ 500009ca (sz=24, trace=300000, class=java.lang.String@500000b2)
	value		500009d3
OBJ 500009cb (sz=24, trace=300000, class=java.lang.String@500000b2)
	value		500009d2
OBJ 500009cc (sz=24, trace=300000, class=java.lang.String@500000b2)
	value		500009d1
OBJ 500009cd (sz=24, trace=300000, class=java.lang.String@500000b2)
	value		500009d0
OBJ 500009ce (sz=24, trace=300000, class=java.lang.String@500000b2)
	value		500009cf
ARR 500009cf (sz=20, trace=300000, nelems=10, elem type=char[])
ARR 500009d0 (sz=8, trace=300000, nelems=4, elem type=char[])
ARR 500009d1 (sz=10, trace=300000, nelems=5, elem type=char[])
ARR 500009d2 (sz=8, trace=300000, nelems=4, elem type=char[])
ARR 500009d3 (sz=8, trace=300000, nelems=4, elem type=char[])
ARR 500009d4 (sz=16, trace=300000, nelems=0, elem type=java.util.concurrent.ConcurrentHashMap$HashEntry[]@5000009f)
OBJ 500009d5 (sz=24, trace=300000, class=java.util.concurrent.locks.ReentrantLock$NonfairSync@50000112)
ARR 500009d6 (sz=16, trace=300000, nelems=0, elem type=java.util.concurrent.ConcurrentHashMap$HashEntry[]@5000009f)
OBJ 500009d7 (sz=24, trace=300000, class=java.util.concurrent.locks.ReentrantLock$NonfairSync@50000112)
ARR 500009d8 (sz=16, trace=300000, nelems=0, elem type=java.util.concurrent.ConcurrentHashMap$HashEntry[]@5000009f)
OBJ 500009d9 (sz=24, trace=300000, class=java.util.concurrent.locks.ReentrantLock$NonfairSync@50000112)
OBJ 500009da (sz=24, trace=300000, class=java.util.concurrent.locks.ReentrantLock$NonfairSync@50000112)
OBJ 500009db (sz=24, trace=300000, class=java.lang.String@500000b2)
	value		500009dc
ARR 500009dc (sz=62, trace=300000, nelems=31, elem type=char[])
ARR 500009dd (sz=16, trace=300000, nelems=0, elem type=java.util.concurrent.ConcurrentHashMap$HashEntry[]@5000009f)
OBJ 500009de (sz=24, trace=300000, class=java.util.concurrent.locks.ReentrantLock$NonfairSync@50000112)
ARR 500009df (sz=16, trace=300000, nelems=0, elem type=java.util.concurrent.ConcurrentHashMap$HashEntry[]@5000009f)
OBJ 500009e0 (sz=24, trace=300000, class=java.util.concurrent.locks.ReentrantLock$NonfairSync@50000112)
ARR 500009e1 (sz=16, trace=300000, nelems=0, elem type=java.util.concurrent.ConcurrentHashMap$HashEntry[]@5000009f)
OBJ 500009e2 (sz=24, trace=300000, class=java.util.concurrent.locks.ReentrantLock$NonfairSync@50000112)
ARR 500009e3 (sz=16, trace=300000, nelems=0, elem type=java.util.concurrent.ConcurrentHashMap$HashEntry[]@5000009f)
OBJ 500009e4 (sz=24, trace=300000, class=java.util.concurrent.locks.ReentrantLock$NonfairSync@50000112)
ARR 500009e5 (sz=16, trace=300000, nelems=1, elem type=java.util.concurrent.ConcurrentHashMap$HashEntry[]@5000009f)
	[0]		500004a5
OBJ 500009e6 (sz=24, trace=300000, class=java.util.concurrent.locks.ReentrantLock$NonfairSync@50000112)
ARR 500009e7 (sz=16, trace=300000, nelems=0, elem type=java.util.concurrent.ConcurrentHashMap$HashEntry[]@5000009f)
OBJ 500009e8 (sz=24, trace=300000, class=java.util.concurrent.locks.ReentrantLock$NonfairSync@50000112)
ARR 500009e9 (sz=16, trace=300000, nelems=1, elem type=java.util.concurrent.ConcurrentHashMap$HashEntry[]@5000009f)
	[0]		50000491
OBJ 500009ea (sz=24, trace=300000, class=java.util.concurrent.locks.ReentrantLock$NonfairSync@50000112)
ARR 500009eb (sz=16, trace=300000, nelems=0, elem type=java.util.concurrent.ConcurrentHashMap$HashEntry[]@5000009f)
OBJ 500009ec (sz=24, trace=300000, class=java.util.concurrent.locks.ReentrantLock$NonfairSync@50000112)
ARR 500009ed (sz=16, trace=300000, nelems=0, elem type=java.util.concurrent.ConcurrentHashMap$HashEntry[]@5000009f)
OBJ 500009ee (sz=24, trace=300000, class=java.util.concurrent.locks.ReentrantLock$NonfairSync@50000112)
ARR 500009ef (sz=16, trace=300000, nelems=0, elem type=java.util.concurrent.ConcurrentHashMap$HashEntry[]@5000009f)
OBJ 500009f0 (sz=24, trace=300000, class=java.util.concurrent.locks.ReentrantLock$NonfairSync@50000112)
ARR 500009f1 (sz=16, trace=300000, nelems=0, elem type=java.util.concurrent.ConcurrentHashMap$HashEntry[]@5000009f)
OBJ 500009f2 (sz=24, trace=300000, class=java.util.concurrent.locks.ReentrantLock$NonfairSync@50000112)
ARR 500009f3 (sz=80, trace=300000, nelems=16, elem type=java.util.concurrent.ConcurrentHashMap$Segment[]@500000d5)
	[0]		500009f4
	[1]		500009f5
	[2]		500009f6
	[3]		500009f7
	[4]		500009f8
	[5]		500009f9
	[6]		500009fa
	[7]		500009fb
	[8]		500009fc
	[9]		500009fd
	[10]		500009fe
	[11]		500009ff
	[12]		50000a00
	[13]		50000a01
	[14]		50000a02
	[15]		50000a03
OBJ 500009f4 (sz=32, trace=300000, class=java.util.concurrent.ConcurrentHashMap$Segment@500000d4)
	sync		50000a23
	table		50000a22
OBJ 500009f5 (sz=32, trace=300000, class=java.util.concurrent.ConcurrentHashMap$Segment@500000d4)
	sync		50000a21
	table		50000a20
OBJ 500009f6 (sz=32, trace=300000, class=java.util.concurrent.ConcurrentHashMap$Segment@500000d4)
	sync		50000a1f
	table		50000a1e
OBJ 500009f7 (sz=32, trace=300000, class=java.util.concurrent.ConcurrentHashMap$Segment@500000d4)
	sync		50000a1d
	table		50000a1c
OBJ 500009f8 (sz=32, trace=300000, class=java.util.concurrent.ConcurrentHashMap$Segment@500000d4)
	sync		50000a1b
	table		50000a1a
OBJ 500009f9 (sz=32, trace=300000, class=java.util.concurrent.ConcurrentHashMap$Segment@500000d4)
	sync		50000a19
	table		50000a18
OBJ 500009fa (sz=32, trace=300000, class=java.util.concurrent.ConcurrentHashMap$Segment@500000d4)
	sync		50000a17
	table		50000a16
OBJ 500009fb (sz=32, trace=300000, class=java.util.concurrent.ConcurrentHashMap$Segment@500000d4)
	sync		50000a15
	table		50000a14
OBJ 500009fc (sz=32, trace=300000, class=java.util.concurrent.ConcurrentHashMap$Segment@500000d4)
	sync		50000a13
	table		50000a12
OBJ 500009fd (sz=32, trace=300000, class=java.util.concurrent.ConcurrentHashMap$Segment@500000d4)
	sync		50000a11
	table		50000a10
OBJ 500009fe (sz=32, trace=300000, class=java.util.concurrent.ConcurrentHashMap$Segment@500000d4)
	sync		50000a0f
	table		50000a0e
OBJ 500009ff (sz=32, trace=300000, class=java.util.concurrent.ConcurrentHashMap$Segment@500000d4)
	sync		50000a0d
	table		50000a0c
OBJ 50000a00 (sz=32, trace=300000, class=java.util.concurrent.ConcurrentHashMap$Segment@500000d4)
	sync		50000a0b
	table		50000a0a
OBJ 50000a01 (sz=32, trace=300000, class=java.util.concurrent.ConcurrentHashMap$Segment@500000d4)
	sync		50000a09
	table		50000a08
OBJ 50000a02 (sz=32, trace=300000, class=java.util.concurrent.ConcurrentHashMap$Segment@500000d4)
	sync		50000a07
	table		50000a06
OBJ 50000a03 (sz=32, trace=300000, class=java.util.concurrent.ConcurrentHashMap$Segment@500000d4)
	sync		50000a05
	table		50000a04
ARR 50000a04 (sz=16, trace=300000, nelems=0, elem type=java.util.concurrent.ConcurrentHashMap$HashEntry[]@5000009f)
OBJ 50000a05 (sz=24, trace=300000, class=java.util.concurrent.locks.ReentrantLock$NonfairSync@50000112)
ARR 50000a06 (sz=16, trace=300000, nelems=0, elem type=java.util.concurrent.ConcurrentHashMap$HashEntry[]@5000009f)
OBJ 50000a07 (sz=24, trace=300000, class=java.util.concurrent.locks.ReentrantLock$NonfairSync@50000112)
ARR 50000a08 (sz=16, trace=300000, nelems=0, elem type=java.util.concurrent.ConcurrentHashMap$HashEntry[]@5000009f)
OBJ 50000a09 (sz=24, trace=300000, class=java.util.concurrent.locks.ReentrantLock$NonfairSync@50000112)
ARR 50000a0a (sz=16, trace=300000, nelems=0, elem type=java.util.concurrent.ConcurrentHashMap$HashEntry[]@5000009f)
OBJ 50000a0b (sz=24, trace=300000, class=java.util.concurrent.locks.ReentrantLock$NonfairSync@50000112)
ARR 50000a0c (sz=16, trace=300000, nelems=0, elem type=java.util.concurrent.ConcurrentHashMap$HashEntry[]@5000009f)
OBJ 50000a0d (sz=24, trace=300000, class=java.util.concurrent.locks.ReentrantLock$NonfairSync@50000112)
ARR 50000a0e (sz=16, trace=300000, nelems=0, elem type=java.util.concurrent.ConcurrentHashMap$HashEntry[]@5000009f)
OBJ 50000a0f (sz=24, trace=300000, class=java.util.concurrent.locks.ReentrantLock$NonfairSync@50000112)
ARR 50000a10 (sz=16, trace=300000, nelems=0, elem type=java.util.concurrent.ConcurrentHashMap$HashEntry[]@5000009f)
OBJ 50000a11 (sz=24, trace=300000, class=java.util.concurrent.locks.ReentrantLock$NonfairSync@50000112)
ARR 50000a12 (sz=16, trace=300000, nelems=0, elem type=java.util.concurrent.ConcurrentHashMap$HashEntry[]@5000009f)
OBJ 50000a13 (sz=24, trace=300000, class=java.util.concurrent.locks.ReentrantLock$NonfairSync@50000112)
ARR 50000a14 (sz=16, trace=300000, nelems=0, elem type=java.util.concurrent.ConcurrentHashMap$HashEntry[]@5000009f)
OBJ 50000a15 (sz=24, trace=300000, class=java.util.concurrent.locks.ReentrantLock$NonfairSync@50000112)
ARR 50000a16 (sz=16, trace=300000, nelems=0, elem type=java.util.concurrent.ConcurrentHashMap$HashEntry[]@5000009f)
OBJ 50000a17 (sz=24, trace=300000, class=java.util.concurrent.locks.ReentrantLock$NonfairSync@50000112)
ARR 50000a18 (sz=16, trace=300000, nelems=0, elem type=java.util.concurrent.ConcurrentHashMap$HashEntry[]@5000009f)
OBJ 50000a19 (sz=24, trace=300000, class=java.util.concurrent.locks.ReentrantLock$NonfairSync@50000112)
ARR 50000a1a (sz=16, trace=300000, nelems=0, elem type=java.util.concurrent.ConcurrentHashMap$HashEntry[]@5000009f)
OBJ 50000a1b (sz=24, trace=300000, class=java.util.concurrent.locks.ReentrantLock$NonfairSync@50000112)
ARR 50000a1c (sz=16, trace=300000, nelems=0, elem type=java.util.concurrent.ConcurrentHashMap$HashEntry[]@5000009f)
OBJ 50000a1d (sz=24, trace=300000, class=java.util.concurrent.locks.ReentrantLock$NonfairSync@50000112)
ARR 50000a1e (sz=16, trace=300000, nelems=0, elem type=java.util.concurrent.ConcurrentHashMap$HashEntry[]@5000009f)
OBJ 50000a1f (sz=24, trace=300000, class=java.util.concurrent.locks.ReentrantLock$NonfairSync@50000112)
ARR 50000a20 (sz=16, trace=300000, nelems=0, elem type=java.util.concurrent.ConcurrentHashMap$HashEntry[]@5000009f)
OBJ 50000a21 (sz=24, trace=300000, class=java.util.concurrent.locks.ReentrantLock$NonfairSync@50000112)
ARR 50000a22 (sz=16, trace=300000, nelems=0, elem type=java.util.concurrent.ConcurrentHashMap$HashEntry[]@5000009f)
OBJ 50000a23 (sz=24, trace=300000, class=java.util.concurrent.locks.ReentrantLock$NonfairSync@50000112)
ARR 50000a24 (sz=56, trace=300000, nelems=0, elem type=java.lang.Object[]@500000fa)
OBJ 50000a25 (sz=16, trace=300000, class=java.security.ProtectionDomain$Key@500000c7)
	this$0		500009b3
ARR 50000a26 (sz=16, trace=300000, nelems=0, elem type=java.security.Principal[]@500000cc)
OBJ 50000a27 (sz=32, trace=300000, class=java.security.CodeSource@5000012a)
OBJ 50000a28 (sz=24, trace=300000, class=java.lang.String@500000b2)
	value		50001258
OBJ 50000a29 (sz=24, trace=300000, class=java.lang.String@500000b2)
	value		50000a2f
OBJ 50000a2a (sz=24, trace=300000, class=java.lang.String@500000b2)
	value		50000a2e
OBJ 50000a2b (sz=24, trace=300000, class=java.lang.String@500000b2)
	value		50000a2d
ARR 50000a2c (sz=32, trace=300000, nelems=16, elem type=char[])
ARR 50000a2d (sz=38, trace=300000, nelems=19, elem type=char[])
ARR 50000a2e (sz=48, trace=300000, nelems=24, elem type=char[])
ARR 50000a2f (sz=32, trace=300000, nelems=16, elem type=char[])
OBJ 50000a30 (sz=8, trace=300000, class=java.security.ProtectionDomain$2@50000108)
OBJ 50000a31 (sz=8, trace=300000, class=java.io.FileDescriptor$1@500000e7)
OBJ 50000a32 (sz=8, trace=300000, class=java.nio.Bits$1@500000d2)
OBJ 50000a33 (sz=8, trace=300000, class=java.net.URLClassLoader$7@50000024)
OBJ 50000a34 (sz=8, trace=300000, class=java.lang.System$2@50000042)
OBJ 50000a35 (sz=24, trace=300000, class=java.lang.String@500000b2)
	value		50000a42
OBJ 50000a36 (sz=24, trace=300000, class=java.lang.String@500000b2)
	value		50001257
OBJ 50000a37 (sz=24, trace=300000, class=java.lang.String@500000b2)
	value		50001256
OBJ 50000a38 (sz=24, trace=300000, class=java.lang.String@500000b2)
	value		50001255
OBJ 50000a39 (sz=24, trace=300000, class=java.lang.String@500000b2)
	value		50001254
OBJ 50000a3a (sz=24, trace=300000, class=java.lang.String@500000b2)
	value		50001253
OBJ 50000a3b (sz=24, trace=300000, class=java.lang.String@500000b2)
	value		50001252
OBJ 50000a3c (sz=24, trace=300000, class=java.lang.String@500000b2)
	value		50001251
OBJ 50000a3d (sz=24, trace=300000, class=java.lang.String@500000b2)
	value		50001250
OBJ 50000a3e (sz=24, trace=300000, class=java.lang.String@500000b2)
	value		5000124f
OBJ 50000a3f (sz=24, trace=300000, class=java.lang.String@500000b2)
	value		5000124e
OBJ 50000a40 (sz=24, trace=300000, class=java.lang.String@500000b2)
	value		5000124d
OBJ 50000a41 (sz=24, trace=300000, class=java.lang.String@500000b2)
	value		50000a43
ARR 50000a42 (sz=40, trace=300000, nelems=20, elem type=char[])
ARR 50000a43 (sz=64, trace=300000, nelems=32, elem type=char[])
OBJ 50000a44 (sz=24, trace=300000, class=java.lang.String@500000b2)
	value		5000118e
OBJ 50000a45 (sz=24, trace=300000, class=java.lang.String@500000b2)
	value		50000e02
OBJ 50000a46 (sz=24, trace=300000, class=java.lang.String@500000b2)
	value		50000e08
OBJ 50000a47 (sz=24, trace=300000, class=java.lang.String@500000b2)
	value		50000e07
OBJ 50000a48 (sz=24, trace=300000, class=java.lang.String@500000b2)
	value		50000e06
OBJ 50000a49 (sz=24, trace=300000, class=java.lang.String@500000b2)
	value		50000e05
OBJ 50000a4a (sz=24, trace=300000, class=java.lang.String@500000b2)
	value		50000e04
OBJ 50000a4b (sz=24, trace=300000, class=java.lang.String@500000b2)
	value		50000e03
OBJ 50000a4c (sz=24, trace=300000, class=java.lang.String@500000b2)
	value		50000e01
OBJ 50000a4d (sz=48, trace=300000, class=java.util.Properties@50000107)
	table		50000a4e
ARR 50000a4e (sz=392, trace=300000, nelems=89, elem type=java.util.Hashtable$Entry[]@5000014d)
	[0]		50000a4f
	[2]		50000a50
	[9]		50000a51
	[11]		50000a52
	[13]		50000a53
	[16]		50000a54
	[17]		50000a55
	[18]		50000a56
	[19]		50000a57
	[21]		50000a58
	[22]		50000a59
	[24]		50000a5a
	[26]		50000a5b
	[27]		50000a5c
	[33]		50000a5d
	[38]		50000a5e
	[39]		50000a5f
	[40]		50000a60
	[41]		50000a61
	[44]		50000a62
	[47]		50000a63
	[49]		50000a64
	[54]		50000a65
	[57]		50000a66
	[63]		50000a67
	[64]		50000a68
	[65]		50000a69
	[67]		50000a6a
	[70]		50000a6b
	[72]		50000a6c
	[76]		50000a6d
	[79]		50000a6e
	[80]		50000a6f
	[81]		50000a70
	[82]		50000a71
	[88]		50000a72
OBJ 50000a4f (sz=24, trace=300000, class=java.util.Hashtable$Entry@5000014c)
	key		50000b52
	value		50000b51
OBJ 50000a50 (sz=24, trace=300000, class=java.util.Hashtable$Entry@5000014c)
	key		50000b4e
	value		50000b4d
OBJ 50000a51 (sz=24, trace=300000, class=java.util.Hashtable$Entry@5000014c)
	key		50000b46
	value		50000b45
	next		50000b44
OBJ 50000a52 (sz=24, trace=300000, class=java.util.Hashtable$Entry@5000014c)
	key		50000b41
	value		50000b40
OBJ 50000a53 (sz=24, trace=300000, class=java.util.Hashtable$Entry@5000014c)
	key		50000b3d
	value		50000b3c
OBJ 50000a54 (sz=24, trace=300000, class=java.util.Hashtable$Entry@5000014c)
	key		50000b39
	value		50000b38
OBJ 50000a55 (sz=24, trace=300000, class=java.util.Hashtable$Entry@5000014c)
	key		50000b35
	value		50000b34
OBJ 50000a56 (sz=24, trace=300000, class=java.util.Hashtable$Entry@5000014c)
	key		50000b31
	value		50000b30
OBJ 50000a57 (sz=24, trace=300000, class=java.util.Hashtable$Entry@5000014c)
	key		50000b2d
	value		50000b2c
OBJ 50000a58 (sz=24, trace=300000, class=java.util.Hashtable$Entry@5000014c)
	key		50000b25
	value		50000b24
	next		50000b23
OBJ 50000a59 (sz=24, trace=300000, class=java.util.Hashtable$Entry@5000014c)
	key		50000b20
	value		50000b1f
OBJ 50000a5a (sz=24, trace=300000, class=java.util.Hashtable$Entry@5000014c)
	key		50000b18
	value		50000b17
	next		50000b16
OBJ 50000a5b (sz=24, trace=300000, class=java.util.Hashtable$Entry@5000014c)
	key		50000b0c
	value		50000b0b
	next		50000b0a
OBJ 50000a5c (sz=24, trace=300000, class=java.util.Hashtable$Entry@5000014c)
	key		50000b07
	value		50000b06
OBJ 50000a5d (sz=24, trace=300000, class=java.util.Hashtable$Entry@5000014c)
	key		50000aff
	value		50000afe
	next		50000afd
OBJ 50000a5e (sz=24, trace=300000, class=java.util.Hashtable$Entry@5000014c)
	key		50000af6
	value		50000af5
	next		50000af4
OBJ 50000a5f (sz=24, trace=300000, class=java.util.Hashtable$Entry@5000014c)
	key		50000af1
	value		50000af0
OBJ 50000a60 (sz=24, trace=300000, class=java.util.Hashtable$Entry@5000014c)
	key		50000aed
	value		50000aec
OBJ 50000a61 (sz=24, trace=300000, class=java.util.Hashtable$Entry@5000014c)
	key		50000ae9
	value		50000ae8
OBJ 50000a62 (sz=24, trace=300000, class=java.util.Hashtable$Entry@5000014c)
	key		50000ae5
	value		50000ae4
OBJ 50000a63 (sz=24, trace=300000, class=java.util.Hashtable$Entry@5000014c)
	key		50000ae1
	value		50000ae0
OBJ 50000a64 (sz=24, trace=300000, class=java.util.Hashtable$Entry@5000014c)
	key		50000ad9
	value		50000ad8
	next		50000ad7
OBJ 50000a65 (sz=24, trace=300000, class=java.util.Hashtable$Entry@5000014c)
	key		50000ad4
	value		50000ad3
OBJ 50000a66 (sz=24, trace=300000, class=java.util.Hashtable$Entry@5000014c)
	key		50000ad0
	value		50000acf
OBJ 50000a67 (sz=24, trace=300000, class=java.util.Hashtable$Entry@5000014c)
	key		50000acc
	value		50000acb
OBJ 50000a68 (sz=24, trace=300000, class=java.util.Hashtable$Entry@5000014c)
	key		50000ac8
	value		50000ac7
OBJ 50000a69 (sz=24, trace=300000, class=java.util.Hashtable$Entry@5000014c)
	key		50000ac4
	value		50000ac3
OBJ 50000a6a (sz=24, trace=300000, class=java.util.Hashtable$Entry@5000014c)
	key		50000abd
	value		50000abc
	next		50000abb
OBJ 50000a6b (sz=24, trace=300000, class=java.util.Hashtable$Entry@5000014c)
	key		50000ab4
	value		50000ab3
	next		50000ab2
OBJ 50000a6c (sz=24, trace=300000, class=java.util.Hashtable$Entry@5000014c)
	key		50000aaf
	value		50000aae
OBJ 50000a6d (sz=24, trace=300000, class=java.util.Hashtable$Entry@5000014c)
	key		50000aa7
	value		50000aa6
	next		50000aa5
OBJ 50000a6e (sz=24, trace=300000, class=java.util.Hashtable$Entry@5000014c)
	key		50000a94
	value		50000a93
	next		50000a92
OBJ 50000a6f (sz=24, trace=300000, class=java.util.Hashtable$Entry@5000014c)
	key		50000a8b
	value		50000a8a
	next		50000a89
OBJ 50000a70 (sz=24, trace=300000, class=java.util.Hashtable$Entry@5000014c)
	key		50000a86
	value		50000a85
OBJ 50000a71 (sz=24, trace=300000, class=java.util.Hashtable$Entry@5000014c)
	key		50000a7e
	value		50000a7d
	next		50000a7c
OBJ 50000a72 (sz=24, trace=300000, class=java.util.Hashtable$Entry@5000014c)
	key		50000a75
	value		50000a74
	next		50000a73
OBJ 50000a73 (sz=24, trace=300000, class=java.util.Hashtable$Entry@5000014c)
	key		50000a79
	value		50000a78
OBJ 50000a74 (sz=24, trace=300000, class=java.lang.String@500000b2)
	value		50000a77
OBJ 50000a75 (sz=24, trace=300000, class=java.lang.String@500000b2)
	value		50000a76
ARR 50000a76 (sz=42, trace=300000, nelems=21, elem type=char[])
ARR 50000a77 (sz=72, trace=300000, nelems=36, elem type=char[])
OBJ 50000a78 (sz=24, trace=300000, class=java.lang.String@500000b2)
	value		50000a7b
OBJ 50000a79 (sz=24, trace=300000, class=java.lang.String@500000b2)
	value		50000a7a
ARR 50000a7a (sz=30, trace=300000, nelems=15, elem type=char[])
ARR 50000a7b (sz=16, trace=300000, nelems=8, elem type=char[])
OBJ 50000a7c (sz=24, trace=300000, class=java.util.Hashtable$Entry@5000014c)
	key		50000a82
	value		50000a81
OBJ 50000a7d (sz=24, trace=300000, class=java.lang.String@500000b2)
	value		50000a80
OBJ 50000a7e (sz=24, trace=300000, class=java.lang.String@500000b2)
	value		50000a7f
ARR 50000a7f (sz=28, trace=300000, nelems=14, elem type=char[])
ARR 50000a80 (sz=36, trace=300000, nelems=18, elem type=char[])
OBJ 50000a81 (sz=24, trace=300000, class=java.lang.String@500000b2)
	value		50000a84
OBJ 50000a82 (sz=24, trace=300000, class=java.lang.String@500000b2)
	value		50000a83
ARR 50000a83 (sz=30, trace=300000, nelems=15, elem type=char[])
ARR 50000a84 (sz=46, trace=300000, nelems=23, elem type=char[])
OBJ 50000a85 (sz=24, trace=300000, class=java.lang.String@500000b2)
	value		50000a88
OBJ 50000a86 (sz=24, trace=300000, class=java.lang.String@500000b2)
	value		50000a87
ARR 50000a87 (sz=28, trace=300000, nelems=14, elem type=char[])
ARR 50000a88 (sz=2, trace=300000, nelems=1, elem type=char[])
OBJ 50000a89 (sz=24, trace=300000, class=java.util.Hashtable$Entry@5000014c)
	key		50000a8f
	value		50000a8e
OBJ 50000a8a (sz=24, trace=300000, class=java.lang.String@500000b2)
	value		50000a8d
OBJ 50000a8b (sz=24, trace=300000, class=java.lang.String@500000b2)
	value		50000a8c
ARR 50000a8c (sz=24, trace=300000, nelems=12, elem type=char[])
ARR 50000a8d (sz=52, trace=300000, nelems=26, elem type=char[])
OBJ 50000a8e (sz=24, trace=300000, class=java.lang.String@500000b2)
	value		50000a91
OBJ 50000a8f (sz=24, trace=300000, class=java.lang.String@500000b2)
	value		50000a90
ARR 50000a90 (sz=34, trace=300000, nelems=17, elem type=char[])
ARR 50000a91 (sz=12, trace=300000, nelems=6, elem type=char[])
OBJ 50000a92 (sz=24, trace=300000, class=java.util.Hashtable$Entry@5000014c)
	key		50000a99
	value		50000a98
	next		50000a97
OBJ 50000a93 (sz=24, trace=300000, class=java.lang.String@500000b2)
	value		50000a96
OBJ 50000a94 (sz=24, trace=300000, class=java.lang.String@500000b2)
	value		50000a95
ARR 50000a95 (sz=22, trace=300000, nelems=11, elem type=char[])
ARR 50000a96 (sz=0, trace=300000, nelems=0, elem type=char[])
OBJ 50000a97 (sz=24, trace=300000, class=java.util.Hashtable$Entry@5000014c)
	key		50000a9e
	value		50000a9d
	next		50000a9c
OBJ 50000a98 (sz=24, trace=300000, class=java.lang.String@500000b2)
	value		50000a9b
OBJ 50000a99 (sz=24, trace=300000, class=java.lang.String@500000b2)
	value		50000a9a
ARR 50000a9a (sz=24, trace=300000, nelems=12, elem type=char[])
ARR 50000a9b (sz=4, trace=300000, nelems=2, elem type=char[])
OBJ 50000a9c (sz=24, trace=300000, class=java.util.Hashtable$Entry@5000014c)
	key		50000aa2
	value		50000aa1
OBJ 50000a9d (sz=24, trace=300000, class=java.lang.String@500000b2)
	value		50000aa0
OBJ 50000a9e (sz=24, trace=300000, class=java.lang.String@500000b2)
	value		50000a9f
ARR 50000a9f (sz=34, trace=300000, nelems=17, elem type=char[])
ARR 50000aa0 (sz=24, trace=300000, nelems=12, elem type=char[])
OBJ 50000aa1 (sz=24, trace=300000, class=java.lang.String@500000b2)
	value		50000aa4
OBJ 50000aa2 (sz=24, trace=300000, class=java.lang.String@500000b2)
	value		50000aa3
ARR 50000aa3 (sz=36, trace=300000, nelems=18, elem type=char[])
ARR 50000aa4 (sz=0, trace=300000, nelems=0, elem type=char[])
OBJ 50000aa5 (sz=24, trace=300000, class=java.util.Hashtable$Entry@5000014c)
	key		50000aab
	value		50000aaa
OBJ 50000aa6 (sz=24, trace=300000, class=java.lang.String@500000b2)
	value		50000aa9
OBJ 50000aa7 (sz=24, trace=300000, class=java.lang.String@500000b2)
	value		50000aa8
ARR 50000aa8 (sz=52, trace=300000, nelems=26, elem type=char[])
ARR 50000aa9 (sz=68, trace=300000, nelems=34, elem type=char[])
OBJ 50000aaa (sz=24, trace=300000, class=java.lang.String@500000b2)
	value		50000aad
OBJ 50000aab (sz=24, trace=300000, class=java.lang.String@500000b2)
	value		50000aac
ARR 50000aac (sz=16, trace=300000, nelems=8, elem type=char[])
ARR 50000aad (sz=72, trace=300000, nelems=36, elem type=char[])
OBJ 50000aae (sz=24, trace=300000, class=java.lang.String@500000b2)
	value		50000ab1
OBJ 50000aaf (sz=24, trace=300000, class=java.lang.String@500000b2)
	value		50000ab0
ARR 50000ab0 (sz=40, trace=300000, nelems=20, elem type=char[])
ARR 50000ab1 (sz=64, trace=300000, nelems=32, elem type=char[])
OBJ 50000ab2 (sz=24, trace=300000, class=java.util.Hashtable$Entry@5000014c)
	key		50000ab8
	value		50000ab7
OBJ 50000ab3 (sz=24, trace=300000, class=java.lang.String@500000b2)
	value		50000ab6
OBJ 50000ab4 (sz=24, trace=300000, class=java.lang.String@500000b2)
	value		50000ab5
ARR 50000ab5 (sz=36, trace=300000, nelems=18, elem type=char[])
ARR 50000ab6 (sz=90, trace=300000, nelems=45, elem type=char[])
OBJ 50000ab7 (sz=24, trace=300000, class=java.lang.String@500000b2)
	value		50000aba
OBJ 50000ab8 (sz=24, trace=300000, class=java.lang.String@500000b2)
	value		50000ab9
ARR 50000ab9 (sz=14, trace=300000, nelems=7, elem type=char[])
ARR 50000aba (sz=6, trace=300000, nelems=3, elem type=char[])
OBJ 50000abb (sz=24, trace=300000, class=java.util.Hashtable$Entry@5000014c)
	key		50000ac0
	value		50000969
OBJ 50000abc (sz=24, trace=300000, class=java.lang.String@500000b2)
	value		50000abf
OBJ 50000abd (sz=24, trace=300000, class=java.lang.String@500000b2)
	value		50000abe
ARR 50000abe (sz=28, trace=300000, nelems=14, elem type=char[])
ARR 50000abf (sz=70, trace=300000, nelems=35, elem type=char[])
OBJ 50000ac0 (sz=24, trace=300000, class=java.lang.String@500000b2)
	value		50000ac1
ARR 50000ac1 (sz=28, trace=300000, nelems=14, elem type=char[])
ARR 50000ac2 (sz=4, trace=300000, nelems=2, elem type=char[])
OBJ 50000ac3 (sz=24, trace=300000, class=java.lang.String@500000b2)
	value		50000ac6
OBJ 50000ac4 (sz=24, trace=300000, class=java.lang.String@500000b2)
	value		50000ac5
ARR 50000ac5 (sz=56, trace=300000, nelems=28, elem type=char[])
ARR 50000ac6 (sz=36, trace=300000, nelems=18, elem type=char[])
OBJ 50000ac7 (sz=24, trace=300000, class=java.lang.String@500000b2)
	value		50000aca
OBJ 50000ac8 (sz=24, trace=300000, class=java.lang.String@500000b2)
	value		50000ac9
ARR 50000ac9 (sz=24, trace=300000, nelems=12, elem type=char[])
ARR 50000aca (sz=0, trace=300000, nelems=0, elem type=char[])
OBJ 50000acb (sz=24, trace=300000, class=java.lang.String@500000b2)
	value		50000ace
OBJ 50000acc (sz=24, trace=300000, class=java.lang.String@500000b2)
	value		50000acd
ARR 50000acd (sz=14, trace=300000, nelems=7, elem type=char[])
ARR 50000ace (sz=18, trace=300000, nelems=9, elem type=char[])
OBJ 50000acf (sz=24, trace=300000, class=java.lang.String@500000b2)
	value		50000ad2
OBJ 50000ad0 (sz=24, trace=300000, class=java.lang.String@500000b2)
	value		50000ad1
ARR 50000ad1 (sz=32, trace=300000, nelems=16, elem type=char[])
ARR 50000ad2 (sz=12, trace=300000, nelems=6, elem type=char[])
OBJ 50000ad3 (sz=24, trace=300000, class=java.lang.String@500000b2)
	value		50000ad6
OBJ 50000ad4 (sz=24, trace=300000, class=java.lang.String@500000b2)
	value		50000ad5
ARR 50000ad5 (sz=34, trace=300000, nelems=17, elem type=char[])
ARR 50000ad6 (sz=844, trace=300000, nelems=422, elem type=char[])
OBJ 50000ad7 (sz=24, trace=300000, class=java.util.Hashtable$Entry@5000014c)
	key		50000add
	value		50000adc
OBJ 50000ad8 (sz=24, trace=300000, class=java.lang.String@500000b2)
	value		50000adb
OBJ 50000ad9 (sz=24, trace=300000, class=java.lang.String@500000b2)
	value		50000ada
ARR 50000ada (sz=46, trace=300000, nelems=23, elem type=char[])
ARR 50000adb (sz=62, trace=300000, nelems=31, elem type=char[])
OBJ 50000adc (sz=24, trace=300000, class=java.lang.String@500000b2)
	value		50000adf
OBJ 50000add (sz=24, trace=300000, class=java.lang.String@500000b2)
	value		50000ade
ARR 50000ade (sz=36, trace=300000, nelems=18, elem type=char[])
ARR 50000adf (sz=8, trace=300000, nelems=4, elem type=char[])
OBJ 50000ae0 (sz=24, trace=300000, class=java.lang.String@500000b2)
	value		50000ae3
OBJ 50000ae1 (sz=24, trace=300000, class=java.lang.String@500000b2)
	value		50000ae2
ARR 50000ae2 (sz=46, trace=300000, nelems=23, elem type=char[])
ARR 50000ae3 (sz=46, trace=300000, nelems=23, elem type=char[])
OBJ 50000ae4 (sz=24, trace=300000, class=java.lang.String@500000b2)
	value		50000ae7
OBJ 50000ae5 (sz=24, trace=300000, class=java.lang.String@500000b2)
	value		50000ae6
ARR 50000ae6 (sz=20, trace=300000, nelems=10, elem type=char[])
ARR 50000ae7 (sz=6, trace=300000, nelems=3, elem type=char[])
OBJ 50000ae8 (sz=24, trace=300000, class=java.lang.String@500000b2)
	value		50000aeb
OBJ 50000ae9 (sz=24, trace=300000, class=java.lang.String@500000b2)
	value		50000aea
ARR 50000aea (sz=18, trace=300000, nelems=9, elem type=char[])
ARR 50000aeb (sz=30, trace=300000, nelems=15, elem type=char[])
OBJ 50000aec (sz=24, trace=300000, class=java.lang.String@500000b2)
	value		50000aef
OBJ 50000aed (sz=24, trace=300000, class=java.lang.String@500000b2)
	value		50000aee
ARR 50000aee (sz=26, trace=300000, nelems=13, elem type=char[])
ARR 50000aef (sz=0, trace=300000, nelems=0, elem type=char[])
OBJ 50000af0 (sz=24, trace=300000, class=java.lang.String@500000b2)
	value		50000af3
OBJ 50000af1 (sz=24, trace=300000, class=java.lang.String@500000b2)
	value		50000af2
ARR 50000af2 (sz=38, trace=300000, nelems=19, elem type=char[])
ARR 50000af3 (sz=54, trace=300000, nelems=27, elem type=char[])
OBJ 50000af4 (sz=24, trace=300000, class=java.util.Hashtable$Entry@5000014c)
	key		50000afa
	value		50000af9
OBJ 50000af5 (sz=24, trace=300000, class=java.lang.String@500000b2)
	value		50000af8
OBJ 50000af6 (sz=24, trace=300000, class=java.lang.String@500000b2)
	value		50000af7
ARR 50000af7 (sz=26, trace=300000, nelems=13, elem type=char[])
ARR 50000af8 (sz=12, trace=300000, nelems=6, elem type=char[])
OBJ 50000af9 (sz=24, trace=300000, class=java.lang.String@500000b2)
	value		50000afc
OBJ 50000afa (sz=24, trace=300000, class=java.lang.String@500000b2)
	value		50000afb
ARR 50000afb (sz=52, trace=300000, nelems=26, elem type=char[])
ARR 50000afc (sz=6, trace=300000, nelems=3, elem type=char[])
OBJ 50000afd (sz=24, trace=300000, class=java.util.Hashtable$Entry@5000014c)
	key		50000b03
	value		50000b02
OBJ 50000afe (sz=24, trace=300000, class=java.lang.String@500000b2)
	value		50000b01
OBJ 50000aff (sz=24, trace=300000, class=java.lang.String@500000b2)
	value		50000b00
ARR 50000b00 (sz=18, trace=300000, nelems=9, elem type=char[])
ARR 50000b01 (sz=12, trace=300000, nelems=6, elem type=char[])
OBJ 50000b02 (sz=24, trace=300000, class=java.lang.String@500000b2)
	value		50000b05
OBJ 50000b03 (sz=24, trace=300000, class=java.lang.String@500000b2)
	value		50000b04
ARR 50000b04 (sz=30, trace=300000, nelems=15, elem type=char[])
ARR 50000b05 (sz=106, trace=300000, nelems=53, elem type=char[])
OBJ 50000b06 (sz=24, trace=300000, class=java.lang.String@500000b2)
	value		50000b09
OBJ 50000b07 (sz=24, trace=300000, class=java.lang.String@500000b2)
	value		50000b08
ARR 50000b08 (sz=58, trace=300000, nelems=29, elem type=char[])
ARR 50000b09 (sz=6, trace=300000, nelems=3, elem type=char[])
OBJ 50000b0a (sz=24, trace=300000, class=java.util.Hashtable$Entry@5000014c)
	key		50000b10
	value		50000a41
	next		50000b0f
OBJ 50000b0b (sz=24, trace=300000, class=java.lang.String@500000b2)
	value		50000b0e
OBJ 50000b0c (sz=24, trace=300000, class=java.lang.String@500000b2)
	value		50000b0d
ARR 50000b0d (sz=38, trace=300000, nelems=19, elem type=char[])
ARR 50000b0e (sz=4, trace=300000, nelems=2, elem type=char[])
OBJ 50000b0f (sz=24, trace=300000, class=java.util.Hashtable$Entry@5000014c)
	key		50000b13
	value		50000b12
OBJ 50000b10 (sz=24, trace=300000, class=java.lang.String@500000b2)
	value		50000b11
ARR 50000b11 (sz=18, trace=300000, nelems=9, elem type=char[])
OBJ 50000b12 (sz=24, trace=300000, class=java.lang.String@500000b2)
	value		50000b15
OBJ 50000b13 (sz=24, trace=300000, class=java.lang.String@500000b2)
	value		50000b14
ARR 50000b14 (sz=32, trace=300000, nelems=16, elem type=char[])
ARR 50000b15 (sz=8, trace=300000, nelems=4, elem type=char[])
OBJ 50000b16 (sz=24, trace=300000, class=java.util.Hashtable$Entry@5000014c)
	key		50000b1c
	value		50000b1b
OBJ 50000b17 (sz=24, trace=300000, class=java.lang.String@500000b2)
	value		50000b1a
OBJ 50000b18 (sz=24, trace=300000, class=java.lang.String@500000b2)
	value		50000b19
ARR 50000b19 (sz=50, trace=300000, nelems=25, elem type=char[])
ARR 50000b1a (sz=36, trace=300000, nelems=18, elem type=char[])
OBJ 50000b1b (sz=24, trace=300000, class=java.lang.String@500000b2)
	value		50000b1e
OBJ 50000b1c (sz=24, trace=300000, class=java.lang.String@500000b2)
	value		50000b1d
ARR 50000b1d (sz=26, trace=300000, nelems=13, elem type=char[])
ARR 50000b1e (sz=4, trace=300000, nelems=2, elem type=char[])
OBJ 50000b1f (sz=24, trace=300000, class=java.lang.String@500000b2)
	value		50000b22
OBJ 50000b20 (sz=24, trace=300000, class=java.lang.String@500000b2)
	value		50000b21
ARR 50000b21 (sz=22, trace=300000, nelems=11, elem type=char[])
ARR 50000b22 (sz=48, trace=300000, nelems=24, elem type=char[])
OBJ 50000b23 (sz=24, trace=300000, class=java.util.Hashtable$Entry@5000014c)
	key		50000b29
	value		50000b28
OBJ 50000b24 (sz=24, trace=300000, class=java.lang.String@500000b2)
	value		50000b27
OBJ 50000b25 (sz=24, trace=300000, class=java.lang.String@500000b2)
	value		50000b26
ARR 50000b26 (sz=24, trace=300000, nelems=12, elem type=char[])
ARR 50000b27 (sz=38, trace=300000, nelems=19, elem type=char[])
OBJ 50000b28 (sz=24, trace=300000, class=java.lang.String@500000b2)
	value		50000b2b
OBJ 50000b29 (sz=24, trace=300000, class=java.lang.String@500000b2)
	value		50000b2a
ARR 50000b2a (sz=54, trace=300000, nelems=27, elem type=char[])
ARR 50000b2b (sz=4, trace=300000, nelems=2, elem type=char[])
OBJ 50000b2c (sz=24, trace=300000, class=java.lang.String@500000b2)
	value		50000b2f
OBJ 50000b2d (sz=24, trace=300000, class=java.lang.String@500000b2)
	value		50000b2e
ARR 50000b2e (sz=24, trace=300000, nelems=12, elem type=char[])
ARR 50000b2f (sz=16, trace=300000, nelems=8, elem type=char[])
OBJ 50000b30 (sz=24, trace=300000, class=java.lang.String@500000b2)
	value		50000b33
OBJ 50000b31 (sz=24, trace=300000, class=java.lang.String@500000b2)
	value		50000b32
ARR 50000b32 (sz=26, trace=300000, nelems=13, elem type=char[])
ARR 50000b33 (sz=136, trace=300000, nelems=68, elem type=char[])
OBJ 50000b34 (sz=24, trace=300000, class=java.lang.String@500000b2)
	value		50000b37
OBJ 50000b35 (sz=24, trace=300000, class=java.lang.String@500000b2)
	value		50000b36
ARR 50000b36 (sz=38, trace=300000, nelems=19, elem type=char[])
ARR 50000b37 (sz=772, trace=300000, nelems=386, elem type=char[])
OBJ 50000b38 (sz=24, trace=300000, class=java.lang.String@500000b2)
	value		50000b3b
OBJ 50000b39 (sz=24, trace=300000, class=java.lang.String@500000b2)
	value		50000b3a
ARR 50000b3a (sz=22, trace=300000, nelems=11, elem type=char[])
ARR 50000b3b (sz=36, trace=300000, nelems=18, elem type=char[])
OBJ 50000b3c (sz=24, trace=300000, class=java.lang.String@500000b2)
	value		50000b3f
OBJ 50000b3d (sz=24, trace=300000, class=java.lang.String@500000b2)
	value		50000b3e
ARR 50000b3e (sz=28, trace=300000, nelems=14, elem type=char[])
ARR 50000b3f (sz=2, trace=300000, nelems=1, elem type=char[])
OBJ 50000b40 (sz=24, trace=300000, class=java.lang.String@500000b2)
	value		50000b43
OBJ 50000b41 (sz=24, trace=300000, class=java.lang.String@500000b2)
	value		50000b42
ARR 50000b42 (sz=38, trace=300000, nelems=19, elem type=char[])
ARR 50000b43 (sz=82, trace=300000, nelems=41, elem type=char[])
OBJ 50000b44 (sz=24, trace=300000, class=java.util.Hashtable$Entry@5000014c)
	key		50000b4a
	value		50000b49
OBJ 50000b45 (sz=24, trace=300000, class=java.lang.String@500000b2)
	value		50000b48
OBJ 50000b46 (sz=24, trace=300000, class=java.lang.String@500000b2)
	value		50000b47
ARR 50000b47 (sz=28, trace=300000, nelems=14, elem type=char[])
ARR 50000b48 (sz=12, trace=300000, nelems=6, elem type=char[])
OBJ 50000b49 (sz=24, trace=300000, class=java.lang.String@500000b2)
	value		50000b4c
OBJ 50000b4a (sz=24, trace=300000, class=java.lang.String@500000b2)
	value		50000b4b
ARR 50000b4b (sz=46, trace=300000, nelems=23, elem type=char[])
ARR 50000b4c (sz=26, trace=300000, nelems=13, elem type=char[])
OBJ 50000b4d (sz=24, trace=300000, class=java.lang.String@500000b2)
	value		50000b50
OBJ 50000b4e (sz=24, trace=300000, class=java.lang.String@500000b2)
	value		50000b4f
ARR 50000b4f (sz=22, trace=300000, nelems=11, elem type=char[])
ARR 50000b50 (sz=14, trace=300000, nelems=7, elem type=char[])
OBJ 50000b51 (sz=24, trace=300000, class=java.lang.String@500000b2)
	value		50000b54
OBJ 50000b52 (sz=24, trace=300000, class=java.lang.String@500000b2)
	value		50000b53
ARR 50000b53 (sz=30, trace=300000, nelems=15, elem type=char[])
ARR 50000b54 (sz=122, trace=300000, nelems=61, elem type=char[])
ARR 50000b55 (sz=32, trace=300000, nelems=16, elem type=char[])
OBJ 50000b56 (sz=16, trace=300000, class=java.util.Collections$EmptyMap@50000034)
OBJ 50000b57 (sz=16, trace=300000, class=java.util.Collections$EmptyList@5000002b)
OBJ 50000b58 (sz=8, trace=300000, class=java.util.Collections$EmptySet@500000c4)
OBJ 50000b59 (sz=24, trace=300000, class=java.lang.String@500000b2)
	value		50000b5c
OBJ 50000b5a (sz=16, trace=300000, class=java.lang.Boolean@500000e5)
OBJ 50000b5b (sz=16, trace=300000, class=java.lang.Boolean@500000e5)
ARR 50000b5c (sz=14, trace=300000, nelems=7, elem type=char[])
OBJ 50000b5d (sz=24, trace=300000, class=java.lang.String@500000b2)
	value		50000b5e
ARR 50000b5e (sz=70, trace=300000, nelems=35, elem type=char[])
OBJ 50000b5f (sz=24, trace=300000, class=java.lang.String@500000b2)
	value		50000e00
OBJ 50000b60 (sz=24, trace=300000, class=java.lang.String@500000b2)
	value		50000dff
OBJ 50000b61 (sz=24, trace=300000, class=java.io.WinNTFileSystem@5000004b)
	cache		50000b63
	prefixCache	50000b62
OBJ 50000b62 (sz=32, trace=300000, class=java.io.ExpiringCache@50000093)
	map		50000bba
OBJ 50000b63 (sz=32, trace=300000, class=java.io.ExpiringCache@50000093)
	map		50000b64
OBJ 50000b64 (sz=56, trace=300000, class=java.io.ExpiringCache$1@500000db)
	table		500002dd
	header		50000b65
	this$0		50000b63
OBJ 50000b65 (sz=32, trace=300000, class=java.util.LinkedHashMap$Entry@50000064)
	before		500006f3
	after		50000b9e
OBJ 50000b66 (sz=32, trace=300000, class=java.util.LinkedHashMap$Entry@50000064)
	key		50000b8b
	value		50000b8a
	before		50000b6b
	after		50000b6c
OBJ 50000b67 (sz=32, trace=300000, class=java.util.LinkedHashMap$Entry@50000064)
	key		50000b9a
	value		50000b99
	before		50000b69
	after		50000b6a
OBJ 50000b68 (sz=32, trace=300000, class=java.util.LinkedHashMap$Entry@50000064)
	key		50000b81
	value		50000b80
	before		50000b6c
	after		50000b75
OBJ 50000b69 (sz=32, trace=300000, class=java.util.LinkedHashMap$Entry@50000064)
	key		50000ba0
	value		50000b9f
	before		50000b9e
	after		50000b67
OBJ 50000b6a (sz=32, trace=300000, class=java.util.LinkedHashMap$Entry@50000064)
	key		50000b95
	value		50000b94
	before		50000b67
	after		50000b6b
OBJ 50000b6b (sz=32, trace=300000, class=java.util.LinkedHashMap$Entry@50000064)
	key		50000b90
	value		50000b8f
	before		50000b6a
	after		50000b66
OBJ 50000b6c (sz=32, trace=300000, class=java.util.LinkedHashMap$Entry@50000064)
	key		50000b86
	value		50000b85
	before		50000b66
	after		50000b68
OBJ 50000b6d (sz=32, trace=300000, class=java.util.LinkedHashMap$Entry@50000064)
	key		50000b77
	value		50000b76
	before		50000b75
	after		50000b6e
OBJ 50000b6e (sz=32, trace=300000, class=java.util.LinkedHashMap$Entry@50000064)
	key		50000b72
	value		50000b71
	before		50000b6d
	after		500002dc
OBJ 50000b6f (sz=24, trace=300000, class=java.lang.String@500000b2)
	value		50000b70
ARR 50000b70 (sz=102, trace=300000, nelems=51, elem type=char[])
OBJ 50000b71 (sz=24, trace=300000, class=java.io.ExpiringCache$Entry@500000eb)
	val		50000b73
OBJ 50000b72 (sz=24, trace=300000, class=java.lang.String@500000b2)
	value		50000b05
OBJ 50000b73 (sz=24, trace=300000, class=java.lang.String@500000b2)
	value		50000b74
ARR 50000b74 (sz=102, trace=300000, nelems=51, elem type=char[])
OBJ 50000b75 (sz=32, trace=300000, class=java.util.LinkedHashMap$Entry@50000064)
	key		50000b7c
	value		50000b7b
	before		50000b68
	after		50000b6d
OBJ 50000b76 (sz=24, trace=300000, class=java.io.ExpiringCache$Entry@500000eb)
	val		50000b79
OBJ 50000b77 (sz=24, trace=300000, class=java.lang.String@500000b2)
	value		50000b78
ARR 50000b78 (sz=76, trace=300000, nelems=38, elem type=char[])
OBJ 50000b79 (sz=24, trace=300000, class=java.lang.String@500000b2)
	value		50000b7a
ARR 50000b7a (sz=72, trace=300000, nelems=36, elem type=char[])
OBJ 50000b7b (sz=24, trace=300000, class=java.io.ExpiringCache$Entry@500000eb)
	val		50000b7e
OBJ 50000b7c (sz=24, trace=300000, class=java.lang.String@500000b2)
	value		50000b7d
ARR 50000b7d (sz=100, trace=300000, nelems=50, elem type=char[])
OBJ 50000b7e (sz=24, trace=300000, class=java.lang.String@500000b2)
	value		50000b7f
ARR 50000b7f (sz=100, trace=300000, nelems=50, elem type=char[])
OBJ 50000b80 (sz=24, trace=300000, class=java.io.ExpiringCache$Entry@500000eb)
	val		50000b83
OBJ 50000b81 (sz=24, trace=300000, class=java.lang.String@500000b2)
	value		50000b82
ARR 50000b82 (sz=108, trace=300000, nelems=54, elem type=char[])
OBJ 50000b83 (sz=24, trace=300000, class=java.lang.String@500000b2)
	value		50000b84
ARR 50000b84 (sz=108, trace=300000, nelems=54, elem type=char[])
OBJ 50000b85 (sz=24, trace=300000, class=java.io.ExpiringCache$Entry@500000eb)
	val		50000b88
OBJ 50000b86 (sz=24, trace=300000, class=java.lang.String@500000b2)
	value		50000b87
ARR 50000b87 (sz=108, trace=300000, nelems=54, elem type=char[])
OBJ 50000b88 (sz=24, trace=300000, class=java.lang.String@500000b2)
	value		50000b89
ARR 50000b89 (sz=108, trace=300000, nelems=54, elem type=char[])
OBJ 50000b8a (sz=24, trace=300000, class=java.io.ExpiringCache$Entry@500000eb)
	val		50000b8d
OBJ 50000b8b (sz=24, trace=300000, class=java.lang.String@500000b2)
	value		50000b8c
ARR 50000b8c (sz=120, trace=300000, nelems=60, elem type=char[])
OBJ 50000b8d (sz=24, trace=300000, class=java.lang.String@500000b2)
	value		50000b8e
ARR 50000b8e (sz=120, trace=300000, nelems=60, elem type=char[])
OBJ 50000b8f (sz=24, trace=300000, class=java.io.ExpiringCache$Entry@500000eb)
	val		50000b92
OBJ 50000b90 (sz=24, trace=300000, class=java.lang.String@500000b2)
	value		50000b91
ARR 50000b91 (sz=100, trace=300000, nelems=50, elem type=char[])
OBJ 50000b92 (sz=24, trace=300000, class=java.lang.String@500000b2)
	value		50000b93
ARR 50000b93 (sz=100, trace=300000, nelems=50, elem type=char[])
OBJ 50000b94 (sz=24, trace=300000, class=java.io.ExpiringCache$Entry@500000eb)
	val		50000b97
OBJ 50000b95 (sz=24, trace=300000, class=java.lang.String@500000b2)
	value		50000b96
ARR 50000b96 (sz=110, trace=300000, nelems=55, elem type=char[])
OBJ 50000b97 (sz=24, trace=300000, class=java.lang.String@500000b2)
	value		50000b98
ARR 50000b98 (sz=110, trace=300000, nelems=55, elem type=char[])
OBJ 50000b99 (sz=24, trace=300000, class=java.io.ExpiringCache$Entry@500000eb)
	val		50000b9c
OBJ 50000b9a (sz=24, trace=300000, class=java.lang.String@500000b2)
	value		50000b9b
ARR 50000b9b (sz=100, trace=300000, nelems=50, elem type=char[])
OBJ 50000b9c (sz=24, trace=300000, class=java.lang.String@500000b2)
	value		50000b9d
ARR 50000b9d (sz=100, trace=300000, nelems=50, elem type=char[])
OBJ 50000b9e (sz=32, trace=300000, class=java.util.LinkedHashMap$Entry@50000064)
	key		50000ba4
	value		50000ba3
	before		50000b65
	after		50000b69
OBJ 50000b9f (sz=24, trace=300000, class=java.io.ExpiringCache$Entry@500000eb)
	val		50000ba1
OBJ 50000ba0 (sz=24, trace=300000, class=java.lang.String@500000b2)
	value		50000b33
OBJ 50000ba1 (sz=24, trace=300000, class=java.lang.String@500000b2)
	value		50000ba2
ARR 50000ba2 (sz=80, trace=300000, nelems=40, elem type=char[])
OBJ 50000ba3 (sz=24, trace=300000, class=java.io.ExpiringCache$Entry@500000eb)
	val		50000ba6
OBJ 50000ba4 (sz=24, trace=300000, class=java.lang.String@500000b2)
	value		50000ba5
ARR 50000ba5 (sz=88, trace=300000, nelems=44, elem type=char[])
OBJ 50000ba6 (sz=24, trace=300000, class=java.lang.String@500000b2)
	value		50000ba7
ARR 50000ba7 (sz=88, trace=300000, nelems=44, elem type=char[])
OBJ 50000ba8 (sz=24, trace=300000, class=java.lang.String@500000b2)
	value		50000ba9
ARR 50000ba9 (sz=80, trace=300000, nelems=40, elem type=char[])
OBJ 50000baa (sz=24, trace=300000, class=java.lang.String@500000b2)
	value		50000bab
ARR 50000bab (sz=114, trace=300000, nelems=57, elem type=char[])
OBJ 50000bac (sz=24, trace=300000, class=java.lang.String@500000b2)
	value		50000bad
ARR 50000bad (sz=98, trace=300000, nelems=49, elem type=char[])
OBJ 50000bae (sz=24, trace=300000, class=java.lang.String@500000b2)
	value		50000baf
ARR 50000baf (sz=88, trace=300000, nelems=44, elem type=char[])
OBJ 50000bb0 (sz=24, trace=300000, class=java.lang.String@500000b2)
	value		50000bb1
ARR 50000bb1 (sz=72, trace=300000, nelems=36, elem type=char[])
OBJ 50000bb2 (sz=24, trace=300000, class=java.lang.String@500000b2)
	value		50000bb3
ARR 50000bb3 (sz=72, trace=300000, nelems=36, elem type=char[])
OBJ 50000bb4 (sz=24, trace=300000, class=java.lang.String@500000b2)
	value		50000bb5
ARR 50000bb5 (sz=100, trace=300000, nelems=50, elem type=char[])
OBJ 50000bb6 (sz=24, trace=300000, class=java.lang.String@500000b2)
	value		50000bb7
ARR 50000bb7 (sz=86, trace=300000, nelems=43, elem type=char[])
OBJ 50000bb8 (sz=24, trace=300000, class=java.lang.String@500000b2)
	value		50000bb9
ARR 50000bb9 (sz=90, trace=300000, nelems=45, elem type=char[])
OBJ 50000bba (sz=56, trace=300000, class=java.io.ExpiringCache$1@500000db)
	table		50000bbc
	header		50000bbb
	this$0		50000b62
OBJ 50000bbb (sz=32, trace=300000, class=java.util.LinkedHashMap$Entry@50000064)
	before		50000647
	after		50000bbf
ARR 50000bbc (sz=80, trace=300000, nelems=13, elem type=java.util.HashMap$Entry[]@5000012c)
	[0]		50000bbd
	[2]		50000647
	[9]		50000bbe
	[12]		50000bbf
OBJ 50000bbd (sz=32, trace=300000, class=java.util.LinkedHashMap$Entry@50000064)
	key		50000bc7
	value		50000bc6
	before		50000bbf
	after		50000bbe
OBJ 50000bbe (sz=32, trace=300000, class=java.util.LinkedHashMap$Entry@50000064)
	key		50000bc4
	value		50000bc3
	before		50000bbd
	after		50000647
OBJ 50000bbf (sz=32, trace=300000, class=java.util.LinkedHashMap$Entry@50000064)
	key		50000bc1
	value		50000bc0
	before		50000bbb
	after		50000bbd
OBJ 50000bc0 (sz=24, trace=300000, class=java.io.ExpiringCache$Entry@500000eb)
	val		50000bc2
OBJ 50000bc1 (sz=24, trace=300000, class=java.lang.String@500000b2)
	value		50000ba5
OBJ 50000bc2 (sz=24, trace=300000, class=java.lang.String@500000b2)
	value		50000ba7
OBJ 50000bc3 (sz=24, trace=300000, class=java.io.ExpiringCache$Entry@500000eb)
	val		50000bc5
OBJ 50000bc4 (sz=24, trace=300000, class=java.lang.String@500000b2)
	value		50000b05
OBJ 50000bc5 (sz=24, trace=300000, class=java.lang.String@500000b2)
	value		50000b74
OBJ 50000bc6 (sz=24, trace=300000, class=java.io.ExpiringCache$Entry@500000eb)
	val		50000bc8
OBJ 50000bc7 (sz=24, trace=300000, class=java.lang.String@500000b2)
	value		50000b9b
OBJ 50000bc8 (sz=24, trace=300000, class=java.lang.String@500000b2)
	value		50000b9d
OBJ 50000bc9 (sz=24, trace=300000, class=java.lang.String@500000b2)
	value		50000dfe
OBJ 50000bca (sz=24, trace=300000, class=java.lang.String@500000b2)
	value		50000dfd
OBJ 50000bcb (sz=24, trace=300000, class=java.lang.String@500000b2)
	value		50000dfc
ARR 50000bcc (sz=120, trace=300000, nelems=0, elem type=java.lang.String[]@500000b3)
OBJ 50000bcd (sz=24, trace=300000, class=java.lang.String@500000b2)
	value		50000ca6
OBJ 50000bce (sz=24, trace=300000, class=java.lang.String@500000b2)
	value		50000c69
OBJ 50000bcf (sz=24, trace=300000, class=java.lang.String@500000b2)
	value		50000c5f
OBJ 50000bd0 (sz=24, trace=300000, class=java.lang.String@500000b2)
	value		50000c4f
OBJ 50000bd1 (sz=24, trace=300000, class=java.lang.String@500000b2)
	value		50000ca2
OBJ 50000bd2 (sz=24, trace=300000, class=java.lang.String@500000b2)
	value		50000c98
OBJ 50000bd3 (sz=24, trace=300000, class=java.lang.String@500000b2)
	value		50000c78
OBJ 50000bd4 (sz=24, trace=300000, class=java.lang.String@500000b2)
	value		50000c7c
OBJ 50000bd5 (sz=24, trace=300000, class=java.lang.String@500000b2)
	value		50000c1b
OBJ 50000bd6 (sz=24, trace=300000, class=java.lang.String@500000b2)
	value		50000dcf
OBJ 50000bd7 (sz=24, trace=300000, class=java.lang.String@500000b2)
	value		50000c68
OBJ 50000bd8 (sz=24, trace=300000, class=java.lang.String@500000b2)
	value		50000c19
OBJ 50000bd9 (sz=24, trace=300000, class=java.lang.String@500000b2)
	value		50000dba
OBJ 50000bda (sz=24, trace=300000, class=java.lang.String@500000b2)
	value		50000c5e
OBJ 50000bdb (sz=24, trace=300000, class=java.lang.String@500000b2)
	value		50000dcc
OBJ 50000bdc (sz=24, trace=300000, class=java.lang.String@500000b2)
	value		50000c56
OBJ 50000bdd (sz=24, trace=300000, class=java.lang.String@500000b2)
	value		50000c70
OBJ 50000bde (sz=24, trace=300000, class=java.lang.String@500000b2)
	value		50000c41
OBJ 50000bdf (sz=24, trace=300000, class=java.lang.String@500000b2)
	value		50000dd0
OBJ 50000be0 (sz=24, trace=300000, class=java.lang.String@500000b2)
	value		50000dca
OBJ 50000be1 (sz=24, trace=300000, class=java.lang.String@500000b2)
	value		50000dea
OBJ 50000be2 (sz=24, trace=300000, class=java.lang.String@500000b2)
	value		50000de9
OBJ 50000be3 (sz=24, trace=300000, class=java.lang.String@500000b2)
	value		50000de8
OBJ 50000be4 (sz=24, trace=300000, class=java.lang.String@500000b2)
	value		50000de7
OBJ 50000be5 (sz=24, trace=300000, class=java.lang.String@500000b2)
	value		50000de6
OBJ 50000be6 (sz=24, trace=300000, class=java.lang.String@500000b2)
	value		50000de5
OBJ 50000be7 (sz=24, trace=300000, class=java.lang.String@500000b2)
	value		50000dce
OBJ 50000be8 (sz=24, trace=300000, class=java.lang.String@500000b2)
	value		50000c48
OBJ 50000be9 (sz=24, trace=300000, class=java.lang.String@500000b2)
	value		50000c8c
ARR 50000bea (sz=40, trace=300000, nelems=6, elem type=java.io.ObjectStreamField[]@5000004e)
	[0]		50000db3
	[1]		50000db4
	[2]		50000db5
	[3]		50000db6
	[4]		50000db7
	[5]		50000db8
OBJ 50000beb (sz=24, trace=300000, class=java.util.Locale@5000009c)
	_baseLocale	50000c6a
	_extensions	50000c17
OBJ 50000bec (sz=24, trace=300000, class=java.util.Locale@5000009c)
	_baseLocale	50000c20
	_extensions	50000c17
OBJ 50000bed (sz=24, trace=300000, class=java.util.Locale@5000009c)
	_baseLocale	50000c8d
	_extensions	50000c17
OBJ 50000bee (sz=24, trace=300000, class=java.util.Locale@5000009c)
	_baseLocale	50000c90
	_extensions	50000c17
OBJ 50000bef (sz=24, trace=300000, class=java.util.Locale@5000009c)
	_baseLocale	50000c18
	_extensions	50000c17
OBJ 50000bf0 (sz=24, trace=300000, class=java.util.Locale@5000009c)
	_baseLocale	50000c50
	_extensions	50000c17
OBJ 50000bf1 (sz=24, trace=300000, class=java.util.Locale@5000009c)
	_baseLocale	50000c7d
	_extensions	50000c17
OBJ 50000bf2 (sz=24, trace=300000, class=java.util.Locale@5000009c)
	_baseLocale	50000ca7
	_extensions	50000c17
OBJ 50000bf3 (sz=24, trace=300000, class=java.util.Locale@5000009c)
	_baseLocale	50000c79
	_extensions	50000c17
OBJ 50000bf4 (sz=24, trace=300000, class=java.util.Locale@5000009c)
	_baseLocale	50000c99
	_extensions	50000c17
OBJ 50000bf5 (sz=24, trace=300000, class=java.util.Locale@5000009c)
	_baseLocale	50000ca3
	_extensions	50000c17
OBJ 50000bf6 (sz=24, trace=300000, class=java.util.Locale@5000009c)
	_baseLocale	50000c60
	_extensions	50000c17
OBJ 50000bf7 (sz=24, trace=300000, class=java.util.Locale@5000009c)
	_baseLocale	50000c49
	_extensions	50000c17
OBJ 50000bf8 (sz=24, trace=300000, class=java.util.Locale@5000009c)
	_baseLocale	50000c42
	_extensions	50000c17
OBJ 50000bf9 (sz=24, trace=300000, class=java.util.Locale@5000009c)
	_baseLocale	50000c71
	_extensions	50000c17
OBJ 50000bfa (sz=24, trace=300000, class=java.util.Locale@5000009c)
	_baseLocale	50000c57
	_extensions	50000c17
OBJ 50000bfb (sz=24, trace=300000, class=java.util.Locale@5000009c)
	_baseLocale	50000cad
	_extensions	50000c17
OBJ 50000bfc (sz=24, trace=300000, class=java.util.Locale@5000009c)
	_baseLocale	50000c86
	_extensions	50000c17
OBJ 50000bfd (sz=24, trace=300000, class=java.util.Locale@5000009c)
	_baseLocale	50000c89
	_extensions	50000c17
OBJ 50000bfe (sz=16, trace=300000, class=java.util.Locale$Cache@5000005b)
	_map		50000c00
	_queue		50000bff
OBJ 50000bff (sz=24, trace=300000, class=java.lang.ref.ReferenceQueue@50000113)
	lock		50000d5e
OBJ 50000c00 (sz=40, trace=300000, class=java.util.concurrent.ConcurrentHashMap@50000086)
	segments	50000c01
ARR 50000c01 (sz=80, trace=300000, nelems=16, elem type=java.util.concurrent.ConcurrentHashMap$Segment[]@500000d5)
	[0]		50000c02
	[1]		50000c03
	[2]		50000c04
	[3]		50000c05
	[4]		50000c06
	[5]		50000c07
	[6]		50000c08
	[7]		50000c09
	[8]		50000c0a
	[9]		50000c0b
	[10]		50000c0c
	[11]		50000c0d
	[12]		50000c0e
	[13]		50000c0f
	[14]		50000c10
	[15]		50000c11
OBJ 50000c02 (sz=32, trace=300000, class=java.util.concurrent.ConcurrentHashMap$Segment@500000d4)
	sync		50000dac
	table		50000dab
OBJ 50000c03 (sz=32, trace=300000, class=java.util.concurrent.ConcurrentHashMap$Segment@500000d4)
	sync		50000da7
	table		50000da6
OBJ 50000c04 (sz=32, trace=300000, class=java.util.concurrent.ConcurrentHashMap$Segment@500000d4)
	sync		50000da2
	table		50000da1
OBJ 50000c05 (sz=32, trace=300000, class=java.util.concurrent.ConcurrentHashMap$Segment@500000d4)
	sync		50000d9d
	table		50000d9c
OBJ 50000c06 (sz=32, trace=300000, class=java.util.concurrent.ConcurrentHashMap$Segment@500000d4)
	sync		50000d9b
	table		50000d9a
OBJ 50000c07 (sz=32, trace=300000, class=java.util.concurrent.ConcurrentHashMap$Segment@500000d4)
	sync		50000d96
	table		50000d95
OBJ 50000c08 (sz=32, trace=300000, class=java.util.concurrent.ConcurrentHashMap$Segment@500000d4)
	sync		50000d8e
	table		50000d8d
OBJ 50000c09 (sz=32, trace=300000, class=java.util.concurrent.ConcurrentHashMap$Segment@500000d4)
	sync		50000d8c
	table		50000d8b
OBJ 50000c0a (sz=32, trace=300000, class=java.util.concurrent.ConcurrentHashMap$Segment@500000d4)
	sync		50000d87
	table		50000d86
OBJ 50000c0b (sz=32, trace=300000, class=java.util.concurrent.ConcurrentHashMap$Segment@500000d4)
	sync		50000d82
	table		50000d81
OBJ 50000c0c (sz=32, trace=300000, class=java.util.concurrent.ConcurrentHashMap$Segment@500000d4)
	sync		50000d7a
	table		50000d79
OBJ 50000c0d (sz=32, trace=300000, class=java.util.concurrent.ConcurrentHashMap$Segment@500000d4)
	sync		50000d72
	table		50000d71
OBJ 50000c0e (sz=32, trace=300000, class=java.util.concurrent.ConcurrentHashMap$Segment@500000d4)
	sync		50000d6d
	table		50000d6c
OBJ 50000c0f (sz=32, trace=300000, class=java.util.concurrent.ConcurrentHashMap$Segment@500000d4)
	sync		50000d65
	table		50000d64
OBJ 50000c10 (sz=32, trace=300000, class=java.util.concurrent.ConcurrentHashMap$Segment@500000d4)
	sync		50000d60
	table		50000d5f
OBJ 50000c11 (sz=32, trace=300000, class=java.util.concurrent.ConcurrentHashMap$Segment@500000d4)
	sync		50000c13
	table		50000c12
ARR 50000c12 (sz=16, trace=300000, nelems=1, elem type=java.util.concurrent.ConcurrentHashMap$HashEntry[]@5000009f)
	[0]		50000c14
OBJ 50000c13 (sz=24, trace=300000, class=java.util.concurrent.locks.ReentrantLock$NonfairSync@50000112)
OBJ 50000c14 (sz=24, trace=300000, class=java.util.concurrent.ConcurrentHashMap$HashEntry@5000009e)
	key		50000c16
	value		50000c15
OBJ 50000c15 (sz=40, trace=300000, class=sun.util.locale.LocaleObjectCache$CacheEntry@500000b0)
	referent	50000bef
	queue		50000bff
	_key		50000c16
OBJ 50000c16 (sz=16, trace=300000, class=java.util.Locale$LocaleKey@500000c3)
	_base		50000c18
	_exts		50000c17
OBJ 50000c17 (sz=16, trace=300000, class=sun.util.locale.LocaleExtensions@50000092)
	_map		50000cb3
	_id		50000966
OBJ 50000c18 (sz=32, trace=300000, class=sun.util.locale.BaseLocale@50000114)
	_language	50000bd8
	_script		50000966
	_region		50000bd5
	_variant	50000966
ARR 50000c19 (sz=4, trace=300000, nelems=2, elem type=char[])
ARR 50000c1a (sz=0, trace=300000, nelems=0, elem type=char[])
ARR 50000c1b (sz=4, trace=300000, nelems=2, elem type=char[])
OBJ 50000c1c (sz=24, trace=300000, class=java.lang.String@500000b2)
	value		50000cb2
OBJ 50000c1d (sz=24, trace=300000, class=java.lang.String@500000b2)
	value		50000cb1
OBJ 50000c1e (sz=24, trace=300000, class=java.lang.String@500000b2)
	value		50000cb0
OBJ 50000c1f (sz=24, trace=300000, class=java.lang.String@500000b2)
	value		50000c22
OBJ 50000c20 (sz=32, trace=300000, class=sun.util.locale.BaseLocale@50000114)
	_language	50000966
	_script		50000966
	_region		50000966
	_variant	50000966
OBJ 50000c21 (sz=16, trace=300000, class=sun.util.locale.BaseLocale$Cache@500000ca)
	_map		50000c24
	_queue		50000c23
ARR 50000c22 (sz=2, trace=300000, nelems=1, elem type=char[])
OBJ 50000c23 (sz=24, trace=300000, class=java.lang.ref.ReferenceQueue@50000113)
	lock		50000c43
OBJ 50000c24 (sz=40, trace=300000, class=java.util.concurrent.ConcurrentHashMap@50000086)
	segments	50000c25
ARR 50000c25 (sz=80, trace=300000, nelems=16, elem type=java.util.concurrent.ConcurrentHashMap$Segment[]@500000d5)
	[0]		50000c26
	[1]		50000c27
	[2]		50000c28
	[3]		50000c29
	[4]		50000c2a
	[5]		50000c2b
	[6]		50000c2c
	[7]		50000c2d
	[8]		50000c2e
	[9]		50000c2f
	[10]		50000c30
	[11]		50000c31
	[12]		50000c32
	[13]		50000c33
	[14]		50000c34
	[15]		50000c35
OBJ 50000c26 (sz=32, trace=300000, class=java.util.concurrent.ConcurrentHashMap$Segment@500000d4)
	sync		50000caf
	table		50000cae
OBJ 50000c27 (sz=32, trace=300000, class=java.util.concurrent.ConcurrentHashMap$Segment@500000d4)
	sync		50000ca9
	table		50000ca8
OBJ 50000c28 (sz=32, trace=300000, class=java.util.concurrent.ConcurrentHashMap$Segment@500000d4)
	sync		50000c9d
	table		50000c9c
OBJ 50000c29 (sz=32, trace=300000, class=java.util.concurrent.ConcurrentHashMap$Segment@500000d4)
	sync		50000c9b
	table		50000c9a
OBJ 50000c2a (sz=32, trace=300000, class=java.util.concurrent.ConcurrentHashMap$Segment@500000d4)
	sync		50000c94
	table		50000c93
OBJ 50000c2b (sz=32, trace=300000, class=java.util.concurrent.ConcurrentHashMap$Segment@500000d4)
	sync		50000c92
	table		50000c91
OBJ 50000c2c (sz=32, trace=300000, class=java.util.concurrent.ConcurrentHashMap$Segment@500000d4)
	sync		50000c7f
	table		50000c7e
OBJ 50000c2d (sz=32, trace=300000, class=java.util.concurrent.ConcurrentHashMap$Segment@500000d4)
	sync		50000c73
	table		50000c72
OBJ 50000c2e (sz=32, trace=300000, class=java.util.concurrent.ConcurrentHashMap$Segment@500000d4)
	sync		50000c6c
	table		50000c6b
OBJ 50000c2f (sz=32, trace=300000, class=java.util.concurrent.ConcurrentHashMap$Segment@500000d4)
	sync		50000c64
	table		50000c63
OBJ 50000c30 (sz=32, trace=300000, class=java.util.concurrent.ConcurrentHashMap$Segment@500000d4)
	sync		50000c59
	table		50000c58
OBJ 50000c31 (sz=32, trace=300000, class=java.util.concurrent.ConcurrentHashMap$Segment@500000d4)
	sync		50000c52
	table		50000c51
OBJ 50000c32 (sz=32, trace=300000, class=java.util.concurrent.ConcurrentHashMap$Segment@500000d4)
	sync		50000c4b
	table		50000c4a
OBJ 50000c33 (sz=32, trace=300000, class=java.util.concurrent.ConcurrentHashMap$Segment@500000d4)
	sync		50000c3b
	table		50000c3a
OBJ 50000c34 (sz=32, trace=300000, class=java.util.concurrent.ConcurrentHashMap$Segment@500000d4)
	sync		50000c39
	table		50000c38
OBJ 50000c35 (sz=32, trace=300000, class=java.util.concurrent.ConcurrentHashMap$Segment@500000d4)
	sync		50000c37
	table		50000c36
ARR 50000c36 (sz=16, trace=300000, nelems=0, elem type=java.util.concurrent.ConcurrentHashMap$HashEntry[]@5000009f)
OBJ 50000c37 (sz=24, trace=300000, class=java.util.concurrent.locks.ReentrantLock$NonfairSync@50000112)
ARR 50000c38 (sz=16, trace=300000, nelems=0, elem type=java.util.concurrent.ConcurrentHashMap$HashEntry[]@5000009f)
OBJ 50000c39 (sz=24, trace=300000, class=java.util.concurrent.locks.ReentrantLock$NonfairSync@50000112)
ARR 50000c3a (sz=32, trace=300000, nelems=4, elem type=java.util.concurrent.ConcurrentHashMap$HashEntry[]@5000009f)
	[1]		50000c3c
	[2]		50000c3d
	[3]		50000c3e
OBJ 50000c3b (sz=24, trace=300000, class=java.util.concurrent.locks.ReentrantLock$NonfairSync@50000112)
OBJ 50000c3c (sz=24, trace=300000, class=java.util.concurrent.ConcurrentHashMap$HashEntry@5000009e)
	key		50000c47
	value		50000c46
OBJ 50000c3d (sz=24, trace=300000, class=java.util.concurrent.ConcurrentHashMap$HashEntry@5000009e)
	key		50000c45
	value		50000c44
OBJ 50000c3e (sz=24, trace=300000, class=java.util.concurrent.ConcurrentHashMap$HashEntry@5000009e)
	key		50000c40
	value		50000c3f
OBJ 50000c3f (sz=40, trace=300000, class=sun.util.locale.LocaleObjectCache$CacheEntry@500000b0)
	referent	50000c42
	queue		50000c23
	_key		50000c40
OBJ 50000c40 (sz=32, trace=300000, class=sun.util.locale.BaseLocale$Key@500000a3)
	_lang		50000bde
	_scrt		50000966
	_regn		50000966
	_vart		50000966
ARR 50000c41 (sz=4, trace=300000, nelems=2, elem type=char[])
OBJ 50000c42 (sz=32, trace=300000, class=sun.util.locale.BaseLocale@50000114)
	_language	50000bde
	_script		50000966
	_region		50000966
	_variant	50000966
OBJ 50000c43 (sz=8, trace=300000, class=java.lang.ref.ReferenceQueue$Lock@50000087)
OBJ 50000c44 (sz=40, trace=300000, class=sun.util.locale.LocaleObjectCache$CacheEntry@500000b0)
	referent	50000c18
	queue		50000c23
	_key		50000c45
OBJ 50000c45 (sz=32, trace=300000, class=sun.util.locale.BaseLocale$Key@500000a3)
	_lang		50000bd8
	_scrt		50000966
	_regn		50000bd5
	_vart		50000966
OBJ 50000c46 (sz=40, trace=300000, class=sun.util.locale.LocaleObjectCache$CacheEntry@500000b0)
	referent	50000c49
	queue		50000c23
	_key		50000c47
OBJ 50000c47 (sz=32, trace=300000, class=sun.util.locale.BaseLocale$Key@500000a3)
	_lang		50000be8
	_scrt		50000966
	_regn		50000966
	_vart		50000966
ARR 50000c48 (sz=4, trace=300000, nelems=2, elem type=char[])
OBJ 50000c49 (sz=32, trace=300000, class=sun.util.locale.BaseLocale@50000114)
	_language	50000be8
	_script		50000966
	_region		50000966
	_variant	50000966
ARR 50000c4a (sz=16, trace=300000, nelems=1, elem type=java.util.concurrent.ConcurrentHashMap$HashEntry[]@5000009f)
	[0]		50000c4c
OBJ 50000c4b (sz=24, trace=300000, class=java.util.concurrent.locks.ReentrantLock$NonfairSync@50000112)
OBJ 50000c4c (sz=24, trace=300000, class=java.util.concurrent.ConcurrentHashMap$HashEntry@5000009e)
	key		50000c4e
	value		50000c4d
OBJ 50000c4d (sz=40, trace=300000, class=sun.util.locale.LocaleObjectCache$CacheEntry@500000b0)
	referent	50000c50
	queue		50000c23
	_key		50000c4e
OBJ 50000c4e (sz=32, trace=300000, class=sun.util.locale.BaseLocale$Key@500000a3)
	_lang		50000bd8
	_scrt		50000966
	_regn		50000bd0
	_vart		50000966
ARR 50000c4f (sz=4, trace=300000, nelems=2, elem type=char[])
OBJ 50000c50 (sz=32, trace=300000, class=sun.util.locale.BaseLocale@50000114)
	_language	50000bd8
	_script		50000966
	_region		50000bd0
	_variant	50000966
ARR 50000c51 (sz=16, trace=300000, nelems=1, elem type=java.util.concurrent.ConcurrentHashMap$HashEntry[]@5000009f)
	[0]		50000c53
OBJ 50000c52 (sz=24, trace=300000, class=java.util.concurrent.locks.ReentrantLock$NonfairSync@50000112)
OBJ 50000c53 (sz=24, trace=300000, class=java.util.concurrent.ConcurrentHashMap$HashEntry@5000009e)
	key		50000c55
	value		50000c54
OBJ 50000c54 (sz=40, trace=300000, class=sun.util.locale.LocaleObjectCache$CacheEntry@500000b0)
	referent	50000c57
	queue		50000c23
	_key		50000c55
OBJ 50000c55 (sz=32, trace=300000, class=sun.util.locale.BaseLocale$Key@500000a3)
	_lang		50000bdc
	_scrt		50000966
	_regn		50000966
	_vart		50000966
ARR 50000c56 (sz=4, trace=300000, nelems=2, elem type=char[])
OBJ 50000c57 (sz=32, trace=300000, class=sun.util.locale.BaseLocale@50000114)
	_language	50000bdc
	_script		50000966
	_region		50000966
	_variant	50000966
ARR 50000c58 (sz=24, trace=300000, nelems=2, elem type=java.util.concurrent.ConcurrentHashMap$HashEntry[]@5000009f)
	[0]		50000c5a
	[1]		50000c5b
OBJ 50000c59 (sz=24, trace=300000, class=java.util.concurrent.locks.ReentrantLock$NonfairSync@50000112)
OBJ 50000c5a (sz=24, trace=300000, class=java.util.concurrent.ConcurrentHashMap$HashEntry@5000009e)
	key		50000c62
	value		50000c61
OBJ 50000c5b (sz=24, trace=300000, class=java.util.concurrent.ConcurrentHashMap$HashEntry@5000009e)
	key		50000c5d
	value		50000c5c
OBJ 50000c5c (sz=40, trace=300000, class=sun.util.locale.LocaleObjectCache$CacheEntry@500000b0)
	referent	50000c60
	queue		50000c23
	_key		50000c5d
OBJ 50000c5d (sz=32, trace=300000, class=sun.util.locale.BaseLocale$Key@500000a3)
	_lang		50000bda
	_scrt		50000966
	_regn		50000bcf
	_vart		50000966
ARR 50000c5e (sz=4, trace=300000, nelems=2, elem type=char[])
ARR 50000c5f (sz=4, trace=300000, nelems=2, elem type=char[])
OBJ 50000c60 (sz=32, trace=300000, class=sun.util.locale.BaseLocale@50000114)
	_language	50000bda
	_script		50000966
	_region		50000bcf
	_variant	50000966
OBJ 50000c61 (sz=40, trace=300000, class=sun.util.locale.LocaleObjectCache$CacheEntry@500000b0)
	referent	50000c20
	queue		50000c23
	_key		50000c62
OBJ 50000c62 (sz=32, trace=300000, class=sun.util.locale.BaseLocale$Key@500000a3)
	_lang		50000966
	_scrt		50000966
	_regn		50000966
	_vart		50000966
ARR 50000c63 (sz=16, trace=300000, nelems=1, elem type=java.util.concurrent.ConcurrentHashMap$HashEntry[]@5000009f)
	[0]		50000c65
OBJ 50000c64 (sz=24, trace=300000, class=java.util.concurrent.locks.ReentrantLock$NonfairSync@50000112)
OBJ 50000c65 (sz=24, trace=300000, class=java.util.concurrent.ConcurrentHashMap$HashEntry@5000009e)
	key		50000c67
	value		50000c66
OBJ 50000c66 (sz=40, trace=300000, class=sun.util.locale.LocaleObjectCache$CacheEntry@500000b0)
	referent	50000c6a
	queue		50000c23
	_key		50000c67
OBJ 50000c67 (sz=32, trace=300000, class=sun.util.locale.BaseLocale$Key@500000a3)
	_lang		50000bd7
	_scrt		50000966
	_regn		50000bce
	_vart		50000966
ARR 50000c68 (sz=4, trace=300000, nelems=2, elem type=char[])
ARR 50000c69 (sz=4, trace=300000, nelems=2, elem type=char[])
OBJ 50000c6a (sz=32, trace=300000, class=sun.util.locale.BaseLocale@50000114)
	_language	50000bd7
	_script		50000966
	_region		50000bce
	_variant	50000966
ARR 50000c6b (sz=16, trace=300000, nelems=1, elem type=java.util.concurrent.ConcurrentHashMap$HashEntry[]@5000009f)
	[0]		50000c6d
OBJ 50000c6c (sz=24, trace=300000, class=java.util.concurrent.locks.ReentrantLock$NonfairSync@50000112)
OBJ 50000c6d (sz=24, trace=300000, class=java.util.concurrent.ConcurrentHashMap$HashEntry@5000009e)
	key		50000c6f
	value		50000c6e
OBJ 50000c6e (sz=40, trace=300000, class=sun.util.locale.LocaleObjectCache$CacheEntry@500000b0)
	referent	50000c71
	queue		50000c23
	_key		50000c6f
OBJ 50000c6f (sz=32, trace=300000, class=sun.util.locale.BaseLocale$Key@500000a3)
	_lang		50000bdd
	_scrt		50000966
	_regn		50000966
	_vart		50000966
ARR 50000c70 (sz=4, trace=300000, nelems=2, elem type=char[])
OBJ 50000c71 (sz=32, trace=300000, class=sun.util.locale.BaseLocale@50000114)
	_language	50000bdd
	_script		50000966
	_region		50000966
	_variant	50000966
ARR 50000c72 (sz=24, trace=300000, nelems=2, elem type=java.util.concurrent.ConcurrentHashMap$HashEntry[]@5000009f)
	[0]		50000c74
	[1]		50000c75
OBJ 50000c73 (sz=24, trace=300000, class=java.util.concurrent.locks.ReentrantLock$NonfairSync@50000112)
OBJ 50000c74 (sz=24, trace=300000, class=java.util.concurrent.ConcurrentHashMap$HashEntry@5000009e)
	key		50000c7b
	value		50000c7a
OBJ 50000c75 (sz=24, trace=300000, class=java.util.concurrent.ConcurrentHashMap$HashEntry@5000009e)
	key		50000c77
	value		50000c76
OBJ 50000c76 (sz=40, trace=300000, class=sun.util.locale.LocaleObjectCache$CacheEntry@500000b0)
	referent	50000c79
	queue		50000c23
	_key		50000c77
OBJ 50000c77 (sz=32, trace=300000, class=sun.util.locale.BaseLocale$Key@500000a3)
	_lang		50000bde
	_scrt		50000966
	_regn		50000bd3
	_vart		50000966
ARR 50000c78 (sz=4, trace=300000, nelems=2, elem type=char[])
OBJ 50000c79 (sz=32, trace=300000, class=sun.util.locale.BaseLocale@50000114)
	_language	50000bde
	_script		50000966
	_region		50000bd3
	_variant	50000966
OBJ 50000c7a (sz=40, trace=300000, class=sun.util.locale.LocaleObjectCache$CacheEntry@500000b0)
	referent	50000c7d
	queue		50000c23
	_key		50000c7b
OBJ 50000c7b (sz=32, trace=300000, class=sun.util.locale.BaseLocale$Key@500000a3)
	_lang		50000be8
	_scrt		50000966
	_regn		50000bd4
	_vart		50000966
ARR 50000c7c (sz=4, trace=300000, nelems=2, elem type=char[])
OBJ 50000c7d (sz=32, trace=300000, class=sun.util.locale.BaseLocale@50000114)
	_language	50000be8
	_script		50000966
	_region		50000bd4
	_variant	50000966
ARR 50000c7e (sz=32, trace=300000, nelems=3, elem type=java.util.concurrent.ConcurrentHashMap$HashEntry[]@5000009f)
	[0]		50000c80
	[1]		50000c81
	[2]		50000c82
OBJ 50000c7f (sz=24, trace=300000, class=java.util.concurrent.locks.ReentrantLock$NonfairSync@50000112)
OBJ 50000c80 (sz=24, trace=300000, class=java.util.concurrent.ConcurrentHashMap$HashEntry@5000009e)
	key		50000c8f
	value		50000c8e
OBJ 50000c81 (sz=24, trace=300000, class=java.util.concurrent.ConcurrentHashMap$HashEntry@5000009e)
	key		50000c8b
	value		50000c8a
OBJ 50000c82 (sz=24, trace=300000, class=java.util.concurrent.ConcurrentHashMap$HashEntry@5000009e)
	key		50000c85
	value		50000c84
	next		50000c83
OBJ 50000c83 (sz=24, trace=300000, class=java.util.concurrent.ConcurrentHashMap$HashEntry@5000009e)
	key		50000c88
	value		50000c87
OBJ 50000c84 (sz=40, trace=300000, class=sun.util.locale.LocaleObjectCache$CacheEntry@500000b0)
	referent	50000c86
	queue		50000c23
	_key		50000c85
OBJ 50000c85 (sz=32, trace=300000, class=sun.util.locale.BaseLocale$Key@500000a3)
	_lang		50000bda
	_scrt		50000966
	_regn		50000966
	_vart		50000966
OBJ 50000c86 (sz=32, trace=300000, class=sun.util.locale.BaseLocale@50000114)
	_language	50000bda
	_script		50000966
	_region		50000966
	_variant	50000966
OBJ 50000c87 (sz=40, trace=300000, class=sun.util.locale.LocaleObjectCache$CacheEntry@500000b0)
	referent	50000c89
	queue		50000c23
	_key		50000c88
OBJ 50000c88 (sz=32, trace=300000, class=sun.util.locale.BaseLocale$Key@500000a3)
	_lang		50000bd8
	_scrt		50000966
	_regn		50000966
	_vart		50000966
OBJ 50000c89 (sz=32, trace=300000, class=sun.util.locale.BaseLocale@50000114)
	_language	50000bd8
	_script		50000966
	_region		50000966
	_variant	50000966
OBJ 50000c8a (sz=40, trace=300000, class=sun.util.locale.LocaleObjectCache$CacheEntry@500000b0)
	referent	50000c8d
	queue		50000c23
	_key		50000c8b
OBJ 50000c8b (sz=32, trace=300000, class=sun.util.locale.BaseLocale$Key@500000a3)
	_lang		50000bda
	_scrt		50000966
	_regn		50000be9
	_vart		50000966
ARR 50000c8c (sz=4, trace=300000, nelems=2, elem type=char[])
OBJ 50000c8d (sz=32, trace=300000, class=sun.util.locale.BaseLocale@50000114)
	_language	50000bda
	_script		50000966
	_region		50000be9
	_variant	50000966
OBJ 50000c8e (sz=40, trace=300000, class=sun.util.locale.LocaleObjectCache$CacheEntry@500000b0)
	referent	50000c90
	queue		50000c23
	_key		50000c8f
OBJ 50000c8f (sz=32, trace=300000, class=sun.util.locale.BaseLocale$Key@500000a3)
	_lang		50000bd8
	_scrt		50000966
	_regn		50000be9
	_vart		50000966
OBJ 50000c90 (sz=32, trace=300000, class=sun.util.locale.BaseLocale@50000114)
	_language	50000bd8
	_script		50000966
	_region		50000be9
	_variant	50000966
ARR 50000c91 (sz=16, trace=300000, nelems=0, elem type=java.util.concurrent.ConcurrentHashMap$HashEntry[]@5000009f)
OBJ 50000c92 (sz=24, trace=300000, class=java.util.concurrent.locks.ReentrantLock$NonfairSync@50000112)
ARR 50000c93 (sz=16, trace=300000, nelems=1, elem type=java.util.concurrent.ConcurrentHashMap$HashEntry[]@5000009f)
	[0]		50000c95
OBJ 50000c94 (sz=24, trace=300000, class=java.util.concurrent.locks.ReentrantLock$NonfairSync@50000112)
OBJ 50000c95 (sz=24, trace=300000, class=java.util.concurrent.ConcurrentHashMap$HashEntry@5000009e)
	key		50000c97
	value		50000c96
OBJ 50000c96 (sz=40, trace=300000, class=sun.util.locale.LocaleObjectCache$CacheEntry@500000b0)
	referent	50000c99
	queue		50000c23
	_key		50000c97
OBJ 50000c97 (sz=32, trace=300000, class=sun.util.locale.BaseLocale$Key@500000a3)
	_lang		50000bdd
	_scrt		50000966
	_regn		50000bd2
	_vart		50000966
ARR 50000c98 (sz=4, trace=300000, nelems=2, elem type=char[])
OBJ 50000c99 (sz=32, trace=300000, class=sun.util.locale.BaseLocale@50000114)
	_language	50000bdd
	_script		50000966
	_region		50000bd2
	_variant	50000966
ARR 50000c9a (sz=16, trace=300000, nelems=0, elem type=java.util.concurrent.ConcurrentHashMap$HashEntry[]@5000009f)
OBJ 50000c9b (sz=24, trace=300000, class=java.util.concurrent.locks.ReentrantLock$NonfairSync@50000112)
ARR 50000c9c (sz=24, trace=300000, nelems=2, elem type=java.util.concurrent.ConcurrentHashMap$HashEntry[]@5000009f)
	[0]		50000c9e
	[1]		50000c9f
OBJ 50000c9d (sz=24, trace=300000, class=java.util.concurrent.locks.ReentrantLock$NonfairSync@50000112)
OBJ 50000c9e (sz=24, trace=300000, class=java.util.concurrent.ConcurrentHashMap$HashEntry@5000009e)
	key		50000ca5
	value		50000ca4
OBJ 50000c9f (sz=24, trace=300000, class=java.util.concurrent.ConcurrentHashMap$HashEntry@5000009e)
	key		50000ca1
	value		50000ca0
OBJ 50000ca0 (sz=40, trace=300000, class=sun.util.locale.LocaleObjectCache$CacheEntry@500000b0)
	referent	50000ca3
	queue		50000c23
	_key		50000ca1
OBJ 50000ca1 (sz=32, trace=300000, class=sun.util.locale.BaseLocale$Key@500000a3)
	_lang		50000bdc
	_scrt		50000966
	_regn		50000bd1
	_vart		50000966
ARR 50000ca2 (sz=4, trace=300000, nelems=2, elem type=char[])
OBJ 50000ca3 (sz=32, trace=300000, class=sun.util.locale.BaseLocale@50000114)
	_language	50000bdc
	_script		50000966
	_region		50000bd1
	_variant	50000966
OBJ 50000ca4 (sz=40, trace=300000, class=sun.util.locale.LocaleObjectCache$CacheEntry@500000b0)
	referent	50000ca7
	queue		50000c23
	_key		50000ca5
OBJ 50000ca5 (sz=32, trace=300000, class=sun.util.locale.BaseLocale$Key@500000a3)
	_lang		50000be8
	_scrt		50000966
	_regn		50000bcd
	_vart		50000966
ARR 50000ca6 (sz=4, trace=300000, nelems=2, elem type=char[])
OBJ 50000ca7 (sz=32, trace=300000, class=sun.util.locale.BaseLocale@50000114)
	_language	50000be8
	_script		50000966
	_region		50000bcd
	_variant	50000966
ARR 50000ca8 (sz=16, trace=300000, nelems=1, elem type=java.util.concurrent.ConcurrentHashMap$HashEntry[]@5000009f)
	[0]		50000caa
OBJ 50000ca9 (sz=24, trace=300000, class=java.util.concurrent.locks.ReentrantLock$NonfairSync@50000112)
OBJ 50000caa (sz=24, trace=300000, class=java.util.concurrent.ConcurrentHashMap$HashEntry@5000009e)
	key		50000cac
	value		50000cab
OBJ 50000cab (sz=40, trace=300000, class=sun.util.locale.LocaleObjectCache$CacheEntry@500000b0)
	referent	50000cad
	queue		50000c23
	_key		50000cac
OBJ 50000cac (sz=32, trace=300000, class=sun.util.locale.BaseLocale$Key@500000a3)
	_lang		50000bd7
	_scrt		50000966
	_regn		50000966
	_vart		50000966
OBJ 50000cad (sz=32, trace=300000, class=sun.util.locale.BaseLocale@50000114)
	_language	50000bd7
	_script		50000966
	_region		50000966
	_variant	50000966
ARR 50000cae (sz=16, trace=300000, nelems=0, elem type=java.util.concurrent.ConcurrentHashMap$HashEntry[]@5000009f)
OBJ 50000caf (sz=24, trace=300000, class=java.util.concurrent.locks.ReentrantLock$NonfairSync@50000112)
ARR 50000cb0 (sz=4, trace=300000, nelems=2, elem type=char[])
ARR 50000cb1 (sz=4, trace=300000, nelems=2, elem type=char[])
ARR 50000cb2 (sz=4, trace=300000, nelems=2, elem type=char[])
OBJ 50000cb3 (sz=32, trace=300000, class=java.util.Collections$UnmodifiableSortedMap@5000005e)
	m		50000cb4
	sm		50000cb4
OBJ 50000cb4 (sz=48, trace=300000, class=java.util.TreeMap@5000004f)
OBJ 50000cb5 (sz=8, trace=300000, class=java.lang.Object@500000f9)
OBJ 50000cb6 (sz=24, trace=300000, class=java.lang.String@500000b2)
	value		50000d5a
OBJ 50000cb7 (sz=24, trace=300000, class=java.lang.String@500000b2)
	value		50000d5d
OBJ 50000cb8 (sz=16, trace=300000, class=sun.util.locale.LocaleExtensions@50000092)
	_map		50000d5b
	_id		50000cb7
OBJ 50000cb9 (sz=16, trace=300000, class=sun.util.locale.LocaleExtensions@50000092)
	_map		50000cba
	_id		50000cb6
OBJ 50000cba (sz=48, trace=300000, class=java.util.TreeMap@5000004f)
	root		50000cbb
OBJ 50000cbb (sz=32, trace=300000, class=java.util.TreeMap$Entry@500000f4)
	key		50000cbd
	value		50000cbc
OBJ 50000cbc (sz=24, trace=300000, class=sun.util.locale.UnicodeLocaleExtension@50000149)
	_value		50000d47
	_attributes	50000d46
	_keywords	50000d45
OBJ 50000cbd (sz=16, trace=300000, class=java.lang.Character@50000078)
OBJ 50000cbe (sz=24, trace=300000, class=java.lang.String@500000b2)
	value		50000d44
OBJ 50000cbf (sz=24, trace=300000, class=java.lang.String@500000b2)
	value		50000cc3
ARR 50000cc0 (sz=1024, trace=300000, nelems=256, elem type=int[])
OBJ 50000cc1 (sz=8, trace=300000, class=java.lang.CharacterDataLatin1@50000145)
ARR 50000cc2 (sz=4, trace=300000, nelems=2, elem type=char[])
ARR 50000cc3 (sz=1024, trace=300000, nelems=512, elem type=char[])
ARR 50000cc4 (sz=528, trace=300000, nelems=128, elem type=java.lang.Character[]@50000079)
	[0]		50000cc5
	[1]		50000cc6
	[2]		50000cc7
	[3]		50000cc8
	[4]		50000cc9
	[5]		50000cca
	[6]		50000ccb
	[7]		50000ccc
	[8]		50000ccd
	[9]		50000cce
	[10]		50000ccf
	[11]		50000cd0
	[12]		50000cd1
	[13]		50000cd2
	[14]		50000cd3
	[15]		50000cd4
	[16]		50000cd5
	[17]		50000cd6
	[18]		50000cd7
	[19]		50000cd8
	[20]		50000cd9
	[21]		50000cda
	[22]		50000cdb
	[23]		50000cdc
	[24]		50000cdd
	[25]		50000cde
	[26]		50000cdf
	[27]		50000ce0
	[28]		50000ce1
	[29]		50000ce2
	[30]		50000ce3
	[31]		50000ce4
	[32]		50000ce5
	[33]		50000ce6
	[34]		50000ce7
	[35]		50000ce8
	[36]		50000ce9
	[37]		50000cea
	[38]		50000ceb
	[39]		50000cec
	[40]		50000ced
	[41]		50000cee
	[42]		50000cef
	[43]		50000cf0
	[44]		50000cf1
	[45]		50000cf2
	[46]		50000cf3
	[47]		50000cf4
	[48]		50000cf5
	[49]		50000cf6
	[50]		50000cf7
	[51]		50000cf8
	[52]		50000cf9
	[53]		50000cfa
	[54]		50000cfb
	[55]		50000cfc
	[56]		50000cfd
	[57]		50000cfe
	[58]		50000cff
	[59]		50000d00
	[60]		50000d01
	[61]		50000d02
	[62]		50000d03
	[63]		50000d04
	[64]		50000d05
	[65]		50000d06
	[66]		50000d07
	[67]		50000d08
	[68]		50000d09
	[69]		50000d0a
	[70]		50000d0b
	[71]		50000d0c
	[72]		50000d0d
	[73]		50000d0e
	[74]		50000d0f
	[75]		50000d10
	[76]		50000d11
	[77]		50000d12
	[78]		50000d13
	[79]		50000d14
	[80]		50000d15
	[81]		50000d16
	[82]		50000d17
	[83]		50000d18
	[84]		50000d19
	[85]		50000d1a
	[86]		50000d1b
	[87]		50000d1c
	[88]		50000d1d
	[89]		50000d1e
	[90]		50000d1f
	[91]		50000d20
	[92]		50000d21
	[93]		50000d22
	[94]		50000d23
	[95]		50000d24
	[96]		50000d25
	[97]		50000d26
	[98]		50000d27
	[99]		50000d28
	[100]		50000d29
	[101]		50000d2a
	[102]		50000d2b
	[103]		50000d2c
	[104]		50000d2d
	[105]		50000d2e
	[106]		50000d2f
	[107]		50000d30
	[108]		50000d31
	[109]		50000d32
	[110]		50000d33
	[111]		50000d34
	[112]		50000d35
	[113]		50000d36
	[114]		50000d37
	[115]		50000d38
	[116]		50000d39
	[117]		50000cbd
	[118]		50000d3a
	[119]		50000d3b
	[120]		50000d3c
	[121]		50000d3d
	[122]		50000d3e
	[123]		50000d3f
	[124]		50000d40
	[125]		50000d41
	[126]		50000d42
	[127]		50000d43
OBJ 50000cc5 (sz=16, trace=300000, class=java.lang.Character@50000078)
OBJ 50000cc6 (sz=16, trace=300000, class=java.lang.Character@50000078)
OBJ 50000cc7 (sz=16, trace=300000, class=java.lang.Character@50000078)
OBJ 50000cc8 (sz=16, trace=300000, class=java.lang.Character@50000078)
OBJ 50000cc9 (sz=16, trace=300000, class=java.lang.Character@50000078)
OBJ 50000cca (sz=16, trace=300000, class=java.lang.Character@50000078)
OBJ 50000ccb (sz=16, trace=300000, class=java.lang.Character@50000078)
OBJ 50000ccc (sz=16, trace=300000, class=java.lang.Character@50000078)
OBJ 50000ccd (sz=16, trace=300000, class=java.lang.Character@50000078)
OBJ 50000cce (sz=16, trace=300000, class=java.lang.Character@50000078)
OBJ 50000ccf (sz=16, trace=300000, class=java.lang.Character@50000078)
OBJ 50000cd0 (sz=16, trace=300000, class=java.lang.Character@50000078)
OBJ 50000cd1 (sz=16, trace=300000, class=java.lang.Character@50000078)
OBJ 50000cd2 (sz=16, trace=300000, class=java.lang.Character@50000078)
OBJ 50000cd3 (sz=16, trace=300000, class=java.lang.Character@50000078)
OBJ 50000cd4 (sz=16, trace=300000, class=java.lang.Character@50000078)
OBJ 50000cd5 (sz=16, trace=300000, class=java.lang.Character@50000078)
OBJ 50000cd6 (sz=16, trace=300000, class=java.lang.Character@50000078)
OBJ 50000cd7 (sz=16, trace=300000, class=java.lang.Character@50000078)
OBJ 50000cd8 (sz=16, trace=300000, class=java.lang.Character@50000078)
OBJ 50000cd9 (sz=16, trace=300000, class=java.lang.Character@50000078)
OBJ 50000cda (sz=16, trace=300000, class=java.lang.Character@50000078)
OBJ 50000cdb (sz=16, trace=300000, class=java.lang.Character@50000078)
OBJ 50000cdc (sz=16, trace=300000, class=java.lang.Character@50000078)
OBJ 50000cdd (sz=16, trace=300000, class=java.lang.Character@50000078)
OBJ 50000cde (sz=16, trace=300000, class=java.lang.Character@50000078)
OBJ 50000cdf (sz=16, trace=300000, class=java.lang.Character@50000078)
OBJ 50000ce0 (sz=16, trace=300000, class=java.lang.Character@50000078)
OBJ 50000ce1 (sz=16, trace=300000, class=java.lang.Character@50000078)
OBJ 50000ce2 (sz=16, trace=300000, class=java.lang.Character@50000078)
OBJ 50000ce3 (sz=16, trace=300000, class=java.lang.Character@50000078)
OBJ 50000ce4 (sz=16, trace=300000, class=java.lang.Character@50000078)
OBJ 50000ce5 (sz=16, trace=300000, class=java.lang.Character@50000078)
OBJ 50000ce6 (sz=16, trace=300000, class=java.lang.Character@50000078)
OBJ 50000ce7 (sz=16, trace=300000, class=java.lang.Character@50000078)
OBJ 50000ce8 (sz=16, trace=300000, class=java.lang.Character@50000078)
OBJ 50000ce9 (sz=16, trace=300000, class=java.lang.Character@50000078)
OBJ 50000cea (sz=16, trace=300000, class=java.lang.Character@50000078)
OBJ 50000ceb (sz=16, trace=300000, class=java.lang.Character@50000078)
OBJ 50000cec (sz=16, trace=300000, class=java.lang.Character@50000078)
OBJ 50000ced (sz=16, trace=300000, class=java.lang.Character@50000078)
OBJ 50000cee (sz=16, trace=300000, class=java.lang.Character@50000078)
OBJ 50000cef (sz=16, trace=300000, class=java.lang.Character@50000078)
OBJ 50000cf0 (sz=16, trace=300000, class=java.lang.Character@50000078)
OBJ 50000cf1 (sz=16, trace=300000, class=java.lang.Character@50000078)
OBJ 50000cf2 (sz=16, trace=300000, class=java.lang.Character@50000078)
OBJ 50000cf3 (sz=16, trace=300000, class=java.lang.Character@50000078)
OBJ 50000cf4 (sz=16, trace=300000, class=java.lang.Character@50000078)
OBJ 50000cf5 (sz=16, trace=300000, class=java.lang.Character@50000078)
OBJ 50000cf6 (sz=16, trace=300000, class=java.lang.Character@50000078)
OBJ 50000cf7 (sz=16, trace=300000, class=java.lang.Character@50000078)
OBJ 50000cf8 (sz=16, trace=300000, class=java.lang.Character@50000078)
OBJ 50000cf9 (sz=16, trace=300000, class=java.lang.Character@50000078)
OBJ 50000cfa (sz=16, trace=300000, class=java.lang.Character@50000078)
OBJ 50000cfb (sz=16, trace=300000, class=java.lang.Character@50000078)
OBJ 50000cfc (sz=16, trace=300000, class=java.lang.Character@50000078)
OBJ 50000cfd (sz=16, trace=300000, class=java.lang.Character@50000078)
OBJ 50000cfe (sz=16, trace=300000, class=java.lang.Character@50000078)
OBJ 50000cff (sz=16, trace=300000, class=java.lang.Character@50000078)
OBJ 50000d00 (sz=16, trace=300000, class=java.lang.Character@50000078)
OBJ 50000d01 (sz=16, trace=300000, class=java.lang.Character@50000078)
OBJ 50000d02 (sz=16, trace=300000, class=java.lang.Character@50000078)
OBJ 50000d03 (sz=16, trace=300000, class=java.lang.Character@50000078)
OBJ 50000d04 (sz=16, trace=300000, class=java.lang.Character@50000078)
OBJ 50000d05 (sz=16, trace=300000, class=java.lang.Character@50000078)
OBJ 50000d06 (sz=16, trace=300000, class=java.lang.Character@50000078)
OBJ 50000d07 (sz=16, trace=300000, class=java.lang.Character@50000078)
OBJ 50000d08 (sz=16, trace=300000, class=java.lang.Character@50000078)
OBJ 50000d09 (sz=16, trace=300000, class=java.lang.Character@50000078)
OBJ 50000d0a (sz=16, trace=300000, class=java.lang.Character@50000078)
OBJ 50000d0b (sz=16, trace=300000, class=java.lang.Character@50000078)
OBJ 50000d0c (sz=16, trace=300000, class=java.lang.Character@50000078)
OBJ 50000d0d (sz=16, trace=300000, class=java.lang.Character@50000078)
OBJ 50000d0e (sz=16, trace=300000, class=java.lang.Character@50000078)
OBJ 50000d0f (sz=16, trace=300000, class=java.lang.Character@50000078)
OBJ 50000d10 (sz=16, trace=300000, class=java.lang.Character@50000078)
OBJ 50000d11 (sz=16, trace=300000, class=java.lang.Character@50000078)
OBJ 50000d12 (sz=16, trace=300000, class=java.lang.Character@50000078)
OBJ 50000d13 (sz=16, trace=300000, class=java.lang.Character@50000078)
OBJ 50000d14 (sz=16, trace=300000, class=java.lang.Character@50000078)
OBJ 50000d15 (sz=16, trace=300000, class=java.lang.Character@50000078)
OBJ 50000d16 (sz=16, trace=300000, class=java.lang.Character@50000078)
OBJ 50000d17 (sz=16, trace=300000, class=java.lang.Character@50000078)
OBJ 50000d18 (sz=16, trace=300000, class=java.lang.Character@50000078)
OBJ 50000d19 (sz=16, trace=300000, class=java.lang.Character@50000078)
OBJ 50000d1a (sz=16, trace=300000, class=java.lang.Character@50000078)
OBJ 50000d1b (sz=16, trace=300000, class=java.lang.Character@50000078)
OBJ 50000d1c (sz=16, trace=300000, class=java.lang.Character@50000078)
OBJ 50000d1d (sz=16, trace=300000, class=java.lang.Character@50000078)
OBJ 50000d1e (sz=16, trace=300000, class=java.lang.Character@50000078)
OBJ 50000d1f (sz=16, trace=300000, class=java.lang.Character@50000078)
OBJ 50000d20 (sz=16, trace=300000, class=java.lang.Character@50000078)
OBJ 50000d21 (sz=16, trace=300000, class=java.lang.Character@50000078)
OBJ 50000d22 (sz=16, trace=300000, class=java.lang.Character@50000078)
OBJ 50000d23 (sz=16, trace=300000, class=java.lang.Character@50000078)
OBJ 50000d24 (sz=16, trace=300000, class=java.lang.Character@50000078)
OBJ 50000d25 (sz=16, trace=300000, class=java.lang.Character@50000078)
OBJ 50000d26 (sz=16, trace=300000, class=java.lang.Character@50000078)
OBJ 50000d27 (sz=16, trace=300000, class=java.lang.Character@50000078)
OBJ 50000d28 (sz=16, trace=300000, class=java.lang.Character@50000078)
OBJ 50000d29 (sz=16, trace=300000, class=java.lang.Character@50000078)
OBJ 50000d2a (sz=16, trace=300000, class=java.lang.Character@50000078)
OBJ 50000d2b (sz=16, trace=300000, class=java.lang.Character@50000078)
OBJ 50000d2c (sz=16, trace=300000, class=java.lang.Character@50000078)
OBJ 50000d2d (sz=16, trace=300000, class=java.lang.Character@50000078)
OBJ 50000d2e (sz=16, trace=300000, class=java.lang.Character@50000078)
OBJ 50000d2f (sz=16, trace=300000, class=java.lang.Character@50000078)
OBJ 50000d30 (sz=16, trace=300000, class=java.lang.Character@50000078)
OBJ 50000d31 (sz=16, trace=300000, class=java.lang.Character@50000078)
OBJ 50000d32 (sz=16, trace=300000, class=java.lang.Character@50000078)
OBJ 50000d33 (sz=16, trace=300000, class=java.lang.Character@50000078)
OBJ 50000d34 (sz=16, trace=300000, class=java.lang.Character@50000078)
OBJ 50000d35 (sz=16, trace=300000, class=java.lang.Character@50000078)
OBJ 50000d36 (sz=16, trace=300000, class=java.lang.Character@50000078)
OBJ 50000d37 (sz=16, trace=300000, class=java.lang.Character@50000078)
OBJ 50000d38 (sz=16, trace=300000, class=java.lang.Character@50000078)
OBJ 50000d39 (sz=16, trace=300000, class=java.lang.Character@50000078)
OBJ 50000d3a (sz=16, trace=300000, class=java.lang.Character@50000078)
OBJ 50000d3b (sz=16, trace=300000, class=java.lang.Character@50000078)
OBJ 50000d3c (sz=16, trace=300000, class=java.lang.Character@50000078)
OBJ 50000d3d (sz=16, trace=300000, class=java.lang.Character@50000078)
OBJ 50000d3e (sz=16, trace=300000, class=java.lang.Character@50000078)
OBJ 50000d3f (sz=16, trace=300000, class=java.lang.Character@50000078)
OBJ 50000d40 (sz=16, trace=300000, class=java.lang.Character@50000078)
OBJ 50000d41 (sz=16, trace=300000, class=java.lang.Character@50000078)
OBJ 50000d42 (sz=16, trace=300000, class=java.lang.Character@50000078)
OBJ 50000d43 (sz=16, trace=300000, class=java.lang.Character@50000078)
ARR 50000d44 (sz=8, trace=300000, nelems=4, elem type=char[])
OBJ 50000d45 (sz=48, trace=300000, class=java.util.TreeMap@5000004f)
	root		50000d4b
OBJ 50000d46 (sz=16, trace=300000, class=java.util.TreeSet@50000018)
	m		50000d49
OBJ 50000d47 (sz=24, trace=300000, class=java.lang.String@500000b2)
	value		50000d48
ARR 50000d48 (sz=22, trace=300000, nelems=11, elem type=char[])
OBJ 50000d49 (sz=48, trace=300000, class=java.util.TreeMap@5000004f)
OBJ 50000d4a (sz=8, trace=300000, class=java.lang.Object@500000f9)
OBJ 50000d4b (sz=32, trace=300000, class=java.util.TreeMap$Entry@500000f4)
	key		50000d4d
	value		50000d4c
OBJ 50000d4c (sz=24, trace=300000, class=java.lang.String@500000b2)
	value		50000d4f
OBJ 50000d4d (sz=24, trace=300000, class=java.lang.String@500000b2)
	value		50000d4e
ARR 50000d4e (sz=4, trace=300000, nelems=2, elem type=char[])
ARR 50000d4f (sz=16, trace=300000, nelems=8, elem type=char[])
OBJ 50000d50 (sz=24, trace=300000, class=java.lang.String@500000b2)
	value		50000d58
OBJ 50000d51 (sz=24, trace=300000, class=java.lang.String@500000b2)
	value		50000d56
OBJ 50000d52 (sz=24, trace=300000, class=java.lang.String@500000b2)
	value		50000d59
OBJ 50000d53 (sz=24, trace=300000, class=sun.util.locale.UnicodeLocaleExtension@50000149)
	_value		50000d51
	_attributes	50000d46
	_keywords	50000d55
OBJ 50000d54 (sz=48, trace=300000, class=java.util.TreeMap@5000004f)
OBJ 50000d55 (sz=48, trace=300000, class=java.util.TreeMap@5000004f)
	root		50000d57
ARR 50000d56 (sz=14, trace=300000, nelems=7, elem type=char[])
OBJ 50000d57 (sz=32, trace=300000, class=java.util.TreeMap$Entry@500000f4)
	key		50000d50
	value		50000d52
ARR 50000d58 (sz=4, trace=300000, nelems=2, elem type=char[])
ARR 50000d59 (sz=8, trace=300000, nelems=4, elem type=char[])
ARR 50000d5a (sz=26, trace=300000, nelems=13, elem type=char[])
OBJ 50000d5b (sz=48, trace=300000, class=java.util.TreeMap@5000004f)
	root		50000d5c
OBJ 50000d5c (sz=32, trace=300000, class=java.util.TreeMap$Entry@500000f4)
	key		50000cbd
	value		50000d53
ARR 50000d5d (sz=18, trace=300000, nelems=9, elem type=char[])
OBJ 50000d5e (sz=8, trace=300000, class=java.lang.ref.ReferenceQueue$Lock@50000087)
ARR 50000d5f (sz=16, trace=300000, nelems=1, elem type=java.util.concurrent.ConcurrentHashMap$HashEntry[]@5000009f)
	[0]		50000d61
OBJ 50000d60 (sz=24, trace=300000, class=java.util.concurrent.locks.ReentrantLock$NonfairSync@50000112)
OBJ 50000d61 (sz=24, trace=300000, class=java.util.concurrent.ConcurrentHashMap$HashEntry@5000009e)
	key		50000d63
	value		50000d62
OBJ 50000d62 (sz=40, trace=300000, class=sun.util.locale.LocaleObjectCache$CacheEntry@500000b0)
	referent	50000bf4
	queue		50000bff
	_key		50000d63
OBJ 50000d63 (sz=16, trace=300000, class=java.util.Locale$LocaleKey@500000c3)
	_base		50000c99
	_exts		50000c17
ARR 50000d64 (sz=24, trace=300000, nelems=2, elem type=java.util.concurrent.ConcurrentHashMap$HashEntry[]@5000009f)
	[1]		50000d66
OBJ 50000d65 (sz=24, trace=300000, class=java.util.concurrent.locks.ReentrantLock$NonfairSync@50000112)
OBJ 50000d66 (sz=24, trace=300000, class=java.util.concurrent.ConcurrentHashMap$HashEntry@5000009e)
	key		50000d69
	value		50000d68
	next		50000d67
OBJ 50000d67 (sz=24, trace=300000, class=java.util.concurrent.ConcurrentHashMap$HashEntry@5000009e)
	key		50000d6b
	value		50000d6a
OBJ 50000d68 (sz=40, trace=300000, class=sun.util.locale.LocaleObjectCache$CacheEntry@500000b0)
	referent	50000bf7
	queue		50000bff
	_key		50000d69
OBJ 50000d69 (sz=16, trace=300000, class=java.util.Locale$LocaleKey@500000c3)
	_base		50000c49
	_exts		50000c17
OBJ 50000d6a (sz=40, trace=300000, class=sun.util.locale.LocaleObjectCache$CacheEntry@500000b0)
	referent	50000bf8
	queue		50000bff
	_key		50000d6b
OBJ 50000d6b (sz=16, trace=300000, class=java.util.Locale$LocaleKey@500000c3)
	_base		50000c42
	_exts		50000c17
ARR 50000d6c (sz=16, trace=300000, nelems=1, elem type=java.util.concurrent.ConcurrentHashMap$HashEntry[]@5000009f)
	[0]		50000d6e
OBJ 50000d6d (sz=24, trace=300000, class=java.util.concurrent.locks.ReentrantLock$NonfairSync@50000112)
OBJ 50000d6e (sz=24, trace=300000, class=java.util.concurrent.ConcurrentHashMap$HashEntry@5000009e)
	key		50000d70
	value		50000d6f
OBJ 50000d6f (sz=40, trace=300000, class=sun.util.locale.LocaleObjectCache$CacheEntry@500000b0)
	referent	50000bf1
	queue		50000bff
	_key		50000d70
OBJ 50000d70 (sz=16, trace=300000, class=java.util.Locale$LocaleKey@500000c3)
	_base		50000c7d
	_exts		50000c17
ARR 50000d71 (sz=24, trace=300000, nelems=1, elem type=java.util.concurrent.ConcurrentHashMap$HashEntry[]@5000009f)
	[0]		50000d73
OBJ 50000d72 (sz=24, trace=300000, class=java.util.concurrent.locks.ReentrantLock$NonfairSync@50000112)
OBJ 50000d73 (sz=24, trace=300000, class=java.util.concurrent.ConcurrentHashMap$HashEntry@5000009e)
	key		50000d76
	value		50000d75
	next		50000d74
OBJ 50000d74 (sz=24, trace=300000, class=java.util.concurrent.ConcurrentHashMap$HashEntry@5000009e)
	key		50000d78
	value		50000d77
OBJ 50000d75 (sz=40, trace=300000, class=sun.util.locale.LocaleObjectCache$CacheEntry@500000b0)
	referent	50000bf5
	queue		50000bff
	_key		50000d76
OBJ 50000d76 (sz=16, trace=300000, class=java.util.Locale$LocaleKey@500000c3)
	_base		50000ca3
	_exts		50000c17
OBJ 50000d77 (sz=40, trace=300000, class=sun.util.locale.LocaleObjectCache$CacheEntry@500000b0)
	referent	50000bfa
	queue		50000bff
	_key		50000d78
OBJ 50000d78 (sz=16, trace=300000, class=java.util.Locale$LocaleKey@500000c3)
	_base		50000c57
	_exts		50000c17
ARR 50000d79 (sz=24, trace=300000, nelems=2, elem type=java.util.concurrent.ConcurrentHashMap$HashEntry[]@5000009f)
	[0]		50000d7b
	[1]		50000d7c
OBJ 50000d7a (sz=24, trace=300000, class=java.util.concurrent.locks.ReentrantLock$NonfairSync@50000112)
OBJ 50000d7b (sz=24, trace=300000, class=java.util.concurrent.ConcurrentHashMap$HashEntry@5000009e)
	key		50000d80
	value		50000d7f
OBJ 50000d7c (sz=24, trace=300000, class=java.util.concurrent.ConcurrentHashMap$HashEntry@5000009e)
	key		50000d7e
	value		50000d7d
OBJ 50000d7d (sz=40, trace=300000, class=sun.util.locale.LocaleObjectCache$CacheEntry@500000b0)
	referent	50000bf2
	queue		50000bff
	_key		50000d7e
OBJ 50000d7e (sz=16, trace=300000, class=java.util.Locale$LocaleKey@500000c3)
	_base		50000ca7
	_exts		50000c17
OBJ 50000d7f (sz=40, trace=300000, class=sun.util.locale.LocaleObjectCache$CacheEntry@500000b0)
	referent	50000bec
	queue		50000bff
	_key		50000d80
OBJ 50000d80 (sz=16, trace=300000, class=java.util.Locale$LocaleKey@500000c3)
	_base		50000c20
	_exts		50000c17
ARR 50000d81 (sz=16, trace=300000, nelems=1, elem type=java.util.concurrent.ConcurrentHashMap$HashEntry[]@5000009f)
	[0]		50000d83
OBJ 50000d82 (sz=24, trace=300000, class=java.util.concurrent.locks.ReentrantLock$NonfairSync@50000112)
OBJ 50000d83 (sz=24, trace=300000, class=java.util.concurrent.ConcurrentHashMap$HashEntry@5000009e)
	key		50000d85
	value		50000d84
OBJ 50000d84 (sz=40, trace=300000, class=sun.util.locale.LocaleObjectCache$CacheEntry@500000b0)
	referent	50000bee
	queue		50000bff
	_key		50000d85
OBJ 50000d85 (sz=16, trace=300000, class=java.util.Locale$LocaleKey@500000c3)
	_base		50000c90
	_exts		50000c17
ARR 50000d86 (sz=16, trace=300000, nelems=1, elem type=java.util.concurrent.ConcurrentHashMap$HashEntry[]@5000009f)
	[0]		50000d88
OBJ 50000d87 (sz=24, trace=300000, class=java.util.concurrent.locks.ReentrantLock$NonfairSync@50000112)
OBJ 50000d88 (sz=24, trace=300000, class=java.util.concurrent.ConcurrentHashMap$HashEntry@5000009e)
	key		50000d8a
	value		50000d89
OBJ 50000d89 (sz=40, trace=300000, class=sun.util.locale.LocaleObjectCache$CacheEntry@500000b0)
	referent	50000bf9
	queue		50000bff
	_key		50000d8a
OBJ 50000d8a (sz=16, trace=300000, class=java.util.Locale$LocaleKey@500000c3)
	_base		50000c71
	_exts		50000c17
ARR 50000d8b (sz=16, trace=300000, nelems=0, elem type=java.util.concurrent.ConcurrentHashMap$HashEntry[]@5000009f)
OBJ 50000d8c (sz=24, trace=300000, class=java.util.concurrent.locks.ReentrantLock$NonfairSync@50000112)
ARR 50000d8d (sz=24, trace=300000, nelems=1, elem type=java.util.concurrent.ConcurrentHashMap$HashEntry[]@5000009f)
	[0]		50000d8f
OBJ 50000d8e (sz=24, trace=300000, class=java.util.concurrent.locks.ReentrantLock$NonfairSync@50000112)
OBJ 50000d8f (sz=24, trace=300000, class=java.util.concurrent.ConcurrentHashMap$HashEntry@5000009e)
	key		50000d92
	value		50000d91
	next		50000d90
OBJ 50000d90 (sz=24, trace=300000, class=java.util.concurrent.ConcurrentHashMap$HashEntry@5000009e)
	key		50000d94
	value		50000d93
OBJ 50000d91 (sz=40, trace=300000, class=sun.util.locale.LocaleObjectCache$CacheEntry@500000b0)
	referent	50000bfc
	queue		50000bff
	_key		50000d92
OBJ 50000d92 (sz=16, trace=300000, class=java.util.Locale$LocaleKey@500000c3)
	_base		50000c86
	_exts		50000c17
OBJ 50000d93 (sz=40, trace=300000, class=sun.util.locale.LocaleObjectCache$CacheEntry@500000b0)
	referent	50000bfd
	queue		50000bff
	_key		50000d94
OBJ 50000d94 (sz=16, trace=300000, class=java.util.Locale$LocaleKey@500000c3)
	_base		50000c89
	_exts		50000c17
ARR 50000d95 (sz=16, trace=300000, nelems=1, elem type=java.util.concurrent.ConcurrentHashMap$HashEntry[]@5000009f)
	[0]		50000d97
OBJ 50000d96 (sz=24, trace=300000, class=java.util.concurrent.locks.ReentrantLock$NonfairSync@50000112)
OBJ 50000d97 (sz=24, trace=300000, class=java.util.concurrent.ConcurrentHashMap$HashEntry@5000009e)
	key		50000d99
	value		50000d98
OBJ 50000d98 (sz=40, trace=300000, class=sun.util.locale.LocaleObjectCache$CacheEntry@500000b0)
	referent	50000bf3
	queue		50000bff
	_key		50000d99
OBJ 50000d99 (sz=16, trace=300000, class=java.util.Locale$LocaleKey@500000c3)
	_base		50000c79
	_exts		50000c17
ARR 50000d9a (sz=16, trace=300000, nelems=0, elem type=java.util.concurrent.ConcurrentHashMap$HashEntry[]@5000009f)
OBJ 50000d9b (sz=24, trace=300000, class=java.util.concurrent.locks.ReentrantLock$NonfairSync@50000112)
ARR 50000d9c (sz=16, trace=300000, nelems=1, elem type=java.util.concurrent.ConcurrentHashMap$HashEntry[]@5000009f)
	[0]		50000d9e
OBJ 50000d9d (sz=24, trace=300000, class=java.util.concurrent.locks.ReentrantLock$NonfairSync@50000112)
OBJ 50000d9e (sz=24, trace=300000, class=java.util.concurrent.ConcurrentHashMap$HashEntry@5000009e)
	key		50000da0
	value		50000d9f
OBJ 50000d9f (sz=40, trace=300000, class=sun.util.locale.LocaleObjectCache$CacheEntry@500000b0)
	referent	50000bf0
	queue		50000bff
	_key		50000da0
OBJ 50000da0 (sz=16, trace=300000, class=java.util.Locale$LocaleKey@500000c3)
	_base		50000c50
	_exts		50000c17
ARR 50000da1 (sz=16, trace=300000, nelems=1, elem type=java.util.concurrent.ConcurrentHashMap$HashEntry[]@5000009f)
	[0]		50000da3
OBJ 50000da2 (sz=24, trace=300000, class=java.util.concurrent.locks.ReentrantLock$NonfairSync@50000112)
OBJ 50000da3 (sz=24, trace=300000, class=java.util.concurrent.ConcurrentHashMap$HashEntry@5000009e)
	key		50000da5
	value		50000da4
OBJ 50000da4 (sz=40, trace=300000, class=sun.util.locale.LocaleObjectCache$CacheEntry@500000b0)
	referent	50000bed
	queue		50000bff
	_key		50000da5
OBJ 50000da5 (sz=16, trace=300000, class=java.util.Locale$LocaleKey@500000c3)
	_base		50000c8d
	_exts		50000c17
ARR 50000da6 (sz=16, trace=300000, nelems=1, elem type=java.util.concurrent.ConcurrentHashMap$HashEntry[]@5000009f)
	[0]		50000da8
OBJ 50000da7 (sz=24, trace=300000, class=java.util.concurrent.locks.ReentrantLock$NonfairSync@50000112)
OBJ 50000da8 (sz=24, trace=300000, class=java.util.concurrent.ConcurrentHashMap$HashEntry@5000009e)
	key		50000daa
	value		50000da9
OBJ 50000da9 (sz=40, trace=300000, class=sun.util.locale.LocaleObjectCache$CacheEntry@500000b0)
	referent	50000bfb
	queue		50000bff
	_key		50000daa
OBJ 50000daa (sz=16, trace=300000, class=java.util.Locale$LocaleKey@500000c3)
	_base		50000cad
	_exts		50000c17
ARR 50000dab (sz=24, trace=300000, nelems=2, elem type=java.util.concurrent.ConcurrentHashMap$HashEntry[]@5000009f)
	[0]		50000dad
	[1]		50000dae
OBJ 50000dac (sz=24, trace=300000, class=java.util.concurrent.locks.ReentrantLock$NonfairSync@50000112)
OBJ 50000dad (sz=24, trace=300000, class=java.util.concurrent.ConcurrentHashMap$HashEntry@5000009e)
	key		50000db2
	value		50000db1
OBJ 50000dae (sz=24, trace=300000, class=java.util.concurrent.ConcurrentHashMap$HashEntry@5000009e)
	key		50000db0
	value		50000daf
OBJ 50000daf (sz=40, trace=300000, class=sun.util.locale.LocaleObjectCache$CacheEntry@500000b0)
	referent	50000beb
	queue		50000bff
	_key		50000db0
OBJ 50000db0 (sz=16, trace=300000, class=java.util.Locale$LocaleKey@500000c3)
	_base		50000c6a
	_exts		50000c17
OBJ 50000db1 (sz=40, trace=300000, class=sun.util.locale.LocaleObjectCache$CacheEntry@500000b0)
	referent	50000bf6
	queue		50000bff
	_key		50000db2
OBJ 50000db2 (sz=16, trace=300000, class=java.util.Locale$LocaleKey@500000c3)
	_base		50000c60
	_exts		50000c17
OBJ 50000db3 (sz=32, trace=300000, class=java.io.ObjectStreamField@5000004d)
	name		50000bdf
	signature	50000db9
	type		500000b2
OBJ 50000db4 (sz=32, trace=300000, class=java.io.ObjectStreamField@5000004d)
	name		50000bd6
	signature	50000db9
	type		500000b2
OBJ 50000db5 (sz=32, trace=300000, class=java.io.ObjectStreamField@5000004d)
	name		50000be7
	signature	50000db9
	type		500000b2
OBJ 50000db6 (sz=32, trace=300000, class=java.io.ObjectStreamField@5000004d)
	name		50000bdb
	signature	50000dcb
	type		5000093a
OBJ 50000db7 (sz=32, trace=300000, class=java.io.ObjectStreamField@5000004d)
	name		50000be0
	signature	50000db9
	type		500000b2
OBJ 50000db8 (sz=32, trace=300000, class=java.io.ObjectStreamField@5000004d)
	name		50000bd9
	signature	50000db9
	type		500000b2
OBJ 50000db9 (sz=24, trace=300000, class=java.lang.String@500000b2)
	value		50000dbb
ARR 50000dba (sz=20, trace=300000, nelems=10, elem type=char[])
ARR 50000dbb (sz=36, trace=300000, nelems=18, elem type=char[])
OBJ 50000dbc (sz=24, trace=300000, class=java.lang.String@500000b2)
	value		50000dbd
ARR 50000dbd (sz=10, trace=300000, nelems=5, elem type=char[])
OBJ 50000dbe (sz=24, trace=300000, class=java.lang.String@500000b2)
	value		50000dbf
ARR 50000dbf (sz=8, trace=300000, nelems=4, elem type=char[])
OBJ 50000dc0 (sz=24, trace=300000, class=java.lang.String@500000b2)
	value		50000dc5
ARR 50000dc1 (sz=40, trace=300000, nelems=10, elem type=int[])
ARR 50000dc2 (sz=200, trace=300000, nelems=100, elem type=char[])
ARR 50000dc3 (sz=200, trace=300000, nelems=100, elem type=char[])
ARR 50000dc4 (sz=72, trace=300000, nelems=36, elem type=char[])
ARR 50000dc5 (sz=6, trace=300000, nelems=3, elem type=char[])
OBJ 50000dc6 (sz=24, trace=300000, class=java.lang.String@500000b2)
	value		50000dc7
ARR 50000dc7 (sz=12, trace=300000, nelems=6, elem type=char[])
OBJ 50000dc8 (sz=24, trace=300000, class=java.lang.String@500000b2)
	value		50000dc9
ARR 50000dc9 (sz=8, trace=300000, nelems=4, elem type=char[])
ARR 50000dca (sz=12, trace=300000, nelems=6, elem type=char[])
OBJ 50000dcb (sz=24, trace=300000, class=java.lang.String@500000b2)
	value		50000dcd
ARR 50000dcc (sz=16, trace=300000, nelems=8, elem type=char[])
ARR 50000dcd (sz=2, trace=300000, nelems=1, elem type=char[])
ARR 50000dce (sz=14, trace=300000, nelems=7, elem type=char[])
ARR 50000dcf (sz=14, trace=300000, nelems=7, elem type=char[])
ARR 50000dd0 (sz=16, trace=300000, nelems=8, elem type=char[])
OBJ 50000dd1 (sz=24, trace=300000, class=java.lang.String@500000b2)
	value		50000ddb
OBJ 50000dd2 (sz=24, trace=300000, class=java.lang.String@500000b2)
	value		50000de0
OBJ 50000dd3 (sz=24, trace=300000, class=java.lang.String@500000b2)
	value		50000dde
OBJ 50000dd4 (sz=24, trace=300000, class=java.lang.String@500000b2)
	value		50000de3
OBJ 50000dd5 (sz=24, trace=300000, class=java.lang.String@500000b2)
	value		50000ddc
OBJ 50000dd6 (sz=24, trace=300000, class=java.lang.String@500000b2)
	value		50000de1
OBJ 50000dd7 (sz=24, trace=300000, class=java.lang.String@500000b2)
	value		50000ddd
OBJ 50000dd8 (sz=24, trace=300000, class=java.lang.String@500000b2)
	value		50000de2
OBJ 50000dd9 (sz=24, trace=300000, class=java.lang.String@500000b2)
	value		50000ddf
OBJ 50000dda (sz=24, trace=300000, class=java.lang.String@500000b2)
	value		50000de4
ARR 50000ddb (sz=14, trace=300000, nelems=7, elem type=char[])
ARR 50000ddc (sz=42, trace=300000, nelems=21, elem type=char[])
ARR 50000ddd (sz=38, trace=300000, nelems=19, elem type=char[])
ARR 50000dde (sz=40, trace=300000, nelems=20, elem type=char[])
ARR 50000ddf (sz=40, trace=300000, nelems=20, elem type=char[])
ARR 50000de0 (sz=12, trace=300000, nelems=6, elem type=char[])
ARR 50000de1 (sz=40, trace=300000, nelems=20, elem type=char[])
ARR 50000de2 (sz=36, trace=300000, nelems=18, elem type=char[])
ARR 50000de3 (sz=38, trace=300000, nelems=19, elem type=char[])
ARR 50000de4 (sz=38, trace=300000, nelems=19, elem type=char[])
ARR 50000de5 (sz=24, trace=300000, nelems=12, elem type=char[])
ARR 50000de6 (sz=22, trace=300000, nelems=11, elem type=char[])
ARR 50000de7 (sz=22, trace=300000, nelems=11, elem type=char[])
ARR 50000de8 (sz=26, trace=300000, nelems=13, elem type=char[])
ARR 50000de9 (sz=24, trace=300000, nelems=12, elem type=char[])
ARR 50000dea (sz=4, trace=300000, nelems=2, elem type=char[])
OBJ 50000deb (sz=24, trace=300000, class=java.lang.String@500000b2)
	value		50000df4
OBJ 50000dec (sz=24, trace=300000, class=java.lang.String@500000b2)
	value		50000df2
ARR 50000ded (sz=24, trace=300000, nelems=3, elem type=java.io.ObjectStreamField[]@5000004e)
	[0]		50000dee
	[1]		50000def
	[2]		50000df0
OBJ 50000dee (sz=32, trace=300000, class=java.io.ObjectStreamField@5000004d)
	name		50000972
	signature	50000df5
	type		50000155
OBJ 50000def (sz=32, trace=300000, class=java.io.ObjectStreamField@5000004d)
	name		50000deb
	signature	50000dcb
	type		5000093a
OBJ 50000df0 (sz=32, trace=300000, class=java.io.ObjectStreamField@5000004d)
	name		50000dec
	signature	50000df1
	type		5000093e
OBJ 50000df1 (sz=24, trace=300000, class=java.lang.String@500000b2)
	value		50000df3
ARR 50000df2 (sz=12, trace=300000, nelems=6, elem type=char[])
ARR 50000df3 (sz=2, trace=300000, nelems=1, elem type=char[])
ARR 50000df4 (sz=10, trace=300000, nelems=5, elem type=char[])
OBJ 50000df5 (sz=24, trace=300000, class=java.lang.String@500000b2)
	value		50000df7
ARR 50000df6 (sz=10, trace=300000, nelems=5, elem type=char[])
ARR 50000df7 (sz=4, trace=300000, nelems=2, elem type=char[])
OBJ 50000df8 (sz=24, trace=300000, class=java.lang.String@500000b2)
	value		50000dfb
OBJ 50000df9 (sz=24, trace=300000, class=java.lang.String@500000b2)
	value		50000dfa
ARR 50000dfa (sz=52, trace=300000, nelems=26, elem type=char[])
ARR 50000dfb (sz=42, trace=300000, nelems=21, elem type=char[])
ARR 50000dfc (sz=16, trace=300000, nelems=8, elem type=char[])
ARR 50000dfd (sz=28, trace=300000, nelems=14, elem type=char[])
ARR 50000dfe (sz=28, trace=300000, nelems=14, elem type=char[])
ARR 50000dff (sz=2, trace=300000, nelems=1, elem type=char[])
ARR 50000e00 (sz=2, trace=300000, nelems=1, elem type=char[])
ARR 50000e01 (sz=8, trace=300000, nelems=4, elem type=char[])
ARR 50000e02 (sz=56, trace=300000, nelems=28, elem type=char[])
ARR 50000e03 (sz=58, trace=300000, nelems=29, elem type=char[])
ARR 50000e04 (sz=54, trace=300000, nelems=27, elem type=char[])
ARR 50000e05 (sz=74, trace=300000, nelems=37, elem type=char[])
ARR 50000e06 (sz=44, trace=300000, nelems=22, elem type=char[])
ARR 50000e07 (sz=70, trace=300000, nelems=35, elem type=char[])
ARR 50000e08 (sz=4, trace=300000, nelems=2, elem type=char[])
OBJ 50000e09 (sz=24, trace=300000, class=java.lang.String@500000b2)
	value		50000e1d
OBJ 50000e0a (sz=24, trace=300000, class=java.lang.String@500000b2)
	value		50000e1c
OBJ 50000e0b (sz=24, trace=300000, class=java.lang.String@500000b2)
	value		50000e0f
OBJ 50000e0c (sz=24, trace=300000, class=java.lang.String@500000b2)
	value		50000e1e
OBJ 50000e0d (sz=24, trace=300000, class=java.lang.String@500000b2)
	value		50000e20
OBJ 50000e0e (sz=24, trace=300000, class=java.lang.String@500000b2)
	value		50000e1f
ARR 50000e0f (sz=72, trace=300000, nelems=36, elem type=char[])
OBJ 50000e10 (sz=24, trace=300000, class=java.lang.String@500000b2)
	value		50000e14
OBJ 50000e11 (sz=24, trace=300000, class=java.lang.String@500000b2)
	value		50000e15
OBJ 50000e12 (sz=16, trace=300000, class=java.nio.ByteOrder@50000119)
	name		50000e11
OBJ 50000e13 (sz=16, trace=300000, class=java.nio.ByteOrder@50000119)
	name		50000e10
ARR 50000e14 (sz=20, trace=300000, nelems=10, elem type=char[])
ARR 50000e15 (sz=26, trace=300000, nelems=13, elem type=char[])
OBJ 50000e16 (sz=24, trace=300000, class=java.lang.String@500000b2)
	value		50000e1b
OBJ 50000e17 (sz=24, trace=300000, class=java.lang.String@500000b2)
	value		50000e1a
OBJ 50000e18 (sz=24, trace=300000, class=java.lang.String@500000b2)
	value		50000e19
ARR 50000e19 (sz=6, trace=300000, nelems=3, elem type=char[])
ARR 50000e1a (sz=14, trace=300000, nelems=7, elem type=char[])
ARR 50000e1b (sz=8, trace=300000, nelems=4, elem type=char[])
ARR 50000e1c (sz=54, trace=300000, nelems=27, elem type=char[])
ARR 50000e1d (sz=58, trace=300000, nelems=29, elem type=char[])
ARR 50000e1e (sz=74, trace=300000, nelems=37, elem type=char[])
ARR 50000e1f (sz=32, trace=300000, nelems=16, elem type=char[])
ARR 50000e20 (sz=48, trace=300000, nelems=24, elem type=char[])
OBJ 50000e21 (sz=24, trace=300000, class=java.lang.String@500000b2)
	value		50000e27
OBJ 50000e22 (sz=24, trace=300000, class=java.lang.String@500000b2)
	value		50000e28
OBJ 50000e23 (sz=24, trace=300000, class=java.lang.String@500000b2)
	value		50000e29
OBJ 50000e24 (sz=16, trace=300000, class=java.nio.charset.CodingErrorAction@50000089)
	name		50000e23
OBJ 50000e25 (sz=16, trace=300000, class=java.nio.charset.CodingErrorAction@50000089)
	name		50000e22
OBJ 50000e26 (sz=16, trace=300000, class=java.nio.charset.CodingErrorAction@50000089)
	name		50000e21
ARR 50000e27 (sz=12, trace=300000, nelems=6, elem type=char[])
ARR 50000e28 (sz=14, trace=300000, nelems=7, elem type=char[])
ARR 50000e29 (sz=12, trace=300000, nelems=6, elem type=char[])
OBJ 50000e2a (sz=24, trace=300000, class=java.lang.String@500000b2)
	value		50000e34
OBJ 50000e2b (sz=24, trace=300000, class=java.lang.String@500000b2)
	value		50000e35
OBJ 50000e2c (sz=24, trace=300000, class=java.lang.String@500000b2)
	value		50000e36
OBJ 50000e2d (sz=24, trace=300000, class=java.lang.String@500000b2)
	value		50000e33
OBJ 50000e2e (sz=16, trace=300000, class=java.nio.charset.CoderResult$2@50000036)
OBJ 50000e2f (sz=16, trace=300000, class=java.nio.charset.CoderResult$1@500000d9)
OBJ 50000e30 (sz=16, trace=300000, class=java.nio.charset.CoderResult@50000056)
OBJ 50000e31 (sz=16, trace=300000, class=java.nio.charset.CoderResult@50000056)
ARR 50000e32 (sz=32, trace=300000, nelems=4, elem type=java.lang.String[]@500000b3)
	[0]		50000e2c
	[1]		50000e2b
	[2]		50000e2a
	[3]		50000e2d
ARR 50000e33 (sz=20, trace=300000, nelems=10, elem type=char[])
ARR 50000e34 (sz=18, trace=300000, nelems=9, elem type=char[])
ARR 50000e35 (sz=16, trace=300000, nelems=8, elem type=char[])
ARR 50000e36 (sz=18, trace=300000, nelems=9, elem type=char[])
OBJ 50000e37 (sz=24, trace=300000, class=java.lang.String@500000b2)
	value		50001194
OBJ 50000e38 (sz=24, trace=300000, class=java.lang.String@500000b2)
	value		50000e3f
OBJ 50000e39 (sz=24, trace=300000, class=java.lang.String@500000b2)
	value		50000e3e
OBJ 50000e3a (sz=24, trace=300000, class=java.lang.String@500000b2)
	value		50000e3d
OBJ 50000e3b (sz=24, trace=300000, class=java.lang.String@500000b2)
	value		50000e40
ARR 50000e3c (sz=32, trace=300000, nelems=4, elem type=java.lang.String[]@500000b3)
	[0]		50000e3b
	[1]		50000e38
	[2]		50000e39
	[3]		50000e3a
ARR 50000e3d (sz=14, trace=300000, nelems=7, elem type=char[])
ARR 50000e3e (sz=20, trace=300000, nelems=10, elem type=char[])
ARR 50000e3f (sz=12, trace=300000, nelems=6, elem type=char[])
ARR 50000e40 (sz=10, trace=300000, nelems=5, elem type=char[])
OBJ 50000e41 (sz=24, trace=300000, class=java.lang.String@500000b2)
	value		5000124b
OBJ 50000e42 (sz=24, trace=300000, class=java.lang.String@500000b2)
	value		5000124a
OBJ 50000e43 (sz=24, trace=300000, class=sun.nio.cs.MS1252@5000012f)
	name		50000ee5
	aliases		500011e3
OBJ 50000e44 (sz=8, trace=300000, class=java.lang.Object@500000f9)
OBJ 50000e45 (sz=16, trace=300000, class=java.lang.ThreadLocal@500000bd)
ARR 50000e46 (sz=24, trace=300000, nelems=2, elem type=java.lang.Object[]@500000fa)
	[0]		50000ee5
	[1]		50000e43
OBJ 50000e47 (sz=24, trace=300000, class=sun.nio.cs.StandardCharsets@500000d3)
	classMap	50000e4b
	aliasMap	50000e4a
	cache		50000e49
	packagePrefix	50000e48
OBJ 50000e48 (sz=24, trace=300000, class=java.lang.String@500000b2)
	value		5000123c
OBJ 50000e49 (sz=40, trace=300000, class=sun.nio.cs.StandardCharsets$Cache@50000118)
	ht		5000116d
OBJ 50000e4a (sz=40, trace=300000, class=sun.nio.cs.StandardCharsets$Aliases@50000007)
	ht		50000f0b
OBJ 50000e4b (sz=40, trace=300000, class=sun.nio.cs.StandardCharsets$Classes@50000080)
	ht		50000e4c
ARR 50000e4c (sz=144, trace=300000, nelems=32, elem type=java.lang.Object[]@500000fa)
	[0]		50000e4d
	[2]		50000e4e
	[3]		50000e4f
	[4]		50000e50
	[5]		50000e51
	[6]		50000e52
	[7]		50000e53
	[8]		50000e54
	[9]		50000e55
	[10]		50000e56
	[11]		50000e57
	[12]		50000e58
	[14]		50000e59
	[15]		50000e5a
	[16]		50000e5b
	[17]		50000e5c
	[18]		50000e5d
	[19]		50000e5e
	[22]		50000e5f
	[24]		50000e60
	[28]		50000e61
	[29]		50000e62
	[31]		50000e63
ARR 50000e4d (sz=24, trace=300000, nelems=2, elem type=java.lang.Object[]@500000fa)
	[0]		50000f07
	[1]		50000f08
ARR 50000e4e (sz=24, trace=300000, nelems=3, elem type=java.lang.Object[]@500000fa)
	[0]		50000ef9
	[1]		50000efa
	[2]		50000efb
ARR 50000e4f (sz=24, trace=300000, nelems=3, elem type=java.lang.Object[]@500000fa)
	[0]		50000ef0
	[1]		50000ef1
	[2]		50000ef2
ARR 50000e50 (sz=24, trace=300000, nelems=3, elem type=java.lang.Object[]@500000fa)
	[0]		50000ee2
	[1]		50000ee3
	[2]		50000ee4
ARR 50000e51 (sz=24, trace=300000, nelems=3, elem type=java.lang.Object[]@500000fa)
	[0]		50000ed9
	[1]		50000eda
	[2]		50000edb
ARR 50000e52 (sz=24, trace=300000, nelems=2, elem type=java.lang.Object[]@500000fa)
	[0]		50000ed5
	[1]		50000ed6
ARR 50000e53 (sz=24, trace=300000, nelems=2, elem type=java.lang.Object[]@500000fa)
	[0]		50000ed1
	[1]		50000ed2
ARR 50000e54 (sz=24, trace=300000, nelems=3, elem type=java.lang.Object[]@500000fa)
	[0]		50000ec8
	[1]		50000ec9
	[2]		50000eca
ARR 50000e55 (sz=24, trace=300000, nelems=3, elem type=java.lang.Object[]@500000fa)
	[0]		50000ebf
	[1]		50000ec0
	[2]		50000ec1
ARR 50000e56 (sz=24, trace=300000, nelems=2, elem type=java.lang.Object[]@500000fa)
	[0]		50000ebb
	[1]		50000ebc
ARR 50000e57 (sz=24, trace=300000, nelems=3, elem type=java.lang.Object[]@500000fa)
	[0]		50000eb2
	[1]		50000eb3
	[2]		50000eb4
ARR 50000e58 (sz=24, trace=300000, nelems=2, elem type=java.lang.Object[]@500000fa)
	[0]		50000eae
	[1]		50000eaf
ARR 50000e59 (sz=24, trace=300000, nelems=2, elem type=java.lang.Object[]@500000fa)
	[0]		50000eaa
	[1]		50000eab
ARR 50000e5a (sz=24, trace=300000, nelems=2, elem type=java.lang.Object[]@500000fa)
	[0]		50000ea6
	[1]		50000ea7
ARR 50000e5b (sz=24, trace=300000, nelems=3, elem type=java.lang.Object[]@500000fa)
	[0]		50000e9d
	[1]		50000e9e
	[2]		50000e9f
ARR 50000e5c (sz=24, trace=300000, nelems=3, elem type=java.lang.Object[]@500000fa)
	[0]		50000e94
	[1]		50000e95
	[2]		50000e96
ARR 50000e5d (sz=24, trace=300000, nelems=3, elem type=java.lang.Object[]@500000fa)
	[0]		50000e86
	[1]		50000e87
	[2]		50000e88
ARR 50000e5e (sz=24, trace=300000, nelems=3, elem type=java.lang.Object[]@500000fa)
	[0]		50000e78
	[1]		50000e79
	[2]		50000e7a
ARR 50000e5f (sz=24, trace=300000, nelems=2, elem type=java.lang.Object[]@500000fa)
	[0]		50000e74
	[1]		50000e75
ARR 50000e60 (sz=24, trace=300000, nelems=2, elem type=java.lang.Object[]@500000fa)
	[0]		50000e70
	[1]		50000e71
ARR 50000e61 (sz=24, trace=300000, nelems=2, elem type=java.lang.Object[]@500000fa)
	[0]		50000e6c
	[1]		50000e6d
ARR 50000e62 (sz=24, trace=300000, nelems=2, elem type=java.lang.Object[]@500000fa)
	[0]		50000e68
	[1]		50000e69
ARR 50000e63 (sz=24, trace=300000, nelems=2, elem type=java.lang.Object[]@500000fa)
	[0]		50000e64
	[1]		50000e65
OBJ 50000e64 (sz=24, trace=300000, class=java.lang.String@500000b2)
	value		50000e67
OBJ 50000e65 (sz=24, trace=300000, class=java.lang.String@500000b2)
	value		50000e66
ARR 50000e66 (sz=16, trace=300000, nelems=8, elem type=char[])
ARR 50000e67 (sz=16, trace=300000, nelems=8, elem type=char[])
OBJ 50000e68 (sz=24, trace=300000, class=java.lang.String@500000b2)
	value		50000e6b
OBJ 50000e69 (sz=24, trace=300000, class=java.lang.String@500000b2)
	value		50000e6a
ARR 50000e6a (sz=12, trace=300000, nelems=6, elem type=char[])
ARR 50000e6b (sz=12, trace=300000, nelems=6, elem type=char[])
OBJ 50000e6c (sz=24, trace=300000, class=java.lang.String@500000b2)
	value		50000e6f
OBJ 50000e6d (sz=24, trace=300000, class=java.lang.String@500000b2)
	value		50000e6e
ARR 50000e6e (sz=12, trace=300000, nelems=6, elem type=char[])
ARR 50000e6f (sz=12, trace=300000, nelems=6, elem type=char[])
OBJ 50000e70 (sz=24, trace=300000, class=java.lang.String@500000b2)
	value		50000e73
OBJ 50000e71 (sz=24, trace=300000, class=java.lang.String@500000b2)
	value		50000e72
ARR 50000e72 (sz=24, trace=300000, nelems=12, elem type=char[])
ARR 50000e73 (sz=28, trace=300000, nelems=14, elem type=char[])
OBJ 50000e74 (sz=24, trace=300000, class=java.lang.String@500000b2)
	value		50000e77
OBJ 50000e75 (sz=24, trace=300000, class=java.lang.String@500000b2)
	value		50000e76
ARR 50000e76 (sz=24, trace=300000, nelems=12, elem type=char[])
ARR 50000e77 (sz=28, trace=300000, nelems=14, elem type=char[])
OBJ 50000e78 (sz=24, trace=300000, class=java.lang.String@500000b2)
	value		50000e85
OBJ 50000e79 (sz=24, trace=300000, class=java.lang.String@500000b2)
	value		50000e84
ARR 50000e7a (sz=24, trace=300000, nelems=3, elem type=java.lang.Object[]@500000fa)
	[0]		50000e7b
	[1]		50000e7c
	[2]		50000e7d
OBJ 50000e7b (sz=24, trace=300000, class=java.lang.String@500000b2)
	value		50000e83
OBJ 50000e7c (sz=24, trace=300000, class=java.lang.String@500000b2)
	value		50000e82
ARR 50000e7d (sz=24, trace=300000, nelems=2, elem type=java.lang.Object[]@500000fa)
	[0]		50000e7e
	[1]		50000e7f
OBJ 50000e7e (sz=24, trace=300000, class=java.lang.String@500000b2)
	value		50000e81
OBJ 50000e7f (sz=24, trace=300000, class=java.lang.String@500000b2)
	value		50000e80
ARR 50000e80 (sz=24, trace=300000, nelems=12, elem type=char[])
ARR 50000e81 (sz=28, trace=300000, nelems=14, elem type=char[])
ARR 50000e82 (sz=12, trace=300000, nelems=6, elem type=char[])
ARR 50000e83 (sz=12, trace=300000, nelems=6, elem type=char[])
ARR 50000e84 (sz=12, trace=300000, nelems=6, elem type=char[])
ARR 50000e85 (sz=16, trace=300000, nelems=8, elem type=char[])
OBJ 50000e86 (sz=24, trace=300000, class=java.lang.String@500000b2)
	value		50000e93
OBJ 50000e87 (sz=24, trace=300000, class=java.lang.String@500000b2)
	value		50000e92
ARR 50000e88 (sz=24, trace=300000, nelems=3, elem type=java.lang.Object[]@500000fa)
	[0]		50000e89
	[1]		50000e8a
	[2]		50000e8b
OBJ 50000e89 (sz=24, trace=300000, class=java.lang.String@500000b2)
	value		50000e91
OBJ 50000e8a (sz=24, trace=300000, class=java.lang.String@500000b2)
	value		50000e90
ARR 50000e8b (sz=24, trace=300000, nelems=2, elem type=java.lang.Object[]@500000fa)
	[0]		50000e8c
	[1]		50000e8d
OBJ 50000e8c (sz=24, trace=300000, class=java.lang.String@500000b2)
	value		50000e8f
OBJ 50000e8d (sz=24, trace=300000, class=java.lang.String@500000b2)
	value		50000e8e
ARR 50000e8e (sz=22, trace=300000, nelems=11, elem type=char[])
ARR 50000e8f (sz=22, trace=300000, nelems=11, elem type=char[])
ARR 50000e90 (sz=12, trace=300000, nelems=6, elem type=char[])
ARR 50000e91 (sz=12, trace=300000, nelems=6, elem type=char[])
ARR 50000e92 (sz=12, trace=300000, nelems=6, elem type=char[])
ARR 50000e93 (sz=12, trace=300000, nelems=6, elem type=char[])
OBJ 50000e94 (sz=24, trace=300000, class=java.lang.String@500000b2)
	value		50000e9c
OBJ 50000e95 (sz=24, trace=300000, class=java.lang.String@500000b2)
	value		50000e9b
ARR 50000e96 (sz=24, trace=300000, nelems=2, elem type=java.lang.Object[]@500000fa)
	[0]		50000e97
	[1]		50000e98
OBJ 50000e97 (sz=24, trace=300000, class=java.lang.String@500000b2)
	value		50000e9a
OBJ 50000e98 (sz=24, trace=300000, class=java.lang.String@500000b2)
	value		50000e99
ARR 50000e99 (sz=16, trace=300000, nelems=8, elem type=char[])
ARR 50000e9a (sz=16, trace=300000, nelems=8, elem type=char[])
ARR 50000e9b (sz=22, trace=300000, nelems=11, elem type=char[])
ARR 50000e9c (sz=22, trace=300000, nelems=11, elem type=char[])
OBJ 50000e9d (sz=24, trace=300000, class=java.lang.String@500000b2)
	value		50000ea5
OBJ 50000e9e (sz=24, trace=300000, class=java.lang.String@500000b2)
	value		50000ea4
ARR 50000e9f (sz=24, trace=300000, nelems=2, elem type=java.lang.Object[]@500000fa)
	[0]		50000ea0
	[1]		50000ea1
OBJ 50000ea0 (sz=24, trace=300000, class=java.lang.String@500000b2)
	value		50000ea3
OBJ 50000ea1 (sz=24, trace=300000, class=java.lang.String@500000b2)
	value		50000ea2
ARR 50000ea2 (sz=12, trace=300000, nelems=6, elem type=char[])
ARR 50000ea3 (sz=12, trace=300000, nelems=6, elem type=char[])
ARR 50000ea4 (sz=12, trace=300000, nelems=6, elem type=char[])
ARR 50000ea5 (sz=12, trace=300000, nelems=6, elem type=char[])
OBJ 50000ea6 (sz=24, trace=300000, class=java.lang.String@500000b2)
	value		50000ea9
OBJ 50000ea7 (sz=24, trace=300000, class=java.lang.String@500000b2)
	value		50000ea8
ARR 50000ea8 (sz=12, trace=300000, nelems=6, elem type=char[])
ARR 50000ea9 (sz=12, trace=300000, nelems=6, elem type=char[])
OBJ 50000eaa (sz=24, trace=300000, class=java.lang.String@500000b2)
	value		50000ead
OBJ 50000eab (sz=24, trace=300000, class=java.lang.String@500000b2)
	value		50000eac
ARR 50000eac (sz=12, trace=300000, nelems=6, elem type=char[])
ARR 50000ead (sz=16, trace=300000, nelems=8, elem type=char[])
OBJ 50000eae (sz=24, trace=300000, class=java.lang.String@500000b2)
	value		50000eb1
OBJ 50000eaf (sz=24, trace=300000, class=java.lang.String@500000b2)
	value		50000eb0
ARR 50000eb0 (sz=20, trace=300000, nelems=10, elem type=char[])
ARR 50000eb1 (sz=20, trace=300000, nelems=10, elem type=char[])
OBJ 50000eb2 (sz=24, trace=300000, class=java.lang.String@500000b2)
	value		50000eba
OBJ 50000eb3 (sz=24, trace=300000, class=java.lang.String@500000b2)
	value		50000eb9
ARR 50000eb4 (sz=24, trace=300000, nelems=2, elem type=java.lang.Object[]@500000fa)
	[0]		50000eb5
	[1]		50000eb6
OBJ 50000eb5 (sz=24, trace=300000, class=java.lang.String@500000b2)
	value		50000eb8
OBJ 50000eb6 (sz=24, trace=300000, class=java.lang.String@500000b2)
	value		50000eb7
ARR 50000eb7 (sz=20, trace=300000, nelems=10, elem type=char[])
ARR 50000eb8 (sz=20, trace=300000, nelems=10, elem type=char[])
ARR 50000eb9 (sz=12, trace=300000, nelems=6, elem type=char[])
ARR 50000eba (sz=16, trace=300000, nelems=8, elem type=char[])
OBJ 50000ebb (sz=24, trace=300000, class=java.lang.String@500000b2)
	value		50000ebe
OBJ 50000ebc (sz=24, trace=300000, class=java.lang.String@500000b2)
	value		50000ebd
ARR 50000ebd (sz=20, trace=300000, nelems=10, elem type=char[])
ARR 50000ebe (sz=20, trace=300000, nelems=10, elem type=char[])
OBJ 50000ebf (sz=24, trace=300000, class=java.lang.String@500000b2)
	value		50000ec7
OBJ 50000ec0 (sz=24, trace=300000, class=java.lang.String@500000b2)
	value		50000ec6
ARR 50000ec1 (sz=24, trace=300000, nelems=2, elem type=java.lang.Object[]@500000fa)
	[0]		50000ec2
	[1]		50000ec3
OBJ 50000ec2 (sz=24, trace=300000, class=java.lang.String@500000b2)
	value		50000ec5
OBJ 50000ec3 (sz=24, trace=300000, class=java.lang.String@500000b2)
	value		50000ec4
ARR 50000ec4 (sz=10, trace=300000, nelems=5, elem type=char[])
ARR 50000ec5 (sz=10, trace=300000, nelems=5, elem type=char[])
ARR 50000ec6 (sz=20, trace=300000, nelems=10, elem type=char[])
ARR 50000ec7 (sz=20, trace=300000, nelems=10, elem type=char[])
OBJ 50000ec8 (sz=24, trace=300000, class=java.lang.String@500000b2)
	value		50000ed0
OBJ 50000ec9 (sz=24, trace=300000, class=java.lang.String@500000b2)
	value		50000ecf
ARR 50000eca (sz=24, trace=300000, nelems=2, elem type=java.lang.Object[]@500000fa)
	[0]		50000ecb
	[1]		50000ecc
OBJ 50000ecb (sz=24, trace=300000, class=java.lang.String@500000b2)
	value		50000ece
OBJ 50000ecc (sz=24, trace=300000, class=java.lang.String@500000b2)
	value		50000ecd
ARR 50000ecd (sz=20, trace=300000, nelems=10, elem type=char[])
ARR 50000ece (sz=20, trace=300000, nelems=10, elem type=char[])
ARR 50000ecf (sz=20, trace=300000, nelems=10, elem type=char[])
ARR 50000ed0 (sz=20, trace=300000, nelems=10, elem type=char[])
OBJ 50000ed1 (sz=24, trace=300000, class=java.lang.String@500000b2)
	value		50000ed4
OBJ 50000ed2 (sz=24, trace=300000, class=java.lang.String@500000b2)
	value		50000ed3
ARR 50000ed3 (sz=16, trace=300000, nelems=8, elem type=char[])
ARR 50000ed4 (sz=16, trace=300000, nelems=8, elem type=char[])
OBJ 50000ed5 (sz=24, trace=300000, class=java.lang.String@500000b2)
	value		50000ed8
OBJ 50000ed6 (sz=24, trace=300000, class=java.lang.String@500000b2)
	value		50000ed7
ARR 50000ed7 (sz=12, trace=300000, nelems=6, elem type=char[])
ARR 50000ed8 (sz=24, trace=300000, nelems=12, elem type=char[])
OBJ 50000ed9 (sz=24, trace=300000, class=java.lang.String@500000b2)
	value		50000ee1
OBJ 50000eda (sz=24, trace=300000, class=java.lang.String@500000b2)
	value		50000ee0
ARR 50000edb (sz=24, trace=300000, nelems=2, elem type=java.lang.Object[]@500000fa)
	[0]		50000edc
	[1]		50000edd
OBJ 50000edc (sz=24, trace=300000, class=java.lang.String@500000b2)
	value		50000edf
OBJ 50000edd (sz=24, trace=300000, class=java.lang.String@500000b2)
	value		50000ede
ARR 50000ede (sz=12, trace=300000, nelems=6, elem type=char[])
ARR 50000edf (sz=12, trace=300000, nelems=6, elem type=char[])
ARR 50000ee0 (sz=12, trace=300000, nelems=6, elem type=char[])
ARR 50000ee1 (sz=24, trace=300000, nelems=12, elem type=char[])
OBJ 50000ee2 (sz=24, trace=300000, class=java.lang.String@500000b2)
	value		50000eef
OBJ 50000ee3 (sz=24, trace=300000, class=java.lang.String@500000b2)
	value		50000eee
ARR 50000ee4 (sz=24, trace=300000, nelems=3, elem type=java.lang.Object[]@500000fa)
	[0]		50000ee5
	[1]		50000ee6
	[2]		50000ee7
OBJ 50000ee5 (sz=24, trace=300000, class=java.lang.String@500000b2)
	value		50000eed
OBJ 50000ee6 (sz=24, trace=300000, class=java.lang.String@500000b2)
	value		50000eec
ARR 50000ee7 (sz=24, trace=300000, nelems=2, elem type=java.lang.Object[]@500000fa)
	[0]		50000ee8
	[1]		50000ee9
OBJ 50000ee8 (sz=24, trace=300000, class=java.lang.String@500000b2)
	value		50000eeb
OBJ 50000ee9 (sz=24, trace=300000, class=java.lang.String@500000b2)
	value		50000eea
ARR 50000eea (sz=16, trace=300000, nelems=8, elem type=char[])
ARR 50000eeb (sz=16, trace=300000, nelems=8, elem type=char[])
ARR 50000eec (sz=12, trace=300000, nelems=6, elem type=char[])
ARR 50000eed (sz=24, trace=300000, nelems=12, elem type=char[])
ARR 50000eee (sz=12, trace=300000, nelems=6, elem type=char[])
ARR 50000eef (sz=24, trace=300000, nelems=12, elem type=char[])
OBJ 50000ef0 (sz=24, trace=300000, class=java.lang.String@500000b2)
	value		50000ef8
OBJ 50000ef1 (sz=24, trace=300000, class=java.lang.String@500000b2)
	value		50000ef7
ARR 50000ef2 (sz=24, trace=300000, nelems=2, elem type=java.lang.Object[]@500000fa)
	[0]		50000ef3
	[1]		50000ef4
OBJ 50000ef3 (sz=24, trace=300000, class=java.lang.String@500000b2)
	value		50000ef6
OBJ 50000ef4 (sz=24, trace=300000, class=java.lang.String@500000b2)
	value		50000ef5
ARR 50000ef5 (sz=12, trace=300000, nelems=6, elem type=char[])
ARR 50000ef6 (sz=24, trace=300000, nelems=12, elem type=char[])
ARR 50000ef7 (sz=12, trace=300000, nelems=6, elem type=char[])
ARR 50000ef8 (sz=24, trace=300000, nelems=12, elem type=char[])
OBJ 50000ef9 (sz=24, trace=300000, class=java.lang.String@500000b2)
	value		50000f06
OBJ 50000efa (sz=24, trace=300000, class=java.lang.String@500000b2)
	value		50000f05
ARR 50000efb (sz=24, trace=300000, nelems=3, elem type=java.lang.Object[]@500000fa)
	[0]		50000efc
	[1]		50000efd
	[2]		50000efe
OBJ 50000efc (sz=24, trace=300000, class=java.lang.String@500000b2)
	value		50000f04
OBJ 50000efd (sz=24, trace=300000, class=java.lang.String@500000b2)
	value		50000f03
ARR 50000efe (sz=24, trace=300000, nelems=2, elem type=java.lang.Object[]@500000fa)
	[0]		50000eff
	[1]		50000f00
OBJ 50000eff (sz=24, trace=300000, class=java.lang.String@500000b2)
	value		50000f02
OBJ 50000f00 (sz=24, trace=300000, class=java.lang.String@500000b2)
	value		50000f01
ARR 50000f01 (sz=16, trace=300000, nelems=8, elem type=char[])
ARR 50000f02 (sz=16, trace=300000, nelems=8, elem type=char[])
ARR 50000f03 (sz=12, trace=300000, nelems=6, elem type=char[])
ARR 50000f04 (sz=12, trace=300000, nelems=6, elem type=char[])
ARR 50000f05 (sz=12, trace=300000, nelems=6, elem type=char[])
ARR 50000f06 (sz=12, trace=300000, nelems=6, elem type=char[])
OBJ 50000f07 (sz=24, trace=300000, class=java.lang.String@500000b2)
	value		50000f0a
OBJ 50000f08 (sz=24, trace=300000, class=java.lang.String@500000b2)
	value		50000f09
ARR 50000f09 (sz=12, trace=300000, nelems=6, elem type=char[])
ARR 50000f0a (sz=12, trace=300000, nelems=6, elem type=char[])
ARR 50000f0b (sz=4112, trace=300000, nelems=1016, elem type=java.lang.Object[]@500000fa)
	[1]		50000f0c
	[2]		50000f0d
	[3]		50000f0e
	[5]		50000f0f
	[6]		50000f10
	[10]		50000f11
	[19]		50000f12
	[24]		50000f13
	[25]		50000f14
	[26]		50000f15
	[28]		50000f16
	[29]		50000f17
	[55]		50000f18
	[58]		50000f19
	[86]		50000f1a
	[87]		50000f1b
	[89]		50000f1c
	[90]		50000f1d
	[92]		50000f1e
	[94]		50000f1f
	[95]		50000f20
	[96]		50000f21
	[106]		50000f22
	[121]		50000f23
	[125]		50000f24
	[134]		50000f25
	[137]		50000f26
	[141]		50000f27
	[143]		50000f28
	[144]		50000f29
	[170]		50000f2a
	[173]		50000f2b
	[177]		50000f2c
	[192]		50000f2d
	[199]		50000f2e
	[205]		50000f2f
	[211]		50000f30
	[213]		50000f31
	[216]		50000f32
	[218]		50000f33
	[219]		50000f34
	[225]		50000f35
	[244]		50000f36
	[248]		50000f37
	[253]		50000f38
	[254]		50000f39
	[259]		50000f3a
	[269]		50000f3b
	[277]		50000f3c
	[280]		50000f3d
	[283]		50000f3e
	[284]		50000f3f
	[286]		50000f40
	[287]		50000f41
	[289]		50000f42
	[291]		50000f43
	[294]		50000f44
	[296]		50000f45
	[297]		50000f46
	[305]		50000f47
	[307]		50000f48
	[312]		50000f49
	[321]		50000f4a
	[323]		50000f4b
	[324]		50000f4c
	[325]		50000f4d
	[326]		50000f4e
	[327]		50000f4f
	[328]		50000f50
	[329]		50000f51
	[331]		50000f52
	[333]		50000f53
	[334]		50000f54
	[336]		50000f55
	[339]		50000f56
	[341]		50000f57
	[345]		50000f58
	[350]		50000f59
	[353]		50000f5a
	[358]		50000f5b
	[359]		50000f5c
	[363]		50000f5d
	[364]		50000f5e
	[378]		50000f5f
	[385]		50000f60
	[391]		50000f61
	[392]		50000f62
	[405]		50000f63
	[406]		50000f64
	[408]		50000f65
	[421]		50000f66
	[428]		50000f67
	[429]		50000f68
	[430]		50000f69
	[432]		50000f6a
	[433]		50000f6b
	[436]		50000f6c
	[437]		50000f6d
	[438]		50000f6e
	[443]		50000f6f
	[456]		50000f70
	[473]		50000f71
	[479]		50000f72
	[481]		50000f73
	[484]		50000f74
	[486]		50000f75
	[487]		50000f76
	[502]		50000f77
	[506]		50000f78
	[508]		50000f79
	[511]		50000f7a
	[512]		50000f7b
	[513]		50000f7c
	[514]		50000f7d
	[516]		50000f7e
	[520]		50000f7f
	[523]		50000f80
	[524]		50000f81
	[533]		50000f82
	[537]		50000f83
	[539]		50000f84
	[543]		50000f85
	[545]		50000f86
	[563]		50000f87
	[572]		50000f88
	[573]		50000f89
	[577]		50000f8a
	[582]		50000f8b
	[583]		50000f8c
	[588]		50000f8d
	[593]		50000f8e
	[598]		50000f8f
	[609]		50000f90
	[617]		50000f91
	[618]		50000f92
	[619]		50000f93
	[620]		50000f94
	[621]		50000f95
	[624]		50000f96
	[628]		50000f97
	[632]		50000f98
	[634]		50000f99
	[635]		50000f9a
	[636]		50000f9b
	[654]		50000f9c
	[669]		50000f9d
	[670]		50000f9e
	[671]		50000f9f
	[676]		50000fa0
	[679]		50000fa1
	[686]		50000fa2
	[703]		50000fa3
	[710]		50000fa4
	[712]		50000fa5
	[732]		50000fa6
	[733]		50000fa7
	[768]		50000fa8
	[774]		50000fa9
	[781]		50000faa
	[782]		50000fab
	[783]		50000fac
	[784]		50000fad
	[785]		50000fae
	[787]		50000faf
	[789]		50000fb0
	[813]		50000fb1
	[818]		50000fb2
	[832]		50000fb3
	[834]		50000fb4
	[835]		50000fb5
	[836]		50000fb6
	[837]		50000fb7
	[838]		50000fb8
	[840]		50000fb9
	[842]		50000fba
	[843]		50000fbb
	[846]		50000fbc
	[849]		50000fbd
	[881]		50000fbe
	[896]		50000fbf
	[909]		50000fc0
	[910]		50000fc1
	[911]		50000fc2
	[912]		50000fc3
	[925]		50000fc4
	[934]		50000fc5
	[937]		50000fc6
	[944]		50000fc7
	[957]		50000fc8
	[993]		50000fc9
	[1009]		50000fca
	[1015]		50000fcb
ARR 50000f0c (sz=24, trace=300000, nelems=2, elem type=java.lang.Object[]@500000fa)
	[0]		5000116b
	[1]		50000e8c
ARR 50000f0d (sz=24, trace=300000, nelems=2, elem type=java.lang.Object[]@500000fa)
	[0]		50001169
	[1]		50000ecb
ARR 50000f0e (sz=24, trace=300000, nelems=2, elem type=java.lang.Object[]@500000fa)
	[0]		50001167
	[1]		50000ec8
ARR 50000f0f (sz=24, trace=300000, nelems=2, elem type=java.lang.Object[]@500000fa)
	[0]		50001165
	[1]		50000ebf
ARR 50000f10 (sz=24, trace=300000, nelems=2, elem type=java.lang.Object[]@500000fa)
	[0]		50001163
	[1]		50000eae
ARR 50000f11 (sz=24, trace=300000, nelems=2, elem type=java.lang.Object[]@500000fa)
	[0]		50001161
	[1]		50000e8c
ARR 50000f12 (sz=24, trace=300000, nelems=2, elem type=java.lang.Object[]@500000fa)
	[0]		5000115f
	[1]		50000e74
ARR 50000f13 (sz=24, trace=300000, nelems=2, elem type=java.lang.Object[]@500000fa)
	[0]		5000115d
	[1]		50000e97
ARR 50000f14 (sz=24, trace=300000, nelems=2, elem type=java.lang.Object[]@500000fa)
	[0]		5000115b
	[1]		50000eb5
ARR 50000f15 (sz=24, trace=300000, nelems=2, elem type=java.lang.Object[]@500000fa)
	[0]		50001159
	[1]		50000ec8
ARR 50000f16 (sz=24, trace=300000, nelems=2, elem type=java.lang.Object[]@500000fa)
	[0]		50001157
	[1]		50000ebf
ARR 50000f17 (sz=24, trace=300000, nelems=2, elem type=java.lang.Object[]@500000fa)
	[0]		50001155
	[1]		50000ebb
ARR 50000f18 (sz=24, trace=300000, nelems=2, elem type=java.lang.Object[]@500000fa)
	[0]		50001153
	[1]		50000eae
ARR 50000f19 (sz=24, trace=300000, nelems=2, elem type=java.lang.Object[]@500000fa)
	[0]		50001151
	[1]		50000e8c
ARR 50000f1a (sz=24, trace=300000, nelems=3, elem type=java.lang.Object[]@500000fa)
	[0]		5000114c
	[1]		50000ebb
	[2]		5000114d
ARR 50000f1b (sz=24, trace=300000, nelems=2, elem type=java.lang.Object[]@500000fa)
	[0]		5000114a
	[1]		50000ec8
ARR 50000f1c (sz=24, trace=300000, nelems=2, elem type=java.lang.Object[]@500000fa)
	[0]		50001148
	[1]		50000ebf
ARR 50000f1d (sz=24, trace=300000, nelems=3, elem type=java.lang.Object[]@500000fa)
	[0]		50001143
	[1]		50000eb5
	[2]		50001144
ARR 50000f1e (sz=24, trace=300000, nelems=2, elem type=java.lang.Object[]@500000fa)
	[0]		50001141
	[1]		50000eb5
ARR 50000f1f (sz=24, trace=300000, nelems=2, elem type=java.lang.Object[]@500000fa)
	[0]		5000113f
	[1]		50000eae
ARR 50000f20 (sz=24, trace=300000, nelems=2, elem type=java.lang.Object[]@500000fa)
	[0]		5000113d
	[1]		50000ecb
ARR 50000f21 (sz=24, trace=300000, nelems=2, elem type=java.lang.Object[]@500000fa)
	[0]		5000113b
	[1]		50000ecb
ARR 50000f22 (sz=24, trace=300000, nelems=2, elem type=java.lang.Object[]@500000fa)
	[0]		50001139
	[1]		50000ec2
ARR 50000f23 (sz=24, trace=300000, nelems=2, elem type=java.lang.Object[]@500000fa)
	[0]		50001137
	[1]		50000eff
ARR 50000f24 (sz=24, trace=300000, nelems=2, elem type=java.lang.Object[]@500000fa)
	[0]		50001135
	[1]		50000eb5
ARR 50000f25 (sz=24, trace=300000, nelems=2, elem type=java.lang.Object[]@500000fa)
	[0]		50001133
	[1]		50000e6c
ARR 50000f26 (sz=24, trace=300000, nelems=2, elem type=java.lang.Object[]@500000fa)
	[0]		50001131
	[1]		50000e68
ARR 50000f27 (sz=24, trace=300000, nelems=2, elem type=java.lang.Object[]@500000fa)
	[0]		5000112f
	[1]		50000ec8
ARR 50000f28 (sz=24, trace=300000, nelems=2, elem type=java.lang.Object[]@500000fa)
	[0]		5000112d
	[1]		50000ebf
ARR 50000f29 (sz=24, trace=300000, nelems=2, elem type=java.lang.Object[]@500000fa)
	[0]		5000112b
	[1]		50000ebb
ARR 50000f2a (sz=24, trace=300000, nelems=2, elem type=java.lang.Object[]@500000fa)
	[0]		50001129
	[1]		50000eae
ARR 50000f2b (sz=24, trace=300000, nelems=2, elem type=java.lang.Object[]@500000fa)
	[0]		50001127
	[1]		50000e8c
ARR 50000f2c (sz=24, trace=300000, nelems=2, elem type=java.lang.Object[]@500000fa)
	[0]		50001125
	[1]		50000e7e
ARR 50000f2d (sz=24, trace=300000, nelems=2, elem type=java.lang.Object[]@500000fa)
	[0]		50001123
	[1]		50000ed1
ARR 50000f2e (sz=24, trace=300000, nelems=3, elem type=java.lang.Object[]@500000fa)
	[0]		5000111e
	[1]		50000e89
	[2]		5000111f
ARR 50000f2f (sz=24, trace=300000, nelems=2, elem type=java.lang.Object[]@500000fa)
	[0]		5000111c
	[1]		50000eb5
ARR 50000f30 (sz=24, trace=300000, nelems=3, elem type=java.lang.Object[]@500000fa)
	[0]		50001117
	[1]		50000ea6
	[2]		50001118
ARR 50000f31 (sz=24, trace=300000, nelems=2, elem type=java.lang.Object[]@500000fa)
	[0]		50001115
	[1]		50000e9d
ARR 50000f32 (sz=24, trace=300000, nelems=2, elem type=java.lang.Object[]@500000fa)
	[0]		50001113
	[1]		50000e86
ARR 50000f33 (sz=24, trace=300000, nelems=3, elem type=java.lang.Object[]@500000fa)
	[0]		5000110e
	[1]		50000e7b
	[2]		5000110f
ARR 50000f34 (sz=24, trace=300000, nelems=3, elem type=java.lang.Object[]@500000fa)
	[0]		50001109
	[1]		50000e78
	[2]		5000110a
ARR 50000f35 (sz=24, trace=300000, nelems=2, elem type=java.lang.Object[]@500000fa)
	[0]		50001107
	[1]		50000e97
ARR 50000f36 (sz=24, trace=300000, nelems=2, elem type=java.lang.Object[]@500000fa)
	[0]		50001105
	[1]		50000f07
ARR 50000f37 (sz=24, trace=300000, nelems=2, elem type=java.lang.Object[]@500000fa)
	[0]		50001103
	[1]		50000ef9
ARR 50000f38 (sz=24, trace=300000, nelems=2, elem type=java.lang.Object[]@500000fa)
	[0]		50001101
	[1]		50000ee8
ARR 50000f39 (sz=24, trace=300000, nelems=2, elem type=java.lang.Object[]@500000fa)
	[0]		500010ff
	[1]		50000ec8
ARR 50000f3a (sz=24, trace=300000, nelems=2, elem type=java.lang.Object[]@500000fa)
	[0]		500010fd
	[1]		50000edc
ARR 50000f3b (sz=24, trace=300000, nelems=2, elem type=java.lang.Object[]@500000fa)
	[0]		500010fb
	[1]		50000e8c
ARR 50000f3c (sz=24, trace=300000, nelems=2, elem type=java.lang.Object[]@500000fa)
	[0]		500010f9
	[1]		50000eb2
ARR 50000f3d (sz=24, trace=300000, nelems=2, elem type=java.lang.Object[]@500000fa)
	[0]		500010f7
	[1]		50000eff
ARR 50000f3e (sz=24, trace=300000, nelems=2, elem type=java.lang.Object[]@500000fa)
	[0]		500010f5
	[1]		50000ecb
ARR 50000f3f (sz=24, trace=300000, nelems=2, elem type=java.lang.Object[]@500000fa)
	[0]		500010f3
	[1]		50000ec8
ARR 50000f40 (sz=24, trace=300000, nelems=2, elem type=java.lang.Object[]@500000fa)
	[0]		500010f1
	[1]		50000ebf
ARR 50000f41 (sz=24, trace=300000, nelems=2, elem type=java.lang.Object[]@500000fa)
	[0]		500010ef
	[1]		50000ebb
ARR 50000f42 (sz=24, trace=300000, nelems=2, elem type=java.lang.Object[]@500000fa)
	[0]		500010ed
	[1]		50000eb5
ARR 50000f43 (sz=24, trace=300000, nelems=2, elem type=java.lang.Object[]@500000fa)
	[0]		500010eb
	[1]		50000eae
ARR 50000f44 (sz=24, trace=300000, nelems=2, elem type=java.lang.Object[]@500000fa)
	[0]		500010e9
	[1]		50000ec8
ARR 50000f45 (sz=24, trace=300000, nelems=2, elem type=java.lang.Object[]@500000fa)
	[0]		500010e7
	[1]		50000ebf
ARR 50000f46 (sz=24, trace=300000, nelems=2, elem type=java.lang.Object[]@500000fa)
	[0]		500010e5
	[1]		50000ebb
ARR 50000f47 (sz=24, trace=300000, nelems=2, elem type=java.lang.Object[]@500000fa)
	[0]		500010e3
	[1]		50000e94
ARR 50000f48 (sz=24, trace=300000, nelems=2, elem type=java.lang.Object[]@500000fa)
	[0]		500010e1
	[1]		50000e8c
ARR 50000f49 (sz=24, trace=300000, nelems=3, elem type=java.lang.Object[]@500000fa)
	[0]		500010dc
	[1]		50000eb5
	[2]		500010dd
ARR 50000f4a (sz=24, trace=300000, nelems=2, elem type=java.lang.Object[]@500000fa)
	[0]		500010da
	[1]		50000ec8
ARR 50000f4b (sz=24, trace=300000, nelems=3, elem type=java.lang.Object[]@500000fa)
	[0]		500010d5
	[1]		50000eae
	[2]		500010d6
ARR 50000f4c (sz=24, trace=300000, nelems=2, elem type=java.lang.Object[]@500000fa)
	[0]		500010d3
	[1]		50000ebb
ARR 50000f4d (sz=24, trace=300000, nelems=2, elem type=java.lang.Object[]@500000fa)
	[0]		500010d1
	[1]		50000ecb
ARR 50000f4e (sz=24, trace=300000, nelems=3, elem type=java.lang.Object[]@500000fa)
	[0]		500010c9
	[1]		50000ea6
	[2]		500010ca
ARR 50000f4f (sz=24, trace=300000, nelems=2, elem type=java.lang.Object[]@500000fa)
	[0]		500010c7
	[1]		50000ebb
ARR 50000f50 (sz=24, trace=300000, nelems=3, elem type=java.lang.Object[]@500000fa)
	[0]		500010c2
	[1]		50000e9d
	[2]		500010c3
ARR 50000f51 (sz=24, trace=300000, nelems=2, elem type=java.lang.Object[]@500000fa)
	[0]		500010c0
	[1]		50000eae
ARR 50000f52 (sz=24, trace=300000, nelems=2, elem type=java.lang.Object[]@500000fa)
	[0]		500010be
	[1]		50000e86
ARR 50000f53 (sz=24, trace=300000, nelems=3, elem type=java.lang.Object[]@500000fa)
	[0]		500010b9
	[1]		50000e7b
	[2]		500010ba
ARR 50000f54 (sz=24, trace=300000, nelems=3, elem type=java.lang.Object[]@500000fa)
	[0]		500010b4
	[1]		50000e78
	[2]		500010b5
ARR 50000f55 (sz=24, trace=300000, nelems=2, elem type=java.lang.Object[]@500000fa)
	[0]		500010b2
	[1]		50000ecb
ARR 50000f56 (sz=24, trace=300000, nelems=2, elem type=java.lang.Object[]@500000fa)
	[0]		500010b0
	[1]		50000e6c
ARR 50000f57 (sz=24, trace=300000, nelems=2, elem type=java.lang.Object[]@500000fa)
	[0]		500010ae
	[1]		50000ea0
ARR 50000f58 (sz=24, trace=300000, nelems=2, elem type=java.lang.Object[]@500000fa)
	[0]		500010ac
	[1]		50000eae
ARR 50000f59 (sz=24, trace=300000, nelems=2, elem type=java.lang.Object[]@500000fa)
	[0]		500010aa
	[1]		50000eae
ARR 50000f5a (sz=24, trace=300000, nelems=2, elem type=java.lang.Object[]@500000fa)
	[0]		500010a8
	[1]		50000e8c
ARR 50000f5b (sz=24, trace=300000, nelems=2, elem type=java.lang.Object[]@500000fa)
	[0]		500010a6
	[1]		50000eb5
ARR 50000f5c (sz=24, trace=300000, nelems=2, elem type=java.lang.Object[]@500000fa)
	[0]		500010a4
	[1]		50000f07
ARR 50000f5d (sz=24, trace=300000, nelems=2, elem type=java.lang.Object[]@500000fa)
	[0]		500010a2
	[1]		50000ef9
ARR 50000f5e (sz=24, trace=300000, nelems=2, elem type=java.lang.Object[]@500000fa)
	[0]		500010a0
	[1]		50000ecb
ARR 50000f5f (sz=24, trace=300000, nelems=2, elem type=java.lang.Object[]@500000fa)
	[0]		5000109e
	[1]		50000e97
ARR 50000f60 (sz=24, trace=300000, nelems=2, elem type=java.lang.Object[]@500000fa)
	[0]		5000109c
	[1]		50000eb5
ARR 50000f61 (sz=24, trace=300000, nelems=2, elem type=java.lang.Object[]@500000fa)
	[0]		5000109a
	[1]		50000ecb
ARR 50000f62 (sz=24, trace=300000, nelems=2, elem type=java.lang.Object[]@500000fa)
	[0]		50001098
	[1]		50000eb2
ARR 50000f63 (sz=24, trace=300000, nelems=2, elem type=java.lang.Object[]@500000fa)
	[0]		50001096
	[1]		50000ecb
ARR 50000f64 (sz=24, trace=300000, nelems=2, elem type=java.lang.Object[]@500000fa)
	[0]		50001094
	[1]		50000ec8
ARR 50000f65 (sz=24, trace=300000, nelems=2, elem type=java.lang.Object[]@500000fa)
	[0]		50001092
	[1]		50000e89
ARR 50000f66 (sz=24, trace=300000, nelems=2, elem type=java.lang.Object[]@500000fa)
	[0]		50000e8c
	[1]		50000e8c
ARR 50000f67 (sz=24, trace=300000, nelems=2, elem type=java.lang.Object[]@500000fa)
	[0]		50001090
	[1]		50000e8c
ARR 50000f68 (sz=24, trace=300000, nelems=2, elem type=java.lang.Object[]@500000fa)
	[0]		5000108e
	[1]		50000ecb
ARR 50000f69 (sz=24, trace=300000, nelems=2, elem type=java.lang.Object[]@500000fa)
	[0]		5000108c
	[1]		50000ec8
ARR 50000f6a (sz=24, trace=300000, nelems=2, elem type=java.lang.Object[]@500000fa)
	[0]		5000108a
	[1]		50000ebf
ARR 50000f6b (sz=24, trace=300000, nelems=2, elem type=java.lang.Object[]@500000fa)
	[0]		50001088
	[1]		50000eae
ARR 50000f6c (sz=24, trace=300000, nelems=2, elem type=java.lang.Object[]@500000fa)
	[0]		50001086
	[1]		50000ebf
ARR 50000f6d (sz=24, trace=300000, nelems=2, elem type=java.lang.Object[]@500000fa)
	[0]		50001084
	[1]		50000e8c
ARR 50000f6e (sz=24, trace=300000, nelems=2, elem type=java.lang.Object[]@500000fa)
	[0]		50001082
	[1]		50000e97
ARR 50000f6f (sz=24, trace=300000, nelems=2, elem type=java.lang.Object[]@500000fa)
	[0]		50001080
	[1]		50000e70
ARR 50000f70 (sz=24, trace=300000, nelems=2, elem type=java.lang.Object[]@500000fa)
	[0]		5000107e
	[1]		50000ea0
ARR 50000f71 (sz=24, trace=300000, nelems=2, elem type=java.lang.Object[]@500000fa)
	[0]		5000107c
	[1]		50000eb5
ARR 50000f72 (sz=24, trace=300000, nelems=2, elem type=java.lang.Object[]@500000fa)
	[0]		50000ea6
	[1]		50000ea6
ARR 50000f73 (sz=24, trace=300000, nelems=2, elem type=java.lang.Object[]@500000fa)
	[0]		50000e9d
	[1]		50000e9d
ARR 50000f74 (sz=24, trace=300000, nelems=2, elem type=java.lang.Object[]@500000fa)
	[0]		50000e86
	[1]		50000e86
ARR 50000f75 (sz=24, trace=300000, nelems=2, elem type=java.lang.Object[]@500000fa)
	[0]		50000e7b
	[1]		50000e7b
ARR 50000f76 (sz=24, trace=300000, nelems=2, elem type=java.lang.Object[]@500000fa)
	[0]		5000107a
	[1]		50000eaa
ARR 50000f77 (sz=24, trace=300000, nelems=2, elem type=java.lang.Object[]@500000fa)
	[0]		50001078
	[1]		50000eff
ARR 50000f78 (sz=24, trace=300000, nelems=2, elem type=java.lang.Object[]@500000fa)
	[0]		50001076
	[1]		50000ea6
ARR 50000f79 (sz=24, trace=300000, nelems=2, elem type=java.lang.Object[]@500000fa)
	[0]		50001074
	[1]		50000e9d
ARR 50000f7a (sz=24, trace=300000, nelems=2, elem type=java.lang.Object[]@500000fa)
	[0]		50001072
	[1]		50000e86
ARR 50000f7b (sz=24, trace=300000, nelems=2, elem type=java.lang.Object[]@500000fa)
	[0]		50000f07
	[1]		50000f07
ARR 50000f7c (sz=24, trace=300000, nelems=2, elem type=java.lang.Object[]@500000fa)
	[0]		50001070
	[1]		50000e7b
ARR 50000f7d (sz=24, trace=300000, nelems=2, elem type=java.lang.Object[]@500000fa)
	[0]		5000106e
	[1]		50000eaa
ARR 50000f7e (sz=24, trace=300000, nelems=2, elem type=java.lang.Object[]@500000fa)
	[0]		50000ef9
	[1]		50000ef9
ARR 50000f7f (sz=24, trace=300000, nelems=2, elem type=java.lang.Object[]@500000fa)
	[0]		5000106c
	[1]		50000ed1
ARR 50000f80 (sz=24, trace=300000, nelems=2, elem type=java.lang.Object[]@500000fa)
	[0]		5000106a
	[1]		50000e89
ARR 50000f81 (sz=24, trace=300000, nelems=2, elem type=java.lang.Object[]@500000fa)
	[0]		50001068
	[1]		50000edc
ARR 50000f82 (sz=24, trace=300000, nelems=2, elem type=java.lang.Object[]@500000fa)
	[0]		50001066
	[1]		50000ebb
ARR 50000f83 (sz=24, trace=300000, nelems=2, elem type=java.lang.Object[]@500000fa)
	[0]		50001064
	[1]		50000eae
ARR 50000f84 (sz=24, trace=300000, nelems=2, elem type=java.lang.Object[]@500000fa)
	[0]		50001062
	[1]		50000f07
ARR 50000f85 (sz=24, trace=300000, nelems=2, elem type=java.lang.Object[]@500000fa)
	[0]		50001060
	[1]		50000ef9
ARR 50000f86 (sz=24, trace=300000, nelems=2, elem type=java.lang.Object[]@500000fa)
	[0]		5000105e
	[1]		50000eb2
ARR 50000f87 (sz=24, trace=300000, nelems=2, elem type=java.lang.Object[]@500000fa)
	[0]		5000105c
	[1]		50000e64
ARR 50000f88 (sz=24, trace=300000, nelems=2, elem type=java.lang.Object[]@500000fa)
	[0]		5000105a
	[1]		50000eb2
ARR 50000f89 (sz=24, trace=300000, nelems=2, elem type=java.lang.Object[]@500000fa)
	[0]		50001058
	[1]		50000ebf
ARR 50000f8a (sz=24, trace=300000, nelems=2, elem type=java.lang.Object[]@500000fa)
	[0]		50001056
	[1]		50000e97
ARR 50000f8b (sz=24, trace=300000, nelems=2, elem type=java.lang.Object[]@500000fa)
	[0]		50001054
	[1]		50000efc
ARR 50000f8c (sz=24, trace=300000, nelems=2, elem type=java.lang.Object[]@500000fa)
	[0]		50001052
	[1]		50000e78
ARR 50000f8d (sz=24, trace=300000, nelems=2, elem type=java.lang.Object[]@500000fa)
	[0]		50001050
	[1]		50000eb5
ARR 50000f8e (sz=24, trace=300000, nelems=2, elem type=java.lang.Object[]@500000fa)
	[0]		5000104e
	[1]		50000eb5
ARR 50000f8f (sz=24, trace=300000, nelems=2, elem type=java.lang.Object[]@500000fa)
	[0]		5000104c
	[1]		50000e7b
ARR 50000f90 (sz=24, trace=300000, nelems=2, elem type=java.lang.Object[]@500000fa)
	[0]		50000ea0
	[1]		50000ea0
ARR 50000f91 (sz=24, trace=300000, nelems=2, elem type=java.lang.Object[]@500000fa)
	[0]		5000104a
	[1]		50000ef3
ARR 50000f92 (sz=24, trace=300000, nelems=2, elem type=java.lang.Object[]@500000fa)
	[0]		50001048
	[1]		50000ef0
ARR 50000f93 (sz=24, trace=300000, nelems=2, elem type=java.lang.Object[]@500000fa)
	[0]		50001046
	[1]		50000ee5
ARR 50000f94 (sz=24, trace=300000, nelems=2, elem type=java.lang.Object[]@500000fa)
	[0]		50001044
	[1]		50000ee2
ARR 50000f95 (sz=24, trace=300000, nelems=2, elem type=java.lang.Object[]@500000fa)
	[0]		50001042
	[1]		50000ed9
ARR 50000f96 (sz=24, trace=300000, nelems=3, elem type=java.lang.Object[]@500000fa)
	[0]		5000103d
	[1]		50000f07
	[2]		5000103e
ARR 50000f97 (sz=24, trace=300000, nelems=2, elem type=java.lang.Object[]@500000fa)
	[0]		5000103b
	[1]		50000ef9
ARR 50000f98 (sz=24, trace=300000, nelems=2, elem type=java.lang.Object[]@500000fa)
	[0]		50001039
	[1]		50000e94
ARR 50000f99 (sz=24, trace=300000, nelems=3, elem type=java.lang.Object[]@500000fa)
	[0]		50001034
	[1]		50000e8c
	[2]		50001035
ARR 50000f9a (sz=24, trace=300000, nelems=2, elem type=java.lang.Object[]@500000fa)
	[0]		50001032
	[1]		50000e70
ARR 50000f9b (sz=24, trace=300000, nelems=2, elem type=java.lang.Object[]@500000fa)
	[0]		50001030
	[1]		50000ea0
ARR 50000f9c (sz=24, trace=300000, nelems=2, elem type=java.lang.Object[]@500000fa)
	[0]		5000102e
	[1]		50000e78
ARR 50000f9d (sz=24, trace=300000, nelems=2, elem type=java.lang.Object[]@500000fa)
	[0]		5000102c
	[1]		50000e94
ARR 50000f9e (sz=24, trace=300000, nelems=2, elem type=java.lang.Object[]@500000fa)
	[0]		5000102a
	[1]		50000e97
ARR 50000f9f (sz=24, trace=300000, nelems=2, elem type=java.lang.Object[]@500000fa)
	[0]		50001028
	[1]		50000e8c
ARR 50000fa0 (sz=24, trace=300000, nelems=2, elem type=java.lang.Object[]@500000fa)
	[0]		50000e89
	[1]		50000e89
ARR 50000fa1 (sz=24, trace=300000, nelems=2, elem type=java.lang.Object[]@500000fa)
	[0]		50001026
	[1]		50000e97
ARR 50000fa2 (sz=24, trace=300000, nelems=2, elem type=java.lang.Object[]@500000fa)
	[0]		50001024
	[1]		50000ed1
ARR 50000fa3 (sz=24, trace=300000, nelems=2, elem type=java.lang.Object[]@500000fa)
	[0]		50001022
	[1]		50000e89
ARR 50000fa4 (sz=24, trace=300000, nelems=2, elem type=java.lang.Object[]@500000fa)
	[0]		50001020
	[1]		50000e94
ARR 50000fa5 (sz=24, trace=300000, nelems=2, elem type=java.lang.Object[]@500000fa)
	[0]		5000101e
	[1]		50000e8c
ARR 50000fa6 (sz=24, trace=300000, nelems=2, elem type=java.lang.Object[]@500000fa)
	[0]		5000101c
	[1]		50000ebb
ARR 50000fa7 (sz=24, trace=300000, nelems=2, elem type=java.lang.Object[]@500000fa)
	[0]		5000101a
	[1]		50000edc
ARR 50000fa8 (sz=24, trace=300000, nelems=2, elem type=java.lang.Object[]@500000fa)
	[0]		50001018
	[1]		50000eb5
ARR 50000fa9 (sz=24, trace=300000, nelems=2, elem type=java.lang.Object[]@500000fa)
	[0]		50001016
	[1]		50000e97
ARR 50000faa (sz=24, trace=300000, nelems=2, elem type=java.lang.Object[]@500000fa)
	[0]		50001014
	[1]		50000ecb
ARR 50000fab (sz=24, trace=300000, nelems=2, elem type=java.lang.Object[]@500000fa)
	[0]		50001012
	[1]		50000ec8
ARR 50000fac (sz=24, trace=300000, nelems=2, elem type=java.lang.Object[]@500000fa)
	[0]		50001010
	[1]		50000e6c
ARR 50000fad (sz=24, trace=300000, nelems=2, elem type=java.lang.Object[]@500000fa)
	[0]		5000100e
	[1]		50000ebf
ARR 50000fae (sz=24, trace=300000, nelems=2, elem type=java.lang.Object[]@500000fa)
	[0]		5000100c
	[1]		50000ebb
ARR 50000faf (sz=24, trace=300000, nelems=2, elem type=java.lang.Object[]@500000fa)
	[0]		5000100a
	[1]		50000eb5
ARR 50000fb0 (sz=24, trace=300000, nelems=2, elem type=java.lang.Object[]@500000fa)
	[0]		50001008
	[1]		50000eae
ARR 50000fb1 (sz=24, trace=300000, nelems=2, elem type=java.lang.Object[]@500000fa)
	[0]		50001006
	[1]		50000e78
ARR 50000fb2 (sz=24, trace=300000, nelems=2, elem type=java.lang.Object[]@500000fa)
	[0]		50001004
	[1]		50000f07
ARR 50000fb3 (sz=24, trace=300000, nelems=2, elem type=java.lang.Object[]@500000fa)
	[0]		50001002
	[1]		50000e97
ARR 50000fb4 (sz=24, trace=300000, nelems=2, elem type=java.lang.Object[]@500000fa)
	[0]		50001000
	[1]		50000ecb
ARR 50000fb5 (sz=24, trace=300000, nelems=3, elem type=java.lang.Object[]@500000fa)
	[0]		50000ffb
	[1]		50000ec8
	[2]		50000ffc
ARR 50000fb6 (sz=24, trace=300000, nelems=2, elem type=java.lang.Object[]@500000fa)
	[0]		50000ff9
	[1]		50000eb5
ARR 50000fb7 (sz=24, trace=300000, nelems=2, elem type=java.lang.Object[]@500000fa)
	[0]		50000ff7
	[1]		50000ebf
ARR 50000fb8 (sz=24, trace=300000, nelems=2, elem type=java.lang.Object[]@500000fa)
	[0]		50000ff5
	[1]		50000ebb
ARR 50000fb9 (sz=24, trace=300000, nelems=3, elem type=java.lang.Object[]@500000fa)
	[0]		50000ff0
	[1]		50000e9d
	[2]		50000ff1
ARR 50000fba (sz=24, trace=300000, nelems=2, elem type=java.lang.Object[]@500000fa)
	[0]		50000fee
	[1]		50000eae
ARR 50000fbb (sz=24, trace=300000, nelems=2, elem type=java.lang.Object[]@500000fa)
	[0]		50000fec
	[1]		50000e86
ARR 50000fbc (sz=24, trace=300000, nelems=2, elem type=java.lang.Object[]@500000fa)
	[0]		50000fea
	[1]		50000e89
ARR 50000fbd (sz=24, trace=300000, nelems=2, elem type=java.lang.Object[]@500000fa)
	[0]		50000fe8
	[1]		50000e97
ARR 50000fbe (sz=24, trace=300000, nelems=2, elem type=java.lang.Object[]@500000fa)
	[0]		50000fe6
	[1]		50000ec2
ARR 50000fbf (sz=24, trace=300000, nelems=2, elem type=java.lang.Object[]@500000fa)
	[0]		50000fe4
	[1]		50000e97
ARR 50000fc0 (sz=24, trace=300000, nelems=2, elem type=java.lang.Object[]@500000fa)
	[0]		50000fe2
	[1]		50000ef3
ARR 50000fc1 (sz=24, trace=300000, nelems=2, elem type=java.lang.Object[]@500000fa)
	[0]		50000fe0
	[1]		50000ef0
ARR 50000fc2 (sz=24, trace=300000, nelems=2, elem type=java.lang.Object[]@500000fa)
	[0]		50000fde
	[1]		50000ee5
ARR 50000fc3 (sz=24, trace=300000, nelems=2, elem type=java.lang.Object[]@500000fa)
	[0]		50000fdc
	[1]		50000ee2
ARR 50000fc4 (sz=24, trace=300000, nelems=2, elem type=java.lang.Object[]@500000fa)
	[0]		50000fda
	[1]		50000e97
ARR 50000fc5 (sz=24, trace=300000, nelems=2, elem type=java.lang.Object[]@500000fa)
	[0]		50000fd8
	[1]		50000ed9
ARR 50000fc6 (sz=24, trace=300000, nelems=2, elem type=java.lang.Object[]@500000fa)
	[0]		50000fd6
	[1]		50000ed5
ARR 50000fc7 (sz=24, trace=300000, nelems=2, elem type=java.lang.Object[]@500000fa)
	[0]		50000fd4
	[1]		50000e64
ARR 50000fc8 (sz=24, trace=300000, nelems=2, elem type=java.lang.Object[]@500000fa)
	[0]		50000fd2
	[1]		50000edc
ARR 50000fc9 (sz=24, trace=300000, nelems=2, elem type=java.lang.Object[]@500000fa)
	[0]		50000fd0
	[1]		50000ea6
ARR 50000fca (sz=24, trace=300000, nelems=2, elem type=java.lang.Object[]@500000fa)
	[0]		50000fce
	[1]		50000e7e
ARR 50000fcb (sz=24, trace=300000, nelems=2, elem type=java.lang.Object[]@500000fa)
	[0]		50000fcc
	[1]		50000efc
OBJ 50000fcc (sz=24, trace=300000, class=java.lang.String@500000b2)
	value		50000fcd
ARR 50000fcd (sz=12, trace=300000, nelems=6, elem type=char[])
OBJ 50000fce (sz=24, trace=300000, class=java.lang.String@500000b2)
	value		50000fcf
ARR 50000fcf (sz=24, trace=300000, nelems=12, elem type=char[])
OBJ 50000fd0 (sz=24, trace=300000, class=java.lang.String@500000b2)
	value		50000fd1
ARR 50000fd1 (sz=38, trace=300000, nelems=19, elem type=char[])
OBJ 50000fd2 (sz=24, trace=300000, class=java.lang.String@500000b2)
	value		50000fd3
ARR 50000fd3 (sz=12, trace=300000, nelems=6, elem type=char[])
OBJ 50000fd4 (sz=24, trace=300000, class=java.lang.String@500000b2)
	value		50000fd5
ARR 50000fd5 (sz=16, trace=300000, nelems=8, elem type=char[])
OBJ 50000fd6 (sz=24, trace=300000, class=java.lang.String@500000b2)
	value		50000fd7
ARR 50000fd7 (sz=12, trace=300000, nelems=6, elem type=char[])
OBJ 50000fd8 (sz=24, trace=300000, class=java.lang.String@500000b2)
	value		50000fd9
ARR 50000fd9 (sz=12, trace=300000, nelems=6, elem type=char[])
OBJ 50000fda (sz=24, trace=300000, class=java.lang.String@500000b2)
	value		50000fdb
ARR 50000fdb (sz=32, trace=300000, nelems=16, elem type=char[])
OBJ 50000fdc (sz=24, trace=300000, class=java.lang.String@500000b2)
	value		50000fdd
ARR 50000fdd (sz=12, trace=300000, nelems=6, elem type=char[])
OBJ 50000fde (sz=24, trace=300000, class=java.lang.String@500000b2)
	value		50000fdf
ARR 50000fdf (sz=12, trace=300000, nelems=6, elem type=char[])
OBJ 50000fe0 (sz=24, trace=300000, class=java.lang.String@500000b2)
	value		50000fe1
ARR 50000fe1 (sz=12, trace=300000, nelems=6, elem type=char[])
OBJ 50000fe2 (sz=24, trace=300000, class=java.lang.String@500000b2)
	value		50000fe3
ARR 50000fe3 (sz=12, trace=300000, nelems=6, elem type=char[])
OBJ 50000fe4 (sz=24, trace=300000, class=java.lang.String@500000b2)
	value		50000fe5
ARR 50000fe5 (sz=32, trace=300000, nelems=16, elem type=char[])
OBJ 50000fe6 (sz=24, trace=300000, class=java.lang.String@500000b2)
	value		50000fe7
ARR 50000fe7 (sz=8, trace=300000, nelems=4, elem type=char[])
OBJ 50000fe8 (sz=24, trace=300000, class=java.lang.String@500000b2)
	value		50000fe9
ARR 50000fe9 (sz=10, trace=300000, nelems=5, elem type=char[])
OBJ 50000fea (sz=24, trace=300000, class=java.lang.String@500000b2)
	value		50000feb
ARR 50000feb (sz=22, trace=300000, nelems=11, elem type=char[])
OBJ 50000fec (sz=24, trace=300000, class=java.lang.String@500000b2)
	value		50000fed
ARR 50000fed (sz=16, trace=300000, nelems=8, elem type=char[])
OBJ 50000fee (sz=24, trace=300000, class=java.lang.String@500000b2)
	value		50000fef
ARR 50000fef (sz=20, trace=300000, nelems=10, elem type=char[])
OBJ 50000ff0 (sz=24, trace=300000, class=java.lang.String@500000b2)
	value		50000ff4
ARR 50000ff1 (sz=24, trace=300000, nelems=2, elem type=java.lang.Object[]@500000fa)
	[0]		50000ff2
	[1]		50000eb5
OBJ 50000ff2 (sz=24, trace=300000, class=java.lang.String@500000b2)
	value		50000ff3
ARR 50000ff3 (sz=20, trace=300000, nelems=10, elem type=char[])
ARR 50000ff4 (sz=16, trace=300000, nelems=8, elem type=char[])
OBJ 50000ff5 (sz=24, trace=300000, class=java.lang.String@500000b2)
	value		50000ff6
ARR 50000ff6 (sz=20, trace=300000, nelems=10, elem type=char[])
OBJ 50000ff7 (sz=24, trace=300000, class=java.lang.String@500000b2)
	value		50000ff8
ARR 50000ff8 (sz=20, trace=300000, nelems=10, elem type=char[])
OBJ 50000ff9 (sz=24, trace=300000, class=java.lang.String@500000b2)
	value		50000ffa
ARR 50000ffa (sz=24, trace=300000, nelems=12, elem type=char[])
OBJ 50000ffb (sz=24, trace=300000, class=java.lang.String@500000b2)
	value		50000fff
ARR 50000ffc (sz=24, trace=300000, nelems=2, elem type=java.lang.Object[]@500000fa)
	[0]		50000ffd
	[1]		50000ed1
OBJ 50000ffd (sz=24, trace=300000, class=java.lang.String@500000b2)
	value		50000ffe
ARR 50000ffe (sz=20, trace=300000, nelems=10, elem type=char[])
ARR 50000fff (sz=20, trace=300000, nelems=10, elem type=char[])
OBJ 50001000 (sz=24, trace=300000, class=java.lang.String@500000b2)
	value		50001001
ARR 50001001 (sz=20, trace=300000, nelems=10, elem type=char[])
OBJ 50001002 (sz=24, trace=300000, class=java.lang.String@500000b2)
	value		50001003
ARR 50001003 (sz=12, trace=300000, nelems=6, elem type=char[])
OBJ 50001004 (sz=24, trace=300000, class=java.lang.String@500000b2)
	value		50001005
ARR 50001005 (sz=36, trace=300000, nelems=18, elem type=char[])
OBJ 50001006 (sz=24, trace=300000, class=java.lang.String@500000b2)
	value		50001007
ARR 50001007 (sz=20, trace=300000, nelems=10, elem type=char[])
OBJ 50001008 (sz=24, trace=300000, class=java.lang.String@500000b2)
	value		50001009
ARR 50001009 (sz=18, trace=300000, nelems=9, elem type=char[])
OBJ 5000100a (sz=24, trace=300000, class=java.lang.String@500000b2)
	value		5000100b
ARR 5000100b (sz=18, trace=300000, nelems=9, elem type=char[])
OBJ 5000100c (sz=24, trace=300000, class=java.lang.String@500000b2)
	value		5000100d
ARR 5000100d (sz=18, trace=300000, nelems=9, elem type=char[])
OBJ 5000100e (sz=24, trace=300000, class=java.lang.String@500000b2)
	value		5000100f
ARR 5000100f (sz=18, trace=300000, nelems=9, elem type=char[])
OBJ 50001010 (sz=24, trace=300000, class=java.lang.String@500000b2)
	value		50001011
ARR 50001011 (sz=14, trace=300000, nelems=7, elem type=char[])
OBJ 50001012 (sz=24, trace=300000, class=java.lang.String@500000b2)
	value		50001013
ARR 50001013 (sz=18, trace=300000, nelems=9, elem type=char[])
OBJ 50001014 (sz=24, trace=300000, class=java.lang.String@500000b2)
	value		50001015
ARR 50001015 (sz=18, trace=300000, nelems=9, elem type=char[])
OBJ 50001016 (sz=24, trace=300000, class=java.lang.String@500000b2)
	value		50001017
ARR 50001017 (sz=12, trace=300000, nelems=6, elem type=char[])
OBJ 50001018 (sz=24, trace=300000, class=java.lang.String@500000b2)
	value		50001019
ARR 50001019 (sz=10, trace=300000, nelems=5, elem type=char[])
OBJ 5000101a (sz=24, trace=300000, class=java.lang.String@500000b2)
	value		5000101b
ARR 5000101b (sz=14, trace=300000, nelems=7, elem type=char[])
OBJ 5000101c (sz=24, trace=300000, class=java.lang.String@500000b2)
	value		5000101d
ARR 5000101d (sz=30, trace=300000, nelems=15, elem type=char[])
OBJ 5000101e (sz=24, trace=300000, class=java.lang.String@500000b2)
	value		5000101f
ARR 5000101f (sz=20, trace=300000, nelems=10, elem type=char[])
OBJ 50001020 (sz=24, trace=300000, class=java.lang.String@500000b2)
	value		50001021
ARR 50001021 (sz=20, trace=300000, nelems=10, elem type=char[])
OBJ 50001022 (sz=24, trace=300000, class=java.lang.String@500000b2)
	value		50001023
ARR 50001023 (sz=14, trace=300000, nelems=7, elem type=char[])
OBJ 50001024 (sz=24, trace=300000, class=java.lang.String@500000b2)
	value		50001025
ARR 50001025 (sz=30, trace=300000, nelems=15, elem type=char[])
OBJ 50001026 (sz=24, trace=300000, class=java.lang.String@500000b2)
	value		50001027
ARR 50001027 (sz=10, trace=300000, nelems=5, elem type=char[])
OBJ 50001028 (sz=24, trace=300000, class=java.lang.String@500000b2)
	value		50001029
ARR 50001029 (sz=14, trace=300000, nelems=7, elem type=char[])
OBJ 5000102a (sz=24, trace=300000, class=java.lang.String@500000b2)
	value		5000102b
ARR 5000102b (sz=4, trace=300000, nelems=2, elem type=char[])
OBJ 5000102c (sz=24, trace=300000, class=java.lang.String@500000b2)
	value		5000102d
ARR 5000102d (sz=14, trace=300000, nelems=7, elem type=char[])
OBJ 5000102e (sz=24, trace=300000, class=java.lang.String@500000b2)
	value		5000102f
ARR 5000102f (sz=14, trace=300000, nelems=7, elem type=char[])
OBJ 50001030 (sz=24, trace=300000, class=java.lang.String@500000b2)
	value		50001031
ARR 50001031 (sz=14, trace=300000, nelems=7, elem type=char[])
OBJ 50001032 (sz=24, trace=300000, class=java.lang.String@500000b2)
	value		50001033
ARR 50001033 (sz=24, trace=300000, nelems=12, elem type=char[])
OBJ 50001034 (sz=24, trace=300000, class=java.lang.String@500000b2)
	value		50001038
ARR 50001035 (sz=24, trace=300000, nelems=2, elem type=java.lang.Object[]@500000fa)
	[0]		50001036
	[1]		50000ee8
OBJ 50001036 (sz=24, trace=300000, class=java.lang.String@500000b2)
	value		50001037
ARR 50001037 (sz=16, trace=300000, nelems=8, elem type=char[])
ARR 50001038 (sz=20, trace=300000, nelems=10, elem type=char[])
OBJ 50001039 (sz=24, trace=300000, class=java.lang.String@500000b2)
	value		5000103a
ARR 5000103a (sz=20, trace=300000, nelems=10, elem type=char[])
OBJ 5000103b (sz=24, trace=300000, class=java.lang.String@500000b2)
	value		5000103c
ARR 5000103c (sz=16, trace=300000, nelems=8, elem type=char[])
OBJ 5000103d (sz=24, trace=300000, class=java.lang.String@500000b2)
	value		50001041
ARR 5000103e (sz=24, trace=300000, nelems=2, elem type=java.lang.Object[]@500000fa)
	[0]		5000103f
	[1]		50000ed5
OBJ 5000103f (sz=24, trace=300000, class=java.lang.String@500000b2)
	value		50001040
ARR 50001040 (sz=12, trace=300000, nelems=6, elem type=char[])
ARR 50001041 (sz=16, trace=300000, nelems=8, elem type=char[])
OBJ 50001042 (sz=24, trace=300000, class=java.lang.String@500000b2)
	value		50001043
ARR 50001043 (sz=12, trace=300000, nelems=6, elem type=char[])
OBJ 50001044 (sz=24, trace=300000, class=java.lang.String@500000b2)
	value		50001045
ARR 50001045 (sz=12, trace=300000, nelems=6, elem type=char[])
OBJ 50001046 (sz=24, trace=300000, class=java.lang.String@500000b2)
	value		50001047
ARR 50001047 (sz=12, trace=300000, nelems=6, elem type=char[])
OBJ 50001048 (sz=24, trace=300000, class=java.lang.String@500000b2)
	value		50001049
ARR 50001049 (sz=12, trace=300000, nelems=6, elem type=char[])
OBJ 5000104a (sz=24, trace=300000, class=java.lang.String@500000b2)
	value		5000104b
ARR 5000104b (sz=12, trace=300000, nelems=6, elem type=char[])
OBJ 5000104c (sz=24, trace=300000, class=java.lang.String@500000b2)
	value		5000104d
ARR 5000104d (sz=16, trace=300000, nelems=8, elem type=char[])
OBJ 5000104e (sz=24, trace=300000, class=java.lang.String@500000b2)
	value		5000104f
ARR 5000104f (sz=30, trace=300000, nelems=15, elem type=char[])
OBJ 50001050 (sz=24, trace=300000, class=java.lang.String@500000b2)
	value		50001051
ARR 50001051 (sz=16, trace=300000, nelems=8, elem type=char[])
OBJ 50001052 (sz=24, trace=300000, class=java.lang.String@500000b2)
	value		50001053
ARR 50001053 (sz=48, trace=300000, nelems=24, elem type=char[])
OBJ 50001054 (sz=24, trace=300000, class=java.lang.String@500000b2)
	value		50001055
ARR 50001055 (sz=10, trace=300000, nelems=5, elem type=char[])
OBJ 50001056 (sz=24, trace=300000, class=java.lang.String@500000b2)
	value		50001057
ARR 50001057 (sz=14, trace=300000, nelems=7, elem type=char[])
OBJ 50001058 (sz=24, trace=300000, class=java.lang.String@500000b2)
	value		50001059
ARR 50001059 (sz=30, trace=300000, nelems=15, elem type=char[])
OBJ 5000105a (sz=24, trace=300000, class=java.lang.String@500000b2)
	value		5000105b
ARR 5000105b (sz=14, trace=300000, nelems=7, elem type=char[])
OBJ 5000105c (sz=24, trace=300000, class=java.lang.String@500000b2)
	value		5000105d
ARR 5000105d (sz=20, trace=300000, nelems=10, elem type=char[])
OBJ 5000105e (sz=24, trace=300000, class=java.lang.String@500000b2)
	value		5000105f
ARR 5000105f (sz=12, trace=300000, nelems=6, elem type=char[])
OBJ 50001060 (sz=24, trace=300000, class=java.lang.String@500000b2)
	value		50001061
ARR 50001061 (sz=14, trace=300000, nelems=7, elem type=char[])
OBJ 50001062 (sz=24, trace=300000, class=java.lang.String@500000b2)
	value		50001063
ARR 50001063 (sz=14, trace=300000, nelems=7, elem type=char[])
OBJ 50001064 (sz=24, trace=300000, class=java.lang.String@500000b2)
	value		50001065
ARR 50001065 (sz=20, trace=300000, nelems=10, elem type=char[])
OBJ 50001066 (sz=24, trace=300000, class=java.lang.String@500000b2)
	value		50001067
ARR 50001067 (sz=20, trace=300000, nelems=10, elem type=char[])
OBJ 50001068 (sz=24, trace=300000, class=java.lang.String@500000b2)
	value		50001069
ARR 50001069 (sz=10, trace=300000, nelems=5, elem type=char[])
OBJ 5000106a (sz=24, trace=300000, class=java.lang.String@500000b2)
	value		5000106b
ARR 5000106b (sz=10, trace=300000, nelems=5, elem type=char[])
OBJ 5000106c (sz=24, trace=300000, class=java.lang.String@500000b2)
	value		5000106d
ARR 5000106d (sz=36, trace=300000, nelems=18, elem type=char[])
OBJ 5000106e (sz=24, trace=300000, class=java.lang.String@500000b2)
	value		5000106f
ARR 5000106f (sz=14, trace=300000, nelems=7, elem type=char[])
OBJ 50001070 (sz=24, trace=300000, class=java.lang.String@500000b2)
	value		50001071
ARR 50001071 (sz=14, trace=300000, nelems=7, elem type=char[])
OBJ 50001072 (sz=24, trace=300000, class=java.lang.String@500000b2)
	value		50001073
ARR 50001073 (sz=14, trace=300000, nelems=7, elem type=char[])
OBJ 50001074 (sz=24, trace=300000, class=java.lang.String@500000b2)
	value		50001075
ARR 50001075 (sz=14, trace=300000, nelems=7, elem type=char[])
OBJ 50001076 (sz=24, trace=300000, class=java.lang.String@500000b2)
	value		50001077
ARR 50001077 (sz=14, trace=300000, nelems=7, elem type=char[])
OBJ 50001078 (sz=24, trace=300000, class=java.lang.String@500000b2)
	value		50001079
ARR 50001079 (sz=16, trace=300000, nelems=8, elem type=char[])
OBJ 5000107a (sz=24, trace=300000, class=java.lang.String@500000b2)
	value		5000107b
ARR 5000107b (sz=12, trace=300000, nelems=6, elem type=char[])
OBJ 5000107c (sz=24, trace=300000, class=java.lang.String@500000b2)
	value		5000107d
ARR 5000107d (sz=20, trace=300000, nelems=10, elem type=char[])
OBJ 5000107e (sz=24, trace=300000, class=java.lang.String@500000b2)
	value		5000107f
ARR 5000107f (sz=10, trace=300000, nelems=5, elem type=char[])
OBJ 50001080 (sz=24, trace=300000, class=java.lang.String@500000b2)
	value		50001081
ARR 50001081 (sz=24, trace=300000, nelems=12, elem type=char[])
OBJ 50001082 (sz=24, trace=300000, class=java.lang.String@500000b2)
	value		50001083
ARR 50001083 (sz=28, trace=300000, nelems=14, elem type=char[])
OBJ 50001084 (sz=24, trace=300000, class=java.lang.String@500000b2)
	value		50001085
ARR 50001085 (sz=12, trace=300000, nelems=6, elem type=char[])
OBJ 50001086 (sz=24, trace=300000, class=java.lang.String@500000b2)
	value		50001087
ARR 50001087 (sz=20, trace=300000, nelems=10, elem type=char[])
OBJ 50001088 (sz=24, trace=300000, class=java.lang.String@500000b2)
	value		50001089
ARR 50001089 (sz=12, trace=300000, nelems=6, elem type=char[])
OBJ 5000108a (sz=24, trace=300000, class=java.lang.String@500000b2)
	value		5000108b
ARR 5000108b (sz=12, trace=300000, nelems=6, elem type=char[])
OBJ 5000108c (sz=24, trace=300000, class=java.lang.String@500000b2)
	value		5000108d
ARR 5000108d (sz=12, trace=300000, nelems=6, elem type=char[])
OBJ 5000108e (sz=24, trace=300000, class=java.lang.String@500000b2)
	value		5000108f
ARR 5000108f (sz=12, trace=300000, nelems=6, elem type=char[])
OBJ 50001090 (sz=24, trace=300000, class=java.lang.String@500000b2)
	value		50001091
ARR 50001091 (sz=12, trace=300000, nelems=6, elem type=char[])
OBJ 50001092 (sz=24, trace=300000, class=java.lang.String@500000b2)
	value		50001093
ARR 50001093 (sz=6, trace=300000, nelems=3, elem type=char[])
OBJ 50001094 (sz=24, trace=300000, class=java.lang.String@500000b2)
	value		50001095
ARR 50001095 (sz=20, trace=300000, nelems=10, elem type=char[])
OBJ 50001096 (sz=24, trace=300000, class=java.lang.String@500000b2)
	value		50001097
ARR 50001097 (sz=20, trace=300000, nelems=10, elem type=char[])
OBJ 50001098 (sz=24, trace=300000, class=java.lang.String@500000b2)
	value		50001099
ARR 50001099 (sz=10, trace=300000, nelems=5, elem type=char[])
OBJ 5000109a (sz=24, trace=300000, class=java.lang.String@500000b2)
	value		5000109b
ARR 5000109b (sz=14, trace=300000, nelems=7, elem type=char[])
OBJ 5000109c (sz=24, trace=300000, class=java.lang.String@500000b2)
	value		5000109d
ARR 5000109d (sz=14, trace=300000, nelems=7, elem type=char[])
OBJ 5000109e (sz=24, trace=300000, class=java.lang.String@500000b2)
	value		5000109f
ARR 5000109f (sz=28, trace=300000, nelems=14, elem type=char[])
OBJ 500010a0 (sz=24, trace=300000, class=java.lang.String@500000b2)
	value		500010a1
ARR 500010a1 (sz=12, trace=300000, nelems=6, elem type=char[])
OBJ 500010a2 (sz=24, trace=300000, class=java.lang.String@500000b2)
	value		500010a3
ARR 500010a3 (sz=10, trace=300000, nelems=5, elem type=char[])
OBJ 500010a4 (sz=24, trace=300000, class=java.lang.String@500000b2)
	value		500010a5
ARR 500010a5 (sz=10, trace=300000, nelems=5, elem type=char[])
OBJ 500010a6 (sz=24, trace=300000, class=java.lang.String@500000b2)
	value		500010a7
ARR 500010a7 (sz=12, trace=300000, nelems=6, elem type=char[])
OBJ 500010a8 (sz=24, trace=300000, class=java.lang.String@500000b2)
	value		500010a9
ARR 500010a9 (sz=14, trace=300000, nelems=7, elem type=char[])
OBJ 500010aa (sz=24, trace=300000, class=java.lang.String@500000b2)
	value		500010ab
ARR 500010ab (sz=14, trace=300000, nelems=7, elem type=char[])
OBJ 500010ac (sz=24, trace=300000, class=java.lang.String@500000b2)
	value		500010ad
ARR 500010ad (sz=30, trace=300000, nelems=15, elem type=char[])
OBJ 500010ae (sz=24, trace=300000, class=java.lang.String@500000b2)
	value		500010af
ARR 500010af (sz=6, trace=300000, nelems=3, elem type=char[])
OBJ 500010b0 (sz=24, trace=300000, class=java.lang.String@500000b2)
	value		500010b1
ARR 500010b1 (sz=8, trace=300000, nelems=4, elem type=char[])
OBJ 500010b2 (sz=24, trace=300000, class=java.lang.String@500000b2)
	value		500010b3
ARR 500010b3 (sz=20, trace=300000, nelems=10, elem type=char[])
OBJ 500010b4 (sz=24, trace=300000, class=java.lang.String@500000b2)
	value		500010b8
ARR 500010b5 (sz=24, trace=300000, nelems=2, elem type=java.lang.Object[]@500000fa)
	[0]		500010b6
	[1]		50000eaa
OBJ 500010b6 (sz=24, trace=300000, class=java.lang.String@500000b2)
	value		500010b7
ARR 500010b7 (sz=10, trace=300000, nelems=5, elem type=char[])
ARR 500010b8 (sz=10, trace=300000, nelems=5, elem type=char[])
OBJ 500010b9 (sz=24, trace=300000, class=java.lang.String@500000b2)
	value		500010bd
ARR 500010ba (sz=24, trace=300000, nelems=2, elem type=java.lang.Object[]@500000fa)
	[0]		500010bb
	[1]		50000e8c
OBJ 500010bb (sz=24, trace=300000, class=java.lang.String@500000b2)
	value		500010bc
ARR 500010bc (sz=4, trace=300000, nelems=2, elem type=char[])
ARR 500010bd (sz=10, trace=300000, nelems=5, elem type=char[])
OBJ 500010be (sz=24, trace=300000, class=java.lang.String@500000b2)
	value		500010bf
ARR 500010bf (sz=10, trace=300000, nelems=5, elem type=char[])
OBJ 500010c0 (sz=24, trace=300000, class=java.lang.String@500000b2)
	value		500010c1
ARR 500010c1 (sz=4, trace=300000, nelems=2, elem type=char[])
OBJ 500010c2 (sz=24, trace=300000, class=java.lang.String@500000b2)
	value		500010c6
ARR 500010c3 (sz=24, trace=300000, nelems=2, elem type=java.lang.Object[]@500000fa)
	[0]		500010c4
	[1]		50000ebf
OBJ 500010c4 (sz=24, trace=300000, class=java.lang.String@500000b2)
	value		500010c5
ARR 500010c5 (sz=4, trace=300000, nelems=2, elem type=char[])
ARR 500010c6 (sz=10, trace=300000, nelems=5, elem type=char[])
OBJ 500010c7 (sz=24, trace=300000, class=java.lang.String@500000b2)
	value		500010c8
ARR 500010c8 (sz=16, trace=300000, nelems=8, elem type=char[])
OBJ 500010c9 (sz=24, trace=300000, class=java.lang.String@500000b2)
	value		500010d0
ARR 500010ca (sz=24, trace=300000, nelems=3, elem type=java.lang.Object[]@500000fa)
	[0]		500010cb
	[1]		50000e8c
	[2]		500010cc
OBJ 500010cb (sz=24, trace=300000, class=java.lang.String@500000b2)
	value		500010cf
ARR 500010cc (sz=24, trace=300000, nelems=2, elem type=java.lang.Object[]@500000fa)
	[0]		500010cd
	[1]		50000ec8
OBJ 500010cd (sz=24, trace=300000, class=java.lang.String@500000b2)
	value		500010ce
ARR 500010ce (sz=4, trace=300000, nelems=2, elem type=char[])
ARR 500010cf (sz=12, trace=300000, nelems=6, elem type=char[])
ARR 500010d0 (sz=10, trace=300000, nelems=5, elem type=char[])
OBJ 500010d1 (sz=24, trace=300000, class=java.lang.String@500000b2)
	value		500010d2
ARR 500010d2 (sz=4, trace=300000, nelems=2, elem type=char[])
OBJ 500010d3 (sz=24, trace=300000, class=java.lang.String@500000b2)
	value		500010d4
ARR 500010d4 (sz=14, trace=300000, nelems=7, elem type=char[])
OBJ 500010d5 (sz=24, trace=300000, class=java.lang.String@500000b2)
	value		500010d9
ARR 500010d6 (sz=24, trace=300000, nelems=2, elem type=java.lang.Object[]@500000fa)
	[0]		500010d7
	[1]		50000ebf
OBJ 500010d7 (sz=24, trace=300000, class=java.lang.String@500000b2)
	value		500010d8
ARR 500010d8 (sz=14, trace=300000, nelems=7, elem type=char[])
ARR 500010d9 (sz=12, trace=300000, nelems=6, elem type=char[])
OBJ 500010da (sz=24, trace=300000, class=java.lang.String@500000b2)
	value		500010db
ARR 500010db (sz=14, trace=300000, nelems=7, elem type=char[])
OBJ 500010dc (sz=24, trace=300000, class=java.lang.String@500000b2)
	value		500010e0
ARR 500010dd (sz=24, trace=300000, nelems=2, elem type=java.lang.Object[]@500000fa)
	[0]		500010de
	[1]		50000e97
OBJ 500010de (sz=24, trace=300000, class=java.lang.String@500000b2)
	value		500010df
ARR 500010df (sz=6, trace=300000, nelems=3, elem type=char[])
ARR 500010e0 (sz=12, trace=300000, nelems=6, elem type=char[])
OBJ 500010e1 (sz=24, trace=300000, class=java.lang.String@500000b2)
	value		500010e2
ARR 500010e2 (sz=22, trace=300000, nelems=11, elem type=char[])
OBJ 500010e3 (sz=24, trace=300000, class=java.lang.String@500000b2)
	value		500010e4
ARR 500010e4 (sz=22, trace=300000, nelems=11, elem type=char[])
OBJ 500010e5 (sz=24, trace=300000, class=java.lang.String@500000b2)
	value		500010e6
ARR 500010e6 (sz=12, trace=300000, nelems=6, elem type=char[])
OBJ 500010e7 (sz=24, trace=300000, class=java.lang.String@500000b2)
	value		500010e8
ARR 500010e8 (sz=12, trace=300000, nelems=6, elem type=char[])
OBJ 500010e9 (sz=24, trace=300000, class=java.lang.String@500000b2)
	value		500010ea
ARR 500010ea (sz=12, trace=300000, nelems=6, elem type=char[])
OBJ 500010eb (sz=24, trace=300000, class=java.lang.String@500000b2)
	value		500010ec
ARR 500010ec (sz=18, trace=300000, nelems=9, elem type=char[])
OBJ 500010ed (sz=24, trace=300000, class=java.lang.String@500000b2)
	value		500010ee
ARR 500010ee (sz=18, trace=300000, nelems=9, elem type=char[])
OBJ 500010ef (sz=24, trace=300000, class=java.lang.String@500000b2)
	value		500010f0
ARR 500010f0 (sz=18, trace=300000, nelems=9, elem type=char[])
OBJ 500010f1 (sz=24, trace=300000, class=java.lang.String@500000b2)
	value		500010f2
ARR 500010f2 (sz=18, trace=300000, nelems=9, elem type=char[])
OBJ 500010f3 (sz=24, trace=300000, class=java.lang.String@500000b2)
	value		500010f4
ARR 500010f4 (sz=18, trace=300000, nelems=9, elem type=char[])
OBJ 500010f5 (sz=24, trace=300000, class=java.lang.String@500000b2)
	value		500010f6
ARR 500010f6 (sz=18, trace=300000, nelems=9, elem type=char[])
OBJ 500010f7 (sz=24, trace=300000, class=java.lang.String@500000b2)
	value		500010f8
ARR 500010f8 (sz=42, trace=300000, nelems=21, elem type=char[])
OBJ 500010f9 (sz=24, trace=300000, class=java.lang.String@500000b2)
	value		500010fa
ARR 500010fa (sz=6, trace=300000, nelems=3, elem type=char[])
OBJ 500010fb (sz=24, trace=300000, class=java.lang.String@500000b2)
	value		500010fc
ARR 500010fc (sz=30, trace=300000, nelems=15, elem type=char[])
OBJ 500010fd (sz=24, trace=300000, class=java.lang.String@500000b2)
	value		500010fe
ARR 500010fe (sz=20, trace=300000, nelems=10, elem type=char[])
OBJ 500010ff (sz=24, trace=300000, class=java.lang.String@500000b2)
	value		50001100
ARR 50001100 (sz=30, trace=300000, nelems=15, elem type=char[])
OBJ 50001101 (sz=24, trace=300000, class=java.lang.String@500000b2)
	value		50001102
ARR 50001102 (sz=20, trace=300000, nelems=10, elem type=char[])
OBJ 50001103 (sz=24, trace=300000, class=java.lang.String@500000b2)
	value		50001104
ARR 50001104 (sz=6, trace=300000, nelems=3, elem type=char[])
OBJ 50001105 (sz=24, trace=300000, class=java.lang.String@500000b2)
	value		50001106
ARR 50001106 (sz=6, trace=300000, nelems=3, elem type=char[])
OBJ 50001107 (sz=24, trace=300000, class=java.lang.String@500000b2)
	value		50001108
ARR 50001108 (sz=14, trace=300000, nelems=7, elem type=char[])
OBJ 50001109 (sz=24, trace=300000, class=java.lang.String@500000b2)
	value		5000110d
ARR 5000110a (sz=24, trace=300000, nelems=2, elem type=java.lang.Object[]@500000fa)
	[0]		5000110b
	[1]		50000eaa
OBJ 5000110b (sz=24, trace=300000, class=java.lang.String@500000b2)
	value		5000110c
ARR 5000110c (sz=6, trace=300000, nelems=3, elem type=char[])
ARR 5000110d (sz=6, trace=300000, nelems=3, elem type=char[])
OBJ 5000110e (sz=24, trace=300000, class=java.lang.String@500000b2)
	value		50001112
ARR 5000110f (sz=24, trace=300000, nelems=2, elem type=java.lang.Object[]@500000fa)
	[0]		50001110
	[1]		50000e97
OBJ 50001110 (sz=24, trace=300000, class=java.lang.String@500000b2)
	value		50001111
ARR 50001111 (sz=16, trace=300000, nelems=8, elem type=char[])
ARR 50001112 (sz=6, trace=300000, nelems=3, elem type=char[])
OBJ 50001113 (sz=24, trace=300000, class=java.lang.String@500000b2)
	value		50001114
ARR 50001114 (sz=6, trace=300000, nelems=3, elem type=char[])
OBJ 50001115 (sz=24, trace=300000, class=java.lang.String@500000b2)
	value		50001116
ARR 50001116 (sz=6, trace=300000, nelems=3, elem type=char[])
OBJ 50001117 (sz=24, trace=300000, class=java.lang.String@500000b2)
	value		5000111b
ARR 50001118 (sz=24, trace=300000, nelems=2, elem type=java.lang.Object[]@500000fa)
	[0]		50001119
	[1]		50000ecb
OBJ 50001119 (sz=24, trace=300000, class=java.lang.String@500000b2)
	value		5000111a
ARR 5000111a (sz=10, trace=300000, nelems=5, elem type=char[])
ARR 5000111b (sz=6, trace=300000, nelems=3, elem type=char[])
OBJ 5000111c (sz=24, trace=300000, class=java.lang.String@500000b2)
	value		5000111d
ARR 5000111d (sz=10, trace=300000, nelems=5, elem type=char[])
OBJ 5000111e (sz=24, trace=300000, class=java.lang.String@500000b2)
	value		50001122
ARR 5000111f (sz=24, trace=300000, nelems=2, elem type=java.lang.Object[]@500000fa)
	[0]		50001120
	[1]		50000ef0
OBJ 50001120 (sz=24, trace=300000, class=java.lang.String@500000b2)
	value		50001121
ARR 50001121 (sz=18, trace=300000, nelems=9, elem type=char[])
ARR 50001122 (sz=32, trace=300000, nelems=16, elem type=char[])
OBJ 50001123 (sz=24, trace=300000, class=java.lang.String@500000b2)
	value		50001124
ARR 50001124 (sz=16, trace=300000, nelems=8, elem type=char[])
OBJ 50001125 (sz=24, trace=300000, class=java.lang.String@500000b2)
	value		50001126
ARR 50001126 (sz=24, trace=300000, nelems=12, elem type=char[])
OBJ 50001127 (sz=24, trace=300000, class=java.lang.String@500000b2)
	value		50001128
ARR 50001128 (sz=10, trace=300000, nelems=5, elem type=char[])
OBJ 50001129 (sz=24, trace=300000, class=java.lang.String@500000b2)
	value		5000112a
ARR 5000112a (sz=10, trace=300000, nelems=5, elem type=char[])
OBJ 5000112b (sz=24, trace=300000, class=java.lang.String@500000b2)
	value		5000112c
ARR 5000112c (sz=10, trace=300000, nelems=5, elem type=char[])
OBJ 5000112d (sz=24, trace=300000, class=java.lang.String@500000b2)
	value		5000112e
ARR 5000112e (sz=10, trace=300000, nelems=5, elem type=char[])
OBJ 5000112f (sz=24, trace=300000, class=java.lang.String@500000b2)
	value		50001130
ARR 50001130 (sz=10, trace=300000, nelems=5, elem type=char[])
OBJ 50001131 (sz=24, trace=300000, class=java.lang.String@500000b2)
	value		50001132
ARR 50001132 (sz=12, trace=300000, nelems=6, elem type=char[])
OBJ 50001133 (sz=24, trace=300000, class=java.lang.String@500000b2)
	value		50001134
ARR 50001134 (sz=12, trace=300000, nelems=6, elem type=char[])
OBJ 50001135 (sz=24, trace=300000, class=java.lang.String@500000b2)
	value		50001136
ARR 50001136 (sz=16, trace=300000, nelems=8, elem type=char[])
OBJ 50001137 (sz=24, trace=300000, class=java.lang.String@500000b2)
	value		50001138
ARR 50001138 (sz=20, trace=300000, nelems=10, elem type=char[])
OBJ 50001139 (sz=24, trace=300000, class=java.lang.String@500000b2)
	value		5000113a
ARR 5000113a (sz=34, trace=300000, nelems=17, elem type=char[])
OBJ 5000113b (sz=24, trace=300000, class=java.lang.String@500000b2)
	value		5000113c
ARR 5000113c (sz=6, trace=300000, nelems=3, elem type=char[])
OBJ 5000113d (sz=24, trace=300000, class=java.lang.String@500000b2)
	value		5000113e
ARR 5000113e (sz=30, trace=300000, nelems=15, elem type=char[])
OBJ 5000113f (sz=24, trace=300000, class=java.lang.String@500000b2)
	value		50001140
ARR 50001140 (sz=12, trace=300000, nelems=6, elem type=char[])
OBJ 50001141 (sz=24, trace=300000, class=java.lang.String@500000b2)
	value		50001142
ARR 50001142 (sz=12, trace=300000, nelems=6, elem type=char[])
OBJ 50001143 (sz=24, trace=300000, class=java.lang.String@500000b2)
	value		50001147
ARR 50001144 (sz=24, trace=300000, nelems=2, elem type=java.lang.Object[]@500000fa)
	[0]		50001145
	[1]		50000ebb
OBJ 50001145 (sz=24, trace=300000, class=java.lang.String@500000b2)
	value		50001146
ARR 50001146 (sz=12, trace=300000, nelems=6, elem type=char[])
ARR 50001147 (sz=6, trace=300000, nelems=3, elem type=char[])
OBJ 50001148 (sz=24, trace=300000, class=java.lang.String@500000b2)
	value		50001149
ARR 50001149 (sz=12, trace=300000, nelems=6, elem type=char[])
OBJ 5000114a (sz=24, trace=300000, class=java.lang.String@500000b2)
	value		5000114b
ARR 5000114b (sz=12, trace=300000, nelems=6, elem type=char[])
OBJ 5000114c (sz=24, trace=300000, class=java.lang.String@500000b2)
	value		50001150
ARR 5000114d (sz=24, trace=300000, nelems=2, elem type=java.lang.Object[]@500000fa)
	[0]		5000114e
	[1]		50000ecb
OBJ 5000114e (sz=24, trace=300000, class=java.lang.String@500000b2)
	value		5000114f
ARR 5000114f (sz=12, trace=300000, nelems=6, elem type=char[])
ARR 50001150 (sz=36, trace=300000, nelems=18, elem type=char[])
OBJ 50001151 (sz=24, trace=300000, class=java.lang.String@500000b2)
	value		50001152
ARR 50001152 (sz=6, trace=300000, nelems=3, elem type=char[])
OBJ 50001153 (sz=24, trace=300000, class=java.lang.String@500000b2)
	value		50001154
ARR 50001154 (sz=6, trace=300000, nelems=3, elem type=char[])
OBJ 50001155 (sz=24, trace=300000, class=java.lang.String@500000b2)
	value		50001156
ARR 50001156 (sz=6, trace=300000, nelems=3, elem type=char[])
OBJ 50001157 (sz=24, trace=300000, class=java.lang.String@500000b2)
	value		50001158
ARR 50001158 (sz=6, trace=300000, nelems=3, elem type=char[])
OBJ 50001159 (sz=24, trace=300000, class=java.lang.String@500000b2)
	value		5000115a
ARR 5000115a (sz=6, trace=300000, nelems=3, elem type=char[])
OBJ 5000115b (sz=24, trace=300000, class=java.lang.String@500000b2)
	value		5000115c
ARR 5000115c (sz=30, trace=300000, nelems=15, elem type=char[])
OBJ 5000115d (sz=24, trace=300000, class=java.lang.String@500000b2)
	value		5000115e
ARR 5000115e (sz=18, trace=300000, nelems=9, elem type=char[])
OBJ 5000115f (sz=24, trace=300000, class=java.lang.String@500000b2)
	value		50001160
ARR 50001160 (sz=26, trace=300000, nelems=13, elem type=char[])
OBJ 50001161 (sz=24, trace=300000, class=java.lang.String@500000b2)
	value		50001162
ARR 50001162 (sz=22, trace=300000, nelems=11, elem type=char[])
OBJ 50001163 (sz=24, trace=300000, class=java.lang.String@500000b2)
	value		50001164
ARR 50001164 (sz=22, trace=300000, nelems=11, elem type=char[])
OBJ 50001165 (sz=24, trace=300000, class=java.lang.String@500000b2)
	value		50001166
ARR 50001166 (sz=22, trace=300000, nelems=11, elem type=char[])
OBJ 50001167 (sz=24, trace=300000, class=java.lang.String@500000b2)
	value		50001168
ARR 50001168 (sz=22, trace=300000, nelems=11, elem type=char[])
OBJ 50001169 (sz=24, trace=300000, class=java.lang.String@500000b2)
	value		5000116a
ARR 5000116a (sz=22, trace=300000, nelems=11, elem type=char[])
OBJ 5000116b (sz=24, trace=300000, class=java.lang.String@500000b2)
	value		5000116c
ARR 5000116c (sz=22, trace=300000, nelems=11, elem type=char[])
ARR 5000116d (sz=144, trace=300000, nelems=32, elem type=java.lang.Object[]@500000fa)
	[0]		5000116e
	[2]		5000116f
	[3]		50001170
	[4]		50001171
	[5]		50001172
	[6]		50001173
	[7]		50001174
	[8]		50001175
	[9]		50001176
	[10]		50001177
	[11]		50001178
	[12]		50001179
	[14]		5000117a
	[15]		5000117b
	[16]		5000117c
	[17]		5000117d
	[18]		5000117e
	[19]		5000117f
	[22]		50001180
	[24]		50001181
	[28]		50001182
	[29]		50001183
	[31]		50001184
ARR 5000116e (sz=24, trace=300000, nelems=1, elem type=java.lang.Object[]@500000fa)
	[0]		50000f07
ARR 5000116f (sz=24, trace=300000, nelems=3, elem type=java.lang.Object[]@500000fa)
	[0]		50000ef9
	[2]		50001247
ARR 50001170 (sz=24, trace=300000, nelems=3, elem type=java.lang.Object[]@500000fa)
	[0]		50000ef0
	[2]		50001246
ARR 50001171 (sz=24, trace=300000, nelems=3, elem type=java.lang.Object[]@500000fa)
	[0]		50000ee2
	[2]		5000123f
ARR 50001172 (sz=24, trace=300000, nelems=3, elem type=java.lang.Object[]@500000fa)
	[0]		50000ed9
	[2]		5000123e
ARR 50001173 (sz=24, trace=300000, nelems=1, elem type=java.lang.Object[]@500000fa)
	[0]		50000ed5
ARR 50001174 (sz=24, trace=300000, nelems=1, elem type=java.lang.Object[]@500000fa)
	[0]		50000ed1
ARR 50001175 (sz=24, trace=300000, nelems=3, elem type=java.lang.Object[]@500000fa)
	[0]		50000ec8
	[2]		5000123d
ARR 50001176 (sz=24, trace=300000, nelems=3, elem type=java.lang.Object[]@500000fa)
	[0]		50000ebf
	[2]		5000118c
ARR 50001177 (sz=24, trace=300000, nelems=1, elem type=java.lang.Object[]@500000fa)
	[0]		50000ebb
ARR 50001178 (sz=24, trace=300000, nelems=3, elem type=java.lang.Object[]@500000fa)
	[0]		50000eb2
	[2]		5000118b
ARR 50001179 (sz=24, trace=300000, nelems=1, elem type=java.lang.Object[]@500000fa)
	[0]		50000eae
ARR 5000117a (sz=24, trace=300000, nelems=1, elem type=java.lang.Object[]@500000fa)
	[0]		50000eaa
ARR 5000117b (sz=24, trace=300000, nelems=1, elem type=java.lang.Object[]@500000fa)
	[0]		50000ea6
ARR 5000117c (sz=24, trace=300000, nelems=3, elem type=java.lang.Object[]@500000fa)
	[0]		50000e9d
	[2]		5000118a
ARR 5000117d (sz=24, trace=300000, nelems=3, elem type=java.lang.Object[]@500000fa)
	[0]		50000e94
	[2]		50001189
ARR 5000117e (sz=24, trace=300000, nelems=3, elem type=java.lang.Object[]@500000fa)
	[0]		50000e86
	[2]		50001187
ARR 5000117f (sz=24, trace=300000, nelems=3, elem type=java.lang.Object[]@500000fa)
	[0]		50000e78
	[2]		50001185
ARR 50001180 (sz=24, trace=300000, nelems=1, elem type=java.lang.Object[]@500000fa)
	[0]		50000e74
ARR 50001181 (sz=24, trace=300000, nelems=1, elem type=java.lang.Object[]@500000fa)
	[0]		50000e70
ARR 50001182 (sz=24, trace=300000, nelems=1, elem type=java.lang.Object[]@500000fa)
	[0]		50000e6c
ARR 50001183 (sz=24, trace=300000, nelems=1, elem type=java.lang.Object[]@500000fa)
	[0]		50000e68
ARR 50001184 (sz=24, trace=300000, nelems=1, elem type=java.lang.Object[]@500000fa)
	[0]		50000e64
ARR 50001185 (sz=24, trace=300000, nelems=3, elem type=java.lang.Object[]@500000fa)
	[0]		50000e7b
	[2]		50001186
ARR 50001186 (sz=24, trace=300000, nelems=1, elem type=java.lang.Object[]@500000fa)
	[0]		50000e7e
ARR 50001187 (sz=24, trace=300000, nelems=3, elem type=java.lang.Object[]@500000fa)
	[0]		50000e89
	[2]		50001188
ARR 50001188 (sz=24, trace=300000, nelems=1, elem type=java.lang.Object[]@500000fa)
	[0]		50000e8c
ARR 50001189 (sz=24, trace=300000, nelems=1, elem type=java.lang.Object[]@500000fa)
	[0]		50000e97
ARR 5000118a (sz=24, trace=300000, nelems=1, elem type=java.lang.Object[]@500000fa)
	[0]		50000ea0
ARR 5000118b (sz=24, trace=300000, nelems=1, elem type=java.lang.Object[]@500000fa)
	[0]		50000eb5
ARR 5000118c (sz=24, trace=300000, nelems=2, elem type=java.lang.Object[]@500000fa)
	[0]		50000ec2
	[1]		500001ad
ARR 5000118d (sz=24, trace=300000, nelems=2, elem type=java.lang.String[]@500000b3)
	[0]		5000118f
	[1]		50001139
ARR 5000118e (sz=10, trace=300000, nelems=5, elem type=char[])
OBJ 5000118f (sz=24, trace=300000, class=java.lang.String@500000b2)
	value		50001190
ARR 50001190 (sz=8, trace=300000, nelems=4, elem type=char[])
OBJ 50001191 (sz=24, trace=300000, class=java.lang.String@500000b2)
	value		50001193
ARR 50001192 (sz=32, trace=300000, nelems=4, elem type=java.lang.String[]@500000b3)
	[0]		50000e3b
	[1]		50000e38
	[2]		50000e39
	[3]		50000e3a
ARR 50001193 (sz=2, trace=300000, nelems=1, elem type=char[])
ARR 50001194 (sz=6, trace=300000, nelems=3, elem type=char[])
OBJ 50001195 (sz=24, trace=300000, class=java.lang.String@500000b2)
	value		500011fa
OBJ 50001196 (sz=24, trace=300000, class=java.lang.String@500000b2)
	value		50001200
OBJ 50001197 (sz=24, trace=300000, class=java.lang.String@500000b2)
	value		500011fe
OBJ 50001198 (sz=24, trace=300000, class=java.lang.String@500000b2)
	value		50001220
OBJ 50001199 (sz=24, trace=300000, class=java.lang.String@500000b2)
	value		50001221
OBJ 5000119a (sz=24, trace=300000, class=java.lang.String@500000b2)
	value		50001210
OBJ 5000119b (sz=24, trace=300000, class=java.lang.String@500000b2)
	value		5000122f
OBJ 5000119c (sz=24, trace=300000, class=java.lang.String@500000b2)
	value		500011fc
OBJ 5000119d (sz=24, trace=300000, class=java.lang.String@500000b2)
	value		50001212
OBJ 5000119e (sz=24, trace=300000, class=java.lang.String@500000b2)
	value		50001230
OBJ 5000119f (sz=24, trace=300000, class=java.lang.String@500000b2)
	value		50001204
OBJ 500011a0 (sz=24, trace=300000, class=java.lang.String@500000b2)
	value		50001233
OBJ 500011a1 (sz=24, trace=300000, class=java.lang.String@500000b2)
	value		500011fd
OBJ 500011a2 (sz=24, trace=300000, class=java.lang.String@500000b2)
	value		5000120d
OBJ 500011a3 (sz=24, trace=300000, class=java.lang.String@500000b2)
	value		50001228
OBJ 500011a4 (sz=24, trace=300000, class=java.lang.String@500000b2)
	value		50001231
OBJ 500011a5 (sz=24, trace=300000, class=java.lang.String@500000b2)
	value		50001215
OBJ 500011a6 (sz=24, trace=300000, class=java.lang.String@500000b2)
	value		5000121c
OBJ 500011a7 (sz=24, trace=300000, class=java.lang.String@500000b2)
	value		50001225
OBJ 500011a8 (sz=24, trace=300000, class=java.lang.String@500000b2)
	value		5000120f
OBJ 500011a9 (sz=24, trace=300000, class=java.lang.String@500000b2)
	value		50001232
OBJ 500011aa (sz=24, trace=300000, class=java.lang.String@500000b2)
	value		50001229
OBJ 500011ab (sz=24, trace=300000, class=java.lang.String@500000b2)
	value		500011ff
OBJ 500011ac (sz=24, trace=300000, class=java.lang.String@500000b2)
	value		50001213
OBJ 500011ad (sz=24, trace=300000, class=java.lang.String@500000b2)
	value		50001234
OBJ 500011ae (sz=24, trace=300000, class=java.lang.String@500000b2)
	value		5000120e
OBJ 500011af (sz=24, trace=300000, class=java.lang.String@500000b2)
	value		50001217
OBJ 500011b0 (sz=24, trace=300000, class=java.lang.String@500000b2)
	value		50001216
OBJ 500011b1 (sz=24, trace=300000, class=java.lang.String@500000b2)
	value		5000121a
OBJ 500011b2 (sz=24, trace=300000, class=java.lang.String@500000b2)
	value		50001219
OBJ 500011b3 (sz=24, trace=300000, class=java.lang.String@500000b2)
	value		5000121e
OBJ 500011b4 (sz=24, trace=300000, class=java.lang.String@500000b2)
	value		5000121d
OBJ 500011b5 (sz=24, trace=300000, class=java.lang.String@500000b2)
	value		50001223
OBJ 500011b6 (sz=24, trace=300000, class=java.lang.String@500000b2)
	value		50001222
OBJ 500011b7 (sz=24, trace=300000, class=java.lang.String@500000b2)
	value		50001227
OBJ 500011b8 (sz=24, trace=300000, class=java.lang.String@500000b2)
	value		50001226
OBJ 500011b9 (sz=24, trace=300000, class=java.lang.String@500000b2)
	value		5000122c
OBJ 500011ba (sz=24, trace=300000, class=java.lang.String@500000b2)
	value		5000122e
OBJ 500011bb (sz=24, trace=300000, class=java.lang.String@500000b2)
	value		5000122d
OBJ 500011bc (sz=24, trace=300000, class=java.lang.String@500000b2)
	value		50001237
OBJ 500011bd (sz=24, trace=300000, class=java.lang.String@500000b2)
	value		5000120c
OBJ 500011be (sz=24, trace=300000, class=java.lang.String@500000b2)
	value		5000120b
OBJ 500011bf (sz=24, trace=300000, class=java.lang.String@500000b2)
	value		50001208
OBJ 500011c0 (sz=24, trace=300000, class=java.lang.String@500000b2)
	value		50001201
OBJ 500011c1 (sz=24, trace=300000, class=java.lang.String@500000b2)
	value		50001202
OBJ 500011c2 (sz=24, trace=300000, class=java.lang.String@500000b2)
	value		50001207
OBJ 500011c3 (sz=24, trace=300000, class=java.lang.String@500000b2)
	value		50001205
OBJ 500011c4 (sz=24, trace=300000, class=java.lang.String@500000b2)
	value		50001203
OBJ 500011c5 (sz=24, trace=300000, class=java.lang.String@500000b2)
	value		50001206
OBJ 500011c6 (sz=24, trace=300000, class=java.lang.String@500000b2)
	value		5000120a
OBJ 500011c7 (sz=24, trace=300000, class=java.lang.String@500000b2)
	value		50001209
OBJ 500011c8 (sz=24, trace=300000, class=java.lang.String@500000b2)
	value		500011fb
OBJ 500011c9 (sz=24, trace=300000, class=java.lang.String@500000b2)
	value		50001236
OBJ 500011ca (sz=24, trace=300000, class=java.lang.String@500000b2)
	value		50001238
OBJ 500011cb (sz=24, trace=300000, class=java.lang.String@500000b2)
	value		50001239
OBJ 500011cc (sz=24, trace=300000, class=java.lang.String@500000b2)
	value		50001211
OBJ 500011cd (sz=24, trace=300000, class=java.lang.String@500000b2)
	value		50001214
OBJ 500011ce (sz=24, trace=300000, class=java.lang.String@500000b2)
	value		50001218
OBJ 500011cf (sz=24, trace=300000, class=java.lang.String@500000b2)
	value		50001224
OBJ 500011d0 (sz=24, trace=300000, class=java.lang.String@500000b2)
	value		5000121b
OBJ 500011d1 (sz=24, trace=300000, class=java.lang.String@500000b2)
	value		5000121f
OBJ 500011d2 (sz=24, trace=300000, class=java.lang.String@500000b2)
	value		5000122b
OBJ 500011d3 (sz=24, trace=300000, class=java.lang.String@500000b2)
	value		5000122a
OBJ 500011d4 (sz=24, trace=300000, class=java.lang.String@500000b2)
	value		50001235
ARR 500011d5 (sz=32, trace=300000, nelems=4, elem type=java.lang.String[]@500000b3)
	[0]		50001098
	[1]		5000105e
	[2]		5000105a
	[3]		500010f9
ARR 500011d6 (sz=32, trace=300000, nelems=5, elem type=java.lang.String[]@500000b3)
	[0]		500010a2
	[1]		50000ef9
	[2]		50001060
	[3]		50001103
	[4]		500011cb
ARR 500011d7 (sz=40, trace=300000, nelems=6, elem type=java.lang.String[]@500000b3)
	[0]		500010a4
	[1]		50000f07
	[2]		50001062
	[3]		50001105
	[4]		500011ca
	[5]		50001004
ARR 500011d8 (sz=32, trace=300000, nelems=5, elem type=java.lang.String[]@500000b3)
	[0]		500010b4
	[1]		50001006
	[2]		5000102e
	[3]		50001109
	[4]		500011bc
ARR 500011d9 (sz=32, trace=300000, nelems=5, elem type=java.lang.String[]@500000b3)
	[0]		500010b9
	[1]		50000e7b
	[2]		50001070
	[3]		5000110e
	[4]		500011c9
ARR 500011da (sz=32, trace=300000, nelems=5, elem type=java.lang.String[]@500000b3)
	[0]		500010be
	[1]		50001072
	[2]		50000e86
	[3]		50001113
	[4]		50000fec
ARR 500011db (sz=32, trace=300000, nelems=5, elem type=java.lang.String[]@500000b3)
	[0]		500010c2
	[1]		50000e9d
	[2]		50001074
	[3]		50001115
	[4]		500011d4
ARR 500011dc (sz=32, trace=300000, nelems=5, elem type=java.lang.String[]@500000b3)
	[0]		500010c9
	[1]		50001076
	[2]		50000ea6
	[3]		50001117
	[4]		50000fd0
ARR 500011dd (sz=32, trace=300000, nelems=4, elem type=java.lang.String[]@500000b3)
	[0]		5000107e
	[1]		50000ea0
	[2]		50001030
	[3]		500010ae
ARR 500011de (sz=32, trace=300000, nelems=4, elem type=java.lang.String[]@500000b3)
	[0]		500010b6
	[1]		5000107a
	[2]		5000106e
	[3]		5000110b
ARR 500011df (sz=40, trace=300000, nelems=6, elem type=java.lang.String[]@500000b3)
	[0]		5000106a
	[1]		50000e89
	[2]		50001022
	[3]		50001092
	[4]		5000111e
	[5]		50000fea
ARR 500011e0 (sz=24, trace=300000, nelems=2, elem type=java.lang.String[]@500000b3)
	[0]		5000103f
	[1]		50000fd6
ARR 500011e1 (sz=24, trace=300000, nelems=2, elem type=java.lang.String[]@500000b3)
	[0]		50001042
	[1]		50000fd8
ARR 500011e2 (sz=24, trace=300000, nelems=2, elem type=java.lang.String[]@500000b3)
	[0]		50001044
	[1]		50000fdc
ARR 500011e3 (sz=24, trace=300000, nelems=2, elem type=java.lang.String[]@500000b3)
	[0]		50001046
	[1]		50000fde
ARR 500011e4 (sz=24, trace=300000, nelems=3, elem type=java.lang.String[]@500000b3)
	[0]		50001048
	[1]		50000fe0
	[2]		50001120
ARR 500011e5 (sz=24, trace=300000, nelems=2, elem type=java.lang.String[]@500000b3)
	[0]		5000104a
	[1]		50000fe2
ARR 500011e6 (sz=16, trace=300000, nelems=1, elem type=java.lang.String[]@500000b3)
	[0]		50001131
ARR 500011e7 (sz=24, trace=300000, nelems=3, elem type=java.lang.String[]@500000b3)
	[0]		50001133
	[1]		500010b0
	[2]		50001010
ARR 500011e8 (sz=72, trace=300000, nelems=15, elem type=java.lang.String[]@500000b3)
	[0]		500011ad
	[1]		50001028
	[2]		500011a0
	[3]		500011a9
	[4]		500011a4
	[5]		5000119e
	[6]		5000119b
	[7]		50001127
	[8]		50001151
	[9]		500011ba
	[10]		500011bb
	[11]		500011b9
	[12]		500011d2
	[13]		500011d3
	[14]		500011aa
ARR 500011e9 (sz=32, trace=300000, nelems=4, elem type=java.lang.String[]@500000b3)
	[0]		50001039
	[1]		5000102c
	[2]		500010e3
	[3]		500011a3
ARR 500011ea (sz=64, trace=300000, nelems=13, elem type=java.lang.String[]@500000b3)
	[0]		500010eb
	[1]		5000113f
	[2]		50001064
	[3]		500011b7
	[4]		500011b8
	[5]		500011a7
	[6]		50001088
	[7]		500010c0
	[8]		500010d5
	[9]		500010aa
	[10]		50001153
	[11]		50001129
	[12]		500011cf
ARR 500011eb (sz=80, trace=300000, nelems=16, elem type=java.lang.String[]@500000b3)
	[0]		500010ed
	[1]		50001141
	[2]		5000107c
	[3]		500011b5
	[4]		500011b6
	[5]		50001199
	[6]		50001198
	[7]		50001018
	[8]		500010dc
	[9]		500011d1
	[10]		50000ff9
	[11]		500010a6
	[12]		5000109c
	[13]		50001143
	[14]		5000111c
	[15]		5000100a
ARR 500011ec (sz=64, trace=300000, nelems=12, elem type=java.lang.String[]@500000b3)
	[0]		500010ef
	[1]		50001145
	[2]		50001066
	[3]		500011b3
	[4]		500011b4
	[5]		500011a6
	[6]		500010c7
	[7]		500010e5
	[8]		500010d3
	[9]		5000112b
	[10]		50001155
	[11]		500011d0
ARR 500011ed (sz=64, trace=300000, nelems=13, elem type=java.lang.String[]@500000b3)
	[0]		500010f1
	[1]		5000100e
	[2]		50001148
	[3]		50001086
	[4]		500011b1
	[5]		500011b2
	[6]		5000108a
	[7]		500010c4
	[8]		500010e7
	[9]		500010d7
	[10]		5000112d
	[11]		50001157
	[12]		500011ce
ARR 500011ee (sz=64, trace=300000, nelems=13, elem type=java.lang.String[]@500000b3)
	[0]		500010f3
	[1]		5000114a
	[2]		50001094
	[3]		500011af
	[4]		500011b0
	[5]		500011a5
	[6]		5000108c
	[7]		500010cd
	[8]		500010e9
	[9]		500010da
	[10]		5000112f
	[11]		50001159
	[12]		500011cd
ARR 500011ef (sz=72, trace=300000, nelems=14, elem type=java.lang.String[]@500000b3)
	[0]		50001096
	[1]		500011ac
	[2]		5000108e
	[3]		500010d1
	[4]		5000119d
	[5]		50001119
	[6]		500011cc
	[7]		5000113b
	[8]		5000119a
	[9]		500011a8
	[10]		500011ae
	[11]		50000ecc
	[12]		5000114e
	[13]		500011a2
ARR 500011f0 (sz=24, trace=300000, nelems=2, elem type=java.lang.String[]@500000b3)
	[0]		50000e71
	[1]		500011bd
ARR 500011f1 (sz=24, trace=300000, nelems=2, elem type=java.lang.String[]@500000b3)
	[0]		50000e7f
	[1]		500011be
ARR 500011f2 (sz=24, trace=300000, nelems=2, elem type=java.lang.String[]@500000b3)
	[0]		50000ee9
	[1]		500011c6
ARR 500011f3 (sz=24, trace=300000, nelems=2, elem type=java.lang.String[]@500000b3)
	[0]		50000e65
	[1]		500011c7
ARR 500011f4 (sz=24, trace=300000, nelems=2, elem type=java.lang.String[]@500000b3)
	[0]		50000efd
	[1]		500011bf
ARR 500011f5 (sz=16, trace=300000, nelems=1, elem type=java.lang.String[]@500000b3)
	[0]		500011c2
ARR 500011f6 (sz=24, trace=300000, nelems=3, elem type=java.lang.String[]@500000b3)
	[0]		50000f00
	[1]		500011c5
	[2]		500011c3
ARR 500011f7 (sz=32, trace=300000, nelems=4, elem type=java.lang.String[]@500000b3)
	[0]		50000ed2
	[1]		5000119f
	[2]		500011c4
	[3]		500011c1
ARR 500011f8 (sz=32, trace=300000, nelems=4, elem type=java.lang.String[]@500000b3)
	[0]		50000edd
	[1]		50001068
	[2]		5000101a
	[3]		500011c0
ARR 500011f9 (sz=72, trace=300000, nelems=14, elem type=java.lang.String[]@500000b3)
	[0]		50001110
	[1]		50001196
	[2]		500011ab
	[3]		50001197
	[4]		500011a1
	[5]		5000102a
	[6]		5000119c
	[7]		50001026
	[8]		500011c8
	[9]		50001056
	[10]		500010de
	[11]		50000fe4
	[12]		50001195
	[13]		50001016
ARR 500011fa (sz=28, trace=300000, nelems=14, elem type=char[])
ARR 500011fb (sz=14, trace=300000, nelems=7, elem type=char[])
ARR 500011fc (sz=12, trace=300000, nelems=6, elem type=char[])
ARR 500011fd (sz=18, trace=300000, nelems=9, elem type=char[])
ARR 500011fe (sz=10, trace=300000, nelems=5, elem type=char[])
ARR 500011ff (sz=32, trace=300000, nelems=16, elem type=char[])
ARR 50001200 (sz=28, trace=300000, nelems=14, elem type=char[])
ARR 50001201 (sz=20, trace=300000, nelems=10, elem type=char[])
ARR 50001202 (sz=36, trace=300000, nelems=18, elem type=char[])
ARR 50001203 (sz=20, trace=300000, nelems=10, elem type=char[])
ARR 50001204 (sz=30, trace=300000, nelems=15, elem type=char[])
ARR 50001205 (sz=42, trace=300000, nelems=21, elem type=char[])
ARR 50001206 (sz=20, trace=300000, nelems=10, elem type=char[])
ARR 50001207 (sz=26, trace=300000, nelems=13, elem type=char[])
ARR 50001208 (sz=10, trace=300000, nelems=5, elem type=char[])
ARR 50001209 (sz=20, trace=300000, nelems=10, elem type=char[])
ARR 5000120a (sz=20, trace=300000, nelems=10, elem type=char[])
ARR 5000120b (sz=24, trace=300000, nelems=12, elem type=char[])
ARR 5000120c (sz=24, trace=300000, nelems=12, elem type=char[])
ARR 5000120d (sz=18, trace=300000, nelems=9, elem type=char[])
ARR 5000120e (sz=30, trace=300000, nelems=15, elem type=char[])
ARR 5000120f (sz=18, trace=300000, nelems=9, elem type=char[])
ARR 50001210 (sz=14, trace=300000, nelems=7, elem type=char[])
ARR 50001211 (sz=22, trace=300000, nelems=11, elem type=char[])
ARR 50001212 (sz=12, trace=300000, nelems=6, elem type=char[])
ARR 50001213 (sz=20, trace=300000, nelems=10, elem type=char[])
ARR 50001214 (sz=22, trace=300000, nelems=11, elem type=char[])
ARR 50001215 (sz=18, trace=300000, nelems=9, elem type=char[])
ARR 50001216 (sz=30, trace=300000, nelems=15, elem type=char[])
ARR 50001217 (sz=20, trace=300000, nelems=10, elem type=char[])
ARR 50001218 (sz=22, trace=300000, nelems=11, elem type=char[])
ARR 50001219 (sz=30, trace=300000, nelems=15, elem type=char[])
ARR 5000121a (sz=20, trace=300000, nelems=10, elem type=char[])
ARR 5000121b (sz=36, trace=300000, nelems=18, elem type=char[])
ARR 5000121c (sz=18, trace=300000, nelems=9, elem type=char[])
ARR 5000121d (sz=30, trace=300000, nelems=15, elem type=char[])
ARR 5000121e (sz=20, trace=300000, nelems=10, elem type=char[])
ARR 5000121f (sz=30, trace=300000, nelems=15, elem type=char[])
ARR 50001220 (sz=16, trace=300000, nelems=8, elem type=char[])
ARR 50001221 (sz=16, trace=300000, nelems=8, elem type=char[])
ARR 50001222 (sz=30, trace=300000, nelems=15, elem type=char[])
ARR 50001223 (sz=20, trace=300000, nelems=10, elem type=char[])
ARR 50001224 (sz=22, trace=300000, nelems=11, elem type=char[])
ARR 50001225 (sz=18, trace=300000, nelems=9, elem type=char[])
ARR 50001226 (sz=30, trace=300000, nelems=15, elem type=char[])
ARR 50001227 (sz=20, trace=300000, nelems=10, elem type=char[])
ARR 50001228 (sz=20, trace=300000, nelems=10, elem type=char[])
ARR 50001229 (sz=30, trace=300000, nelems=15, elem type=char[])
ARR 5000122a (sz=22, trace=300000, nelems=11, elem type=char[])
ARR 5000122b (sz=22, trace=300000, nelems=11, elem type=char[])
ARR 5000122c (sz=4, trace=300000, nelems=2, elem type=char[])
ARR 5000122d (sz=12, trace=300000, nelems=6, elem type=char[])
ARR 5000122e (sz=12, trace=300000, nelems=6, elem type=char[])
ARR 5000122f (sz=14, trace=300000, nelems=7, elem type=char[])
ARR 50001230 (sz=12, trace=300000, nelems=6, elem type=char[])
ARR 50001231 (sz=20, trace=300000, nelems=10, elem type=char[])
ARR 50001232 (sz=20, trace=300000, nelems=10, elem type=char[])
ARR 50001233 (sz=22, trace=300000, nelems=11, elem type=char[])
ARR 50001234 (sz=22, trace=300000, nelems=11, elem type=char[])
ARR 50001235 (sz=16, trace=300000, nelems=8, elem type=char[])
ARR 50001236 (sz=16, trace=300000, nelems=8, elem type=char[])
ARR 50001237 (sz=48, trace=300000, nelems=24, elem type=char[])
ARR 50001238 (sz=16, trace=300000, nelems=8, elem type=char[])
ARR 50001239 (sz=16, trace=300000, nelems=8, elem type=char[])
OBJ 5000123a (sz=24, trace=300000, class=java.lang.String@500000b2)
	value		5000123b
ARR 5000123b (sz=2, trace=300000, nelems=1, elem type=char[])
ARR 5000123c (sz=20, trace=300000, nelems=10, elem type=char[])
ARR 5000123d (sz=24, trace=300000, nelems=1, elem type=java.lang.Object[]@500000fa)
	[0]		50000ecb
ARR 5000123e (sz=24, trace=300000, nelems=1, elem type=java.lang.Object[]@500000fa)
	[0]		50000edc
ARR 5000123f (sz=24, trace=300000, nelems=3, elem type=java.lang.Object[]@500000fa)
	[0]		50000ee5
	[1]		50000e43
	[2]		50001240
ARR 50001240 (sz=24, trace=300000, nelems=1, elem type=java.lang.Object[]@500000fa)
	[0]		50000ee8
OBJ 50001241 (sz=24, trace=300000, class=java.lang.String@500000b2)
	value		50001245
ARR 50001242 (sz=512, trace=300000, nelems=256, elem type=char[])
ARR 50001243 (sz=3072, trace=300000, nelems=1536, elem type=char[])
ARR 50001244 (sz=512, trace=300000, nelems=256, elem type=char[])
ARR 50001245 (sz=512, trace=300000, nelems=256, elem type=char[])
ARR 50001246 (sz=24, trace=300000, nelems=1, elem type=java.lang.Object[]@500000fa)
	[0]		50000ef3
ARR 50001247 (sz=24, trace=300000, nelems=3, elem type=java.lang.Object[]@500000fa)
	[0]		50000efc
	[2]		50001248
ARR 50001248 (sz=24, trace=300000, nelems=1, elem type=java.lang.Object[]@500000fa)
	[0]		50000eff
OBJ 50001249 (sz=16, trace=300000, class=java.util.concurrent.atomic.AtomicInteger@5000002c)
ARR 5000124a (sz=38, trace=300000, nelems=19, elem type=char[])
ARR 5000124b (sz=26, trace=300000, nelems=13, elem type=char[])
OBJ 5000124c (sz=8, trace=300000, class=java.lang.Object@500000f9)
ARR 5000124d (sz=28, trace=300000, nelems=14, elem type=char[])
ARR 5000124e (sz=26, trace=300000, nelems=13, elem type=char[])
ARR 5000124f (sz=38, trace=300000, nelems=19, elem type=char[])
ARR 50001250 (sz=12, trace=300000, nelems=6, elem type=char[])
ARR 50001251 (sz=28, trace=300000, nelems=14, elem type=char[])
ARR 50001252 (sz=22, trace=300000, nelems=11, elem type=char[])
ARR 50001253 (sz=16, trace=300000, nelems=8, elem type=char[])
ARR 50001254 (sz=14, trace=300000, nelems=7, elem type=char[])
ARR 50001255 (sz=18, trace=300000, nelems=9, elem type=char[])
ARR 50001256 (sz=18, trace=300000, nelems=9, elem type=char[])
ARR 50001257 (sz=24, trace=300000, nelems=12, elem type=char[])
ARR 50001258 (sz=12, trace=300000, nelems=6, elem type=char[])
OBJ 50001259 (sz=16, trace=300000, class=java.util.HashSet@500000f8)
	map		5000125a
OBJ 5000125a (sz=40, trace=300000, class=java.util.HashMap@50000008)
	table		5000125b
ARR 5000125b (sz=80, trace=300000, nelems=0, elem type=java.util.HashMap$Entry[]@5000012c)
ARR 5000125c (sz=80, trace=300000, nelems=0, elem type=java.util.HashMap$Entry[]@5000012c)
ARR 5000125d (sz=56, trace=300000, nelems=0, elem type=java.lang.Object[]@500000fa)
ARR 5000125e (sz=80, trace=300000, nelems=0, elem type=java.util.HashMap$Entry[]@5000012c)
OBJ 5000125f (sz=8, trace=300000, class=sun.net.www.protocol.jar.Handler@5000013e)
OBJ 50001260 (sz=40, trace=300000, class=java.util.HashMap@50000008)
	table		50001301
OBJ 50001261 (sz=24, trace=300000, class=java.util.ArrayList@500000b1)
	elementData	5000129a
OBJ 50001262 (sz=24, trace=300000, class=java.util.Stack@5000008e)
	elementData	50001299
OBJ 50001263 (sz=24, trace=300000, class=java.util.ArrayList@500000b1)
	elementData	50001264
ARR 50001264 (sz=56, trace=300000, nelems=7, elem type=java.lang.Object[]@500000fa)
	[0]		50001265
	[1]		50001266
	[2]		50001267
	[3]		50001268
	[4]		50001269
	[5]		5000126a
	[6]		5000126b
OBJ 50001265 (sz=56, trace=300000, class=java.net.URL@50000010)
	protocol	5000126e
	host		50000966
	file		50001297
	authority	50000966
	path		50001297
	handler		5000126c
OBJ 50001266 (sz=56, trace=300000, class=java.net.URL@50000010)
	protocol	5000126e
	host		50000966
	file		50001295
	authority	50000966
	path		50001295
	handler		5000126c
OBJ 50001267 (sz=56, trace=300000, class=java.net.URL@50000010)
	protocol	5000126e
	host		50000966
	file		50001293
	authority	50000966
	path		50001293
	handler		5000126c
OBJ 50001268 (sz=56, trace=300000, class=java.net.URL@50000010)
	protocol	5000126e
	host		50000966
	file		50001291
	authority	50000966
	path		50001291
	handler		5000126c
OBJ 50001269 (sz=56, trace=300000, class=java.net.URL@50000010)
	protocol	5000126e
	host		50000966
	file		5000128f
	authority	50000966
	path		5000128f
	handler		5000126c
OBJ 5000126a (sz=56, trace=300000, class=java.net.URL@50000010)
	protocol	5000126e
	host		50000966
	file		5000128d
	authority	50000966
	path		5000128d
	handler		5000126c
OBJ 5000126b (sz=56, trace=300000, class=java.net.URL@50000010)
	protocol	5000126e
	host		50000966
	file		5000126d
	authority	50000966
	path		5000126d
	handler		5000126c
OBJ 5000126c (sz=8, trace=300000, class=sun.net.www.protocol.file.Handler@5000003b)
OBJ 5000126d (sz=24, trace=300000, class=java.lang.String@500000b2)
	value		50001270
OBJ 5000126e (sz=24, trace=300000, class=java.lang.String@500000b2)
	value		5000126f
ARR 5000126f (sz=8, trace=300000, nelems=4, elem type=char[])
ARR 50001270 (sz=110, trace=300000, nelems=55, elem type=char[])
OBJ 50001271 (sz=24, trace=300000, class=java.lang.String@500000b2)
	value		5000128c
OBJ 50001272 (sz=24, trace=300000, class=java.lang.String@500000b2)
	value		5000128b
OBJ 50001273 (sz=24, trace=300000, class=java.lang.String@500000b2)
	value		5000128a
OBJ 50001274 (sz=24, trace=300000, class=java.lang.String@500000b2)
	value		50001289
OBJ 50001275 (sz=24, trace=300000, class=java.lang.String@500000b2)
	value		50001288
OBJ 50001276 (sz=24, trace=300000, class=java.lang.String@500000b2)
	value		50001287
OBJ 50001277 (sz=24, trace=300000, class=java.lang.String@500000b2)
	value		50001286
OBJ 50001278 (sz=24, trace=300000, class=java.lang.String@500000b2)
	value		50001285
OBJ 50001279 (sz=24, trace=300000, class=java.lang.String@500000b2)
	value		5000127f
OBJ 5000127a (sz=24, trace=300000, class=java.lang.String@500000b2)
	value		50001284
OBJ 5000127b (sz=24, trace=300000, class=java.lang.String@500000b2)
	value		50001283
OBJ 5000127c (sz=24, trace=300000, class=java.lang.String@500000b2)
	value		50001282
OBJ 5000127d (sz=8, trace=300000, class=java.lang.Object@500000f9)
OBJ 5000127e (sz=40, trace=300000, class=java.util.Hashtable@500000a0)
	table		50001280
ARR 5000127f (sz=52, trace=300000, nelems=26, elem type=char[])
ARR 50001280 (sz=56, trace=300000, nelems=7, elem type=java.util.Hashtable$Entry[]@5000014d)
	[6]		50001281
OBJ 50001281 (sz=24, trace=300000, class=java.util.Hashtable$Entry@5000014c)
	key		5000126e
	value		5000126c
ARR 50001282 (sz=2, trace=300000, nelems=1, elem type=char[])
ARR 50001283 (sz=8, trace=300000, nelems=4, elem type=char[])
ARR 50001284 (sz=40, trace=300000, nelems=20, elem type=char[])
ARR 50001285 (sz=2, trace=300000, nelems=1, elem type=char[])
ARR 50001286 (sz=16, trace=300000, nelems=8, elem type=char[])
ARR 50001287 (sz=2, trace=300000, nelems=1, elem type=char[])
ARR 50001288 (sz=6, trace=300000, nelems=3, elem type=char[])
ARR 50001289 (sz=8, trace=300000, nelems=4, elem type=char[])
ARR 5000128a (sz=6, trace=300000, nelems=3, elem type=char[])
ARR 5000128b (sz=4, trace=300000, nelems=2, elem type=char[])
ARR 5000128c (sz=4, trace=300000, nelems=2, elem type=char[])
OBJ 5000128d (sz=24, trace=300000, class=java.lang.String@500000b2)
	value		5000128e
ARR 5000128e (sz=118, trace=300000, nelems=59, elem type=char[])
OBJ 5000128f (sz=24, trace=300000, class=java.lang.String@500000b2)
	value		50001290
ARR 50001290 (sz=118, trace=300000, nelems=59, elem type=char[])
OBJ 50001291 (sz=24, trace=300000, class=java.lang.String@500000b2)
	value		50001292
ARR 50001292 (sz=130, trace=300000, nelems=65, elem type=char[])
OBJ 50001293 (sz=24, trace=300000, class=java.lang.String@500000b2)
	value		50001294
ARR 50001294 (sz=110, trace=300000, nelems=55, elem type=char[])
OBJ 50001295 (sz=24, trace=300000, class=java.lang.String@500000b2)
	value		50001296
ARR 50001296 (sz=120, trace=300000, nelems=60, elem type=char[])
OBJ 50001297 (sz=24, trace=300000, class=java.lang.String@500000b2)
	value		50001298
ARR 50001298 (sz=110, trace=300000, nelems=55, elem type=char[])
ARR 50001299 (sz=56, trace=300000, nelems=0, elem type=java.lang.Object[]@500000fa)
ARR 5000129a (sz=56, trace=300000, nelems=7, elem type=java.lang.Object[]@500000fa)
	[0]		50000188
	[1]		500001d3
	[2]		500001fc
	[3]		50000225
	[4]		5000024e
	[5]		50000277
	[6]		500002a0
OBJ 5000129b (sz=16, trace=300000, class=sun.misc.MetaIndex@50000076)
	contents	500012a0
OBJ 5000129c (sz=24, trace=300000, class=java.lang.String@500000b2)
	value		5000129d
ARR 5000129d (sz=6, trace=300000, nelems=3, elem type=char[])
OBJ 5000129e (sz=24, trace=300000, class=java.lang.String@500000b2)
	value		5000129f
ARR 5000129f (sz=4, trace=300000, nelems=2, elem type=char[])
ARR 500012a0 (sz=24, trace=300000, nelems=2, elem type=java.lang.String[]@500000b3)
	[0]		500012a1
	[1]		500012a2
OBJ 500012a1 (sz=24, trace=300000, class=java.lang.String@500000b2)
	value		500012a4
OBJ 500012a2 (sz=24, trace=300000, class=java.lang.String@500000b2)
	value		500012a3
ARR 500012a3 (sz=24, trace=300000, nelems=12, elem type=char[])
ARR 500012a4 (sz=108, trace=300000, nelems=54, elem type=char[])
OBJ 500012a5 (sz=24, trace=300000, class=java.lang.String@500000b2)
	value		50001300
OBJ 500012a6 (sz=24, trace=300000, class=java.lang.String@500000b2)
	value		500012ff
OBJ 500012a7 (sz=24, trace=300000, class=java.lang.String@500000b2)
	value		500012fe
OBJ 500012a8 (sz=40, trace=300000, class=java.util.HashMap@50000008)
	table		50000619
OBJ 500012a9 (sz=24, trace=300000, class=java.util.HashMap$Entry@5000012b)
	key		500012ee
	value		500012ed
	next		50000552
OBJ 500012aa (sz=24, trace=300000, class=java.util.HashMap$Entry@5000012b)
	key		500012e5
	value		500012e4
OBJ 500012ab (sz=24, trace=300000, class=java.util.HashMap$Entry@5000012b)
	key		500012d5
	value		500012d4
	next		500012d3
OBJ 500012ac (sz=24, trace=300000, class=java.util.HashMap$Entry@5000012b)
	key		500012c6
	value		500012c5
	next		5000052a
OBJ 500012ad (sz=24, trace=300000, class=java.util.HashMap$Entry@5000012b)
	key		500012bb
	value		500012ba
OBJ 500012ae (sz=24, trace=300000, class=java.util.HashMap$Entry@5000012b)
	key		500012b0
	value		500012af
OBJ 500012af (sz=16, trace=300000, class=sun.misc.MetaIndex@50000076)
	contents	500012b3
OBJ 500012b0 (sz=24, trace=300000, class=java.io.File@5000010e)
	path		500012b1
OBJ 500012b1 (sz=24, trace=300000, class=java.lang.String@500000b2)
	value		500012b2
ARR 500012b2 (sz=108, trace=300000, nelems=54, elem type=char[])
ARR 500012b3 (sz=24, trace=300000, nelems=3, elem type=java.lang.String[]@500000b3)
	[0]		500012b4
	[1]		500012b5
	[2]		500012b6
OBJ 500012b4 (sz=24, trace=300000, class=java.lang.String@500000b2)
	value		500012b9
OBJ 500012b5 (sz=24, trace=300000, class=java.lang.String@500000b2)
	value		500012b8
OBJ 500012b6 (sz=24, trace=300000, class=java.lang.String@500000b2)
	value		500012b7
ARR 500012b7 (sz=38, trace=300000, nelems=19, elem type=char[])
ARR 500012b8 (sz=40, trace=300000, nelems=20, elem type=char[])
ARR 500012b9 (sz=24, trace=300000, nelems=12, elem type=char[])
OBJ 500012ba (sz=16, trace=300000, class=sun.misc.MetaIndex@50000076)
	contents	500012be
OBJ 500012bb (sz=24, trace=300000, class=java.io.File@5000010e)
	path		500012bc
OBJ 500012bc (sz=24, trace=300000, class=java.lang.String@500000b2)
	value		500012bd
ARR 500012bd (sz=108, trace=300000, nelems=54, elem type=char[])
ARR 500012be (sz=24, trace=300000, nelems=3, elem type=java.lang.String[]@500000b3)
	[0]		500012bf
	[1]		500012c0
	[2]		500012c1
OBJ 500012bf (sz=24, trace=300000, class=java.lang.String@500000b2)
	value		500012c4
OBJ 500012c0 (sz=24, trace=300000, class=java.lang.String@500000b2)
	value		500012c3
OBJ 500012c1 (sz=24, trace=300000, class=java.lang.String@500000b2)
	value		500012c2
ARR 500012c2 (sz=38, trace=300000, nelems=19, elem type=char[])
ARR 500012c3 (sz=40, trace=300000, nelems=20, elem type=char[])
ARR 500012c4 (sz=24, trace=300000, nelems=12, elem type=char[])
OBJ 500012c5 (sz=16, trace=300000, class=sun.misc.MetaIndex@50000076)
	contents	500012c9
OBJ 500012c6 (sz=24, trace=300000, class=java.io.File@5000010e)
	path		500012c7
OBJ 500012c7 (sz=24, trace=300000, class=java.lang.String@500000b2)
	value		500012c8
ARR 500012c8 (sz=120, trace=300000, nelems=60, elem type=char[])
ARR 500012c9 (sz=24, trace=300000, nelems=3, elem type=java.lang.String[]@500000b3)
	[0]		500012ca
	[1]		500012cb
	[2]		500012cc
OBJ 500012ca (sz=24, trace=300000, class=java.lang.String@500000b2)
	value		500012cf
OBJ 500012cb (sz=24, trace=300000, class=java.lang.String@500000b2)
	value		500012ce
OBJ 500012cc (sz=24, trace=300000, class=java.lang.String@500000b2)
	value		500012cd
ARR 500012cd (sz=38, trace=300000, nelems=19, elem type=char[])
ARR 500012ce (sz=40, trace=300000, nelems=20, elem type=char[])
ARR 500012cf (sz=30, trace=300000, nelems=15, elem type=char[])
ARR 500012d0 (sz=16, trace=300000, nelems=1, elem type=java.lang.String[]@500000b3)
	[0]		5000051e
ARR 500012d1 (sz=32, trace=300000, nelems=4, elem type=java.lang.String[]@500000b3)
	[0]		5000052c
	[1]		5000052e
	[2]		50000530
	[3]		50000532
ARR 500012d2 (sz=176, trace=300000, nelems=40, elem type=java.lang.String[]@500000b3)
	[0]		500005bd
	[1]		500005bf
	[2]		500005c1
	[3]		500005c3
	[4]		500005c5
	[5]		500005c7
	[6]		500005c9
	[7]		500005cb
	[8]		500005cd
	[9]		500005cf
	[10]		500005d1
	[11]		500005d3
	[12]		500005d5
	[13]		500005d7
	[14]		500005d9
	[15]		500005db
	[16]		500005dd
	[17]		500005df
	[18]		500005e1
	[19]		500005e3
	[20]		500005e5
	[21]		500005e7
	[22]		500005e9
	[23]		500005eb
	[24]		500005ed
	[25]		500005ef
	[26]		500005f1
	[27]		500005f3
	[28]		500005f5
	[29]		500005f7
	[30]		500005f9
	[31]		500005fb
	[32]		500005fd
	[33]		500005ff
	[34]		50000601
	[35]		50000603
	[36]		50000605
	[37]		50000607
	[38]		50000609
	[39]		5000060b
OBJ 500012d3 (sz=24, trace=300000, class=java.util.HashMap$Entry@5000012b)
	key		500012df
	value		5000129b
OBJ 500012d4 (sz=16, trace=300000, class=sun.misc.MetaIndex@50000076)
	contents	500012d8
OBJ 500012d5 (sz=24, trace=300000, class=java.io.File@5000010e)
	path		500012d6
OBJ 500012d6 (sz=24, trace=300000, class=java.lang.String@500000b2)
	value		500012d7
ARR 500012d7 (sz=100, trace=300000, nelems=50, elem type=char[])
ARR 500012d8 (sz=24, trace=300000, nelems=3, elem type=java.lang.String[]@500000b3)
	[0]		500012d9
	[1]		500012da
	[2]		500012db
OBJ 500012d9 (sz=24, trace=300000, class=java.lang.String@500000b2)
	value		500012de
OBJ 500012da (sz=24, trace=300000, class=java.lang.String@500000b2)
	value		500012dd
OBJ 500012db (sz=24, trace=300000, class=java.lang.String@500000b2)
	value		500012dc
ARR 500012dc (sz=38, trace=300000, nelems=19, elem type=char[])
ARR 500012dd (sz=40, trace=300000, nelems=20, elem type=char[])
ARR 500012de (sz=24, trace=300000, nelems=12, elem type=char[])
OBJ 500012df (sz=24, trace=300000, class=java.io.File@5000010e)
	path		500012e0
OBJ 500012e0 (sz=24, trace=300000, class=java.lang.String@500000b2)
	value		500012e1
ARR 500012e1 (sz=100, trace=300000, nelems=50, elem type=char[])
ARR 500012e2 (sz=24, trace=300000, nelems=2, elem type=java.lang.String[]@500000b3)
	[0]		50000554
	[1]		50000556
ARR 500012e3 (sz=152, trace=300000, nelems=35, elem type=java.lang.String[]@500000b3)
	[0]		50000567
	[1]		50000569
	[2]		5000056b
	[3]		5000056d
	[4]		5000056f
	[5]		50000571
	[6]		50000573
	[7]		50000575
	[8]		50000577
	[9]		50000579
	[10]		5000057b
	[11]		5000057e
	[12]		50000580
	[13]		50000582
	[14]		50000584
	[15]		50000586
	[16]		50000589
	[17]		5000058b
	[18]		5000058d
	[19]		5000058f
	[20]		50000591
	[21]		50000593
	[22]		50000595
	[23]		50000598
	[24]		5000059a
	[25]		5000059c
	[26]		5000059e
	[27]		500005a0
	[28]		500005a2
	[29]		500005a4
	[30]		500005a6
	[31]		500005a8
	[32]		500005aa
	[33]		500005ac
	[34]		500005af
OBJ 500012e4 (sz=16, trace=300000, class=sun.misc.MetaIndex@50000076)
	contents	500012e8
OBJ 500012e5 (sz=24, trace=300000, class=java.io.File@5000010e)
	path		500012e6
OBJ 500012e6 (sz=24, trace=300000, class=java.lang.String@500000b2)
	value		500012e7
ARR 500012e7 (sz=110, trace=300000, nelems=55, elem type=char[])
ARR 500012e8 (sz=24, trace=300000, nelems=2, elem type=java.lang.String[]@500000b3)
	[0]		500012e9
	[1]		500012ea
OBJ 500012e9 (sz=24, trace=300000, class=java.lang.String@500000b2)
	value		500012ec
OBJ 500012ea (sz=24, trace=300000, class=java.lang.String@500000b2)
	value		500012eb
ARR 500012eb (sz=16, trace=300000, nelems=8, elem type=char[])
ARR 500012ec (sz=16, trace=300000, nelems=8, elem type=char[])
OBJ 500012ed (sz=16, trace=300000, class=sun.misc.MetaIndex@50000076)
	contents	500012f1
OBJ 500012ee (sz=24, trace=300000, class=java.io.File@5000010e)
	path		500012ef
OBJ 500012ef (sz=24, trace=300000, class=java.lang.String@500000b2)
	value		500012f0
ARR 500012f0 (sz=100, trace=300000, nelems=50, elem type=char[])
ARR 500012f1 (sz=24, trace=300000, nelems=2, elem type=java.lang.String[]@500000b3)
	[0]		500012f2
	[1]		500012f3
OBJ 500012f2 (sz=24, trace=300000, class=java.lang.String@500000b2)
	value		500012f5
OBJ 500012f3 (sz=24, trace=300000, class=java.lang.String@500000b2)
	value		500012f4
ARR 500012f4 (sz=14, trace=300000, nelems=7, elem type=char[])
ARR 500012f5 (sz=126, trace=300000, nelems=63, elem type=char[])
ARR 500012f6 (sz=32, trace=300000, nelems=4, elem type=java.lang.String[]@500000b3)
	[0]		50000540
	[1]		50000542
	[2]		50000544
	[3]		50000546
OBJ 500012f7 (sz=16, trace=300000, class=java.lang.ThreadLocal@500000bd)
OBJ 500012f8 (sz=24, trace=300000, class=java.io.FileDescriptor@500000c5)
	useCount	500012fb
OBJ 500012f9 (sz=24, trace=300000, class=java.io.FileDescriptor@500000c5)
	useCount	500012fa
OBJ 500012fa (sz=16, trace=300000, class=java.util.concurrent.atomic.AtomicInteger@5000002c)
OBJ 500012fb (sz=16, trace=300000, class=java.util.concurrent.atomic.AtomicInteger@5000002c)
OBJ 500012fc (sz=24, trace=300000, class=java.lang.String@500000b2)
	value		500012fd
ARR 500012fd (sz=26, trace=300000, nelems=13, elem type=char[])
ARR 500012fe (sz=20, trace=300000, nelems=10, elem type=char[])
ARR 500012ff (sz=12, trace=300000, nelems=6, elem type=char[])
ARR 50001300 (sz=22, trace=300000, nelems=11, elem type=char[])
ARR 50001301 (sz=80, trace=300000, nelems=16, elem type=java.util.HashMap$Entry[]@5000012c)
	[0]		5000028d
	[8]		5000023b
	[9]		500002b6
	[10]		50000212
	[12]		500001e9
	[13]		50000264
	[15]		500001c0
OBJ 50001302 (sz=24, trace=300000, class=java.lang.String@500000b2)
	value		5000131a
OBJ 50001303 (sz=24, trace=300000, class=java.lang.String@500000b2)
	value		50001319
OBJ 50001304 (sz=24, trace=300000, class=java.lang.String@500000b2)
	value		50001318
OBJ 50001305 (sz=24, trace=300000, class=java.lang.String@500000b2)
	value		50001317
OBJ 50001306 (sz=24, trace=300000, class=java.lang.String@500000b2)
	value		50001316
OBJ 50001307 (sz=24, trace=300000, class=java.lang.String@500000b2)
	value		50001315
OBJ 50001308 (sz=24, trace=300000, class=java.lang.String@500000b2)
	value		50001314
OBJ 50001309 (sz=24, trace=300000, class=java.lang.String@500000b2)
	value		50001313
ARR 5000130a (sz=32, trace=300000, nelems=16, elem type=char[])
OBJ 5000130b (sz=24, trace=300000, class=java.util.BitSet@500000f2)
	words		5000130c
ARR 5000130c (sz=32, trace=300000, nelems=4, elem type=long[])
OBJ 5000130d (sz=24, trace=300000, class=java.lang.String@500000b2)
	value		50001311
ARR 5000130e (sz=16, trace=300000, nelems=1, elem type=java.io.ObjectStreamField[]@5000004e)
	[0]		5000130f
OBJ 5000130f (sz=32, trace=300000, class=java.io.ObjectStreamField@5000004d)
	name		5000130d
	signature	50001310
	type		50000158
OBJ 50001310 (sz=24, trace=300000, class=java.lang.String@500000b2)
	value		50001312
ARR 50001311 (sz=8, trace=300000, nelems=4, elem type=char[])
ARR 50001312 (sz=4, trace=300000, nelems=2, elem type=char[])
ARR 50001313 (sz=14, trace=300000, nelems=7, elem type=char[])
ARR 50001314 (sz=24, trace=300000, nelems=12, elem type=char[])
ARR 50001315 (sz=4, trace=300000, nelems=2, elem type=char[])
ARR 50001316 (sz=14, trace=300000, nelems=7, elem type=char[])
ARR 50001317 (sz=10, trace=300000, nelems=5, elem type=char[])
ARR 50001318 (sz=18, trace=300000, nelems=9, elem type=char[])
ARR 50001319 (sz=2, trace=300000, nelems=1, elem type=char[])
ARR 5000131a (sz=16, trace=300000, nelems=8, elem type=char[])
OBJ 5000131b (sz=24, trace=300000, class=java.lang.String@500000b2)
	value		50001332
OBJ 5000131c (sz=24, trace=300000, class=java.lang.String@500000b2)
	value		50001331
OBJ 5000131d (sz=24, trace=300000, class=java.lang.String@500000b2)
	value		5000131f
OBJ 5000131e (sz=24, trace=300000, class=java.lang.String@500000b2)
	value		50001320
ARR 5000131f (sz=30, trace=300000, nelems=15, elem type=char[])
ARR 50001320 (sz=16, trace=300000, nelems=8, elem type=char[])
OBJ 50001321 (sz=24, trace=300000, class=java.lang.String@500000b2)
	value		50001322
ARR 50001322 (sz=6, trace=300000, nelems=3, elem type=char[])
OBJ 50001323 (sz=24, trace=300000, class=java.lang.String@500000b2)
	value		50001324
ARR 50001324 (sz=4, trace=300000, nelems=2, elem type=char[])
OBJ 50001325 (sz=24, trace=300000, class=java.lang.String@500000b2)
	value		50001330
OBJ 50001326 (sz=24, trace=300000, class=java.lang.String@500000b2)
	value		5000132f
OBJ 50001327 (sz=24, trace=300000, class=java.lang.String@500000b2)
	value		5000132d
OBJ 50001328 (sz=24, trace=300000, class=java.lang.String@500000b2)
	value		5000132e
ARR 50001329 (sz=16, trace=300000, nelems=0, elem type=java.lang.Throwable[]@5000009b)
ARR 5000132a (sz=16, trace=300000, nelems=0, elem type=java.lang.StackTraceElement[]@5000003f)
OBJ 5000132b (sz=24, trace=300000, class=java.util.ArrayList@500000b1)
	elementData	5000132c
ARR 5000132c (sz=16, trace=300000, nelems=0, elem type=java.lang.Object[]@500000fa)
ARR 5000132d (sz=66, trace=300000, nelems=33, elem type=char[])
ARR 5000132e (sz=60, trace=300000, nelems=30, elem type=char[])
ARR 5000132f (sz=22, trace=300000, nelems=11, elem type=char[])
ARR 50001330 (sz=24, trace=300000, nelems=12, elem type=char[])
ARR 50001331 (sz=54, trace=300000, nelems=27, elem type=char[])
ARR 50001332 (sz=24, trace=300000, nelems=12, elem type=char[])
OBJ 50001333 (sz=24, trace=300000, class=java.lang.String@500000b2)
	value		50001335
OBJ 50001334 (sz=24, trace=300000, class=java.lang.String@500000b2)
	value		50001336
ARR 50001335 (sz=38, trace=300000, nelems=19, elem type=char[])
ARR 50001336 (sz=68, trace=300000, nelems=34, elem type=char[])
OBJ 50001337 (sz=24, trace=300000, class=java.lang.ref.ReferenceQueue@50000113)
	lock		50001339
ARR 50001338 (sz=80, trace=300000, nelems=0, elem type=java.util.WeakHashMap$Entry[]@5000001e)
OBJ 50001339 (sz=8, trace=300000, class=java.lang.ref.ReferenceQueue$Lock@50000087)
OBJ 5000133a (sz=8, trace=300000, class=java.lang.Object@500000f9)
OBJ 5000133b (sz=24, trace=300000, class=java.lang.String@500000b2)
	value		50001346
OBJ 5000133c (sz=24, trace=300000, class=java.lang.String@500000b2)
	value		50001345
OBJ 5000133d (sz=24, trace=300000, class=java.lang.String@500000b2)
	value		50001344
OBJ 5000133e (sz=16, trace=300000, class=sun.misc.Launcher@50000070)
	loader		50000931
OBJ 5000133f (sz=8, trace=300000, class=sun.misc.Launcher$Factory@50000122)
OBJ 50001340 (sz=24, trace=300000, class=java.lang.String@500000b2)
	value		50001343
OBJ 50001341 (sz=24, trace=300000, class=java.lang.String@500000b2)
	value		50001342
ARR 50001342 (sz=6, trace=300000, nelems=3, elem type=char[])
ARR 50001343 (sz=30, trace=300000, nelems=15, elem type=char[])
ARR 50001344 (sz=38, trace=300000, nelems=19, elem type=char[])
ARR 50001345 (sz=42, trace=300000, nelems=21, elem type=char[])
ARR 50001346 (sz=26, trace=300000, nelems=13, elem type=char[])
ARR 50001347 (sz=80, trace=300000, nelems=16, elem type=java.util.concurrent.ConcurrentHashMap$Segment[]@500000d5)
	[0]		50001348
	[1]		50001349
	[2]		5000134a
	[3]		5000134b
	[4]		5000134c
	[5]		5000134d
	[6]		5000134e
	[7]		5000134f
	[8]		50001350
	[9]		50001351
	[10]		50001352
	[11]		50001353
	[12]		50001354
	[13]		50001355
	[14]		50001356
	[15]		50001357
OBJ 50001348 (sz=32, trace=300000, class=java.util.concurrent.ConcurrentHashMap$Segment@500000d4)
	sync		50001376
	table		50001375
OBJ 50001349 (sz=32, trace=300000, class=java.util.concurrent.ConcurrentHashMap$Segment@500000d4)
	sync		50001374
	table		50001373
OBJ 5000134a (sz=32, trace=300000, class=java.util.concurrent.ConcurrentHashMap$Segment@500000d4)
	sync		50001372
	table		50001371
OBJ 5000134b (sz=32, trace=300000, class=java.util.concurrent.ConcurrentHashMap$Segment@500000d4)
	sync		50001370
	table		5000136f
OBJ 5000134c (sz=32, trace=300000, class=java.util.concurrent.ConcurrentHashMap$Segment@500000d4)
	sync		5000136e
	table		5000136d
OBJ 5000134d (sz=32, trace=300000, class=java.util.concurrent.ConcurrentHashMap$Segment@500000d4)
	sync		5000136c
	table		5000136b
OBJ 5000134e (sz=32, trace=300000, class=java.util.concurrent.ConcurrentHashMap$Segment@500000d4)
	sync		5000136a
	table		50001369
OBJ 5000134f (sz=32, trace=300000, class=java.util.concurrent.ConcurrentHashMap$Segment@500000d4)
	sync		50001368
	table		50001367
OBJ 50001350 (sz=32, trace=300000, class=java.util.concurrent.ConcurrentHashMap$Segment@500000d4)
	sync		50001366
	table		50001365
OBJ 50001351 (sz=32, trace=300000, class=java.util.concurrent.ConcurrentHashMap$Segment@500000d4)
	sync		50001364
	table		50001363
OBJ 50001352 (sz=32, trace=300000, class=java.util.concurrent.ConcurrentHashMap$Segment@500000d4)
	sync		50001362
	table		50001361
OBJ 50001353 (sz=32, trace=300000, class=java.util.concurrent.ConcurrentHashMap$Segment@500000d4)
	sync		50001360
	table		50000477
OBJ 50001354 (sz=32, trace=300000, class=java.util.concurrent.ConcurrentHashMap$Segment@500000d4)
	sync		5000135f
	table		5000135e
OBJ 50001355 (sz=32, trace=300000, class=java.util.concurrent.ConcurrentHashMap$Segment@500000d4)
	sync		5000135d
	table		5000135c
OBJ 50001356 (sz=32, trace=300000, class=java.util.concurrent.ConcurrentHashMap$Segment@500000d4)
	sync		5000135b
	table		5000135a
OBJ 50001357 (sz=32, trace=300000, class=java.util.concurrent.ConcurrentHashMap$Segment@500000d4)
	sync		50001359
	table		50001358
ARR 50001358 (sz=16, trace=300000, nelems=0, elem type=java.util.concurrent.ConcurrentHashMap$HashEntry[]@5000009f)
OBJ 50001359 (sz=24, trace=300000, class=java.util.concurrent.locks.ReentrantLock$NonfairSync@50000112)
ARR 5000135a (sz=16, trace=300000, nelems=0, elem type=java.util.concurrent.ConcurrentHashMap$HashEntry[]@5000009f)
OBJ 5000135b (sz=24, trace=300000, class=java.util.concurrent.locks.ReentrantLock$NonfairSync@50000112)
ARR 5000135c (sz=16, trace=300000, nelems=0, elem type=java.util.concurrent.ConcurrentHashMap$HashEntry[]@5000009f)
OBJ 5000135d (sz=24, trace=300000, class=java.util.concurrent.locks.ReentrantLock$NonfairSync@50000112)
ARR 5000135e (sz=16, trace=300000, nelems=0, elem type=java.util.concurrent.ConcurrentHashMap$HashEntry[]@5000009f)
OBJ 5000135f (sz=24, trace=300000, class=java.util.concurrent.locks.ReentrantLock$NonfairSync@50000112)
OBJ 50001360 (sz=24, trace=300000, class=java.util.concurrent.locks.ReentrantLock$NonfairSync@50000112)
ARR 50001361 (sz=16, trace=300000, nelems=0, elem type=java.util.concurrent.ConcurrentHashMap$HashEntry[]@5000009f)
OBJ 50001362 (sz=24, trace=300000, class=java.util.concurrent.locks.ReentrantLock$NonfairSync@50000112)
ARR 50001363 (sz=16, trace=300000, nelems=0, elem type=java.util.concurrent.ConcurrentHashMap$HashEntry[]@5000009f)
OBJ 50001364 (sz=24, trace=300000, class=java.util.concurrent.locks.ReentrantLock$NonfairSync@50000112)
ARR 50001365 (sz=16, trace=300000, nelems=0, elem type=java.util.concurrent.ConcurrentHashMap$HashEntry[]@5000009f)
OBJ 50001366 (sz=24, trace=300000, class=java.util.concurrent.locks.ReentrantLock$NonfairSync@50000112)
ARR 50001367 (sz=16, trace=300000, nelems=0, elem type=java.util.concurrent.ConcurrentHashMap$HashEntry[]@5000009f)
OBJ 50001368 (sz=24, trace=300000, class=java.util.concurrent.locks.ReentrantLock$NonfairSync@50000112)
ARR 50001369 (sz=16, trace=300000, nelems=1, elem type=java.util.concurrent.ConcurrentHashMap$HashEntry[]@5000009f)
	[0]		500004a3
OBJ 5000136a (sz=24, trace=300000, class=java.util.concurrent.locks.ReentrantLock$NonfairSync@50000112)
ARR 5000136b (sz=16, trace=300000, nelems=0, elem type=java.util.concurrent.ConcurrentHashMap$HashEntry[]@5000009f)
OBJ 5000136c (sz=24, trace=300000, class=java.util.concurrent.locks.ReentrantLock$NonfairSync@50000112)
ARR 5000136d (sz=16, trace=300000, nelems=1, elem type=java.util.concurrent.ConcurrentHashMap$HashEntry[]@5000009f)
	[0]		5000048f
OBJ 5000136e (sz=24, trace=300000, class=java.util.concurrent.locks.ReentrantLock$NonfairSync@50000112)
ARR 5000136f (sz=16, trace=300000, nelems=0, elem type=java.util.concurrent.ConcurrentHashMap$HashEntry[]@5000009f)
OBJ 50001370 (sz=24, trace=300000, class=java.util.concurrent.locks.ReentrantLock$NonfairSync@50000112)
ARR 50001371 (sz=16, trace=300000, nelems=0, elem type=java.util.concurrent.ConcurrentHashMap$HashEntry[]@5000009f)
OBJ 50001372 (sz=24, trace=300000, class=java.util.concurrent.locks.ReentrantLock$NonfairSync@50000112)
ARR 50001373 (sz=16, trace=300000, nelems=0, elem type=java.util.concurrent.ConcurrentHashMap$HashEntry[]@5000009f)
OBJ 50001374 (sz=24, trace=300000, class=java.util.concurrent.locks.ReentrantLock$NonfairSync@50000112)
ARR 50001375 (sz=16, trace=300000, nelems=0, elem type=java.util.concurrent.ConcurrentHashMap$HashEntry[]@5000009f)
OBJ 50001376 (sz=24, trace=300000, class=java.util.concurrent.locks.ReentrantLock$NonfairSync@50000112)
ARR 50001377 (sz=80, trace=300000, nelems=16, elem type=java.util.concurrent.ConcurrentHashMap$Segment[]@500000d5)
	[0]		50001378
	[1]		50001379
	[2]		5000137a
	[3]		5000137b
	[4]		5000137c
	[5]		5000137d
	[6]		5000137e
	[7]		5000137f
	[8]		50001380
	[9]		50001381
	[10]		50001382
	[11]		50001383
	[12]		50001384
	[13]		50001385
	[14]		50001386
	[15]		50001387
OBJ 50001378 (sz=32, trace=300000, class=java.util.concurrent.ConcurrentHashMap$Segment@500000d4)
	sync		500013a7
	table		500013a6
OBJ 50001379 (sz=32, trace=300000, class=java.util.concurrent.ConcurrentHashMap$Segment@500000d4)
	sync		500013a5
	table		500013a4
OBJ 5000137a (sz=32, trace=300000, class=java.util.concurrent.ConcurrentHashMap$Segment@500000d4)
	sync		500013a3
	table		500013a2
OBJ 5000137b (sz=32, trace=300000, class=java.util.concurrent.ConcurrentHashMap$Segment@500000d4)
	sync		500013a1
	table		500013a0
OBJ 5000137c (sz=32, trace=300000, class=java.util.concurrent.ConcurrentHashMap$Segment@500000d4)
	sync		5000139f
	table		5000139e
OBJ 5000137d (sz=32, trace=300000, class=java.util.concurrent.ConcurrentHashMap$Segment@500000d4)
	sync		5000139d
	table		5000139c
OBJ 5000137e (sz=32, trace=300000, class=java.util.concurrent.ConcurrentHashMap$Segment@500000d4)
	sync		5000139b
	table		5000139a
OBJ 5000137f (sz=32, trace=300000, class=java.util.concurrent.ConcurrentHashMap$Segment@500000d4)
	sync		50001399
	table		50001398
OBJ 50001380 (sz=32, trace=300000, class=java.util.concurrent.ConcurrentHashMap$Segment@500000d4)
	sync		50001397
	table		50001396
OBJ 50001381 (sz=32, trace=300000, class=java.util.concurrent.ConcurrentHashMap$Segment@500000d4)
	sync		50001395
	table		50001394
OBJ 50001382 (sz=32, trace=300000, class=java.util.concurrent.ConcurrentHashMap$Segment@500000d4)
	sync		50001393
	table		50001392
OBJ 50001383 (sz=32, trace=300000, class=java.util.concurrent.ConcurrentHashMap$Segment@500000d4)
	sync		50001391
	table		50001390
OBJ 50001384 (sz=32, trace=300000, class=java.util.concurrent.ConcurrentHashMap$Segment@500000d4)
	sync		5000138f
	table		5000138e
OBJ 50001385 (sz=32, trace=300000, class=java.util.concurrent.ConcurrentHashMap$Segment@500000d4)
	sync		5000138d
	table		5000138c
OBJ 50001386 (sz=32, trace=300000, class=java.util.concurrent.ConcurrentHashMap$Segment@500000d4)
	sync		5000138b
	table		5000138a
OBJ 50001387 (sz=32, trace=300000, class=java.util.concurrent.ConcurrentHashMap$Segment@500000d4)
	sync		50001389
	table		50001388
ARR 50001388 (sz=16, trace=300000, nelems=0, elem type=java.util.concurrent.ConcurrentHashMap$HashEntry[]@5000009f)
OBJ 50001389 (sz=24, trace=300000, class=java.util.concurrent.locks.ReentrantLock$NonfairSync@50000112)
ARR 5000138a (sz=16, trace=300000, nelems=0, elem type=java.util.concurrent.ConcurrentHashMap$HashEntry[]@5000009f)
OBJ 5000138b (sz=24, trace=300000, class=java.util.concurrent.locks.ReentrantLock$NonfairSync@50000112)
ARR 5000138c (sz=16, trace=300000, nelems=0, elem type=java.util.concurrent.ConcurrentHashMap$HashEntry[]@5000009f)
OBJ 5000138d (sz=24, trace=300000, class=java.util.concurrent.locks.ReentrantLock$NonfairSync@50000112)
ARR 5000138e (sz=16, trace=300000, nelems=0, elem type=java.util.concurrent.ConcurrentHashMap$HashEntry[]@5000009f)
OBJ 5000138f (sz=24, trace=300000, class=java.util.concurrent.locks.ReentrantLock$NonfairSync@50000112)
ARR 50001390 (sz=16, trace=300000, nelems=0, elem type=java.util.concurrent.ConcurrentHashMap$HashEntry[]@5000009f)
OBJ 50001391 (sz=24, trace=300000, class=java.util.concurrent.locks.ReentrantLock$NonfairSync@50000112)
ARR 50001392 (sz=16, trace=300000, nelems=0, elem type=java.util.concurrent.ConcurrentHashMap$HashEntry[]@5000009f)
OBJ 50001393 (sz=24, trace=300000, class=java.util.concurrent.locks.ReentrantLock$NonfairSync@50000112)
ARR 50001394 (sz=16, trace=300000, nelems=0, elem type=java.util.concurrent.ConcurrentHashMap$HashEntry[]@5000009f)
OBJ 50001395 (sz=24, trace=300000, class=java.util.concurrent.locks.ReentrantLock$NonfairSync@50000112)
ARR 50001396 (sz=16, trace=300000, nelems=0, elem type=java.util.concurrent.ConcurrentHashMap$HashEntry[]@5000009f)
OBJ 50001397 (sz=24, trace=300000, class=java.util.concurrent.locks.ReentrantLock$NonfairSync@50000112)
ARR 50001398 (sz=16, trace=300000, nelems=0, elem type=java.util.concurrent.ConcurrentHashMap$HashEntry[]@5000009f)
OBJ 50001399 (sz=24, trace=300000, class=java.util.concurrent.locks.ReentrantLock$NonfairSync@50000112)
ARR 5000139a (sz=16, trace=300000, nelems=0, elem type=java.util.concurrent.ConcurrentHashMap$HashEntry[]@5000009f)
OBJ 5000139b (sz=24, trace=300000, class=java.util.concurrent.locks.ReentrantLock$NonfairSync@50000112)
ARR 5000139c (sz=16, trace=300000, nelems=0, elem type=java.util.concurrent.ConcurrentHashMap$HashEntry[]@5000009f)
OBJ 5000139d (sz=24, trace=300000, class=java.util.concurrent.locks.ReentrantLock$NonfairSync@50000112)
ARR 5000139e (sz=16, trace=300000, nelems=0, elem type=java.util.concurrent.ConcurrentHashMap$HashEntry[]@5000009f)
OBJ 5000139f (sz=24, trace=300000, class=java.util.concurrent.locks.ReentrantLock$NonfairSync@50000112)
ARR 500013a0 (sz=16, trace=300000, nelems=0, elem type=java.util.concurrent.ConcurrentHashMap$HashEntry[]@5000009f)
OBJ 500013a1 (sz=24, trace=300000, class=java.util.concurrent.locks.ReentrantLock$NonfairSync@50000112)
ARR 500013a2 (sz=16, trace=300000, nelems=0, elem type=java.util.concurrent.ConcurrentHashMap$HashEntry[]@5000009f)
OBJ 500013a3 (sz=24, trace=300000, class=java.util.concurrent.locks.ReentrantLock$NonfairSync@50000112)
ARR 500013a4 (sz=16, trace=300000, nelems=0, elem type=java.util.concurrent.ConcurrentHashMap$HashEntry[]@5000009f)
OBJ 500013a5 (sz=24, trace=300000, class=java.util.concurrent.locks.ReentrantLock$NonfairSync@50000112)
ARR 500013a6 (sz=16, trace=300000, nelems=0, elem type=java.util.concurrent.ConcurrentHashMap$HashEntry[]@5000009f)
OBJ 500013a7 (sz=24, trace=300000, class=java.util.concurrent.locks.ReentrantLock$NonfairSync@50000112)
ARR 500013a8 (sz=56, trace=300000, nelems=0, elem type=java.lang.Object[]@500000fa)
OBJ 500013a9 (sz=16, trace=300000, class=java.security.ProtectionDomain$Key@500000c7)
	this$0		500009a6
ARR 500013aa (sz=16, trace=300000, nelems=0, elem type=java.security.Principal[]@500000cc)
OBJ 500013ab (sz=32, trace=300000, class=java.security.CodeSource@5000012a)
OBJ 500013ac (sz=16, trace=300000, class=java.util.HashSet@500000f8)
	map		500013ad
OBJ 500013ad (sz=40, trace=300000, class=java.util.HashMap@50000008)
	table		500013ae
ARR 500013ae (sz=80, trace=300000, nelems=0, elem type=java.util.HashMap$Entry[]@5000012c)
ARR 500013af (sz=80, trace=300000, nelems=0, elem type=java.util.HashMap$Entry[]@5000012c)
ARR 500013b0 (sz=56, trace=300000, nelems=0, elem type=java.lang.Object[]@500000fa)
ARR 500013b1 (sz=80, trace=300000, nelems=0, elem type=java.util.HashMap$Entry[]@5000012c)
OBJ 500013b2 (sz=8, trace=300000, class=sun.net.www.protocol.jar.Handler@5000013e)
OBJ 500013b3 (sz=40, trace=300000, class=java.util.HashMap@50000008)
	table		500013c0
OBJ 500013b4 (sz=24, trace=300000, class=java.util.ArrayList@500000b1)
	elementData	500013bf
OBJ 500013b5 (sz=24, trace=300000, class=java.util.Stack@5000008e)
	elementData	500013be
OBJ 500013b6 (sz=24, trace=300000, class=java.util.ArrayList@500000b1)
	elementData	500013b7
ARR 500013b7 (sz=56, trace=300000, nelems=2, elem type=java.lang.Object[]@500000fa)
	[0]		500013b8
	[1]		500013b9
OBJ 500013b8 (sz=56, trace=300000, class=java.net.URL@50000010)
	protocol	5000126e
	host		50000966
	file		500013bc
	authority	50000966
	path		500013bc
	handler		5000126c
OBJ 500013b9 (sz=56, trace=300000, class=java.net.URL@50000010)
	protocol	5000126e
	host		50000966
	file		500013ba
	authority	50000966
	path		500013ba
	handler		5000126c
OBJ 500013ba (sz=24, trace=300000, class=java.lang.String@500000b2)
	value		500013bb
ARR 500013bb (sz=112, trace=300000, nelems=56, elem type=char[])
OBJ 500013bc (sz=24, trace=300000, class=java.lang.String@500000b2)
	value		500013bd
ARR 500013bd (sz=84, trace=300000, nelems=42, elem type=char[])
ARR 500013be (sz=56, trace=300000, nelems=0, elem type=java.lang.Object[]@500000fa)
ARR 500013bf (sz=56, trace=300000, nelems=2, elem type=java.lang.Object[]@500000fa)
	[0]		500002c4
	[1]		5000030b
ARR 500013c0 (sz=80, trace=300000, nelems=11, elem type=java.util.HashMap$Entry[]@5000012c)
	[4]		500003c9
	[10]		500002e1
OBJ 500013c1 (sz=24, trace=300000, class=java.lang.ref.ReferenceQueue@50000113)
	lock		500013c3
ARR 500013c2 (sz=80, trace=300000, nelems=0, elem type=java.util.WeakHashMap$Entry[]@5000001e)
OBJ 500013c3 (sz=8, trace=300000, class=java.lang.ref.ReferenceQueue$Lock@50000087)
ARR 500013c4 (sz=56, trace=300000, nelems=1, elem type=java.lang.Object[]@500000fa)
	[0]		50000ba6
ARR 500013c5 (sz=56, trace=300000, nelems=1, elem type=java.lang.Object[]@500000fa)
	[0]		500013c6
OBJ 500013c6 (sz=32, trace=300000, class=java.lang.ClassLoader$NativeLibrary@5000008f)
	fromClass	5000007f
	name		50000ba6
ARR 500013c7 (sz=56, trace=300000, nelems=0, elem type=java.lang.Object[]@500000fa)
OBJ 500013c8 (sz=24, trace=300000, class=java.lang.String@500000b2)
	value		50000ad6
OBJ 500013c9 (sz=24, trace=300000, class=java.lang.String@500000b2)
	value		50000ad6
OBJ 500013ca (sz=24, trace=300000, class=java.lang.String@500000b2)
	value		50000ad6
OBJ 500013cb (sz=24, trace=300000, class=java.lang.String@500000b2)
	value		50000ad6
OBJ 500013cc (sz=24, trace=300000, class=java.lang.String@500000b2)
	value		50000ad6
OBJ 500013cd (sz=24, trace=300000, class=java.lang.String@500000b2)
	value		50000ad6
OBJ 500013ce (sz=24, trace=300000, class=java.lang.String@500000b2)
	value		50000ad6
OBJ 500013cf (sz=24, trace=300000, class=java.lang.String@500000b2)
	value		50000ad6
OBJ 500013d0 (sz=24, trace=300000, class=java.lang.String@500000b2)
	value		50000ad6
OBJ 500013d1 (sz=24, trace=300000, class=java.lang.String@500000b2)
	value		50000ad6
OBJ 500013d2 (sz=24, trace=300000, class=java.lang.String@500000b2)
	value		50000ad6
OBJ 500013d3 (sz=24, trace=300000, class=java.lang.String@500000b2)
	value		50000ad6
OBJ 500013d4 (sz=24, trace=300000, class=java.lang.String@500000b2)
	value		50000ad6
OBJ 500013d5 (sz=24, trace=300000, class=java.lang.String@500000b2)
	value		50000ad6
OBJ 500013d6 (sz=24, trace=300000, class=java.lang.String@500000b2)
	value		50000ad6
OBJ 500013d7 (sz=24, trace=300000, class=java.lang.String@500000b2)
	value		50000ad6
OBJ 500013d8 (sz=24, trace=300000, class=java.lang.String@500000b2)
	value		50000ad6
OBJ 500013d9 (sz=24, trace=300000, class=java.lang.String@500000b2)
	value		500013da
ARR 500013da (sz=48, trace=300000, nelems=24, elem type=char[])
OBJ 500013db (sz=16, trace=300000, class=java.util.Collections$SetFromMap@50000031)
	m		500013dd
	s		500013dc
OBJ 500013dc (sz=16, trace=300000, class=java.util.WeakHashMap$KeySet@50000125)
	this$0		500013dd
OBJ 500013dd (sz=48, trace=300000, class=java.util.WeakHashMap@50000063)
	keySet		500013dc
	table		500013df
	queue		500013de
OBJ 500013de (sz=24, trace=300000, class=java.lang.ref.ReferenceQueue@50000113)
	lock		500013e5
ARR 500013df (sz=80, trace=300000, nelems=16, elem type=java.util.WeakHashMap$Entry[]@5000001e)
	[2]		500013e0
	[4]		500013e1
	[10]		500013e2
	[12]		500013e3
	[15]		500013e4
OBJ 500013e0 (sz=40, trace=300000, class=java.util.WeakHashMap$Entry@5000001d)
	referent	500000ea
	queue		500013de
	value		50000b5b
OBJ 500013e1 (sz=40, trace=300000, class=java.util.WeakHashMap$Entry@5000001d)
	referent	5000006a
	queue		500013de
	value		50000b5b
OBJ 500013e2 (sz=40, trace=300000, class=java.util.WeakHashMap$Entry@5000001d)
	referent	5000011b
	queue		500013de
	value		50000b5b
OBJ 500013e3 (sz=40, trace=300000, class=java.util.WeakHashMap$Entry@5000001d)
	referent	500000bb
	queue		500013de
	value		50000b5b
OBJ 500013e4 (sz=40, trace=300000, class=java.util.WeakHashMap$Entry@5000001d)
	referent	50000071
	queue		500013de
	value		50000b5b
OBJ 500013e5 (sz=8, trace=300000, class=java.lang.ref.ReferenceQueue$Lock@50000087)
ARR 500013e6 (sz=42, trace=300000, nelems=21, elem type=char[])
ARR 500013e7 (sz=34, trace=300000, nelems=17, elem type=char[])
OBJ 500013e8 (sz=24, trace=300000, class=java.lang.String@500000b2)
	value		500013e9
ARR 500013e9 (sz=40, trace=300000, nelems=20, elem type=char[])
ARR 500013ea (sz=10, trace=300000, nelems=5, elem type=char[])
ARR 500013eb (sz=80, trace=300000, nelems=10, elem type=java.util.HashMap$Entry[]@5000012c)
	[9]		500013ec
OBJ 500013ec (sz=24, trace=300000, class=java.util.HashMap$Entry@5000012b)
	key		50000143
	value		500013ed
ARR 500013ed (sz=16, trace=300000, nelems=1, elem type=java.lang.String[]@500000b3)
	[0]		50000974
ARR 500013ee (sz=18, trace=300000, nelems=9, elem type=char[])
OBJ 500013ef (sz=24, trace=300000, class=java.lang.String@500000b2)
	value		500013f1
OBJ 500013f0 (sz=32, trace=300000, class=java.util.concurrent.atomic.AtomicReferenceFieldUpdater$AtomicReferenceFieldUpdaterImpl@50000019)
	tclass		50000111
	vclass		50000154
ARR 500013f1 (sz=6, trace=300000, nelems=3, elem type=char[])
OBJ 500013f2 (sz=24, trace=300000, class=java.io.OutputStreamWriter@50000082)
	lock		5000096b
	se		500013fa
OBJ 500013f3 (sz=40, trace=300000, class=java.io.BufferedWriter@5000007b)
	lock		500013f2
	out		500013f2
	cb		500013f9
	lineSeparator	50000969
OBJ 500013f4 (sz=24, trace=300000, class=java.io.BufferedOutputStream@5000011f)
	out		500013f6
	buf		500013f5
ARR 500013f5 (sz=128, trace=300000, nelems=128, elem type=byte[])
OBJ 500013f6 (sz=24, trace=300000, class=java.io.FileOutputStream@50000014)
	fd		500012f9
	closeLock	500013f7
OBJ 500013f7 (sz=8, trace=300000, class=java.lang.Object@500000f9)
OBJ 500013f8 (sz=16, trace=300000, class=java.lang.ThreadLocal@500000bd)
ARR 500013f9 (sz=16384, trace=300000, nelems=8192, elem type=char[])
OBJ 500013fa (sz=48, trace=300000, class=sun.nio.cs.StreamEncoder@500000d7)
	lock		500013f2
	cs		50000e43
	encoder		500013fc
	bb		500013fb
	out		5000096b
OBJ 500013fb (sz=48, trace=300000, class=java.nio.HeapByteBuffer@500000d0)
	hb		500013fe
OBJ 500013fc (sz=56, trace=300000, class=sun.nio.cs.SingleByte$Encoder@50000144)
	charset		50000e43
	replacement	500013fd
	malformedInputAction	50000e25
	unmappableCharacterAction	50000e25
	c2b		50001243
	c2bIndex	50001242
ARR 500013fd (sz=1, trace=300000, nelems=1, elem type=byte[])
ARR 500013fe (sz=8192, trace=300000, nelems=8192, elem type=byte[])
ARR 500013ff (sz=28, trace=300000, nelems=14, elem type=char[])
OBJ 50001400 (sz=24, trace=300000, class=java.lang.String@500000b2)
	value		50001401
ARR 50001401 (sz=36, trace=300000, nelems=18, elem type=char[])
OBJ 50001402 (sz=24, trace=300000, class=java.io.OutputStreamWriter@50000082)
	lock		50000955
	se		50001409
OBJ 50001403 (sz=40, trace=300000, class=java.io.BufferedWriter@5000007b)
	lock		50001402
	out		50001402
	cb		50001408
	lineSeparator	50000969
OBJ 50001404 (sz=24, trace=300000, class=java.io.BufferedOutputStream@5000011f)
	out		50001406
	buf		50001405
ARR 50001405 (sz=128, trace=300000, nelems=128, elem type=byte[])
OBJ 50001406 (sz=24, trace=300000, class=java.io.FileOutputStream@50000014)
	fd		500012f8
	closeLock	50001407
OBJ 50001407 (sz=8, trace=300000, class=java.lang.Object@500000f9)
ARR 50001408 (sz=16384, trace=300000, nelems=8192, elem type=char[])
OBJ 50001409 (sz=48, trace=300000, class=sun.nio.cs.StreamEncoder@500000d7)
	lock		50001402
	cs		50000e43
	encoder		5000140b
	bb		5000140a
	out		50000955
OBJ 5000140a (sz=48, trace=300000, class=java.nio.HeapByteBuffer@500000d0)
	hb		5000140d
OBJ 5000140b (sz=56, trace=300000, class=sun.nio.cs.SingleByte$Encoder@50000144)
	charset		50000e43
	replacement	5000140c
	malformedInputAction	50000e25
	unmappableCharacterAction	50000e25
	c2b		50001243
	c2bIndex	50001242
ARR 5000140c (sz=1, trace=300000, nelems=1, elem type=byte[])
ARR 5000140d (sz=8192, trace=300000, nelems=8192, elem type=byte[])
OBJ 5000140e (sz=16, trace=300000, class=java.util.Collections$SynchronizedSet@50000057)
	c		50001450
	mutex		5000096a
ARR 5000140f (sz=392, trace=300000, nelems=92, elem type=java.util.Hashtable$Entry[]@5000014d)
	[0]		50001410
	[2]		50001411
	[9]		50001412
	[11]		50001413
	[13]		50001414
	[16]		50001415
	[17]		50001416
	[18]		50001417
	[19]		50001418
	[21]		50001419
	[22]		5000141a
	[24]		5000141b
	[26]		5000141c
	[27]		5000141d
	[33]		5000141e
	[38]		5000141f
	[39]		50001420
	[40]		50001421
	[41]		50001422
	[44]		50001423
	[47]		50001424
	[49]		50001425
	[54]		50001426
	[57]		50001427
	[63]		50001428
	[64]		50001429
	[65]		5000142a
	[67]		5000142b
	[70]		5000142c
	[72]		5000142d
	[74]		5000142e
	[76]		5000142f
	[79]		50001430
	[80]		50001431
	[81]		50001432
	[82]		50001433
	[88]		50001434
	[91]		50001435
OBJ 50001410 (sz=24, trace=300000, class=java.util.Hashtable$Entry@5000014c)
	key		50000b52
	value		50000b51
OBJ 50001411 (sz=24, trace=300000, class=java.util.Hashtable$Entry@5000014c)
	key		50000b4e
	value		50000b4d
OBJ 50001412 (sz=24, trace=300000, class=java.util.Hashtable$Entry@5000014c)
	key		50000b4a
	value		50000b49
	next		5000144f
OBJ 50001413 (sz=24, trace=300000, class=java.util.Hashtable$Entry@5000014c)
	key		50000b41
	value		50000b40
OBJ 50001414 (sz=24, trace=300000, class=java.util.Hashtable$Entry@5000014c)
	key		50000b3d
	value		50000b3c
OBJ 50001415 (sz=24, trace=300000, class=java.util.Hashtable$Entry@5000014c)
	key		50000b39
	value		50000b38
OBJ 50001416 (sz=24, trace=300000, class=java.util.Hashtable$Entry@5000014c)
	key		50000b35
	value		50000b34
OBJ 50001417 (sz=24, trace=300000, class=java.util.Hashtable$Entry@5000014c)
	key		50000b31
	value		50000b30
OBJ 50001418 (sz=24, trace=300000, class=java.util.Hashtable$Entry@5000014c)
	key		50000b2d
	value		5000131e
OBJ 50001419 (sz=24, trace=300000, class=java.util.Hashtable$Entry@5000014c)
	key		50000b25
	value		5000144d
OBJ 5000141a (sz=24, trace=300000, class=java.util.Hashtable$Entry@5000014c)
	key		50000b20
	value		50000b1f
OBJ 5000141b (sz=24, trace=300000, class=java.util.Hashtable$Entry@5000014c)
	key		50000b1c
	value		50000b1b
	next		5000144c
OBJ 5000141c (sz=24, trace=300000, class=java.util.Hashtable$Entry@5000014c)
	key		50000b13
	value		50000b12
	next		5000144a
OBJ 5000141d (sz=24, trace=300000, class=java.util.Hashtable$Entry@5000014c)
	key		50000b07
	value		50000b06
OBJ 5000141e (sz=24, trace=300000, class=java.util.Hashtable$Entry@5000014c)
	key		50000b03
	value		50000b02
	next		50001449
OBJ 5000141f (sz=24, trace=300000, class=java.util.Hashtable$Entry@5000014c)
	key		50000af6
	value		50000af5
	next		50001448
OBJ 50001420 (sz=24, trace=300000, class=java.util.Hashtable$Entry@5000014c)
	key		50000af1
	value		50000af0
OBJ 50001421 (sz=24, trace=300000, class=java.util.Hashtable$Entry@5000014c)
	key		50000aed
	value		50000aec
OBJ 50001422 (sz=24, trace=300000, class=java.util.Hashtable$Entry@5000014c)
	key		50000ae9
	value		50000ae8
OBJ 50001423 (sz=24, trace=300000, class=java.util.Hashtable$Entry@5000014c)
	key		50000ae5
	value		50000ae4
OBJ 50001424 (sz=24, trace=300000, class=java.util.Hashtable$Entry@5000014c)
	key		50000ae1
	value		50000ae0
OBJ 50001425 (sz=24, trace=300000, class=java.util.Hashtable$Entry@5000014c)
	key		50000ad9
	value		50000ad8
	next		50001447
OBJ 50001426 (sz=24, trace=300000, class=java.util.Hashtable$Entry@5000014c)
	key		50000ad4
	value		50000ad3
OBJ 50001427 (sz=24, trace=300000, class=java.util.Hashtable$Entry@5000014c)
	key		50000ad0
	value		50000acf
OBJ 50001428 (sz=24, trace=300000, class=java.util.Hashtable$Entry@5000014c)
	key		50000acc
	value		50000acb
OBJ 50001429 (sz=24, trace=300000, class=java.util.Hashtable$Entry@5000014c)
	key		50000ac8
	value		50000ac7
OBJ 5000142a (sz=24, trace=300000, class=java.util.Hashtable$Entry@5000014c)
	key		50000ac4
	value		50000ac3
OBJ 5000142b (sz=24, trace=300000, class=java.util.Hashtable$Entry@5000014c)
	key		50000abd
	value		50000abc
	next		50001446
OBJ 5000142c (sz=24, trace=300000, class=java.util.Hashtable$Entry@5000014c)
	key		50000ab4
	value		50000ab3
	next		50001445
OBJ 5000142d (sz=24, trace=300000, class=java.util.Hashtable$Entry@5000014c)
	key		50000aaf
	value		50000aae
OBJ 5000142e (sz=24, trace=300000, class=java.util.Hashtable$Entry@5000014c)
	key		50001442
	value		50001441
OBJ 5000142f (sz=24, trace=300000, class=java.util.Hashtable$Entry@5000014c)
	key		50000aa7
	value		50000aa6
	next		50001440
OBJ 50001430 (sz=24, trace=300000, class=java.util.Hashtable$Entry@5000014c)
	key		50000a99
	value		50000a98
	next		5000143d
OBJ 50001431 (sz=24, trace=300000, class=java.util.Hashtable$Entry@5000014c)
	key		50000a8b
	value		50000a8a
	next		5000143c
OBJ 50001432 (sz=24, trace=300000, class=java.util.Hashtable$Entry@5000014c)
	key		50000a86
	value		50000a85
OBJ 50001433 (sz=24, trace=300000, class=java.util.Hashtable$Entry@5000014c)
	key		50000a7e
	value		50000a7d
	next		5000143b
OBJ 50001434 (sz=24, trace=300000, class=java.util.Hashtable$Entry@5000014c)
	key		50000a75
	value		50000a74
	next		5000143a
OBJ 50001435 (sz=24, trace=300000, class=java.util.Hashtable$Entry@5000014c)
	key		50001437
	value		50001436
OBJ 50001436 (sz=24, trace=300000, class=java.lang.String@500000b2)
	value		50001439
OBJ 50001437 (sz=24, trace=300000, class=java.lang.String@500000b2)
	value		50001438
ARR 50001438 (sz=34, trace=300000, nelems=17, elem type=char[])
ARR 50001439 (sz=62, trace=300000, nelems=31, elem type=char[])
OBJ 5000143a (sz=24, trace=300000, class=java.util.Hashtable$Entry@5000014c)
	key		50000a79
	value		50000a78
OBJ 5000143b (sz=24, trace=300000, class=java.util.Hashtable$Entry@5000014c)
	key		50000a82
	value		50000a81
OBJ 5000143c (sz=24, trace=300000, class=java.util.Hashtable$Entry@5000014c)
	key		50000a8f
	value		50000a8e
OBJ 5000143d (sz=24, trace=300000, class=java.util.Hashtable$Entry@5000014c)
	key		50000a94
	value		50000a93
	next		5000143e
OBJ 5000143e (sz=24, trace=300000, class=java.util.Hashtable$Entry@5000014c)
	key		50000a9e
	value		50000a9d
	next		5000143f
OBJ 5000143f (sz=24, trace=300000, class=java.util.Hashtable$Entry@5000014c)
	key		50000aa2
	value		50000aa1
OBJ 50001440 (sz=24, trace=300000, class=java.util.Hashtable$Entry@5000014c)
	key		50000aab
	value		50000aaa
OBJ 50001441 (sz=24, trace=300000, class=java.lang.String@500000b2)
	value		50001444
OBJ 50001442 (sz=24, trace=300000, class=java.lang.String@500000b2)
	value		50001443
ARR 50001443 (sz=40, trace=300000, nelems=20, elem type=char[])
ARR 50001444 (sz=26, trace=300000, nelems=13, elem type=char[])
OBJ 50001445 (sz=24, trace=300000, class=java.util.Hashtable$Entry@5000014c)
	key		50000ab8
	value		50000ab7
OBJ 50001446 (sz=24, trace=300000, class=java.util.Hashtable$Entry@5000014c)
	key		50000ac0
	value		50000969
OBJ 50001447 (sz=24, trace=300000, class=java.util.Hashtable$Entry@5000014c)
	key		50000add
	value		50000adc
OBJ 50001448 (sz=24, trace=300000, class=java.util.Hashtable$Entry@5000014c)
	key		50000afa
	value		50000af9
OBJ 50001449 (sz=24, trace=300000, class=java.util.Hashtable$Entry@5000014c)
	key		50000aff
	value		50000afe
OBJ 5000144a (sz=24, trace=300000, class=java.util.Hashtable$Entry@5000014c)
	key		50000b10
	value		50000a41
	next		5000144b
OBJ 5000144b (sz=24, trace=300000, class=java.util.Hashtable$Entry@5000014c)
	key		50000b0c
	value		50000b0b
OBJ 5000144c (sz=24, trace=300000, class=java.util.Hashtable$Entry@5000014c)
	key		50000b18
	value		50000b17
OBJ 5000144d (sz=24, trace=300000, class=java.lang.String@500000b2)
	value		5000144e
ARR 5000144e (sz=20, trace=300000, nelems=10, elem type=char[])
OBJ 5000144f (sz=24, trace=300000, class=java.util.Hashtable$Entry@5000014c)
	key		50000b46
	value		50000b45
OBJ 50001450 (sz=16, trace=300000, class=java.util.Hashtable$EntrySet@50000136)
	this$0		5000096a
OBJ 50001451 (sz=24, trace=300000, class=java.lang.String@500000b2)
	value		50001452
ARR 50001452 (sz=8, trace=300000, nelems=4, elem type=char[])
OBJ 50001453 (sz=24, trace=300000, class=java.lang.String@500000b2)
	value		50001460
OBJ 50001454 (sz=24, trace=300000, class=java.lang.String@500000b2)
	value		5000145e
OBJ 50001455 (sz=8, trace=300000, class=java.lang.Terminator$1@500000dd)
OBJ 50001456 (sz=16, trace=300000, class=sun.misc.NativeSignalHandler@500000f0)
OBJ 50001457 (sz=16, trace=300000, class=sun.misc.NativeSignalHandler@500000f0)
OBJ 50001458 (sz=40, trace=300000, class=java.util.Hashtable@500000a0)
	table		50001461
OBJ 50001459 (sz=40, trace=300000, class=java.util.Hashtable@500000a0)
	table		5000145a
ARR 5000145a (sz=32, trace=300000, nelems=4, elem type=java.util.Hashtable$Entry[]@5000014d)
	[2]		5000145b
	[3]		5000145c
OBJ 5000145b (sz=24, trace=300000, class=java.util.Hashtable$Entry@5000014c)
	key		5000145f
	value		50001455
OBJ 5000145c (sz=24, trace=300000, class=java.util.Hashtable$Entry@5000014c)
	key		5000145d
	value		50001455
OBJ 5000145d (sz=16, trace=300000, class=sun.misc.Signal@50000023)
	name		50001454
ARR 5000145e (sz=8, trace=300000, nelems=4, elem type=char[])
OBJ 5000145f (sz=16, trace=300000, class=sun.misc.Signal@50000023)
	name		50001453
ARR 50001460 (sz=6, trace=300000, nelems=3, elem type=char[])
ARR 50001461 (sz=32, trace=300000, nelems=4, elem type=java.util.Hashtable$Entry[]@5000014d)
	[2]		50001462
	[3]		50001463
OBJ 50001462 (sz=24, trace=300000, class=java.util.Hashtable$Entry@5000014c)
	key		50001465
	value		5000145f
OBJ 50001463 (sz=24, trace=300000, class=java.util.Hashtable$Entry@5000014c)
	key		50001464
	value		5000145d
OBJ 50001464 (sz=16, trace=300000, class=java.lang.Integer@50000068)
OBJ 50001465 (sz=16, trace=300000, class=java.lang.Integer@50000068)
ARR 50001466 (sz=6, trace=300000, nelems=3, elem type=char[])
ARR 50001467 (sz=12, trace=300000, nelems=6, elem type=char[])
ARR 50001468 (sz=4, trace=300000, nelems=2, elem type=char[])
ARR 50001469 (sz=4, trace=300000, nelems=2, elem type=char[])
ARR 5000146a (sz=4, trace=300000, nelems=2, elem type=char[])
ARR 5000146b (sz=48, trace=300000, nelems=24, elem type=char[])
OBJ 5000146c (sz=8, trace=300000, class=java.lang.Object@500000f9)
OBJ 5000146d (sz=24, trace=300000, class=java.security.AccessControlContext@5000005a)
ARR 5000146e (sz=34, trace=300000, nelems=17, elem type=char[])
ARR 5000146f (sz=32, trace=300000, nelems=1, elem type=java.lang.ThreadGroup[]@5000011e)
	[0]		50000950
ARR 50001470 (sz=32, trace=300000, nelems=4, elem type=java.lang.Thread[]@50000098)
	[0]		50000938
	[1]		50000937
	[2]		50000936
	[3]		50000935
OBJ 50001471 (sz=8, trace=300000, class=java.lang.Object@500000f9)
OBJ 50001472 (sz=24, trace=300000, class=java.security.AccessControlContext@5000005a)
ARR 50001473 (sz=30, trace=300000, nelems=15, elem type=char[])
OBJ 50001474 (sz=8, trace=300000, class=java.lang.Object@500000f9)
OBJ 50001475 (sz=24, trace=300000, class=java.security.AccessControlContext@5000005a)
ARR 50001476 (sz=34, trace=300000, nelems=17, elem type=char[])
OBJ 50001477 (sz=8, trace=300000, class=java.lang.Object@500000f9)
OBJ 50001478 (sz=24, trace=300000, class=java.security.AccessControlContext@5000005a)
ARR 50001479 (sz=18, trace=300000, nelems=9, elem type=char[])
OBJ 5000147a (sz=24, trace=300000, class=java.lang.String@500000b2)
	value		50001485
OBJ 5000147b (sz=8, trace=300000, class=java.lang.Object@500000f9)
OBJ 5000147c (sz=32, trace=300000, class=java.lang.ref.Finalizer@500000d6)
	referent	5000147e
	queue		50000953
	next		5000147d
	prev		50000349
OBJ 5000147d (sz=32, trace=300000, class=java.lang.ref.Finalizer@500000d6)
	referent	500013c6
	queue		50000953
	next		50001482
	prev		5000147c
OBJ 5000147e (sz=24, trace=300000, class=java.io.FileInputStream@50000055)
	fd		50001480
	closeLock	5000147f
OBJ 5000147f (sz=8, trace=300000, class=java.lang.Object@500000f9)
OBJ 50001480 (sz=24, trace=300000, class=java.io.FileDescriptor@500000c5)
	useCount	50001481
OBJ 50001481 (sz=16, trace=300000, class=java.util.concurrent.atomic.AtomicInteger@5000002c)
OBJ 50001482 (sz=32, trace=300000, class=java.lang.ref.Finalizer@500000d6)
	referent	50001406
	queue		50000953
	next		50001483
	prev		5000147d
OBJ 50001483 (sz=32, trace=300000, class=java.lang.ref.Finalizer@500000d6)
	referent	500013f6
	queue		50000953
	next		50001484
	prev		50001482
OBJ 50001484 (sz=32, trace=300000, class=java.lang.ref.Finalizer@500000d6)
	referent	5000096e
	queue		50000953
	prev		50001483
ARR 50001485 (sz=18, trace=300000, nelems=9, elem type=char[])
ARR 50001486 (sz=32, trace=300000, nelems=1, elem type=java.lang.Thread[]@50000098)
	[0]		50000939
OBJ 50001487 (sz=24, trace=300000, class=java.lang.String@500000b2)
	value		50001488
ARR 50001488 (sz=8, trace=300000, nelems=4, elem type=char[])
OBJ 50001489 (sz=8, trace=300000, class=java.lang.Object@500000f9)
OBJ 5000148a (sz=24, trace=300000, class=java.security.AccessControlContext@5000005a)
ARR 5000148b (sz=8, trace=300000, nelems=4, elem type=char[])
OBJ 5000148c (sz=8, trace=300000, class=java.lang.Object@500000f9)
ARR 5000148d (sz=46, trace=300000, nelems=23, elem type=char[])
OBJ 5000148e (sz=24, trace=300000, class=java.lang.String@500000b2)
	value		5000148f
ARR 5000148f (sz=18, trace=300000, nelems=9, elem type=char[])
OBJ 50001490 (sz=32, trace=300000, class=java.lang.OutOfMemoryError@50000053)
OBJ 50001491 (sz=32, trace=300000, class=java.lang.OutOfMemoryError@50000053)
OBJ 50001492 (sz=32, trace=300000, class=java.lang.OutOfMemoryError@50000053)
OBJ 50001493 (sz=32, trace=300000, class=java.lang.OutOfMemoryError@50000053)
OBJ 50001494 (sz=24, trace=300000, class=java.lang.String@500000b2)
	value		50001495
ARR 50001495 (sz=52, trace=300000, nelems=26, elem type=char[])
OBJ 50001496 (sz=24, trace=300000, class=java.lang.String@500000b2)
	value		50001497
ARR 50001497 (sz=74, trace=300000, nelems=37, elem type=char[])
OBJ 50001498 (sz=24, trace=300000, class=java.lang.String@500000b2)
	value		50001499
ARR 50001499 (sz=26, trace=300000, nelems=13, elem type=char[])
OBJ 5000149a (sz=24, trace=300000, class=java.lang.String@500000b2)
	value		5000149b
ARR 5000149b (sz=30, trace=300000, nelems=15, elem type=char[])
ARR 5000149c (sz=22, trace=300000, nelems=11, elem type=char[])
ARR 5000149d (sz=8, trace=300000, nelems=4, elem type=char[])
OBJ 5000149e (sz=24, trace=300000, class=java.lang.String@500000b2)
	value		5000149f
ARR 5000149f (sz=44, trace=300000, nelems=22, elem type=char[])
OBJ 500014a0 (sz=24, trace=300000, class=java.lang.String@500000b2)
	value		500014a2
OBJ 500014a1 (sz=24, trace=300000, class=java.lang.String@500000b2)
	value		500014a3
ARR 500014a2 (sz=40, trace=300000, nelems=20, elem type=char[])
ARR 500014a3 (sz=14, trace=300000, nelems=7, elem type=char[])
OBJ 500014a4 (sz=48, trace=300000, class=java.util.ResourceBundle$CacheKey@5000045f)
	name		500009db
	locale		50000beb
	loaderRef	500008c7
	format		500014a5
OBJ 500014a5 (sz=24, trace=300000, class=java.lang.String@500000b2)
	value		500014a6
ARR 500014a6 (sz=20, trace=300000, nelems=10, elem type=char[])
OBJ 500014a7 (sz=48, trace=300000, class=java.util.ResourceBundle$CacheKey@5000045f)
	name		500009db
	locale		50000bfb
	loaderRef	5000049a
	format		500014a5
OBJ 500014a8 (sz=48, trace=300000, class=java.util.ResourceBundle$CacheKey@5000045f)
	name		500009db
	locale		50000bec
	loaderRef	50000485
	format		500014a5
OBJ 500014a9 (sz=24, trace=300000, class=java.lang.String@500000b2)
	value		500014ac
OBJ 500014aa (sz=24, trace=300000, class=java.lang.String@500000b2)
	value		500014ab
ARR 500014ab (sz=54, trace=300000, nelems=27, elem type=char[])
ARR 500014ac (sz=144, trace=300000, nelems=72, elem type=char[])
OBJ 500014ad (sz=24, trace=300000, class=java.lang.String@500000b2)
	value		500014b0
OBJ 500014ae (sz=24, trace=300000, class=java.lang.String@500000b2)
	value		500014af
ARR 500014af (sz=48, trace=300000, nelems=24, elem type=char[])
ARR 500014b0 (sz=4038, trace=300000, nelems=2019, elem type=char[])
OBJ 500014b1 (sz=24, trace=300000, class=java.lang.String@500000b2)
	value		500014b2
ARR 500014b2 (sz=90, trace=300000, nelems=45, elem type=char[])
OBJ 500014b3 (sz=24, trace=300000, class=java.lang.String@500000b2)
	value		500014b6
OBJ 500014b4 (sz=24, trace=300000, class=java.lang.String@500000b2)
	value		500014b5
ARR 500014b5 (sz=48, trace=300000, nelems=24, elem type=char[])
ARR 500014b6 (sz=426, trace=300000, nelems=213, elem type=char[])
OBJ 500014b7 (sz=24, trace=300000, class=java.lang.String@500000b2)
	value		500014ba
OBJ 500014b8 (sz=24, trace=300000, class=java.lang.String@500000b2)
	value		500014b9
ARR 500014b9 (sz=50, trace=300000, nelems=25, elem type=char[])
ARR 500014ba (sz=108, trace=300000, nelems=54, elem type=char[])
OBJ 500014bb (sz=24, trace=300000, class=java.lang.String@500000b2)
	value		500014be
OBJ 500014bc (sz=24, trace=300000, class=java.lang.String@500000b2)
	value		500014bd
ARR 500014bd (sz=48, trace=300000, nelems=24, elem type=char[])
ARR 500014be (sz=268, trace=300000, nelems=134, elem type=char[])
OBJ 500014bf (sz=24, trace=300000, class=java.lang.String@500000b2)
	value		500014c2
OBJ 500014c0 (sz=24, trace=300000, class=java.lang.String@500000b2)
	value		500014c1
ARR 500014c1 (sz=48, trace=300000, nelems=24, elem type=char[])
ARR 500014c2 (sz=268, trace=300000, nelems=134, elem type=char[])
OBJ 500014c3 (sz=24, trace=300000, class=java.lang.String@500000b2)
	value		500014c6
OBJ 500014c4 (sz=24, trace=300000, class=java.lang.String@500000b2)
	value		500014c5
ARR 500014c5 (sz=48, trace=300000, nelems=24, elem type=char[])
ARR 500014c6 (sz=318, trace=300000, nelems=159, elem type=char[])
OBJ 500014c7 (sz=24, trace=300000, class=java.lang.String@500000b2)
	value		500014ca
OBJ 500014c8 (sz=24, trace=300000, class=java.lang.String@500000b2)
	value		500014c9
ARR 500014c9 (sz=54, trace=300000, nelems=27, elem type=char[])
ARR 500014ca (sz=136, trace=300000, nelems=68, elem type=char[])
OBJ 500014cb (sz=24, trace=300000, class=java.lang.String@500000b2)
	value		500014ce
OBJ 500014cc (sz=24, trace=300000, class=java.lang.String@500000b2)
	value		500014cd
ARR 500014cd (sz=54, trace=300000, nelems=27, elem type=char[])
ARR 500014ce (sz=78, trace=300000, nelems=39, elem type=char[])
OBJ 500014cf (sz=24, trace=300000, class=java.lang.String@500000b2)
	value		500014d2
OBJ 500014d0 (sz=24, trace=300000, class=java.lang.String@500000b2)
	value		500014d1
ARR 500014d1 (sz=52, trace=300000, nelems=26, elem type=char[])
ARR 500014d2 (sz=70, trace=300000, nelems=35, elem type=char[])
OBJ 500014d3 (sz=24, trace=300000, class=java.lang.String@500000b2)
	value		500014d6
OBJ 500014d4 (sz=24, trace=300000, class=java.lang.String@500000b2)
	value		500014d5
ARR 500014d5 (sz=42, trace=300000, nelems=21, elem type=char[])
ARR 500014d6 (sz=3384, trace=300000, nelems=1692, elem type=char[])
OBJ 500014d7 (sz=24, trace=300000, class=java.lang.String@500000b2)
	value		500014d9
OBJ 500014d8 (sz=24, trace=300000, class=java.lang.String@500000b2)
	value		500014e0
ARR 500014d9 (sz=30, trace=300000, nelems=15, elem type=char[])
OBJ 500014da (sz=24, trace=300000, class=java.lang.String@500000b2)
	value		500014df
OBJ 500014db (sz=24, trace=300000, class=java.lang.String@500000b2)
	value		500014de
OBJ 500014dc (sz=24, trace=300000, class=java.lang.String@500000b2)
	value		500014dd
ARR 500014dd (sz=4, trace=300000, nelems=2, elem type=char[])
ARR 500014de (sz=4, trace=300000, nelems=2, elem type=char[])
ARR 500014df (sz=4, trace=300000, nelems=2, elem type=char[])
ARR 500014e0 (sz=20, trace=300000, nelems=10, elem type=char[])
OBJ 500014e1 (sz=24, trace=300000, class=java.lang.String@500000b2)
	value		500014e9
OBJ 500014e2 (sz=24, trace=300000, class=java.lang.String@500000b2)
	value		500014e7
OBJ 500014e3 (sz=24, trace=300000, class=java.lang.String@500000b2)
	value		500014ec
OBJ 500014e4 (sz=24, trace=300000, class=java.lang.String@500000b2)
	value		500014e8
OBJ 500014e5 (sz=24, trace=300000, class=java.lang.String@500000b2)
	value		500014eb
OBJ 500014e6 (sz=24, trace=300000, class=java.lang.String@500000b2)
	value		500014ea
ARR 500014e7 (sz=16, trace=300000, nelems=8, elem type=char[])
ARR 500014e8 (sz=20, trace=300000, nelems=10, elem type=char[])
ARR 500014e9 (sz=8, trace=300000, nelems=4, elem type=char[])
ARR 500014ea (sz=24, trace=300000, nelems=12, elem type=char[])
ARR 500014eb (sz=36, trace=300000, nelems=18, elem type=char[])
ARR 500014ec (sz=32, trace=300000, nelems=16, elem type=char[])
OBJ 500014ed (sz=24, trace=300000, class=java.lang.String@500000b2)
	value		500014f6
OBJ 500014ee (sz=24, trace=300000, class=java.lang.String@500000b2)
	value		500014fc
OBJ 500014ef (sz=24, trace=300000, class=java.lang.String@500000b2)
	value		500014f8
OBJ 500014f0 (sz=24, trace=300000, class=java.lang.String@500000b2)
	value		500014fd
OBJ 500014f1 (sz=24, trace=300000, class=java.lang.String@500000b2)
	value		500014fa
OBJ 500014f2 (sz=24, trace=300000, class=java.lang.String@500000b2)
	value		500014fe
OBJ 500014f3 (sz=24, trace=300000, class=java.lang.String@500000b2)
	value		500014f9
OBJ 500014f4 (sz=24, trace=300000, class=java.lang.String@500000b2)
	value		500014fb
OBJ 500014f5 (sz=24, trace=300000, class=java.lang.String@500000b2)
	value		500014f7
ARR 500014f6 (sz=12, trace=300000, nelems=6, elem type=char[])
ARR 500014f7 (sz=8, trace=300000, nelems=4, elem type=char[])
ARR 500014f8 (sz=8, trace=300000, nelems=4, elem type=char[])
ARR 500014f9 (sz=12, trace=300000, nelems=6, elem type=char[])
ARR 500014fa (sz=14, trace=300000, nelems=7, elem type=char[])
ARR 500014fb (sz=14, trace=300000, nelems=7, elem type=char[])
ARR 500014fc (sz=16, trace=300000, nelems=8, elem type=char[])
ARR 500014fd (sz=8, trace=300000, nelems=4, elem type=char[])
ARR 500014fe (sz=12, trace=300000, nelems=6, elem type=char[])
OBJ 500014ff (sz=24, trace=300000, class=java.lang.String@500000b2)
	value		50001504
OBJ 50001500 (sz=24, trace=300000, class=java.lang.String@500000b2)
	value		50001503
OBJ 50001501 (sz=24, trace=300000, class=java.lang.String@500000b2)
	value		50001502
ARR 50001502 (sz=24, trace=300000, nelems=12, elem type=char[])
ARR 50001503 (sz=26, trace=300000, nelems=13, elem type=char[])
ARR 50001504 (sz=14, trace=300000, nelems=7, elem type=char[])
CLS 500000f9 (name=java.lang.Object, trace=300000)
	constant pool entry 80	5000013a
	constant pool entry 18	500000f9
CLS 50000001 (name=java.lang.Character$CharacterCache, trace=300000)
	super		500000f9
	static cache	50000cc4
	constant pool entry 24	5000013a
	constant pool entry 14	50000001
	constant pool entry 13	50000078
CLS 50000002 (name=java.lang.ClassLoader$3, trace=300000)
	super		500000f9
	constant pool entry 25	500000f9
	constant pool entry 24	50000002
	constant pool entry 22	500000e5
	constant pool entry 21	5000010e
CLS 50000003 (name=java.lang.Iterable, trace=300000)
CLS 5000001f (name=java.lang.ref.Reference, trace=300000)
	super		500000f9
	static lock	50000932
	constant pool entry 55	50000113
	constant pool entry 54	500000aa
	constant pool entry 53	500000e9
	constant pool entry 51	5000001f
	constant pool entry 49	5000011d
	constant pool entry 48	50000097
	constant pool entry 47	500000f9
	constant pool entry 1	50000990
CLS 50000004 (name=java.lang.ref.PhantomReference, trace=300000)
	super		5000001f
CLS 50000005 (name=java.util.AbstractCollection, trace=300000)
	super		500000f9
	constant pool entry 61	500000f9
CLS 500000ff (name=sun.reflect.MagicAccessorImpl, trace=300000)
	super		500000f9
	constant pool entry 6	500000f9
CLS 50000006 (name=sun.reflect.MethodAccessorImpl, trace=300000)
	super		500000ff
CLS 5000000f (name=java.util.AbstractMap, trace=300000)
	super		500000f9
	constant pool entry 64	5000000f
	constant pool entry 61	500000f9
CLS 500000a6 (name=sun.util.PreHashedMap, trace=300000)
	super		5000000f
	constant pool entry 91	5000013a
	constant pool entry 46	500000a6
	constant pool entry 43	5000000f
	constant pool entry 41	500000b2
	constant pool entry 40	500000f9
	constant pool entry 39	500000fa
CLS 50000007 (name=sun.nio.cs.StandardCharsets$Aliases, trace=300000)
	super		500000a6
	constant pool entry 513	5000013a
	constant pool entry 503	500000a6
	constant pool entry 502	50000007
	constant pool entry 499	500000f9
	constant pool entry 238	50000e7e
	constant pool entry 237	5000105c
	constant pool entry 236	50000e70
	constant pool entry 235	50001101
	constant pool entry 234	50000e74
	constant pool entry 233	50001137
	constant pool entry 232	50000ffd
	constant pool entry 231	50000eb2
	constant pool entry 230	50000eaa
	constant pool entry 229	50000fea
	constant pool entry 228	50000ed5
	constant pool entry 227	50000ed9
	constant pool entry 226	50000ee2
	constant pool entry 225	50000ee5
	constant pool entry 224	50000ef0
	constant pool entry 223	50000ef3
	constant pool entry 222	50001125
	constant pool entry 221	50000fd4
	constant pool entry 220	50001032
	constant pool entry 219	50001036
	constant pool entry 218	50000fcc
	constant pool entry 217	50001078
	constant pool entry 216	50001123
	constant pool entry 215	50000fd2
	constant pool entry 214	50000fe6
	constant pool entry 213	50001054
	constant pool entry 212	50001068
	constant pool entry 211	50000ec2
	constant pool entry 210	50000fce
	constant pool entry 209	50000e64
	constant pool entry 208	50001080
	constant pool entry 207	50000ee8
	constant pool entry 206	50000efc
	constant pool entry 205	50000eff
	constant pool entry 204	50000ed1
	constant pool entry 203	50000edc
	constant pool entry 202	50000e97
	constant pool entry 201	5000102a
	constant pool entry 200	500010f7
	constant pool entry 199	5000115f
	constant pool entry 198	5000106c
	constant pool entry 197	500010fd
	constant pool entry 196	50001139
	constant pool entry 195	5000101a
	constant pool entry 194	50000ff9
	constant pool entry 193	50001052
	constant pool entry 192	50001084
	constant pool entry 191	50001088
	constant pool entry 190	5000108a
	constant pool entry 189	5000108c
	constant pool entry 188	5000108e
	constant pool entry 187	50001090
	constant pool entry 186	500010bb
	constant pool entry 185	500010c0
	constant pool entry 184	500010c4
	constant pool entry 183	500010cd
	constant pool entry 182	500010d1
	constant pool entry 181	50001131
	constant pool entry 180	50001133
	constant pool entry 179	50000e68
	constant pool entry 178	50000e6c
	constant pool entry 177	500010b0
	constant pool entry 176	500010b2
	constant pool entry 175	500010ac
	constant pool entry 174	50000fee
	constant pool entry 173	5000115b
	constant pool entry 172	50000ff2
	constant pool entry 171	5000101c
	constant pool entry 170	50000ff5
	constant pool entry 169	50001058
	constant pool entry 168	50000ff7
	constant pool entry 167	500010ff
	constant pool entry 166	50000ffb
	constant pool entry 165	5000113d
	constant pool entry 164	500010e1
	constant pool entry 163	500010e3
	constant pool entry 162	50001000
	constant pool entry 161	50000fda
	constant pool entry 160	50000fe4
	constant pool entry 159	500010eb
	constant pool entry 158	500010ed
	constant pool entry 157	500010ef
	constant pool entry 156	500010f1
	constant pool entry 155	500010f3
	constant pool entry 154	500010fb
	constant pool entry 153	50001034
	constant pool entry 152	50001039
	constant pool entry 151	500010f5
	constant pool entry 150	50001008
	constant pool entry 149	5000100a
	constant pool entry 148	5000100c
	constant pool entry 147	5000100e
	constant pool entry 146	50001012
	constant pool entry 145	5000101e
	constant pool entry 144	50001020
	constant pool entry 143	50001014
	constant pool entry 142	5000115d
	constant pool entry 141	50001110
	constant pool entry 140	50001064
	constant pool entry 139	50001066
	constant pool entry 138	5000107c
	constant pool entry 137	50001086
	constant pool entry 136	50001094
	constant pool entry 135	50001096
	constant pool entry 134	50000eae
	constant pool entry 133	50000eb5
	constant pool entry 132	50000ebb
	constant pool entry 131	50000ebf
	constant pool entry 130	50000ec8
	constant pool entry 129	50000e8c
	constant pool entry 128	50000e94
	constant pool entry 127	50000ecb
	constant pool entry 126	50001024
	constant pool entry 125	500010cb
	constant pool entry 124	500010d5
	constant pool entry 123	500010e5
	constant pool entry 122	500010e7
	constant pool entry 121	500010e9
	constant pool entry 120	5000105e
	constant pool entry 119	50000ef9
	constant pool entry 118	50000f07
	constant pool entry 117	50000e7b
	constant pool entry 116	50000e86
	constant pool entry 115	50000e9d
	constant pool entry 114	50000ea6
	constant pool entry 113	500010a0
	constant pool entry 112	500010a6
	constant pool entry 111	50000ea0
	constant pool entry 110	5000107a
	constant pool entry 109	50000e89
	constant pool entry 108	50001002
	constant pool entry 107	50000e78
	constant pool entry 106	500010a8
	constant pool entry 105	500010aa
	constant pool entry 104	500010d3
	constant pool entry 103	500010d7
	constant pool entry 102	500010da
	constant pool entry 101	5000105a
	constant pool entry 100	50001060
	constant pool entry 99	50001062
	constant pool entry 98	50001070
	constant pool entry 97	50001072
	constant pool entry 96	50001074
	constant pool entry 95	50001076
	constant pool entry 94	5000109a
	constant pool entry 93	5000109c
	constant pool entry 92	50001030
	constant pool entry 91	5000106e
	constant pool entry 90	50001022
	constant pool entry 89	500010dc
	constant pool entry 88	50001018
	constant pool entry 87	50001050
	constant pool entry 86	50001135
	constant pool entry 85	50001056
	constant pool entry 84	500010c7
	constant pool entry 83	50000fec
	constant pool entry 82	50000ff0
	constant pool entry 81	5000111e
	constant pool entry 80	50001004
	constant pool entry 79	50000fd0
	constant pool entry 78	50001010
	constant pool entry 77	5000104e
	constant pool entry 76	5000114c
	constant pool entry 75	50001161
	constant pool entry 74	50001163
	constant pool entry 73	50001165
	constant pool entry 72	50001167
	constant pool entry 71	50001169
	constant pool entry 70	5000116b
	constant pool entry 69	5000103b
	constant pool entry 68	5000103d
	constant pool entry 67	5000104c
	constant pool entry 66	50001107
	constant pool entry 65	50001127
	constant pool entry 64	50001129
	constant pool entry 63	5000112b
	constant pool entry 62	5000112d
	constant pool entry 61	5000112f
	constant pool entry 60	50001098
	constant pool entry 59	500010a2
	constant pool entry 58	500010a4
	constant pool entry 57	500010b4
	constant pool entry 56	500010b9
	constant pool entry 55	500010be
	constant pool entry 54	500010c2
	constant pool entry 53	500010c9
	constant pool entry 52	50001119
	constant pool entry 51	5000111c
	constant pool entry 50	5000107e
	constant pool entry 49	500010b6
	constant pool entry 48	50000fd6
	constant pool entry 47	50000fd8
	constant pool entry 46	50000fdc
	constant pool entry 45	50000fde
	constant pool entry 44	50000fe0
	constant pool entry 43	50000fe2
	constant pool entry 42	5000106a
	constant pool entry 41	50001026
	constant pool entry 40	5000103f
	constant pool entry 39	50001042
	constant pool entry 38	50001044
	constant pool entry 37	50001046
	constant pool entry 36	50001048
	constant pool entry 35	5000104a
	constant pool entry 34	5000102e
	constant pool entry 33	50001006
	constant pool entry 32	50001016
	constant pool entry 31	50000fe8
	constant pool entry 30	50001082
	constant pool entry 29	5000109e
	constant pool entry 28	50001120
	constant pool entry 27	50001151
	constant pool entry 26	50001153
	constant pool entry 25	50001155
	constant pool entry 24	50001157
	constant pool entry 23	50001159
	constant pool entry 22	5000113f
	constant pool entry 21	50001141
	constant pool entry 20	50001145
	constant pool entry 19	50001148
	constant pool entry 18	5000114a
	constant pool entry 17	50001028
	constant pool entry 16	5000102c
	constant pool entry 15	5000114e
	constant pool entry 14	500010f9
	constant pool entry 13	50001103
	constant pool entry 12	50001105
	constant pool entry 11	50001109
	constant pool entry 10	5000110e
	constant pool entry 9	50001113
	constant pool entry 8	50001115
	constant pool entry 7	50001117
	constant pool entry 6	5000113b
	constant pool entry 5	50001143
	constant pool entry 4	500010ae
	constant pool entry 3	5000110b
	constant pool entry 2	500010de
	constant pool entry 1	50001092
CLS 50000008 (name=java.util.HashMap, trace=300000)
	super		5000000f
	constant pool entry 323	5000013a
	constant pool entry 160	50000032
	constant pool entry 158	50000061
	constant pool entry 157	5000003a
	constant pool entry 151	500000b9
	constant pool entry 150	5000012e
	constant pool entry 149	5000012b
	constant pool entry 147	50000008
	constant pool entry 145	5000000f
	constant pool entry 143	500000f9
	constant pool entry 142	50000126
	constant pool entry 140	50000131
CLS 50000009 (name=java.util.Dictionary, trace=300000)
	super		500000f9
	constant pool entry 17	500000f9
CLS 5000000a (name=java.util.Arrays, trace=300000)
	super		500000f9
	constant pool entry 475	5000013a
	constant pool entry 212	5000041f
	constant pool entry 211	5000000a
	constant pool entry 210	5000007e
	constant pool entry 209	5000007f
	constant pool entry 206	500000f9
	constant pool entry 205	50000126
	constant pool entry 200	500000c0
	constant pool entry 195	500000fa
CLS 5000009a (name=java.lang.Throwable, trace=300000)
	super		500000f9
	static EMPTY_STACK	5000132a
	static SUPPRESSED_SENTINEL	50000958
	static NULL_CAUSE_MESSAGE	50001327
	static SELF_SUPPRESSION_MESSAGE	50001328
	static CAUSE_CAPTION	50001326
	static SUPPRESSED_CAPTION	50001325
	static EMPTY_THROWABLE_ARRAY	50001329
	constant pool entry 312	5000013a
	constant pool entry 202	5000014f
	constant pool entry 189	500000c0
	constant pool entry 86	500000f9
	constant pool entry 76	50001328
	constant pool entry 75	50001327
	constant pool entry 74	5000009a
	constant pool entry 69	500000b1
	constant pool entry 61	5000003e
	constant pool entry 42	50001326
	constant pool entry 38	50001325
CLS 50000140 (name=java.lang.Error, trace=300000)
	super		5000009a
	constant pool entry 6	5000009a
CLS 50000134 (name=java.lang.VirtualMachineError, trace=300000)
	super		50000140
CLS 5000000b (name=java.lang.StackOverflowError, trace=300000)
	super		50000134
CLS 5000000c (name=java.util.HashMap$HashIterator, trace=300000)
	super		500000f9
	constant pool entry 39	5000000c
	constant pool entry 37	50000008
	constant pool entry 35	500000f9
CLS 5000000d (name=java.lang.Compiler, trace=300000)
	super		500000f9
	constant pool entry 24	5000003d
	constant pool entry 22	50000030
	constant pool entry 21	5000000d
CLS 5000000e (name=java.io.Closeable, trace=300000)
CLS 50000010 (name=java.net.URL, trace=300000)
	super		500000f9
	static protocolPathProp	50001279
	static handlers	5000127e
	static streamHandlerLock	5000127d
	constant pool entry 218	500000c6
	constant pool entry 216	500000ab
	constant pool entry 215	500000a0
	constant pool entry 214	5000003d
	constant pool entry 212	5000014e
	constant pool entry 210	50000010
	constant pool entry 205	500000a7
	constant pool entry 200	5000007f
	constant pool entry 199	50000123
	constant pool entry 198	500000b2
	constant pool entry 196	500000f9
	constant pool entry 190	500000c0
	constant pool entry 17	5000127c
	constant pool entry 16	5000127b
	constant pool entry 14	5000127a
	constant pool entry 11	50001279
	constant pool entry 4	50001278
	constant pool entry 3	50001277
	constant pool entry 2	5000123a
	constant pool entry 1	50000966
CLS 50000011 (name=java.net.URL[], trace=300000)
	super		500000f9
CLS 50000012 (name=java.lang.Class$3, trace=300000)
	super		500000f9
	constant pool entry 33	5000007f
	constant pool entry 31	500000f9
	constant pool entry 30	50000012
	constant pool entry 29	500000c0
	constant pool entry 1	500013e8
CLS 50000077 (name=java.lang.Number, trace=300000)
	super		500000f9
	constant pool entry 26	500000f9
CLS 50000013 (name=java.lang.Double, trace=300000)
	super		50000077
	static TYPE	5000093c
	constant pool entry 143	50000013
	constant pool entry 141	500000c0
	constant pool entry 10	50000dc6
CLS 50000062 (name=java.io.OutputStream, trace=300000)
	super		500000f9
	constant pool entry 25	500000f9
CLS 50000014 (name=java.io.FileOutputStream, trace=300000)
	super		50000062
	static runningFinalize	500013f8
	constant pool entry 79	500000bd
	constant pool entry 78	5000007f
	constant pool entry 75	500000f9
	constant pool entry 72	50000062
	constant pool entry 70	50000014
	constant pool entry 68	500000c5
CLS 50000015 (name=java.io.FileSystem, trace=300000)
	super		500000f9
	constant pool entry 76	5000007f
	constant pool entry 74	500000f9
	constant pool entry 72	50000015
	constant pool entry 2	50000df9
	constant pool entry 1	50000df8
CLS 50000016 (name=java.lang.reflect.Modifier, trace=300000)
	super		500000f9
	constant pool entry 122	500000c9
	constant pool entry 121	50000132
	constant pool entry 120	5000003d
	constant pool entry 119	50000091
CLS 50000017 (name=sun.reflect.Reflection, trace=300000)
	super		500000f9
	static fieldFilterMap	50000979
	static methodFilterMap	50000978
	constant pool entry 185	5000013a
	constant pool entry 95	50000017
	constant pool entry 94	50000061
	constant pool entry 93	50000008
	constant pool entry 92	50000016
	constant pool entry 89	5000007f
	constant pool entry 87	500000b2
	constant pool entry 82	500000c0
	constant pool entry 79	500000fd
	constant pool entry 9	50000977
	constant pool entry 8	50000976
	constant pool entry 7	50000975
CLS 500000f7 (name=java.util.AbstractSet, trace=300000)
	super		50000005
	constant pool entry 30	50000005
CLS 50000018 (name=java.util.TreeSet, trace=300000)
	super		500000f7
	static PRESENT	50000d4a
	constant pool entry 119	50000018
	constant pool entry 118	5000004f
	constant pool entry 108	500000f7
	constant pool entry 107	500000f9
CLS 500000e6 (name=java.util.concurrent.atomic.AtomicReferenceFieldUpdater, trace=300000)
	super		500000f9
	constant pool entry 23	50000019
	constant pool entry 21	500000f9
CLS 50000019 (name=java.util.concurrent.atomic.AtomicReferenceFieldUpdater$AtomicReferenceFieldUpdaterImpl, trace=300000)
	super		500000e6
	static unsafe	50000973
	constant pool entry 92	500000f1
	constant pool entry 91	50000017
	constant pool entry 90	50000143
	constant pool entry 89	50000019
	constant pool entry 88	500000e6
	constant pool entry 87	50000016
	constant pool entry 86	500000fc
	constant pool entry 82	500000f9
	constant pool entry 77	500000c0
CLS 5000001a (name=java.util.Comparator, trace=300000)
CLS 5000001b (name=java.lang.ClassLoader$ParallelLoaders, trace=300000)
	super		500000f9
	static loaderTypes	500013db
	constant pool entry 31	50000063
	constant pool entry 30	50000032
	constant pool entry 29	5000014f
	constant pool entry 26	5000001b
	constant pool entry 25	50000071
	constant pool entry 24	500000c0
CLS 5000001c (name=sun.reflect.ReflectionFactory$1, trace=300000)
	super		500000f9
	constant pool entry 50	5000001c
	constant pool entry 49	50000132
	constant pool entry 47	5000007f
	constant pool entry 44	500000f9
	constant pool entry 3	5000098d
	constant pool entry 2	5000098c
CLS 50000044 (name=java.lang.ref.WeakReference, trace=300000)
	super		5000001f
	constant pool entry 8	5000001f
CLS 5000001d (name=java.util.WeakHashMap$Entry, trace=300000)
	super		50000044
	constant pool entry 44	5000001d
	constant pool entry 40	50000044
CLS 5000001e (name=java.util.WeakHashMap$Entry[], trace=300000)
	super		500000f9
CLS 50000020 (name=java.lang.ref.Reference[], trace=300000)
	super		500000f9
CLS 50000071 (name=java.lang.ClassLoader, trace=300000)
	super		500000f9
	static nocerts	5000099d
	static scl	50000931
	static loadedLibraryNames	5000099c
	static systemNativeLibraries	5000099b
	static nativeLibraryContext	5000099a
	static usr_paths	50000999
	static sys_paths	50000998
	constant pool entry 822	5000013a
	constant pool entry 356	50000017
	constant pool entry 355	5000009d
	constant pool entry 354	50000022
	constant pool entry 351	50000070
	constant pool entry 348	50000086
	constant pool entry 347	50000067
	constant pool entry 346	5000008e
	constant pool entry 343	500000a0
	constant pool entry 342	500000f8
	constant pool entry 341	50000008
	constant pool entry 339	5000014f
	constant pool entry 337	5000008a
	constant pool entry 336	50000033
	constant pool entry 334	5000012a
	constant pool entry 333	5000003d
	constant pool entry 325	50000028
	constant pool entry 324	5000007f
	constant pool entry 322	500000b2
	constant pool entry 318	500000f9
	constant pool entry 313	50000099
	constant pool entry 312	5000001b
	constant pool entry 311	5000008f
	constant pool entry 310	50000002
	constant pool entry 307	50000071
	constant pool entry 305	500000c0
	constant pool entry 300	5000010e
	constant pool entry 18	50000997
	constant pool entry 15	50000996
	constant pool entry 1	50000966
CLS 50000021 (name=sun.reflect.DelegatingClassLoader, trace=300000)
	super		50000071
CLS 50000022 (name=sun.misc.URLClassPath, trace=300000)
	super		500000f9
	static USER_AGENT_JAVA_VERSION	5000131d
	static JAVA_VERSION	5000131e
	constant pool entry 179	500000c6
	constant pool entry 177	50000172
	constant pool entry 176	5000017a
	constant pool entry 173	50000178
	constant pool entry 170	50000022
	constant pool entry 168	5000008e
	constant pool entry 164	50000008
	constant pool entry 162	500000b1
	constant pool entry 161	500002b8
	constant pool entry 159	5000003d
	constant pool entry 158	50000035
	constant pool entry 156	50000010
	constant pool entry 152	5000007f
	constant pool entry 150	500000b2
	constant pool entry 147	500000f9
	constant pool entry 144	500007a2
	constant pool entry 140	5000131d
	constant pool entry 7	5000131c
	constant pool entry 5	5000131b
	constant pool entry 4	5000129c
CLS 50000023 (name=sun.misc.Signal, trace=300000)
	super		500000f9
	static handlers	50001459
	static signals	50001458
	constant pool entry 81	5000010c
	constant pool entry 79	50000023
	constant pool entry 78	500000f0
	constant pool entry 77	500000a0
	constant pool entry 71	500000f9
	constant pool entry 70	50000068
CLS 50000024 (name=java.net.URLClassLoader$7, trace=300000)
	super		500000f9
	constant pool entry 12	500000f9
CLS 50000025 (name=java.util.NavigableMap, trace=300000)
CLS 50000026 (name=sun.security.util.Debug, trace=300000)
	super		500000f9
	static hexDigits	50000a2c
	constant pool entry 172	50000026
	constant pool entry 171	500000c6
	constant pool entry 167	5000003d
	constant pool entry 162	500000b2
	constant pool entry 40	50000a2b
	constant pool entry 39	50000a2a
	constant pool entry 16	50000a29
CLS 50000027 (name=java.lang.Readable, trace=300000)
CLS 50000028 (name=java.lang.SystemClassLoaderAction, trace=300000)
	super		500000f9
	constant pool entry 35	50000028
	constant pool entry 34	5000007f
	constant pool entry 32	500000f9
	constant pool entry 1	500013d9
CLS 50000029 (name=java.util.SortedSet, trace=300000)
CLS 5000002a (name=sun.misc.JavaLangAccess, trace=300000)
CLS 50000072 (name=java.util.AbstractList, trace=300000)
	super		50000005
	constant pool entry 72	50000072
	constant pool entry 71	50000005
CLS 5000002b (name=java.util.Collections$EmptyList, trace=300000)
	super		50000072
	constant pool entry 56	5000002b
	constant pool entry 52	50000072
CLS 5000002c (name=java.util.concurrent.atomic.AtomicInteger, trace=300000)
	super		50000077
	static unsafe	50000973
	constant pool entry 63	50000143
	constant pool entry 62	5000002c
	constant pool entry 61	50000077
	constant pool entry 57	500000c0
	constant pool entry 1	50000972
CLS 5000002d (name=java.lang.Cloneable, trace=300000)
CLS 5000002e (name=sun.misc.Launcher$AppClassLoader$1, trace=300000)
	super		500000f9
	constant pool entry 29	5000002e
	constant pool entry 28	5000011b
	constant pool entry 27	50000070
	constant pool entry 24	500000f9
CLS 5000002f (name=sun.io.Win32ErrorMode, trace=300000)
	super		500000f9
	constant pool entry 45	5000009d
	constant pool entry 44	5000002f
	constant pool entry 43	5000007f
	constant pool entry 1	50000b5d
CLS 50000030 (name=java.lang.Compiler$1, trace=300000)
	super		500000f9
	constant pool entry 54	5000007f
	constant pool entry 53	50000123
	constant pool entry 51	500000f9
	constant pool entry 50	50000030
	constant pool entry 8	50001501
	constant pool entry 7	50001500
	constant pool entry 4	500014ff
CLS 50000031 (name=java.util.Collections$SetFromMap, trace=300000)
	super		500000f7
	constant pool entry 66	50000061
	constant pool entry 65	50000031
	constant pool entry 63	500000f7
	constant pool entry 59	500000e5
CLS 50000032 (name=java.util.Set, trace=300000)
CLS 50000033 (name=java.security.ProtectionDomain, trace=300000)
	super		500000f9
	constant pool entry 253	5000013a
	constant pool entry 127	50000026
	constant pool entry 126	500000cd
	constant pool entry 122	500000c7
	constant pool entry 121	50000108
	constant pool entry 119	50000033
	constant pool entry 118	500000cb
	constant pool entry 105	500000f9
	constant pool entry 10	50000a28
CLS 50000034 (name=java.util.Collections$EmptyMap, trace=300000)
	super		5000000f
	constant pool entry 40	50000034
	constant pool entry 37	5000000f
CLS 50000035 (name=java.net.URLStreamHandlerFactory, trace=300000)
CLS 50000115 (name=java.nio.charset.CoderResult$Cache, trace=300000)
	super		500000f9
	constant pool entry 32	50000115
	constant pool entry 28	500000f9
CLS 50000036 (name=java.nio.charset.CoderResult$2, trace=300000)
	super		50000115
	constant pool entry 14	50000115
CLS 50000037 (name=java.lang.Byte, trace=300000)
	super		50000077
	static TYPE	5000093d
	constant pool entry 79	500000c0
	constant pool entry 77	50000037
	constant pool entry 5	50000dc8
CLS 50000038 (name=java.util.Hashtable$Enumerator, trace=300000)
	super		500000f9
	constant pool entry 58	50000038
	constant pool entry 57	5000014c
	constant pool entry 56	500000a0
	constant pool entry 51	500000f9
CLS 50000039 (name=sun.reflect.ConstructorAccessorImpl, trace=300000)
	super		500000ff
	constant pool entry 18	500000ff
CLS 5000003a (name=java.util.Iterator, trace=300000)
CLS 5000014e (name=java.net.URLStreamHandler, trace=300000)
	super		500000f9
	constant pool entry 112	5000014e
	constant pool entry 111	50000010
	constant pool entry 108	50000123
	constant pool entry 107	500000e4
	constant pool entry 106	500000b2
	constant pool entry 104	500000f9
	constant pool entry 10	50001276
	constant pool entry 8	50001275
	constant pool entry 7	50001274
	constant pool entry 6	50001273
	constant pool entry 5	50001272
	constant pool entry 3	50001271
	constant pool entry 1	50000966
CLS 5000003b (name=sun.net.www.protocol.file.Handler, trace=300000)
	super		5000014e
	constant pool entry 61	5000014e
	constant pool entry 56	500000b2
	constant pool entry 54	5000010e
CLS 5000003c (name=java.nio.charset.Charset, trace=300000)
	super		500000f9
	static bugLevel	50000966
	static standardProvider	50000e47
	static cache1	50000e46
	static cache2	500001ae
	static gate	50000e45
	static extendedProviderLock	50000e44
	static defaultCharset	50000e43
	constant pool entry 328	5000013a
	constant pool entry 164	500000c6
	constant pool entry 162	500000d3
	constant pool entry 161	5000009d
	constant pool entry 155	5000003d
	constant pool entry 154	50000073
	constant pool entry 144	5000003c
	constant pool entry 140	500000bd
	constant pool entry 139	500000b2
	constant pool entry 138	500000f9
	constant pool entry 7	50000e42
	constant pool entry 6	50000e41
	constant pool entry 2	50000e37
	constant pool entry 1	50000966
CLS 5000003d (name=java.security.AccessController, trace=300000)
	super		500000f9
	constant pool entry 67	5000003d
	constant pool entry 65	5000005a
CLS 5000003e (name=java.lang.StackTraceElement, trace=300000)
	super		500000f9
CLS 5000003f (name=java.lang.StackTraceElement[], trace=300000)
	super		500000f9
CLS 500000b8 (name=java.lang.Exception, trace=300000)
	super		5000009a
	constant pool entry 14	5000009a
CLS 500000a2 (name=java.lang.RuntimeException, trace=300000)
	super		500000b8
CLS 50000040 (name=java.lang.ArrayStoreException, trace=300000)
	super		500000a2
CLS 50000041 (name=java.util.concurrent.ConcurrentMap, trace=300000)
CLS 50000042 (name=java.lang.System$2, trace=300000)
	super		500000f9
	constant pool entry 29	500000f9
CLS 50000059 (name=java.security.Permission, trace=300000)
	super		500000f9
	constant pool entry 56	50000059
	constant pool entry 49	500000f9
CLS 5000011c (name=java.security.BasicPermission, trace=300000)
	super		50000059
	constant pool entry 71	50000059
	constant pool entry 69	5000011c
	constant pool entry 68	500000b2
	constant pool entry 2	50000963
CLS 50000043 (name=java.lang.reflect.ReflectPermission, trace=300000)
	super		5000011c
	constant pool entry 13	5000011c
CLS 50000045 (name=java.lang.ref.WeakReference[], trace=300000)
	super		500000f9
CLS 50000046 (name=sun.reflect.MethodAccessor, trace=300000)
CLS 50000047 (name=sun.nio.cs.SingleByte, trace=300000)
	super		500000f9
	constant pool entry 23	50000047
	constant pool entry 22	500000b6
CLS 500000c8 (name=java.util.Collections$UnmodifiableCollection, trace=300000)
	super		500000f9
	constant pool entry 45	500000c8
	constant pool entry 43	5000004c
	constant pool entry 41	500000f9
CLS 50000110 (name=java.util.Collections$UnmodifiableList, trace=300000)
	super		500000c8
	constant pool entry 45	5000005f
	constant pool entry 42	50000110
	constant pool entry 41	500000c8
CLS 50000048 (name=java.util.Collections$UnmodifiableRandomAccessList, trace=300000)
	super		50000110
	constant pool entry 19	50000110
CLS 50000049 (name=java.nio.charset.CharsetEncoder, trace=300000)
	super		500000f9
	static stateNames	50000e3c
	constant pool entry 349	5000013a
	constant pool entry 160	50000089
	constant pool entry 159	50000056
	constant pool entry 157	50000049
	constant pool entry 155	5000003c
	constant pool entry 153	500000d1
	constant pool entry 146	500000b2
	constant pool entry 145	500000f9
	constant pool entry 142	500000c0
	constant pool entry 13	50000e3b
	constant pool entry 7	50000e3a
	constant pool entry 4	50000e39
	constant pool entry 3	50000e38
	constant pool entry 2	50000e37
CLS 5000013f (name=java.io.Reader, trace=300000)
	super		500000f9
	constant pool entry 58	500000f9
	constant pool entry 54	5000013f
CLS 5000004a (name=java.io.BufferedReader, trace=300000)
	super		5000013f
	constant pool entry 154	5000013a
	constant pool entry 85	500000e4
	constant pool entry 84	500000b2
	constant pool entry 79	5000013f
	constant pool entry 77	5000004a
	constant pool entry 4	500012fc
CLS 500000e2 (name=java.io.Win32FileSystem, trace=300000)
	super		50000015
	static driveDirCache	50000bcc
	constant pool entry 314	5000013a
	constant pool entry 155	500000c6
	constant pool entry 154	5000009c
	constant pool entry 153	5000003d
	constant pool entry 152	5000007f
	constant pool entry 151	50000123
	constant pool entry 150	500000e4
	constant pool entry 149	500000b2
	constant pool entry 145	500000e2
	constant pool entry 143	50000015
	constant pool entry 142	5000010e
	constant pool entry 141	50000093
	constant pool entry 9	50000bcb
	constant pool entry 8	50000bca
	constant pool entry 7	50000bc9
CLS 5000004b (name=java.io.WinNTFileSystem, trace=300000)
	super		500000e2
	constant pool entry 37	5000004b
	constant pool entry 36	500000e2
CLS 5000004c (name=java.util.Collection, trace=300000)
CLS 5000004d (name=java.io.ObjectStreamField, trace=300000)
	super		500000f9
	constant pool entry 82	50000123
	constant pool entry 81	500000b2
	constant pool entry 80	50000150
	constant pool entry 79	500000f9
	constant pool entry 77	500000a4
	constant pool entry 75	50000068
	constant pool entry 73	50000131
	constant pool entry 72	50000013
	constant pool entry 70	500000c0
	constant pool entry 69	50000078
	constant pool entry 68	50000037
	constant pool entry 67	500000e5
	constant pool entry 66	5000004d
CLS 5000004e (name=java.io.ObjectStreamField[], trace=300000)
	super		500000f9
CLS 5000004f (name=java.util.TreeMap, trace=300000)
	super		5000000f
	static UNBOUNDED	50000cb5
	constant pool entry 187	500000f4
	constant pool entry 183	5000004f
	constant pool entry 171	5000000f
	constant pool entry 170	500000f9
CLS 50000050 (name=sun.reflect.NativeConstructorAccessorImpl, trace=300000)
	super		50000039
	constant pool entry 39	50000132
	constant pool entry 38	50000050
	constant pool entry 35	50000039
CLS 50000051 (name=java.lang.Runnable, trace=300000)
CLS 50000052 (name=java.lang.Runnable[], trace=300000)
	super		500000f9
CLS 50000053 (name=java.lang.OutOfMemoryError, trace=300000)
	super		50000134
CLS 50000054 (name=java.lang.OutOfMemoryError[], trace=300000)
	super		500000f9
CLS 50000094 (name=java.io.InputStream, trace=300000)
	super		500000f9
	constant pool entry 46	500000f9
CLS 50000055 (name=java.io.FileInputStream, trace=300000)
	super		50000094
	static runningFinalize	500012f7
	constant pool entry 75	500000bd
	constant pool entry 74	5000007f
	constant pool entry 71	500000f9
	constant pool entry 68	50000094
	constant pool entry 65	50000055
	constant pool entry 64	500000c5
	constant pool entry 63	5000010e
CLS 50000056 (name=java.nio.charset.CoderResult, trace=300000)
	super		500000f9
	static names	50000e32
	static UNDERFLOW	50000e31
	static OVERFLOW	50000e30
	static malformedCache	50000e2f
	static unmappableCache	50000e2e
	constant pool entry 137	5000013a
	constant pool entry 82	50000036
	constant pool entry 81	500000d9
	constant pool entry 80	50000056
	constant pool entry 74	500000b2
	constant pool entry 73	500000f9
	constant pool entry 72	500000c0
	constant pool entry 4	50000e2d
	constant pool entry 3	50000e2c
	constant pool entry 2	50000e2b
	constant pool entry 1	50000e2a
CLS 500000fb (name=java.util.Collections$SynchronizedCollection, trace=300000)
	super		500000f9
	constant pool entry 55	500000fb
	constant pool entry 53	5000004c
	constant pool entry 51	500000f9
CLS 50000057 (name=java.util.Collections$SynchronizedSet, trace=300000)
	super		500000fb
	constant pool entry 29	500000fb
CLS 50000058 (name=java.lang.LinkageError, trace=300000)
	super		50000140
	constant pool entry 5	50000140
CLS 5000005a (name=java.security.AccessControlContext, trace=300000)
	super		500000f9
	constant pool entry 117	5000003d
	constant pool entry 114	5000005a
	constant pool entry 108	500000f9
CLS 500000a9 (name=sun.util.locale.LocaleObjectCache, trace=300000)
	super		500000f9
	constant pool entry 30	500000b0
	constant pool entry 29	500000a9
	constant pool entry 28	50000086
	constant pool entry 27	50000113
	constant pool entry 26	500000f9
CLS 5000005b (name=java.util.Locale$Cache, trace=300000)
	super		500000a9
	constant pool entry 18	500000a9
	constant pool entry 17	500000c3
	constant pool entry 16	5000005b
	constant pool entry 14	5000009c
CLS 5000005c (name=java.lang.Thread$UncaughtExceptionHandler, trace=300000)
CLS 5000005d (name=java.lang.Thread$UncaughtExceptionHandler[], trace=300000)
	super		500000f9
CLS 50000104 (name=java.util.Collections$UnmodifiableMap, trace=300000)
	super		500000f9
	constant pool entry 50	50000104
	constant pool entry 47	500000f9
CLS 5000005e (name=java.util.Collections$UnmodifiableSortedMap, trace=300000)
	super		50000104
	constant pool entry 26	5000005e
	constant pool entry 25	50000104
CLS 5000005f (name=java.util.List, trace=300000)
CLS 5000010a (name=sun.reflect.FieldAccessorImpl, trace=300000)
	super		500000ff
CLS 50000060 (name=sun.reflect.UnsafeFieldAccessorImpl, trace=300000)
	super		5000010a
CLS 50000061 (name=java.util.Map, trace=300000)
CLS 50000063 (name=java.util.WeakHashMap, trace=300000)
	super		5000000f
	static NULL_KEY	5000133a
	constant pool entry 281	5000013a
	constant pool entry 130	50000125
	constant pool entry 125	5000001d
	constant pool entry 123	50000063
	constant pool entry 118	50000008
	constant pool entry 115	5000000f
	constant pool entry 114	50000113
	constant pool entry 111	500000f9
	constant pool entry 107	5000001e
CLS 5000012b (name=java.util.HashMap$Entry, trace=300000)
	super		500000f9
	constant pool entry 42	5000012b
	constant pool entry 39	500000f9
CLS 50000064 (name=java.util.LinkedHashMap$Entry, trace=300000)
	super		5000012b
	constant pool entry 26	50000064
	constant pool entry 25	5000007a
	constant pool entry 24	5000012b
CLS 50000065 (name=sun.net.www.ParseUtil, trace=300000)
	super		500000f9
	static encodedInPath	5000130b
	static hexDigits	5000130a
	constant pool entry 505	5000013a
	constant pool entry 242	5000018f
	constant pool entry 241	50000065
	constant pool entry 240	500000f2
	constant pool entry 239	50000089
	constant pool entry 238	50000056
	constant pool entry 236	5000011a
	constant pool entry 234	500000d1
	constant pool entry 233	50000090
	constant pool entry 232	50000010
	constant pool entry 227	50000123
	constant pool entry 225	500000b2
	constant pool entry 224	500000f9
	constant pool entry 222	50000126
	constant pool entry 221	50000068
	constant pool entry 219	500000c0
	constant pool entry 218	50000078
	constant pool entry 216	5000010e
	constant pool entry 25	5000126e
	constant pool entry 22	50000a44
	constant pool entry 19	50001309
	constant pool entry 18	50001308
	constant pool entry 17	50001307
	constant pool entry 16	50001306
	constant pool entry 7	50001278
	constant pool entry 6	50001305
	constant pool entry 5	50001304
	constant pool entry 4	50001303
	constant pool entry 3	50001302
	constant pool entry 2	50000966
CLS 500000de (name=java.lang.IncompatibleClassChangeError, trace=300000)
	super		50000058
	constant pool entry 13	50000058
CLS 50000066 (name=java.lang.NoSuchMethodError, trace=300000)
	super		500000de
	constant pool entry 12	500000de
CLS 50000067 (name=java.util.Vector, trace=300000)
	super		50000072
	constant pool entry 293	5000013a
	constant pool entry 150	50000067
	constant pool entry 143	50000072
	constant pool entry 141	5000007f
	constant pool entry 138	500000f9
CLS 50000068 (name=java.lang.Integer, trace=300000)
	super		50000077
	static TYPE	5000093a
	static digits	50000dc4
	static DigitTens	50000dc3
	static DigitOnes	50000dc2
	static sizeTable	50000dc1
	constant pool entry 259	5000013a
	constant pool entry 165	500000b2
	constant pool entry 163	50000077
	constant pool entry 160	50000068
	constant pool entry 157	500000c0
	constant pool entry 156	50000078
	constant pool entry 27	50000dc0
CLS 50000069 (name=java.io.Writer, trace=300000)
	super		500000f9
	constant pool entry 51	500000b2
	constant pool entry 50	500000f9
	constant pool entry 46	50000069
CLS 500000ea (name=java.security.SecureClassLoader, trace=300000)
	super		50000071
	constant pool entry 59	50000026
	constant pool entry 58	50000008
	constant pool entry 57	500000ea
	constant pool entry 53	5000007f
	constant pool entry 48	50000071
	constant pool entry 4	50001341
CLS 500000bb (name=java.net.URLClassLoader, trace=300000)
	super		500000ea
	constant pool entry 242	50000022
	constant pool entry 241	500000cd
	constant pool entry 234	50000063
	constant pool entry 230	500000ea
	constant pool entry 229	500002b8
	constant pool entry 225	5000003d
	constant pool entry 220	50000024
	constant pool entry 215	500008a6
	constant pool entry 214	5000016e
	constant pool entry 213	500000bb
	constant pool entry 208	5000007f
	constant pool entry 199	50000099
	constant pool entry 198	50000071
CLS 5000006a (name=sun.misc.Launcher$ExtClassLoader, trace=300000)
	super		500000bb
	constant pool entry 189	5000013a
	constant pool entry 94	500000f5
	constant pool entry 93	5000006a
	constant pool entry 92	50000070
	constant pool entry 91	50000067
	constant pool entry 90	500000ab
	constant pool entry 86	5000003d
	constant pool entry 84	500000bb
	constant pool entry 83	50000010
	constant pool entry 82	5000007f
	constant pool entry 81	500000b2
	constant pool entry 80	50000071
	constant pool entry 78	5000010e
	constant pool entry 2	500012a7
	constant pool entry 1	5000133b
CLS 50000120 (name=java.lang.reflect.AccessibleObject, trace=300000)
	super		500000f9
	static ACCESS_PERMISSION	5000098a
	static reflectionFactory	50000983
	constant pool entry 59	500000c9
	constant pool entry 58	50000132
	constant pool entry 57	5000003d
	constant pool entry 56	50000043
	constant pool entry 55	50000095
	constant pool entry 53	50000120
	constant pool entry 52	5000007f
	constant pool entry 49	500000f9
	constant pool entry 48	500000c0
	constant pool entry 3	50000989
CLS 5000006b (name=java.lang.reflect.Method, trace=300000)
	super		50000120
CLS 500000df (name=java.util.concurrent.locks.AbstractOwnableSynchronizer, trace=300000)
	super		500000f9
	constant pool entry 17	500000df
	constant pool entry 16	500000f9
CLS 5000006c (name=java.util.concurrent.locks.AbstractQueuedSynchronizer, trace=300000)
	super		500000df
	static unsafe	50000973
	constant pool entry 183	50000143
	constant pool entry 181	50000074
	constant pool entry 179	5000006c
	constant pool entry 178	500000df
	constant pool entry 163	500000c0
	constant pool entry 11	500009ce
	constant pool entry 10	500009cd
	constant pool entry 9	500009cc
	constant pool entry 7	500009cb
	constant pool entry 6	500009ca
CLS 5000006d (name=java.lang.ClassCastException, trace=300000)
	super		500000a2
CLS 50000097 (name=java.lang.Thread, trace=300000)
	super		500000f9
	static EMPTY_STACK_TRACE	50000961
	static SUBCLASS_IMPLEMENTATION_PERMISSION	50000960
	constant pool entry 528	5000013a
	constant pool entry 251	5000003d
	constant pool entry 245	5000011d
	constant pool entry 238	50000097
	constant pool entry 237	5000007f
	constant pool entry 235	500000b2
	constant pool entry 234	5000003e
	constant pool entry 232	500000bf
	constant pool entry 230	500000f9
	constant pool entry 9	5000095f
CLS 5000006e (name=java.lang.ref.Finalizer$FinalizerThread, trace=300000)
	super		50000097
	constant pool entry 21	50000113
	constant pool entry 19	500000d6
	constant pool entry 18	50000097
	constant pool entry 1	5000147a
CLS 5000006f (name=java.lang.CharacterData, trace=300000)
	super		500000f9
	constant pool entry 46	500000f9
	constant pool entry 43	50000145
CLS 50000070 (name=sun.misc.Launcher, trace=300000)
	super		500000f9
	static factory	5000133f
	static launcher	5000133e
	static bootClassPath	50000b34
	constant pool entry 211	5000013a
	constant pool entry 117	50000065
	constant pool entry 116	50000122
	constant pool entry 115	5000006a
	constant pool entry 114	500004de
	constant pool entry 113	5000011b
	constant pool entry 111	50000070
	constant pool entry 110	50000010
	constant pool entry 108	50000097
	constant pool entry 107	5000007f
	constant pool entry 105	500000b2
	constant pool entry 103	500000f9
	constant pool entry 94	5000010e
	constant pool entry 8	5000133d
	constant pool entry 7	5000133c
CLS 50000073 (name=java.nio.charset.spi.CharsetProvider, trace=300000)
	super		500000f9
	constant pool entry 21	5000007f
	constant pool entry 18	500000f9
CLS 50000074 (name=java.util.concurrent.locks.AbstractQueuedSynchronizer$Node, trace=300000)
	super		500000f9
CLS 50000075 (name=sun.nio.cs.ArrayEncoder, trace=300000)
CLS 50000076 (name=sun.misc.MetaIndex, trace=300000)
	super		500000f9
	static jarMap	500012a8
	constant pool entry 149	5000013a
	constant pool entry 77	50000076
	constant pool entry 76	50000061
	constant pool entry 75	5000005f
	constant pool entry 74	50000008
	constant pool entry 73	500000b1
	constant pool entry 71	500000b2
	constant pool entry 70	500000f9
	constant pool entry 68	500000c0
	constant pool entry 65	5000013b
	constant pool entry 64	5000010e
	constant pool entry 63	5000004a
	constant pool entry 62	500000b3
	constant pool entry 3	500012a7
	constant pool entry 2	500012a6
	constant pool entry 1	500012a5
CLS 50000078 (name=java.lang.Character, trace=300000)
	super		500000f9
	static TYPE	5000093f
	constant pool entry 274	500000f9
	constant pool entry 269	500000c0
	constant pool entry 267	5000006f
	constant pool entry 263	50000001
	constant pool entry 262	50000078
	constant pool entry 10	50000cbe
CLS 50000079 (name=java.lang.Character[], trace=300000)
	super		500000f9
CLS 5000007a (name=java.util.LinkedHashMap, trace=300000)
	super		50000008
	constant pool entry 71	50000064
	constant pool entry 69	5000007a
	constant pool entry 67	50000008
CLS 5000007b (name=java.io.BufferedWriter, trace=300000)
	super		50000069
	constant pool entry 113	5000013a
	constant pool entry 63	500000c6
	constant pool entry 62	5000003d
	constant pool entry 59	500000b2
	constant pool entry 55	50000069
	constant pool entry 53	5000007b
	constant pool entry 3	50000967
CLS 5000007c (name=java.util.Map$Entry, trace=300000)
CLS 5000007d (name=java.util.Map$Entry[], trace=300000)
	super		500000f9
CLS 5000007e (name=java.lang.reflect.Array, trace=300000)
	super		500000f9
	constant pool entry 38	5000007e
CLS 5000007f (name=java.lang.System, trace=300000)
	super		500000f9
	static in	5000096c
	static out	5000096b
	static err	50000955
	static props	5000096a
	static lineSeparator	50000969
	constant pool entry 176	50000017
	constant pool entry 175	50000133
	constant pool entry 174	5000009d
	constant pool entry 173	500000cd
	constant pool entry 170	50000107
	constant pool entry 166	5000011d
	constant pool entry 165	50000097
	constant pool entry 164	50000103
	constant pool entry 163	50000042
	constant pool entry 161	5000007f
	constant pool entry 159	500000b2
	constant pool entry 156	50000124
	constant pool entry 149	50000116
	constant pool entry 147	50000014
	constant pool entry 146	50000055
	constant pool entry 145	500000c5
	constant pool entry 144	5000011f
	constant pool entry 143	50000111
	constant pool entry 11	50000968
	constant pool entry 7	50000967
	constant pool entry 1	50000966
CLS 50000080 (name=sun.nio.cs.StandardCharsets$Classes, trace=300000)
	super		500000a6
	constant pool entry 189	5000013a
	constant pool entry 179	500000a6
	constant pool entry 178	50000080
	constant pool entry 175	500000f9
	constant pool entry 76	50000e7e
	constant pool entry 75	50000e70
	constant pool entry 74	50000e74
	constant pool entry 73	50000eb2
	constant pool entry 72	50000eaa
	constant pool entry 71	50000ed5
	constant pool entry 70	50000ed9
	constant pool entry 69	50000ee2
	constant pool entry 68	50000ee5
	constant pool entry 67	50000ef0
	constant pool entry 66	50000ef3
	constant pool entry 65	50000ec2
	constant pool entry 64	50000e64
	constant pool entry 63	50000ee8
	constant pool entry 62	50000efc
	constant pool entry 61	50000eff
	constant pool entry 60	50000ed1
	constant pool entry 59	50000edc
	constant pool entry 58	50000e97
	constant pool entry 57	50000e68
	constant pool entry 56	50000e6c
	constant pool entry 55	50000eae
	constant pool entry 54	50000eb5
	constant pool entry 53	50000ebb
	constant pool entry 52	50000ebf
	constant pool entry 51	50000ec8
	constant pool entry 50	50000e8c
	constant pool entry 49	50000e94
	constant pool entry 48	50000ecb
	constant pool entry 47	50000ef9
	constant pool entry 46	50000f07
	constant pool entry 45	50000e7b
	constant pool entry 44	50000e86
	constant pool entry 43	50000e9d
	constant pool entry 42	50000ea6
	constant pool entry 41	50000ea0
	constant pool entry 40	50000e89
	constant pool entry 39	50000e78
	constant pool entry 38	50000ec3
	constant pool entry 37	50000e7f
	constant pool entry 36	50000e65
	constant pool entry 35	50000e71
	constant pool entry 34	50000ee9
	constant pool entry 33	50000efd
	constant pool entry 32	50000e75
	constant pool entry 31	50000f00
	constant pool entry 30	50000ed2
	constant pool entry 29	50000edd
	constant pool entry 28	50000e98
	constant pool entry 27	50000ed6
	constant pool entry 26	50000eda
	constant pool entry 25	50000ee3
	constant pool entry 24	50000ee6
	constant pool entry 23	50000ef1
	constant pool entry 22	50000ef4
	constant pool entry 21	50000e69
	constant pool entry 20	50000e6d
	constant pool entry 19	50000eaf
	constant pool entry 18	50000eb6
	constant pool entry 17	50000ebc
	constant pool entry 16	50000ec0
	constant pool entry 15	50000ec9
	constant pool entry 14	50000e8d
	constant pool entry 13	50000e95
	constant pool entry 12	50000ecc
	constant pool entry 11	50000eb3
	constant pool entry 10	50000efa
	constant pool entry 9	50000f08
	constant pool entry 8	50000e79
	constant pool entry 7	50000e7c
	constant pool entry 6	50000e87
	constant pool entry 5	50000e9e
	constant pool entry 4	50000ea7
	constant pool entry 3	50000ea1
	constant pool entry 2	50000eab
	constant pool entry 1	50000e8a
CLS 50000081 (name=sun.misc.JavaIOFileDescriptorAccess, trace=300000)
CLS 50000082 (name=java.io.OutputStreamWriter, trace=300000)
	super		50000069
	constant pool entry 46	500000d7
	constant pool entry 40	50000069
	constant pool entry 38	50000082
CLS 50000083 (name=java.lang.NullPointerException, trace=300000)
	super		500000a2
CLS 50000084 (name=java.nio.Bits, trace=300000)
	super		500000f9
	static unsafe	50000973
	static byteOrder	50000e12
	constant pool entry 255	500000c6
	constant pool entry 254	5000009d
	constant pool entry 253	50000143
	constant pool entry 252	500000cd
	constant pool entry 251	5000003d
	constant pool entry 250	50000119
	constant pool entry 248	500000d2
	constant pool entry 247	50000084
	constant pool entry 243	500000b2
	constant pool entry 233	500000c0
	constant pool entry 6	50000e18
	constant pool entry 5	50000e17
	constant pool entry 4	50000e16
CLS 50000085 (name=java.util.Enumeration, trace=300000)
CLS 50000086 (name=java.util.concurrent.ConcurrentHashMap, trace=300000)
	super		5000000f
	constant pool entry 144	500000d4
	constant pool entry 137	50000086
	constant pool entry 131	5000000f
	constant pool entry 129	500000f9
CLS 50000087 (name=java.lang.ref.ReferenceQueue$Lock, trace=300000)
	super		500000f9
	constant pool entry 12	50000087
	constant pool entry 9	500000f9
CLS 50000088 (name=java.security.PrivilegedExceptionAction, trace=300000)
CLS 50000089 (name=java.nio.charset.CodingErrorAction, trace=300000)
	super		500000f9
	static IGNORE	50000e26
	static REPLACE	50000e25
	static REPORT	50000e24
	constant pool entry 19	50000089
	constant pool entry 18	500000f9
	constant pool entry 3	50000e23
	constant pool entry 2	50000e22
	constant pool entry 1	50000e21
CLS 5000008a (name=java.security.cert.Certificate, trace=300000)
	super		500000f9
CLS 5000008b (name=java.security.cert.Certificate[], trace=300000)
	super		500000f9
CLS 5000008c (name=java.lang.ReflectiveOperationException, trace=300000)
	super		500000b8
	constant pool entry 13	500000b8
CLS 5000008d (name=sun.util.locale.Extension, trace=300000)
	super		500000f9
	constant pool entry 23	5000008d
	constant pool entry 21	500000f9
CLS 5000008e (name=java.util.Stack, trace=300000)
	super		50000067
	constant pool entry 33	50000067
	constant pool entry 32	5000008e
CLS 5000008f (name=java.lang.ClassLoader$NativeLibrary, trace=300000)
	super		500000f9
	constant pool entry 48	5000008e
	constant pool entry 45	500000f9
	constant pool entry 44	5000008f
	constant pool entry 43	50000071
CLS 500000b6 (name=java.nio.Buffer, trace=300000)
	super		500000f9
	constant pool entry 59	500000b6
	constant pool entry 57	500000f9
CLS 50000090 (name=java.nio.ByteBuffer, trace=300000)
	super		500000b6
	constant pool entry 138	500000d0
	constant pool entry 136	50000119
	constant pool entry 135	50000090
	constant pool entry 132	500000b6
	constant pool entry 131	50000084
CLS 50000091 (name=java.lang.reflect.ReflectAccess, trace=300000)
	super		500000f9
	constant pool entry 35	500000fc
	constant pool entry 34	50000095
	constant pool entry 33	500000f9
CLS 50000092 (name=sun.util.locale.LocaleExtensions, trace=300000)
	super		500000f9
	static EMPTY_MAP	50000cb3
	static EMPTY_EXTENSIONS	50000c17
	static CALENDAR_JAPANESE	50000cb9
	static NUMBER_THAI	50000cb8
	constant pool entry 120	50000149
	constant pool entry 119	50000092
	constant pool entry 111	5000004f
	constant pool entry 110	500000dc
	constant pool entry 105	5000014f
	constant pool entry 103	500000b2
	constant pool entry 102	500000f9
	constant pool entry 101	500000c0
	constant pool entry 100	50000078
	constant pool entry 4	50000cb7
	constant pool entry 3	50000cb6
	constant pool entry 1	50000966
CLS 50000093 (name=java.io.ExpiringCache, trace=300000)
	super		500000f9
	constant pool entry 59	50000061
	constant pool entry 57	5000007f
	constant pool entry 55	500000f9
	constant pool entry 54	500000eb
	constant pool entry 53	500000db
	constant pool entry 52	50000093
CLS 50000095 (name=java.lang.reflect.Constructor, trace=300000)
	super		50000120
	constant pool entry 172	50000132
	constant pool entry 170	500000a8
	constant pool entry 160	50000095
	constant pool entry 159	50000120
	constant pool entry 147	500000c0
	constant pool entry 143	500000c1
CLS 50000096 (name=java.lang.reflect.Constructor[], trace=300000)
	super		500000f9
CLS 50000098 (name=java.lang.Thread[], trace=300000)
	super		500000f9
CLS 50000099 (name=java.lang.ClassNotFoundException, trace=300000)
	super		5000008c
	constant pool entry 18	5000008c
CLS 5000009b (name=java.lang.Throwable[], trace=300000)
	super		500000f9
CLS 5000009c (name=java.util.Locale, trace=300000)
	super		500000f9
	static LOCALECACHE	50000bfe
	static ENGLISH	50000bfd
	static FRENCH	50000bfc
	static GERMAN	50000bfb
	static ITALIAN	50000bfa
	static JAPANESE	50000bf9
	static KOREAN	50000bf8
	static CHINESE	50000bf7
	static SIMPLIFIED_CHINESE	50000bf2
	static TRADITIONAL_CHINESE	50000bf1
	static FRANCE	50000bf6
	static GERMANY	50000beb
	static ITALY	50000bf5
	static JAPAN	50000bf4
	static KOREA	50000bf3
	static CHINA	50000bf2
	static PRC	50000bf2
	static TAIWAN	50000bf1
	static UK	50000bf0
	static US	50000bef
	static CANADA	50000bee
	static CANADA_FRENCH	50000bed
	static ROOT	50000bec
	static defaultLocale	50000beb
	static defaultFormatLocale	50000beb
	static serialPersistentFields	50000bea
	constant pool entry 833	5000013a
	constant pool entry 423	50000092
	constant pool entry 420	50000114
	constant pool entry 419	500000be
	constant pool entry 416	500000c6
	constant pool entry 410	500000c3
	constant pool entry 409	500008f1
	constant pool entry 408	5000005b
	constant pool entry 406	500008f6
	constant pool entry 405	5000009c
	constant pool entry 399	5000003d
	constant pool entry 395	500000b2
	constant pool entry 393	500000f9
	constant pool entry 390	50000068
	constant pool entry 384	500000c0
	constant pool entry 380	5000004d
	constant pool entry 371	50000be9
	constant pool entry 58	50000be8
	constant pool entry 54	50000be7
	constant pool entry 53	50000be6
	constant pool entry 52	50000be5
	constant pool entry 51	50000be4
	constant pool entry 50	50000be3
	constant pool entry 49	50000be2
	constant pool entry 48	50000be1
	constant pool entry 47	50000be0
	constant pool entry 46	50000bdf
	constant pool entry 45	50000bde
	constant pool entry 43	50000bdd
	constant pool entry 41	50000bdc
	constant pool entry 37	50000bdb
	constant pool entry 36	50000bda
	constant pool entry 35	50000bd9
	constant pool entry 34	50000bd8
	constant pool entry 33	50000bd7
	constant pool entry 32	50000bd6
	constant pool entry 27	50000bd5
	constant pool entry 26	50000bd4
	constant pool entry 20	50000bd3
	constant pool entry 19	50000bd2
	constant pool entry 16	50000bd1
	constant pool entry 15	50000bd0
	constant pool entry 13	50000bcf
	constant pool entry 11	50000bce
	constant pool entry 6	50000bcd
	constant pool entry 1	50000966
CLS 5000009d (name=sun.misc.VM, trace=300000)
	super		500000f9
	static savedProps	50000a4d
	constant pool entry 131	5000009d
	constant pool entry 130	500000af
	constant pool entry 129	50000107
	constant pool entry 125	500000b2
	constant pool entry 124	50000124
	constant pool entry 10	50000a4c
	constant pool entry 9	50000a45
	constant pool entry 8	50000a4b
	constant pool entry 7	50000a4a
	constant pool entry 6	50000a49
	constant pool entry 5	50000a48
	constant pool entry 4	50000a47
	constant pool entry 1	50000a46
CLS 5000009e (name=java.util.concurrent.ConcurrentHashMap$HashEntry, trace=300000)
	super		500000f9
	constant pool entry 40	5000013a
	constant pool entry 20	5000009e
	constant pool entry 18	500000f9
CLS 5000009f (name=java.util.concurrent.ConcurrentHashMap$HashEntry[], trace=300000)
	super		500000f9
CLS 500000a0 (name=java.util.Hashtable, trace=300000)
	super		50000009
	constant pool entry 332	5000013a
	constant pool entry 166	50000032
	constant pool entry 165	5000007c
	constant pool entry 164	50000061
	constant pool entry 163	5000003a
	constant pool entry 160	50000038
	constant pool entry 159	50000136
	constant pool entry 158	5000014c
	constant pool entry 156	500000a0
	constant pool entry 155	50000009
	constant pool entry 154	5000014f
	constant pool entry 150	500000f9
	constant pool entry 145	50000131
CLS 500000a1 (name=java.lang.Appendable, trace=300000)
CLS 500000a3 (name=sun.util.locale.BaseLocale$Key, trace=300000)
	super		500000f9
	constant pool entry 53	500000a3
	constant pool entry 51	500000be
	constant pool entry 50	500000b2
	constant pool entry 49	500000f9
	constant pool entry 1	50000966
CLS 500000a4 (name=java.lang.Long, trace=300000)
	super		50000077
	static TYPE	50000940
	constant pool entry 165	500000a4
	constant pool entry 161	500000c0
	constant pool entry 14	50000dbe
CLS 500000a5 (name=java.lang.ref.SoftReference, trace=300000)
	super		5000001f
	constant pool entry 17	500000a5
	constant pool entry 16	5000001f
CLS 500000a7 (name=java.net.Parts, trace=300000)
	super		500000f9
	constant pool entry 25	500000a7
	constant pool entry 24	500000b2
	constant pool entry 23	500000f9
CLS 500000a8 (name=sun.reflect.ConstructorAccessor, trace=300000)
CLS 500000aa (name=java.lang.ref.Reference$ReferenceHandler, trace=300000)
	super		50000097
	constant pool entry 29	5000001f
	constant pool entry 27	50000097
	constant pool entry 26	500000f9
CLS 500000ab (name=java.util.StringTokenizer, trace=300000)
	super		500000f9
	constant pool entry 62	500000ab
	constant pool entry 59	500000b2
	constant pool entry 58	500000f9
	constant pool entry 56	50000078
CLS 500000ac (name=java.lang.ArithmeticException, trace=300000)
	super		500000a2
CLS 500000d1 (name=java.nio.CharBuffer, trace=300000)
	super		500000b6
	constant pool entry 96	500000ad
	constant pool entry 95	500000d1
	constant pool entry 92	500000b6
CLS 500000ad (name=java.nio.HeapCharBuffer, trace=300000)
	super		500000d1
	constant pool entry 135	5000013a
	constant pool entry 65	500000ad
	constant pool entry 64	500000d1
	constant pool entry 58	500000b2
CLS 500000ae (name=java.lang.AbstractStringBuilder, trace=300000)
	super		500000f9
	constant pool entry 302	5000013a
	constant pool entry 146	5000000a
	constant pool entry 145	5000007f
	constant pool entry 141	500000b2
	constant pool entry 139	500000f9
	constant pool entry 131	500000ae
CLS 500000af (name=sun.misc.OSEnvironment, trace=300000)
	super		500000f9
	constant pool entry 9	5000002f
CLS 500000b0 (name=sun.util.locale.LocaleObjectCache$CacheEntry, trace=300000)
	super		500000a5
	constant pool entry 15	500000b0
	constant pool entry 13	500000a5
CLS 500000b1 (name=java.util.ArrayList, trace=300000)
	super		50000072
	constant pool entry 270	5000013a
	constant pool entry 146	5000004c
	constant pool entry 145	5000000a
	constant pool entry 140	500000b1
	constant pool entry 139	50000072
	constant pool entry 134	500000f9
	constant pool entry 123	500000fa
CLS 500000b2 (name=java.lang.String, trace=300000)
	super		500000f9
	static serialPersistentFields	5000095e
	static CASE_INSENSITIVE_ORDER	5000095d
	constant pool entry 504	5000013a
	constant pool entry 241	5000009c
	constant pool entry 238	5000001a
	constant pool entry 237	5000000a
	constant pool entry 233	5000007f
	constant pool entry 228	50000130
	constant pool entry 226	500000b2
	constant pool entry 225	500000f9
	constant pool entry 223	50000126
	constant pool entry 214	50000078
	constant pool entry 209	5000004d
	constant pool entry 12	5000095c
	constant pool entry 10	5000095b
	constant pool entry 6	5000095a
CLS 500000b3 (name=java.lang.String[], trace=300000)
	super		500000f9
CLS 50000113 (name=java.lang.ref.ReferenceQueue, trace=300000)
	super		500000f9
	static NULL	50000992
	static ENQUEUED	50000991
	constant pool entry 50	500000b4
	constant pool entry 49	50000087
	constant pool entry 47	50000113
	constant pool entry 43	500000f9
CLS 500000b4 (name=java.lang.ref.ReferenceQueue$Null, trace=300000)
	super		50000113
	constant pool entry 12	500000b4
	constant pool entry 10	50000113
CLS 500000b5 (name=java.io.FilterOutputStream, trace=300000)
	super		50000062
	constant pool entry 19	50000062
	constant pool entry 17	500000b5
CLS 500000b7 (name=java.util.RandomAccess, trace=300000)
CLS 500000b9 (name=java.util.HashMap$EntrySet, trace=300000)
	super		500000f7
	constant pool entry 33	500000b9
	constant pool entry 30	50000008
	constant pool entry 29	500000f7
CLS 500000ba (name=sun.nio.cs.ArrayDecoder, trace=300000)
CLS 500000bc (name=sun.nio.cs.StreamDecoder, trace=300000)
	super		5000013f
	constant pool entry 139	500000bc
	constant pool entry 136	50000089
	constant pool entry 135	50000056
	constant pool entry 134	5000011a
	constant pool entry 133	5000003c
	constant pool entry 130	500000d1
	constant pool entry 129	50000090
	constant pool entry 122	500000c0
	constant pool entry 119	5000013f
	constant pool entry 118	50000094
CLS 500000bd (name=java.lang.ThreadLocal, trace=300000)
	super		500000f9
	static nextHashCode	50001249
	constant pool entry 54	5000002c
	constant pool entry 52	50000199
	constant pool entry 51	50000197
	constant pool entry 49	500000bd
	constant pool entry 48	50000097
	constant pool entry 47	500000f9
CLS 500000be (name=sun.util.locale.AsciiUtil, trace=300000)
	super		500000f9
	constant pool entry 43	500000be
	constant pool entry 41	500000b2
CLS 500000bf (name=java.lang.RuntimePermission, trace=300000)
	super		5000011c
	constant pool entry 13	5000011c
CLS 500000c0 (name=java.lang.Class, trace=300000)
	super		500000f9
	static serialPersistentFields	50000984
	static reflectionFactory	50000983
	constant pool entry 983	5000013a
	constant pool entry 430	500000c9
	constant pool entry 429	50000132
	constant pool entry 428	50000017
	constant pool entry 415	5000003d
	constant pool entry 407	500000fc
	constant pool entry 406	50000095
	constant pool entry 403	500000a5
	constant pool entry 400	5000007f
	constant pool entry 398	500000b2
	constant pool entry 383	50000071
	constant pool entry 378	50000012
	constant pool entry 376	5000013d
	constant pool entry 375	500000c0
	constant pool entry 373	5000004d
	constant pool entry 369	500000fd
CLS 500000c1 (name=java.lang.Class[], trace=300000)
	super		500000f9
CLS 500000c2 (name=java.util.concurrent.locks.ReentrantLock$Sync, trace=300000)
	super		5000006c
	constant pool entry 55	500000c2
	constant pool entry 52	5000006c
	constant pool entry 51	50000097
CLS 500000c3 (name=java.util.Locale$LocaleKey, trace=300000)
	super		500000f9
	constant pool entry 25	50000092
	constant pool entry 24	50000114
	constant pool entry 23	500000c3
	constant pool entry 20	500000f9
CLS 500000c4 (name=java.util.Collections$EmptySet, trace=300000)
	super		500000f7
	constant pool entry 37	500000c4
	constant pool entry 33	500000f7
CLS 500000c5 (name=java.io.FileDescriptor, trace=300000)
	super		500000f9
	static in	50000970
	static out	500012f9
	static err	500012f8
	constant pool entry 46	500000cd
	constant pool entry 45	5000002c
	constant pool entry 44	500000f9
	constant pool entry 42	500000e7
	constant pool entry 41	500000c5
CLS 500000c6 (name=sun.security.action.GetPropertyAction, trace=300000)
	super		500000f9
	constant pool entry 24	500000c6
	constant pool entry 22	5000007f
	constant pool entry 20	500000f9
CLS 500000c7 (name=java.security.ProtectionDomain$Key, trace=300000)
	super		500000f9
	constant pool entry 12	500000c7
	constant pool entry 10	500000f9
CLS 500000c9 (name=sun.reflect.ReflectionFactory$GetReflectionFactoryAction, trace=300000)
	super		500000f9
	constant pool entry 15	500000c9
	constant pool entry 14	50000132
	constant pool entry 12	500000f9
CLS 500000ca (name=sun.util.locale.BaseLocale$Cache, trace=300000)
	super		500000a9
	constant pool entry 23	500000a9
	constant pool entry 22	500000a3
	constant pool entry 21	500000ca
	constant pool entry 19	50000114
CLS 500000cb (name=java.security.Principal, trace=300000)
CLS 500000cc (name=java.security.Principal[], trace=300000)
	super		500000f9
CLS 500000cd (name=sun.misc.SharedSecrets, trace=300000)
	super		500000f9
	static unsafe	50000973
	static javaUtilJarAccess	5000033f
	static javaLangAccess	50000a34
	static javaNetAccess	50000a33
	static javaNioAccess	50000a32
	static javaIOFileDescriptorAccess	50000a31
	static javaSecurityProtectionDomainAccess	50000a30
	constant pool entry 44	50000143
	constant pool entry 43	500000cd
CLS 500000ce (name=java.lang.reflect.Type, trace=300000)
CLS 500000cf (name=java.lang.reflect.Type[], trace=300000)
	super		500000f9
CLS 500000d0 (name=java.nio.HeapByteBuffer, trace=300000)
	super		50000090
	constant pool entry 257	5000013a
	constant pool entry 120	500000d0
	constant pool entry 104	50000090
	constant pool entry 100	5000007f
CLS 500000d2 (name=java.nio.Bits$1, trace=300000)
	super		500000f9
	constant pool entry 14	500000f9
CLS 50000102 (name=sun.nio.cs.FastCharsetProvider, trace=300000)
	super		50000073
	constant pool entry 133	5000013a
	constant pool entry 67	50000102
	constant pool entry 66	50000061
	constant pool entry 65	50000073
	constant pool entry 64	5000003c
	constant pool entry 62	50000123
	constant pool entry 61	500000b2
	constant pool entry 60	500000f9
	constant pool entry 56	500000c0
	constant pool entry 2	50000e98
	constant pool entry 1	5000123a
CLS 500000d3 (name=sun.nio.cs.StandardCharsets, trace=300000)
	super		50000102
	static aliases_US_ASCII	500011f9
	static aliases_UTF_8	5000118d
	static aliases_UTF_16	500011f8
	static aliases_UTF_16BE	500011f7
	static aliases_UTF_16LE	500011f6
	static aliases_UTF_16LE_BOM	500011f5
	static aliases_UTF_32	500011f4
	static aliases_UTF_32LE	500011f3
	static aliases_UTF_32BE	500011f2
	static aliases_UTF_32LE_BOM	500011f1
	static aliases_UTF_32BE_BOM	500011f0
	static aliases_ISO_8859_1	500011ef
	static aliases_ISO_8859_2	500011ee
	static aliases_ISO_8859_4	500011ed
	static aliases_ISO_8859_5	500011ec
	static aliases_ISO_8859_7	500011eb
	static aliases_ISO_8859_9	500011ea
	static aliases_ISO_8859_13	500011e9
	static aliases_ISO_8859_15	500011e8
	static aliases_KOI8_R	500011e7
	static aliases_KOI8_U	500011e6
	static aliases_MS1250	500011e5
	static aliases_MS1251	500011e4
	static aliases_MS1252	500011e3
	static aliases_MS1253	500011e2
	static aliases_MS1254	500011e1
	static aliases_MS1257	500011e0
	static aliases_IBM437	500011df
	static aliases_IBM737	500011de
	static aliases_IBM775	500011dd
	static aliases_IBM850	500011dc
	static aliases_IBM852	500011db
	static aliases_IBM855	500011da
	static aliases_IBM857	500011d9
	static aliases_IBM858	500011d8
	static aliases_IBM862	500011d7
	static aliases_IBM866	500011d6
	static aliases_IBM874	500011d5
	constant pool entry 567	5000013a
	constant pool entry 478	50000080
	constant pool entry 477	50000118
	constant pool entry 476	50000007
	constant pool entry 474	500000d3
	constant pool entry 473	50000102
	constant pool entry 472	500000b2
	constant pool entry 210	50000fea
	constant pool entry 209	50001068
	constant pool entry 208	5000102a
	constant pool entry 207	50001139
	constant pool entry 206	5000101a
	constant pool entry 205	50000ff9
	constant pool entry 204	50000e48
	constant pool entry 203	50001088
	constant pool entry 202	5000108a
	constant pool entry 201	5000108c
	constant pool entry 200	5000108e
	constant pool entry 199	500010c0
	constant pool entry 198	500010c4
	constant pool entry 197	500010cd
	constant pool entry 196	500010d1
	constant pool entry 195	50001131
	constant pool entry 194	50001133
	constant pool entry 193	500010b0
	constant pool entry 192	500010e3
	constant pool entry 191	50000fe4
	constant pool entry 190	500010eb
	constant pool entry 189	500010ed
	constant pool entry 188	500010ef
	constant pool entry 187	500010f1
	constant pool entry 186	500010f3
	constant pool entry 185	50001039
	constant pool entry 184	5000100a
	constant pool entry 183	5000100e
	constant pool entry 182	50001110
	constant pool entry 181	50001064
	constant pool entry 180	50001066
	constant pool entry 179	5000107c
	constant pool entry 178	50001086
	constant pool entry 177	50001094
	constant pool entry 176	50001096
	constant pool entry 175	500010d5
	constant pool entry 174	500010e5
	constant pool entry 173	500010e7
	constant pool entry 172	500010e9
	constant pool entry 171	5000105e
	constant pool entry 170	50000ef9
	constant pool entry 169	50000f07
	constant pool entry 168	50000e7b
	constant pool entry 167	50000e86
	constant pool entry 166	50000e9d
	constant pool entry 165	50000ea6
	constant pool entry 164	500010a6
	constant pool entry 163	50000ea0
	constant pool entry 162	5000107a
	constant pool entry 161	50000e89
	constant pool entry 160	500010aa
	constant pool entry 159	500010d3
	constant pool entry 158	500010d7
	constant pool entry 157	500010da
	constant pool entry 156	5000105a
	constant pool entry 155	50001060
	constant pool entry 154	50001062
	constant pool entry 153	50001070
	constant pool entry 152	50001072
	constant pool entry 151	50001074
	constant pool entry 150	50001076
	constant pool entry 149	5000109c
	constant pool entry 148	50001030
	constant pool entry 147	5000106e
	constant pool entry 146	50001022
	constant pool entry 145	500010dc
	constant pool entry 144	50001018
	constant pool entry 143	50001056
	constant pool entry 142	500010c7
	constant pool entry 141	50000fec
	constant pool entry 140	5000111e
	constant pool entry 139	50001004
	constant pool entry 138	50000fd0
	constant pool entry 137	50001010
	constant pool entry 136	500011d4
	constant pool entry 135	500011d3
	constant pool entry 134	500011d2
	constant pool entry 133	500011d1
	constant pool entry 132	500011d0
	constant pool entry 131	500011cf
	constant pool entry 130	500011ce
	constant pool entry 129	500011cd
	constant pool entry 128	500011cc
	constant pool entry 127	500011cb
	constant pool entry 126	500011ca
	constant pool entry 125	500011c9
	constant pool entry 124	500011c8
	constant pool entry 123	50001127
	constant pool entry 122	50001129
	constant pool entry 121	5000112b
	constant pool entry 120	5000112d
	constant pool entry 119	5000112f
	constant pool entry 118	50001098
	constant pool entry 117	500010a2
	constant pool entry 116	500010a4
	constant pool entry 115	500010b4
	constant pool entry 114	500010b9
	constant pool entry 113	500010be
	constant pool entry 112	500010c2
	constant pool entry 111	500010c9
	constant pool entry 110	50001119
	constant pool entry 109	5000111c
	constant pool entry 108	5000107e
	constant pool entry 107	500010b6
	constant pool entry 106	50000fd6
	constant pool entry 105	50000fd8
	constant pool entry 104	50000fdc
	constant pool entry 103	50000fde
	constant pool entry 102	50000fe0
	constant pool entry 101	50000fe2
	constant pool entry 100	5000106a
	constant pool entry 99	50001026
	constant pool entry 98	5000103f
	constant pool entry 97	50001042
	constant pool entry 96	50001044
	constant pool entry 95	50001046
	constant pool entry 94	50001048
	constant pool entry 93	5000104a
	constant pool entry 92	5000102e
	constant pool entry 91	50001006
	constant pool entry 90	50001016
	constant pool entry 89	50001120
	constant pool entry 88	500011c7
	constant pool entry 87	500011c6
	constant pool entry 86	500011c5
	constant pool entry 85	500011c4
	constant pool entry 84	500011c3
	constant pool entry 83	500011c2
	constant pool entry 82	500011c1
	constant pool entry 81	500011c0
	constant pool entry 80	50000e7f
	constant pool entry 79	50000e65
	constant pool entry 78	50000e71
	constant pool entry 77	50000ee9
	constant pool entry 76	50000efd
	constant pool entry 75	50000f00
	constant pool entry 74	50000ed2
	constant pool entry 73	50000edd
	constant pool entry 72	5000118f
	constant pool entry 71	500011bf
	constant pool entry 70	500011be
	constant pool entry 69	500011bd
	constant pool entry 68	500011bc
	constant pool entry 67	500011bb
	constant pool entry 66	500011ba
	constant pool entry 65	500011b9
	constant pool entry 64	50000ecc
	constant pool entry 63	500011b8
	constant pool entry 62	500011b7
	constant pool entry 61	500011b6
	constant pool entry 60	500011b5
	constant pool entry 59	500011b4
	constant pool entry 58	500011b3
	constant pool entry 57	500011b2
	constant pool entry 56	500011b1
	constant pool entry 55	500011b0
	constant pool entry 54	500011af
	constant pool entry 53	500011ae
	constant pool entry 52	500011ad
	constant pool entry 51	500011ac
	constant pool entry 50	500011ab
	constant pool entry 49	500011aa
	constant pool entry 48	500011a9
	constant pool entry 47	500011a8
	constant pool entry 46	500011a7
	constant pool entry 45	500011a6
	constant pool entry 44	500011a5
	constant pool entry 43	500011a4
	constant pool entry 42	500011a3
	constant pool entry 41	500011a2
	constant pool entry 40	500011a1
	constant pool entry 39	500011a0
	constant pool entry 38	5000119f
	constant pool entry 37	5000119e
	constant pool entry 36	5000119d
	constant pool entry 35	5000119c
	constant pool entry 34	5000119b
	constant pool entry 33	5000119a
	constant pool entry 32	50001199
	constant pool entry 31	50001198
	constant pool entry 30	50001197
	constant pool entry 29	50001196
	constant pool entry 28	50001195
	constant pool entry 27	50001151
	constant pool entry 26	50001153
	constant pool entry 25	50001155
	constant pool entry 24	50001157
	constant pool entry 23	50001159
	constant pool entry 22	5000113f
	constant pool entry 21	50001141
	constant pool entry 20	50001145
	constant pool entry 19	50001148
	constant pool entry 18	5000114a
	constant pool entry 17	50001028
	constant pool entry 16	5000102c
	constant pool entry 15	5000114e
	constant pool entry 14	500010f9
	constant pool entry 13	50001103
	constant pool entry 12	50001105
	constant pool entry 11	50001109
	constant pool entry 10	5000110e
	constant pool entry 9	50001113
	constant pool entry 8	50001115
	constant pool entry 7	50001117
	constant pool entry 6	5000113b
	constant pool entry 5	50001143
	constant pool entry 4	500010ae
	constant pool entry 3	5000110b
	constant pool entry 2	500010de
	constant pool entry 1	50001092
CLS 500000e0 (name=java.util.concurrent.locks.ReentrantLock, trace=300000)
	super		500000f9
	constant pool entry 89	500000c2
	constant pool entry 88	50000112
	constant pool entry 86	500000e0
	constant pool entry 78	500000f9
CLS 500000d4 (name=java.util.concurrent.ConcurrentHashMap$Segment, trace=300000)
	super		500000e0
	constant pool entry 122	5000013a
	constant pool entry 60	500000e0
	constant pool entry 59	500000d4
	constant pool entry 58	5000009e
	constant pool entry 55	500000f9
CLS 500000d5 (name=java.util.concurrent.ConcurrentHashMap$Segment[], trace=300000)
	super		500000f9
CLS 5000014b (name=java.lang.ref.FinalReference, trace=300000)
	super		5000001f
	constant pool entry 7	5000001f
CLS 500000d6 (name=java.lang.ref.Finalizer, trace=300000)
	super		5000014b
	static queue	50000953
	static unfinalized	500004ff
	static lock	5000147b
	constant pool entry 66	50000113
	constant pool entry 65	5000006e
	constant pool entry 61	500000d6
	constant pool entry 60	5000014b
	constant pool entry 58	5000011d
	constant pool entry 57	50000097
	constant pool entry 56	500000f9
CLS 500000d7 (name=sun.nio.cs.StreamEncoder, trace=300000)
	super		50000069
	constant pool entry 122	500000d7
	constant pool entry 119	50000089
	constant pool entry 118	50000056
	constant pool entry 117	50000049
	constant pool entry 116	5000003c
	constant pool entry 114	500000d1
	constant pool entry 113	50000090
	constant pool entry 108	500000c0
	constant pool entry 106	50000069
	constant pool entry 104	50000062
CLS 500000d8 (name=sun.reflect.LangReflectAccess, trace=300000)
CLS 500000d9 (name=java.nio.charset.CoderResult$1, trace=300000)
	super		50000115
	constant pool entry 12	50000115
CLS 500000da (name=java.security.Guard, trace=300000)
CLS 500000db (name=java.io.ExpiringCache$1, trace=300000)
	super		5000007a
	constant pool entry 21	5000007a
	constant pool entry 20	500000db
	constant pool entry 19	50000093
CLS 500000dc (name=java.util.SortedMap, trace=300000)
CLS 500000dd (name=java.lang.Terminator$1, trace=300000)
	super		500000f9
	constant pool entry 18	500000f9
CLS 500000e1 (name=java.util.concurrent.locks.ReentrantLock[], trace=300000)
	super		500000f9
CLS 500000e3 (name=java.util.NavigableSet, trace=300000)
CLS 500000e4 (name=java.lang.StringBuffer, trace=300000)
	super		500000ae
	static serialPersistentFields	50000ded
	constant pool entry 363	5000013a
	constant pool entry 109	500000e4
	constant pool entry 108	500000b2
	constant pool entry 107	50000068
	constant pool entry 104	500000e5
	constant pool entry 103	500000ae
	constant pool entry 101	5000004d
	constant pool entry 95	50000155
	constant pool entry 4	50000972
	constant pool entry 3	50000dec
	constant pool entry 1	50000deb
CLS 500000e5 (name=java.lang.Boolean, trace=300000)
	super		500000f9
	static TRUE	50000b5b
	static FALSE	50000b5a
	static TYPE	5000093e
	constant pool entry 64	500000f9
	constant pool entry 60	500000c0
	constant pool entry 59	500000e5
	constant pool entry 1	50000b59
CLS 500000e7 (name=java.io.FileDescriptor$1, trace=300000)
	super		500000f9
	constant pool entry 20	500000f9
CLS 500000e8 (name=sun.nio.cs.HistoricallyNamedCharset, trace=300000)
CLS 500000e9 (name=java.lang.ref.Reference$Lock, trace=300000)
	super		500000f9
	constant pool entry 12	500000e9
	constant pool entry 9	500000f9
CLS 500000eb (name=java.io.ExpiringCache$Entry, trace=300000)
	super		500000f9
	constant pool entry 21	500000f9
	constant pool entry 20	500000eb
CLS 500000ec (name=java.lang.reflect.Member, trace=300000)
CLS 500000ed (name=java.lang.reflect.Member[], trace=300000)
	super		500000f9
CLS 500000ee (name=java.lang.CharSequence, trace=300000)
CLS 500000ef (name=java.lang.CharSequence[], trace=300000)
	super		500000f9
CLS 500000f0 (name=sun.misc.NativeSignalHandler, trace=300000)
	super		500000f9
	constant pool entry 19	500000f0
	constant pool entry 18	500000f9
CLS 500000f1 (name=sun.reflect.misc.ReflectUtil, trace=300000)
	super		500000f9
	constant pool entry 55	500000f1
	constant pool entry 54	50000017
	constant pool entry 53	50000016
	constant pool entry 52	5000007f
	constant pool entry 44	500000c0
CLS 500000f2 (name=java.util.BitSet, trace=300000)
	super		500000f9
	static serialPersistentFields	5000130e
	constant pool entry 338	5000013a
	constant pool entry 181	500000f2
	constant pool entry 174	500000f9
	constant pool entry 165	500000c0
	constant pool entry 162	5000004d
	constant pool entry 156	50000158
	constant pool entry 4	5000130d
CLS 500000f3 (name=java.lang.NoClassDefFoundError, trace=300000)
	super		50000058
CLS 500000f4 (name=java.util.TreeMap$Entry, trace=300000)
	super		500000f9
	constant pool entry 46	500000f4
	constant pool entry 41	500000f9
CLS 500000f5 (name=sun.misc.Launcher$ExtClassLoader$1, trace=300000)
	super		500000f9
	constant pool entry 29	50000076
	constant pool entry 28	500000f5
	constant pool entry 27	5000006a
	constant pool entry 24	500000f9
CLS 500000f6 (name=java.io.InputStreamReader, trace=300000)
	super		5000013f
	constant pool entry 46	500000bc
	constant pool entry 39	5000013f
	constant pool entry 38	500000f6
CLS 500000f8 (name=java.util.HashSet, trace=300000)
	super		500000f7
	static PRESENT	5000124c
	constant pool entry 84	500000f8
	constant pool entry 83	50000008
	constant pool entry 81	500000f7
	constant pool entry 80	500000f9
CLS 500000fa (name=java.lang.Object[], trace=300000)
	super		500000f9
CLS 500000fc (name=java.lang.reflect.Field, trace=300000)
	super		50000120
	constant pool entry 137	500000fc
	constant pool entry 136	50000120
CLS 500000fd (name=java.lang.reflect.Field[], trace=300000)
	super		500000f9
CLS 500000fe (name=java.lang.ThreadDeath, trace=300000)
	super		50000140
CLS 50000100 (name=java.util.concurrent.locks.Lock, trace=300000)
CLS 50000101 (name=java.util.concurrent.locks.Lock[], trace=300000)
	super		500000f9
CLS 50000103 (name=java.lang.Terminator, trace=300000)
	super		500000f9
	static handler	50001455
	constant pool entry 26	50000023
	constant pool entry 25	500000dd
	constant pool entry 24	50000103
	constant pool entry 2	50001454
	constant pool entry 1	50001453
CLS 50000105 (name=java.io.Flushable, trace=300000)
CLS 50000106 (name=sun.reflect.ConstantPool, trace=300000)
	super		500000f9
CLS 50000107 (name=java.util.Properties, trace=300000)
	super		500000a0
	static hexDigit	50000b55
	constant pool entry 255	5000013a
	constant pool entry 121	50000107
	constant pool entry 119	500000a0
	constant pool entry 113	500000b2
CLS 50000108 (name=java.security.ProtectionDomain$2, trace=300000)
	super		500000f9
	constant pool entry 13	500000f9
CLS 50000109 (name=java.lang.IllegalMonitorStateException, trace=300000)
	super		500000a2
CLS 5000010b (name=sun.reflect.UnsafeStaticFieldAccessorImpl, trace=300000)
	super		50000060
CLS 5000010c (name=sun.misc.SignalHandler, trace=300000)
	static SIG_DFL	50001457
	static SIG_IGN	50001456
	constant pool entry 14	5000010c
	constant pool entry 13	500000f0
CLS 5000010d (name=sun.misc.JavaSecurityProtectionDomainAccess, trace=300000)
CLS 5000010e (name=java.io.File, trace=300000)
	super		500000f9
	static fs	50000b61
	static separator	50000b60
	static pathSeparator	50000b5f
	constant pool entry 244	5000007f
	constant pool entry 243	50000123
	constant pool entry 242	500000b2
	constant pool entry 238	500000f9
	constant pool entry 232	500000c0
	constant pool entry 224	50000015
	constant pool entry 221	5000010e
	constant pool entry 1	50000966
CLS 5000010f (name=java.io.File[], trace=300000)
	super		500000f9
CLS 50000139 (name=java.io.FilterInputStream, trace=300000)
	super		50000094
	constant pool entry 24	50000094
	constant pool entry 22	50000139
CLS 50000111 (name=java.io.BufferedInputStream, trace=300000)
	super		50000139
	static bufUpdater	500013f0
	constant pool entry 121	5000013a
	constant pool entry 63	500000e6
	constant pool entry 57	50000139
	constant pool entry 56	50000111
	constant pool entry 55	50000154
	constant pool entry 5	500013ef
CLS 50000112 (name=java.util.concurrent.locks.ReentrantLock$NonfairSync, trace=300000)
	super		500000c2
	constant pool entry 28	500000c2
	constant pool entry 27	50000112
	constant pool entry 25	50000097
CLS 50000114 (name=sun.util.locale.BaseLocale, trace=300000)
	super		500000f9
	static SEP	50000c1f
	static CACHE	50000c21
	static ROOT	50000c20
	constant pool entry 82	500000a3
	constant pool entry 81	500000ca
	constant pool entry 79	50000114
	constant pool entry 78	500000be
	constant pool entry 76	500000b2
	constant pool entry 75	500000f9
	constant pool entry 74	50000c1f
	constant pool entry 12	50000c1e
	constant pool entry 4	50000c1d
	constant pool entry 3	50000c1c
	constant pool entry 1	50000966
CLS 50000116 (name=java.io.PrintStream, trace=300000)
	super		500000b5
	constant pool entry 113	500000b2
	constant pool entry 106	50000116
	constant pool entry 105	50000082
	constant pool entry 104	50000062
	constant pool entry 101	500000b5
	constant pool entry 97	5000007b
	constant pool entry 1	50001400
CLS 50000117 (name=sun.misc.JavaNetAccess, trace=300000)
CLS 50000118 (name=sun.nio.cs.StandardCharsets$Cache, trace=300000)
	super		500000a6
	constant pool entry 113	5000013a
	constant pool entry 103	500000a6
	constant pool entry 102	50000118
	constant pool entry 99	500000f9
	constant pool entry 38	50000e7e
	constant pool entry 37	50000e70
	constant pool entry 36	50000e74
	constant pool entry 35	50000eb2
	constant pool entry 34	50000eaa
	constant pool entry 33	50000ed5
	constant pool entry 32	50000ed9
	constant pool entry 31	50000ee2
	constant pool entry 30	50000ee5
	constant pool entry 29	50000ef0
	constant pool entry 28	50000ef3
	constant pool entry 27	50000ec2
	constant pool entry 26	50000e64
	constant pool entry 25	50000ee8
	constant pool entry 24	50000efc
	constant pool entry 23	50000eff
	constant pool entry 22	50000ed1
	constant pool entry 21	50000edc
	constant pool entry 20	50000e97
	constant pool entry 19	50000e68
	constant pool entry 18	50000e6c
	constant pool entry 17	50000eae
	constant pool entry 16	50000eb5
	constant pool entry 15	50000ebb
	constant pool entry 14	50000ebf
	constant pool entry 13	50000ec8
	constant pool entry 12	50000e8c
	constant pool entry 11	50000e94
	constant pool entry 10	50000ecb
	constant pool entry 9	50000ef9
	constant pool entry 8	50000f07
	constant pool entry 7	50000e7b
	constant pool entry 6	50000e86
	constant pool entry 5	50000e9d
	constant pool entry 4	50000ea6
	constant pool entry 3	50000ea0
	constant pool entry 2	50000e89
	constant pool entry 1	50000e78
CLS 50000119 (name=java.nio.ByteOrder, trace=300000)
	super		500000f9
	static BIG_ENDIAN	50000e13
	static LITTLE_ENDIAN	50000e12
	constant pool entry 21	50000119
	constant pool entry 20	50000084
	constant pool entry 19	500000f9
	constant pool entry 2	50000e11
	constant pool entry 1	50000e10
CLS 5000011a (name=java.nio.charset.CharsetDecoder, trace=300000)
	super		500000f9
	static stateNames	50001192
	constant pool entry 273	5000013a
	constant pool entry 141	50000089
	constant pool entry 140	50000056
	constant pool entry 138	5000011a
	constant pool entry 137	5000003c
	constant pool entry 134	50000090
	constant pool entry 129	500000b2
	constant pool entry 128	500000f9
	constant pool entry 125	500000c0
	constant pool entry 15	50001191
	constant pool entry 12	50000e3b
	constant pool entry 7	50000e3a
	constant pool entry 4	50000e39
	constant pool entry 3	50000e38
	constant pool entry 2	50000e37
CLS 5000011b (name=sun.misc.Launcher$AppClassLoader, trace=300000)
	super		500000bb
	constant pool entry 86	5000002e
	constant pool entry 85	5000011b
	constant pool entry 84	50000070
	constant pool entry 80	5000003d
	constant pool entry 78	500000bb
	constant pool entry 75	5000007f
	constant pool entry 74	500000b2
	constant pool entry 70	50000071
	constant pool entry 69	500000c0
	constant pool entry 2	50001340
CLS 5000011d (name=java.lang.ThreadGroup, trace=300000)
	super		500000f9
	constant pool entry 266	5000013a
	constant pool entry 122	5000011d
	constant pool entry 119	50000097
	constant pool entry 118	5000007f
	constant pool entry 115	500000f9
	constant pool entry 7	50000965
CLS 5000011e (name=java.lang.ThreadGroup[], trace=300000)
	super		500000f9
CLS 5000011f (name=java.io.BufferedOutputStream, trace=300000)
	super		500000b5
	constant pool entry 57	5000013a
	constant pool entry 31	5000007f
	constant pool entry 29	50000062
	constant pool entry 27	500000b5
	constant pool entry 26	5000011f
CLS 50000121 (name=java.lang.reflect.AccessibleObject[], trace=300000)
	super		500000f9
CLS 50000122 (name=sun.misc.Launcher$Factory, trace=300000)
	super		500000f9
	static PREFIX	5000127a
	constant pool entry 53	50000122
	constant pool entry 49	5000014e
	constant pool entry 48	50000123
	constant pool entry 46	500000f9
	constant pool entry 41	500000c0
	constant pool entry 4	5000127a
	constant pool entry 2	50001277
	constant pool entry 1	5000123a
CLS 50000123 (name=java.lang.StringBuilder, trace=300000)
	super		500000ae
	constant pool entry 88	50000123
	constant pool entry 86	500000b2
	constant pool entry 83	500000ae
CLS 50000124 (name=java.lang.Runtime, trace=300000)
	super		500000f9
	static currentRuntime	50000954
	constant pool entry 104	5000007f
	constant pool entry 102	500000b2
	constant pool entry 101	50000926
	constant pool entry 97	50000124
	constant pool entry 95	500000f9
	constant pool entry 93	50000071
	constant pool entry 90	5000010e
CLS 50000125 (name=java.util.WeakHashMap$KeySet, trace=300000)
	super		500000f7
	constant pool entry 25	50000125
	constant pool entry 21	500000f7
CLS 50000126 (name=java.lang.Math, trace=300000)
	super		500000f9
	constant pool entry 92	50000126
	constant pool entry 91	50000131
	constant pool entry 90	50000013
CLS 50000127 (name=sun.reflect.FieldAccessor, trace=300000)
CLS 50000128 (name=java.io.Serializable, trace=300000)
CLS 50000129 (name=java.io.Serializable[], trace=300000)
	super		500000f9
CLS 5000012a (name=java.security.CodeSource, trace=300000)
	super		500000f9
	constant pool entry 148	5000012a
	constant pool entry 141	500000f9
CLS 5000012c (name=java.util.HashMap$Entry[], trace=300000)
	super		500000f9
CLS 5000012d (name=java.security.PrivilegedAction, trace=300000)
CLS 5000012e (name=java.util.HashMap$EntryIterator, trace=300000)
	super		5000000c
	constant pool entry 20	5000000c
	constant pool entry 19	5000012e
CLS 5000012f (name=sun.nio.cs.MS1252, trace=300000)
	super		5000003c
	static b2cTable	50001241
	static b2c	50001244
	static c2b	50001243
	static c2bIndex	50001242
	constant pool entry 86	5000013a
	constant pool entry 54	500000d3
	constant pool entry 53	50000144
	constant pool entry 52	50000142
	constant pool entry 51	50000047
	constant pool entry 50	5000012f
	constant pool entry 48	5000003c
	constant pool entry 47	500000b2
	constant pool entry 4	50001241
	constant pool entry 3	50000ee5
CLS 50000130 (name=java.lang.String$CaseInsensitiveComparator, trace=300000)
	super		500000f9
	constant pool entry 36	50000130
	constant pool entry 34	500000b2
	constant pool entry 33	500000f9
	constant pool entry 32	50000126
CLS 50000131 (name=java.lang.Float, trace=300000)
	super		50000077
	static TYPE	5000093b
	constant pool entry 104	50000131
	constant pool entry 101	500000c0
	constant pool entry 7	50000982
CLS 50000132 (name=sun.reflect.ReflectionFactory, trace=300000)
	super		500000f9
	static reflectionFactoryAccessPerm	50000987
	static soleInstance	50000983
	static langReflectAccess	50000986
	constant pool entry 109	5000001c
	constant pool entry 108	50000132
	constant pool entry 107	50000017
	constant pool entry 105	50000050
	constant pool entry 103	500000d8
	constant pool entry 100	5000013c
	constant pool entry 99	50000039
	constant pool entry 97	5000003d
	constant pool entry 96	50000016
	constant pool entry 94	50000095
	constant pool entry 93	5000007f
	constant pool entry 91	500000bf
	constant pool entry 90	500000f9
	constant pool entry 89	500000c0
	constant pool entry 2	50000985
CLS 50000133 (name=sun.misc.Version, trace=300000)
	super		500000f9
	static launcher_name	50001451
	static java_version	5000131e
	static java_runtime_name	50001436
	static java_runtime_version	50001441
	constant pool entry 126	50000133
	constant pool entry 125	5000007f
	constant pool entry 115	50001451
	constant pool entry 12	5000131b
	constant pool entry 11	50001442
	constant pool entry 10	50001437
	constant pool entry 7	50001436
	constant pool entry 6	50001441
	constant pool entry 5	5000131e
CLS 50000135 (name=java.lang.VirtualMachineError[], trace=300000)
	super		500000f9
CLS 50000136 (name=java.util.Hashtable$EntrySet, trace=300000)
	super		500000f7
	constant pool entry 46	50000136
	constant pool entry 43	500000a0
	constant pool entry 42	500000f7
CLS 50000137 (name=java.lang.reflect.GenericDeclaration, trace=300000)
CLS 50000138 (name=java.lang.reflect.GenericDeclaration[], trace=300000)
	super		500000f9
CLS 5000013a (name=com.sun.demo.jvmti.hprof.Tracker, trace=300000)
	super		500000f9
	constant pool entry 34	50000097
	constant pool entry 8	5000013a
CLS 5000013b (name=java.io.FileReader, trace=300000)
	super		500000f6
	constant pool entry 12	500000f6
	constant pool entry 9	50000055
CLS 5000013c (name=sun.reflect.DelegatingConstructorAccessorImpl, trace=300000)
	super		50000039
	constant pool entry 18	5000013c
	constant pool entry 17	50000039
CLS 5000013d (name=java.lang.Class$1, trace=300000)
	super		500000f9
	constant pool entry 22	50000095
	constant pool entry 21	500000f9
	constant pool entry 20	5000013d
CLS 5000013e (name=sun.net.www.protocol.jar.Handler, trace=300000)
	super		5000014e
	static separator	5000129e
	constant pool entry 76	5000014e
	constant pool entry 69	5000129e
CLS 50000141 (name=java.lang.Error[], trace=300000)
	super		500000f9
CLS 50000142 (name=sun.nio.cs.SingleByte$Decoder, trace=300000)
	super		5000011a
	constant pool entry 56	50000142
	constant pool entry 55	50000047
	constant pool entry 53	50000056
	constant pool entry 52	5000011a
	constant pool entry 51	500000d1
	constant pool entry 50	50000090
	constant pool entry 48	500000b2
CLS 50000143 (name=sun.misc.Unsafe, trace=300000)
	super		500000f9
	static theUnsafe	50000973
	constant pool entry 345	5000013a
	constant pool entry 175	50000017
	constant pool entry 174	50000143
	constant pool entry 171	500000b2
	constant pool entry 169	500000f9
	constant pool entry 167	500000c0
	constant pool entry 166	50000153
	constant pool entry 165	50000157
	constant pool entry 163	500000fa
	constant pool entry 162	50000158
	constant pool entry 161	50000156
	constant pool entry 160	50000159
	constant pool entry 159	5000015a
	constant pool entry 158	50000155
	constant pool entry 157	50000154
	constant pool entry 2	50000974
CLS 50000144 (name=sun.nio.cs.SingleByte$Encoder, trace=300000)
	super		50000049
	constant pool entry 75	50000144
	constant pool entry 74	50000047
	constant pool entry 72	50000056
	constant pool entry 71	50000049
	constant pool entry 70	500000d1
	constant pool entry 69	50000090
CLS 50000145 (name=java.lang.CharacterDataLatin1, trace=300000)
	super		5000006f
	static sharpsMap	50000cc2
	static instance	50000cc1
	static A	50000cc0
	static A_DATA	50000cbf
	constant pool entry 82	5000013a
	constant pool entry 59	500000b2
	constant pool entry 58	500000c0
	constant pool entry 57	50000145
	constant pool entry 56	5000006f
	constant pool entry 6	50000cbf
CLS 50000146 (name=sun.misc.JavaNioAccess, trace=300000)
CLS 50000147 (name=java.lang.Comparable, trace=300000)
CLS 50000148 (name=java.lang.Comparable[], trace=300000)
	super		500000f9
CLS 50000149 (name=sun.util.locale.UnicodeLocaleExtension, trace=300000)
	super		5000008d
	static EMPTY_SORTED_SET	50000d46
	static EMPTY_SORTED_MAP	50000d54
	static CA_JAPANESE	50000cbc
	static NU_THAI	50000d53
	constant pool entry 93	50000149
	constant pool entry 92	5000008d
	constant pool entry 90	50000018
	constant pool entry 89	5000004f
	constant pool entry 87	500000dc
	constant pool entry 7	50000d52
	constant pool entry 6	50000d51
	constant pool entry 5	50000d50
	constant pool entry 4	50000d4c
	constant pool entry 3	50000d47
	constant pool entry 2	50000d4d
CLS 5000014a (name=java.lang.AutoCloseable, trace=300000)
CLS 5000014c (name=java.util.Hashtable$Entry, trace=300000)
	super		500000f9
	constant pool entry 43	5000014c
	constant pool entry 40	500000f9
CLS 5000014d (name=java.util.Hashtable$Entry[], trace=300000)
	super		500000f9
CLS 5000014f (name=java.util.Collections, trace=300000)
	super		500000f9
	static EMPTY_SET	50000b58
	static EMPTY_LIST	50000b57
	static EMPTY_MAP	50000b56
	constant pool entry 239	500000b7
	constant pool entry 231	5000005e
	constant pool entry 229	50000048
	constant pool entry 223	50000057
	constant pool entry 215	50000031
	constant pool entry 211	500000c4
	constant pool entry 210	50000034
	constant pool entry 208	5000002b
	constant pool entry 194	5000014f
CLS 50000150 (name=java.lang.Short, trace=300000)
	super		50000077
	static TYPE	50000941
	constant pool entry 85	50000150
	constant pool entry 80	500000c0
	constant pool entry 6	50000dbc
CLS 50000151 (name=java.lang.reflect.AnnotatedElement, trace=300000)
CLS 50000152 (name=java.lang.reflect.AnnotatedElement[], trace=300000)
	super		500000f9
CLS 50000153 (name=boolean[], trace=300000)
	super		500000f9
CLS 50000154 (name=byte[], trace=300000)
	super		500000f9
CLS 50000155 (name=char[], trace=300000)
	super		500000f9
CLS 50000156 (name=int[], trace=300000)
	super		500000f9
CLS 50000157 (name=short[], trace=300000)
	super		500000f9
CLS 50000158 (name=long[], trace=300000)
	super		500000f9
CLS 50000159 (name=float[], trace=300000)
	super		500000f9
CLS 5000015a (name=double[], trace=300000)
	super		500000f9
CLS 50000163 (name=java.lang.Enum, trace=300000)
	super		500000f9
	constant pool entry 68	500000f9
	constant pool entry 65	50000163
CLS 50000164 (name=sun.launcher.LauncherHelper, trace=300000)
	super		50000163
	static INSTANCE	50000165
	static MAIN_CLASS	500014e4
	static outBuf	50000168
	static INDENT	500014e1
	static VM_SETTINGS	500014e6
	static PROP_SETTINGS	500014e5
	static LOCALE_SETTINGS	500014e3
	static diagprop	50000a48
	static defaultBundleName	500009db
	static $VALUES	50000167
	constant pool entry 529	5000013a
	constant pool entry 322	5000009d
	constant pool entry 320	500003d2
	constant pool entry 319	50000164
	constant pool entry 313	500003d3
	constant pool entry 305	500008e7
	constant pool entry 299	5000007f
	constant pool entry 298	50000123
	constant pool entry 297	500000b2
	constant pool entry 295	500000f9
	constant pool entry 291	50000163
	constant pool entry 290	50000099
	constant pool entry 289	50000071
	constant pool entry 287	50000116
	constant pool entry 279	500009db
	constant pool entry 57	50000a48
	constant pool entry 35	50000956
	constant pool entry 28	500014e6
	constant pool entry 27	500014e5
	constant pool entry 26	500014e4
	constant pool entry 25	500014e3
	constant pool entry 24	500014e2
	constant pool entry 3	500014e1
CLS 50000166 (name=sun.launcher.LauncherHelper[], trace=300005)
	super		500000f9
CLS 5000016e (name=java.net.URLClassLoader$1, trace=300011)
	super		500000f9
	constant pool entry 43	50000022
	constant pool entry 40	5000016e
	constant pool entry 39	500000bb
	constant pool entry 38	500000b2
	constant pool entry 37	500000f9
	constant pool entry 35	50000099
	constant pool entry 1	500012a6
CLS 50000172 (name=sun.net.util.URLUtil, trace=300015)
	super		500000f9
	constant pool entry 28	50000010
	constant pool entry 27	50000123
	constant pool entry 26	500000b2
	constant pool entry 2	50001321
CLS 50000178 (name=sun.misc.URLClassPath$3, trace=300021)
	super		500000f9
	constant pool entry 46	5000017b
	constant pool entry 45	500002c3
	constant pool entry 44	50000178
	constant pool entry 43	50000022
	constant pool entry 41	50000010
	constant pool entry 40	500000b2
	constant pool entry 39	500000f9
	constant pool entry 2	5000126e
	constant pool entry 1	50001278
CLS 5000017a (name=sun.misc.URLClassPath$Loader, trace=300023)
	super		500000f9
	constant pool entry 60	5000017a
	constant pool entry 51	500000f9
CLS 5000017b (name=sun.misc.URLClassPath$JarLoader, trace=300023)
	super		5000017a
	constant pool entry 193	50000065
	constant pool entry 191	5000017a
	constant pool entry 188	50000321
	constant pool entry 187	5000017b
	constant pool entry 185	500000cd
	constant pool entry 183	50000076
	constant pool entry 182	5000033d
	constant pool entry 179	50000323
	constant pool entry 178	50000378
	constant pool entry 175	5000033c
	constant pool entry 165	500002b8
	constant pool entry 164	5000003d
	constant pool entry 160	50000010
	constant pool entry 157	50000123
	constant pool entry 156	500000b2
	constant pool entry 154	500007a2
	constant pool entry 153	500007a3
	constant pool entry 152	5000010e
	constant pool entry 7	5000129c
	constant pool entry 6	5000126e
	constant pool entry 2	5000129e
	constant pool entry 1	50000966
CLS 5000018f (name=sun.nio.cs.ThreadLocalCoders, trace=300041)
	super		500000f9
	static decoderCache	50000192
	static encoderCache	50000195
	constant pool entry 30	50000190
	constant pool entry 29	50000194
	constant pool entry 28	50000191
	constant pool entry 27	5000018f
	constant pool entry 25	5000011a
CLS 50000190 (name=sun.nio.cs.ThreadLocalCoders$Cache, trace=300042)
	super		500000f9
	constant pool entry 51	5000013a
	constant pool entry 27	50000190
	constant pool entry 25	500000bd
	constant pool entry 24	500000f9
	constant pool entry 23	500000fa
CLS 50000191 (name=sun.nio.cs.ThreadLocalCoders$1, trace=300042)
	super		50000190
	constant pool entry 38	50000190
	constant pool entry 37	50000191
	constant pool entry 36	5000018f
	constant pool entry 35	5000011a
	constant pool entry 34	5000003c
	constant pool entry 33	500000b2
	constant pool entry 32	500000c0
CLS 50000194 (name=sun.nio.cs.ThreadLocalCoders$2, trace=300045)
	super		50000190
	constant pool entry 38	50000190
	constant pool entry 37	50000194
	constant pool entry 36	5000018f
	constant pool entry 32	500000c0
CLS 50000197 (name=java.lang.ThreadLocal$ThreadLocalMap, trace=300048)
	super		500000f9
	constant pool entry 115	5000013a
	constant pool entry 51	50000199
	constant pool entry 50	50000197
	constant pool entry 48	500000bd
	constant pool entry 47	500000f9
CLS 50000199 (name=java.lang.ThreadLocal$ThreadLocalMap$Entry, trace=300050)
	super		50000044
	constant pool entry 16	50000044
	constant pool entry 15	50000199
CLS 5000019a (name=java.lang.ThreadLocal$ThreadLocalMap$Entry[], trace=300051)
	super		500000f9
CLS 500001a5 (name=sun.nio.cs.Unicode, trace=300061)
	super		5000003c
	constant pool entry 109	5000003c
CLS 500001a6 (name=sun.nio.cs.UTF_8, trace=300061)
	super		500001a5
	constant pool entry 32	500001a5
	constant pool entry 31	50000370
	constant pool entry 30	500001af
	constant pool entry 27	500000d3
	constant pool entry 26	500000b6
	constant pool entry 1	50000a44
CLS 500001af (name=sun.nio.cs.UTF_8$Decoder, trace=300070)
	super		5000011a
	constant pool entry 76	500001af
	constant pool entry 74	500001a6
	constant pool entry 73	50000056
	constant pool entry 72	5000011a
	constant pool entry 71	500000d1
	constant pool entry 70	50000090
	constant pool entry 68	50000126
	constant pool entry 67	500000c0
CLS 500002b8 (name=java.security.PrivilegedActionException, trace=300086)
	super		500000b8
	constant pool entry 34	500002b8
	constant pool entry 29	500000b8
CLS 500002c3 (name=sun.misc.URLClassPath$FileLoader, trace=300089)
	super		5000017a
	constant pool entry 63	50000065
	constant pool entry 62	5000017a
	constant pool entry 60	500002c3
	constant pool entry 59	50000022
	constant pool entry 57	50000010
	constant pool entry 56	500000b2
	constant pool entry 52	5000010e
	constant pool entry 3	5000126e
	constant pool entry 2	50001323
	constant pool entry 1	5000123a
CLS 50000321 (name=sun.misc.URLClassPath$JarLoader$1, trace=300124)
	super		500000f9
	constant pool entry 70	50000321
	constant pool entry 69	5000017b
	constant pool entry 68	50000022
	constant pool entry 67	5000036f
	constant pool entry 59	500000f9
CLS 50000323 (name=sun.misc.FileURLMapper, trace=300126)
	super		500000f9
	constant pool entry 43	50000065
	constant pool entry 42	50000323
	constant pool entry 41	50000010
	constant pool entry 39	500000b2
	constant pool entry 38	500000f9
	constant pool entry 37	5000010e
	constant pool entry 1	50000966
CLS 5000033a (name=java.util.zip.ZipConstants, trace=300136)
CLS 5000033b (name=java.util.zip.ZipFile, trace=300136)
	super		500000f9
	constant pool entry 223	5000009d
	constant pool entry 222	50000351
	constant pool entry 221	500003b6
	constant pool entry 219	500003b9
	constant pool entry 218	5000033b
	constant pool entry 216	500003a9
	constant pool entry 214	5000034f
	constant pool entry 213	500003ba
	constant pool entry 212	50000067
	constant pool entry 211	50000032
	constant pool entry 209	500000f8
	constant pool entry 208	5000003c
	constant pool entry 206	5000007f
	constant pool entry 202	500000f9
	constant pool entry 195	5000010e
	constant pool entry 9	50000a45
	constant pool entry 3	50000a44
CLS 5000033c (name=java.util.jar.JarFile, trace=300136)
	super		5000033b
	static MANIFEST_NAME	50000a35
	static lastOcc	50000341
	static optoSft	50000342
	static src	50000340
	static javaHome	50000a41
	static jarNames	5000037a
	constant pool entry 403	5000013a
	constant pool entry 193	500000c6
	constant pool entry 192	500000cd
	constant pool entry 191	5000033b
	constant pool entry 188	5000033e
	constant pool entry 185	500003ac
	constant pool entry 180	5000033c
	constant pool entry 179	500003ab
	constant pool entry 174	5000003d
	constant pool entry 171	50000123
	constant pool entry 170	500000b2
	constant pool entry 168	50000126
	constant pool entry 166	5000010e
	constant pool entry 165	500003b0
	constant pool entry 18	50000a40
	constant pool entry 17	50000a3f
	constant pool entry 16	50000a3e
	constant pool entry 15	50000a3d
	constant pool entry 13	50000a3c
	constant pool entry 12	50000a3b
	constant pool entry 11	50000a3a
	constant pool entry 10	50000a39
	constant pool entry 9	50000a38
	constant pool entry 7	50000a37
	constant pool entry 6	50000a36
	constant pool entry 5	50000a35
CLS 5000033d (name=sun.misc.JavaUtilJarAccess, trace=300137)
CLS 5000033e (name=java.util.jar.JavaUtilJarAccessImpl, trace=300137)
	super		500000f9
	constant pool entry 23	5000033c
	constant pool entry 22	500000f9
CLS 5000034f (name=java.util.zip.ZipCoder, trace=300150)
	super		500000f9
	constant pool entry 182	5000013a
	constant pool entry 77	5000034f
	constant pool entry 76	5000000a
	constant pool entry 75	50000089
	constant pool entry 74	50000056
	constant pool entry 73	50000049
	constant pool entry 71	5000003c
	constant pool entry 70	500000d1
	constant pool entry 69	50000090
	constant pool entry 68	500000b2
	constant pool entry 67	500000f9
	constant pool entry 1	50000a44
CLS 50000351 (name=sun.misc.PerfCounter, trace=300152)
	super		500000f9
	static perf	50000355
	constant pool entry 78	50000356
	constant pool entry 77	50000351
	constant pool entry 76	50000352
	constant pool entry 75	50000354
	constant pool entry 74	5000003d
	constant pool entry 73	5000035d
	constant pool entry 72	50000119
	constant pool entry 71	50000090
	constant pool entry 70	5000007f
	constant pool entry 68	500000f9
CLS 50000352 (name=sun.misc.Perf$GetPerfAction, trace=300153)
	super		500000f9
	constant pool entry 15	50000352
	constant pool entry 14	50000354
	constant pool entry 12	500000f9
CLS 50000354 (name=sun.misc.Perf, trace=300155)
	super		500000f9
	static instance	50000355
	constant pool entry 76	50000354
	constant pool entry 73	5000007f
	constant pool entry 69	500000f9
CLS 50000356 (name=sun.misc.PerfCounter$CoreCounters, trace=300157)
	super		500000f9
	static pdt	50000357
	static lc	50000360
	static lct	50000363
	static rcbt	50000366
	static zfc	50000369
	static zfot	5000036c
	constant pool entry 30	50000356
	constant pool entry 29	50000351
	constant pool entry 6	50000e0e
	constant pool entry 5	50000e0d
	constant pool entry 4	50000e0c
	constant pool entry 3	50000e0b
	constant pool entry 2	50000e0a
	constant pool entry 1	50000e09
CLS 50000358 (name=sun.nio.ch.DirectBuffer, trace=300159)
CLS 50000359 (name=java.nio.MappedByteBuffer, trace=300159)
	super		50000090
	constant pool entry 40	50000359
	constant pool entry 39	50000090
CLS 5000035a (name=java.nio.DirectByteBuffer, trace=300159)
	super		50000359
	static unsafe	50000973
	constant pool entry 235	50000143
	constant pool entry 232	50000359
	constant pool entry 225	5000035e
	constant pool entry 212	5000035a
	constant pool entry 195	50000084
	constant pool entry 189	500000c0
	constant pool entry 187	50000154
CLS 5000035d (name=java.nio.LongBuffer, trace=300162)
	super		500000b6
	constant pool entry 92	5000035d
	constant pool entry 88	500000b6
CLS 5000035e (name=java.nio.DirectLongBufferU, trace=300162)
	super		5000035d
	static unsafe	50000973
	constant pool entry 84	50000358
	constant pool entry 83	50000143
	constant pool entry 82	5000035d
	constant pool entry 81	5000035e
	constant pool entry 76	50000084
	constant pool entry 74	500000c0
	constant pool entry 72	50000158
CLS 5000036f (name=sun.misc.JarIndex, trace=300169)
	super		500000f9
	static INDEX_NAME	50001333
	constant pool entry 143	5000036f
	constant pool entry 140	5000033c
	constant pool entry 130	5000007f
	constant pool entry 128	500000b2
	constant pool entry 10	50000a4c
	constant pool entry 9	50001334
	constant pool entry 6	50001333
CLS 50000370 (name=sun.nio.cs.UTF_8$Encoder, trace=300170)
	super		50000049
	constant pool entry 65	50000370
	constant pool entry 63	500001a6
	constant pool entry 60	50000056
	constant pool entry 59	50000049
	constant pool entry 58	500000d1
	constant pool entry 57	50000090
	constant pool entry 56	50000126
CLS 50000378 (name=sun.misc.ExtensionDependency, trace=300178)
	super		500000f9
	constant pool entry 205	50000378
CLS 500003a9 (name=java.util.zip.ZipEntry, trace=300221)
	super		500000f9
	constant pool entry 115	500003a9
	constant pool entry 111	500000f9
CLS 500003ab (name=java.util.jar.JarEntry, trace=300223)
	super		500003a9
	constant pool entry 22	500003a9
CLS 500003ac (name=java.util.jar.JarFile$JarFileEntry, trace=300223)
	super		500003ab
	constant pool entry 35	500003ac
	constant pool entry 33	500003ab
CLS 500003af (name=java.io.DataInput, trace=300226)
CLS 500003b0 (name=java.io.DataInputStream, trace=300226)
	super		50000139
	constant pool entry 155	5000013a
	constant pool entry 83	50000094
	constant pool entry 81	50000139
	constant pool entry 79	500003b0
CLS 500003b6 (name=java.util.zip.ZipFile$ZipFileInputStream, trace=300230)
	super		50000094
	constant pool entry 50	500003b6
	constant pool entry 49	5000033b
	constant pool entry 48	50000032
	constant pool entry 45	50000094
CLS 500003b8 (name=java.util.zip.InflaterInputStream, trace=300232)
	super		50000139
	constant pool entry 149	5000013a
	constant pool entry 83	500003b8
	constant pool entry 82	500003ba
	constant pool entry 75	50000094
	constant pool entry 73	50000139
CLS 500003b9 (name=java.util.zip.ZipFile$1, trace=300232)
	super		500003b8
	constant pool entry 52	500003b9
	constant pool entry 51	5000033b
	constant pool entry 50	500003b8
	constant pool entry 49	500003ba
	constant pool entry 48	50000094
CLS 500003ba (name=java.util.zip.Inflater, trace=300233)
	super		500000f9
	static defaultBuf	500003bb
	constant pool entry 149	5000013a
	constant pool entry 79	500003be
	constant pool entry 78	500003ba
	constant pool entry 74	500000f9
	constant pool entry 72	500000c0
CLS 500003be (name=java.util.zip.ZStreamRef, trace=300236)
	super		500000f9
	constant pool entry 12	500003be
	constant pool entry 11	500000f9
CLS 500003d2 (name=sun.launcher.LauncherHelper$ResourceBundleHolder, trace=300248)
	super		500000f9
	static RB	50000499
	constant pool entry 18	500003d2
	constant pool entry 16	500003d3
	constant pool entry 1	500009db
CLS 500003d3 (name=java.util.ResourceBundle, trace=300249)
	super		500000f9
	static NONEXISTENT_BUNDLE	500003d5
	static cacheList	500003d6
	static referenceQueue	50000408
	constant pool entry 200	50000041
	constant pool entry 199	50000086
	constant pool entry 196	5000040a
	constant pool entry 193	5000041d
	constant pool entry 191	5000045f
	constant pool entry 190	50000486
	constant pool entry 189	500003d4
	constant pool entry 188	500003d3
	constant pool entry 186	5000009c
	constant pool entry 185	5000005f
	constant pool entry 181	50000113
	constant pool entry 176	500000b2
	constant pool entry 175	500000f9
	constant pool entry 168	500000c0
CLS 500003d4 (name=java.util.ResourceBundle$1, trace=300250)
	super		500003d3
	constant pool entry 16	500003d3
CLS 5000040a (name=java.util.ResourceBundle$RBClassLoader, trace=300259)
	super		50000071
	static INSTANCE	5000040d
	static loader	50000931
	constant pool entry 36	5000040b
	constant pool entry 35	5000040a
	constant pool entry 32	5000003d
	constant pool entry 30	50000071
CLS 5000040b (name=java.util.ResourceBundle$RBClassLoader$1, trace=300260)
	super		500000f9
	constant pool entry 19	5000040b
	constant pool entry 18	5000040a
	constant pool entry 14	500000f9
CLS 5000041d (name=java.util.ResourceBundle$Control, trace=300276)
	super		500000f9
	static FORMAT_DEFAULT	50000421
	static FORMAT_CLASS	50000424
	static FORMAT_PROPERTIES	50000427
	static INSTANCE	50000428
	static CANDIDATES_CACHE	5000042a
	constant pool entry 306	5000013a
	constant pool entry 156	50000429
	constant pool entry 155	500004dc
	constant pool entry 154	5000041d
	constant pool entry 152	500003d3
	constant pool entry 150	5000009c
	constant pool entry 148	5000014f
	constant pool entry 147	5000004c
	constant pool entry 146	5000000a
	constant pool entry 145	500000b1
	constant pool entry 143	5000003d
	constant pool entry 138	50000123
	constant pool entry 137	500000b2
	constant pool entry 136	500000f9
	constant pool entry 130	50000099
	constant pool entry 129	50000071
	constant pool entry 127	500000c0
	constant pool entry 5	500014d8
	constant pool entry 4	500014d7
	constant pool entry 3	500014a5
	constant pool entry 1	50000966
CLS 5000041f (name=java.util.Arrays$ArrayList, trace=300278)
	super		50000072
	constant pool entry 47	5000041f
	constant pool entry 45	50000072
CLS 50000429 (name=java.util.ResourceBundle$Control$CandidateListCache, trace=300284)
	super		500000a9
	constant pool entry 85	500000a9
	constant pool entry 84	50000092
	constant pool entry 83	50000114
	constant pool entry 82	50000429
	constant pool entry 78	5000009c
	constant pool entry 76	50000467
	constant pool entry 74	500000b2
	constant pool entry 14	50000be8
	constant pool entry 13	500014dc
	constant pool entry 12	500014db
	constant pool entry 11	500014da
	constant pool entry 1	50000966
CLS 5000045f (name=java.util.ResourceBundle$CacheKey, trace=300292)
	super		500000f9
	constant pool entry 89	50000462
	constant pool entry 88	5000045f
	constant pool entry 87	500003d3
	constant pool entry 86	5000009c
	constant pool entry 84	500000b2
	constant pool entry 83	500000f9
	constant pool entry 77	50000071
CLS 50000461 (name=java.util.ResourceBundle$CacheKeyReference, trace=300294)
CLS 50000462 (name=java.util.ResourceBundle$LoaderReference, trace=300294)
	super		50000044
	constant pool entry 16	50000462
	constant pool entry 12	50000044
CLS 50000464 (name=java.util.Queue, trace=300296)
CLS 50000465 (name=java.util.Deque, trace=300296)
CLS 50000466 (name=java.util.AbstractSequentialList, trace=300296)
	super		50000072
	constant pool entry 36	50000072
CLS 50000467 (name=java.util.LinkedList, trace=300296)
	super		50000466
	constant pool entry 290	5000013a
	constant pool entry 145	5000046b
	constant pool entry 141	50000467
	constant pool entry 138	50000466
	constant pool entry 135	500000f9
CLS 5000046b (name=java.util.LinkedList$Node, trace=300300)
	super		500000f9
	constant pool entry 17	5000046b
	constant pool entry 15	500000f9
CLS 5000047c (name=java.util.ListResourceBundle, trace=300311)
	super		500003d3
	constant pool entry 37	500003d3
	constant pool entry 36	50000061
	constant pool entry 35	5000047c
	constant pool entry 34	50000008
	constant pool entry 32	500000b2
CLS 5000047d (name=sun.launcher.resources.launcher, trace=300311)
	super		5000047c
	constant pool entry 71	5000047c
CLS 50000486 (name=java.util.ResourceBundle$BundleReference, trace=300315)
	super		500000a5
	constant pool entry 14	50000486
	constant pool entry 12	500000a5
CLS 50000492 (name=sun.launcher.resources.launcher_de, trace=300311)
	super		5000047c
	constant pool entry 65	5000013a
	constant pool entry 59	5000047c
	constant pool entry 58	500000f9
	constant pool entry 57	500000fa
	constant pool entry 24	500014d0
	constant pool entry 23	500014b8
	constant pool entry 22	500014b4
	constant pool entry 21	500014ae
	constant pool entry 20	500014aa
	constant pool entry 19	500014c8
	constant pool entry 18	500014cc
	constant pool entry 17	500014bc
	constant pool entry 16	500014c4
	constant pool entry 15	500014c0
	constant pool entry 14	50000956
	constant pool entry 13	500014d4
	constant pool entry 12	500014b3
	constant pool entry 11	500014c3
	constant pool entry 10	500014bf
	constant pool entry 9	500014bb
	constant pool entry 8	500014b1
	constant pool entry 7	500014cf
	constant pool entry 6	500014b7
	constant pool entry 5	500014a9
	constant pool entry 4	500014ad
	constant pool entry 3	500014d3
	constant pool entry 2	500014c7
	constant pool entry 1	500014cb
CLS 500004dc (name=java.util.ResourceBundle$Control$1, trace=300333)
	super		500000f9
	constant pool entry 45	500004dc
	constant pool entry 39	500000f9
	constant pool entry 37	50000071
CLS 500004de (name=sun.misc.Launcher$BootClassPathHolder, trace=300335)
	super		500000f9
	static bcp	50000702
	constant pool entry 27	50000022
	constant pool entry 26	500004df
	constant pool entry 25	500004de
	constant pool entry 24	50000070
	constant pool entry 23	5000003d
	constant pool entry 20	50000011
CLS 500004df (name=sun.misc.Launcher$BootClassPathHolder$1, trace=300336)
	super		500000f9
	constant pool entry 38	50000076
	constant pool entry 37	500004df
	constant pool entry 35	50000070
	constant pool entry 34	50000032
	constant pool entry 33	500000f8
	constant pool entry 31	500000f9
	constant pool entry 30	5000010e
CLS 500007a2 (name=java.io.IOException, trace=300420)
	super		500000b8
	constant pool entry 14	500000b8
CLS 500007a3 (name=java.io.FileNotFoundException, trace=300420)
	super		500007a2
	constant pool entry 26	500007a2
CLS 500008a6 (name=java.net.URLClassLoader$2, trace=300423)
	super		500000f9
	constant pool entry 22	50000022
	constant pool entry 20	500008a6
	constant pool entry 19	500000bb
	constant pool entry 18	500000f9
CLS 500008ca (name=java.lang.Object[][], trace=300435)
	super		500000f9
CLS 500008e6 (name=java.text.Format, trace=300451)
	super		500000f9
	constant pool entry 54	500008e6
	constant pool entry 53	5000090f
	constant pool entry 49	500000e4
	constant pool entry 48	500000f9
CLS 500008e7 (name=java.text.MessageFormat, trace=300451)
	super		500008e6
	static TYPE_KEYWORDS	500008e8
	static NUMBER_MODIFIER_KEYWORDS	500008e9
	static DATE_TIME_MODIFIER_KEYWORDS	500008ea
	static DATE_TIME_MODIFIERS	500008eb
	constant pool entry 506	5000013a
	constant pool entry 278	500008f1
	constant pool entry 277	5000009c
	constant pool entry 275	50000913
	constant pool entry 268	50000916
	constant pool entry 267	500008e7
	constant pool entry 265	500008e6
	constant pool entry 264	5000090f
	constant pool entry 255	50000123
	constant pool entry 254	500000e4
	constant pool entry 253	500000b2
	constant pool entry 250	50000077
	constant pool entry 248	50000068
	constant pool entry 237	500000fa
	constant pool entry 31	500014f5
	constant pool entry 30	50000dbc
	constant pool entry 29	500014f4
	constant pool entry 28	500014f3
	constant pool entry 25	500014f2
	constant pool entry 24	50000dbe
	constant pool entry 23	500014f1
	constant pool entry 22	500014f0
	constant pool entry 20	500014ef
	constant pool entry 19	500014ee
	constant pool entry 18	500014ed
	constant pool entry 2	50000966
CLS 500008ed (name=java.text.Format[], trace=300457)
	super		500000f9
CLS 500008f1 (name=java.util.Locale$Category, trace=300460)
	super		50000163
	static DISPLAY	500008f2
	static FORMAT	500008f3
	static $VALUES	500008f5
	constant pool entry 77	5000013a
	constant pool entry 43	500008f1
	constant pool entry 41	50000163
	constant pool entry 40	500008f4
	constant pool entry 10	50000dda
	constant pool entry 9	50000dd9
	constant pool entry 8	50000dd8
	constant pool entry 7	50000dd7
	constant pool entry 6	50000dd6
	constant pool entry 5	50000dd5
	constant pool entry 4	50000dd4
	constant pool entry 3	50000dd3
	constant pool entry 2	50000dd2
	constant pool entry 1	50000dd1
CLS 500008f4 (name=java.util.Locale$Category[], trace=300463)
	super		500000f9
CLS 500008f6 (name=java.util.Locale$1, trace=300464)
	super		500000f9
	static $SwitchMap$java$util$Locale$Category	500008f7
	constant pool entry 38	5000013a
	constant pool entry 23	500008f1
	constant pool entry 22	500008f6
CLS 500008fe (name=java.lang.StringBuilder[], trace=300471)
	super		500000f9
CLS 5000090f (name=java.text.FieldPosition, trace=300483)
	super		500000f9
	constant pool entry 52	5000090f
	constant pool entry 50	500000f9
CLS 50000913 (name=java.util.Date, trace=300486)
	super		500000f9
CLS 50000914 (name=java.text.AttributedCharacterIterator$Attribute, trace=300487)
	super		500000f9
	static instanceMap	50000917
	static LANGUAGE	50000919
	static READING	5000091b
	static INPUT_METHOD_SEGMENT	5000091d
	constant pool entry 67	50000061
	constant pool entry 66	50000008
	constant pool entry 65	50000914
	constant pool entry 61	500000f9
	constant pool entry 5	500014a1
	constant pool entry 4	50000bdf
	constant pool entry 3	500014a0
CLS 50000915 (name=java.text.Format$Field, trace=300487)
	super		50000914
	constant pool entry 16	50000914
CLS 50000916 (name=java.text.MessageFormat$Field, trace=300487)
	super		50000915
	static ARGUMENT	5000091f
	constant pool entry 32	50000916
	constant pool entry 30	50000915
	constant pool entry 1	5000149e
CLS 50000926 (name=java.lang.Shutdown, trace=300498)
	super		500000f9
	static hooks	50000927
	static lock	50000929
	static haltLock	5000092a
	constant pool entry 112	5000013a
	constant pool entry 64	50000928
	constant pool entry 62	50000926
	constant pool entry 61	50000051
CLS 50000928 (name=java.lang.Shutdown$Lock, trace=300500)
	super		500000f9
	constant pool entry 12	50000928
	constant pool entry 9	500000f9
CLS 5000092b (name=java.lang.Cloneable[], trace=300000)
	super		500000f9
CLS 5000092c (name=java.lang.Appendable[], trace=300000)
	super		500000f9
CLS 5000092d (name=java.lang.AbstractStringBuilder[], trace=300000)
	super		500000f9
CLS 5000092e (name=java.lang.Enum[], trace=300000)
	super		500000f9
